Activity Resolver Table:
  Non-Data Actions:
      android.intent.action.MAIN:
        325d355 com.example.hybridguard.featureapp/.MainActivity filter 63d116a
          Action: "android.intent.action.MAIN"
          Category: "android.intent.category.LAUNCHER"

Receiver Resolver Table:
  Non-Data Actions:
      android.intent.action.BATTERY_OKAY:
        9bd4fd1 com.example.hybridguard.featureapp/androidx.work.impl.background.systemalarm.ConstraintProxy$BatteryNotLowProxy filter 92da36
          Action: "android.intent.action.BATTERY_OKAY"
          Action: "android.intent.action.BATTERY_LOW"
      android.intent.action.ACTION_POWER_DISCONNECTED:
        54ae65b com.example.hybridguard.featureapp/androidx.work.impl.background.systemalarm.ConstraintProxy$BatteryChargingProxy filter 875fef8
          Action: "android.intent.action.ACTION_POWER_DISCONNECTED"
          Action: "android.intent.action.ACTION_POWER_CONNECTED"
      androidx.profileinstaller.action.SAVE_PROFILE:
        4833bc5 com.example.hybridguard.featureapp/androidx.profileinstaller.ProfileInstallReceiver filter 6e31628
          Action: "androidx.profileinstaller.action.SAVE_PROFILE"
      android.intent.action.DEVICE_STORAGE_LOW:
        8c78d37 com.example.hybridguard.featureapp/androidx.work.impl.background.systemalarm.ConstraintProxy$StorageNotLowProxy filter 98812a4
          Action: "android.intent.action.DEVICE_STORAGE_LOW"
          Action: "android.intent.action.DEVICE_STORAGE_OK"
      android.net.conn.CONNECTIVITY_CHANGE:
        376180d com.example.hybridguard.featureapp/androidx.work.impl.background.systemalarm.ConstraintProxy$NetworkStateProxy filter baa63c2
          Action: "android.net.conn.CONNECTIVITY_CHANGE"
      android.intent.action.DEVICE_STORAGE_OK:
        8c78d37 com.example.hybridguard.featureapp/androidx.work.impl.background.systemalarm.ConstraintProxy$StorageNotLowProxy filter 98812a4
          Action: "android.intent.action.DEVICE_STORAGE_LOW"
          Action: "android.intent.action.DEVICE_STORAGE_OK"
      androidx.profileinstaller.action.INSTALL_PROFILE:
        4833bc5 com.example.hybridguard.featureapp/androidx.profileinstaller.ProfileInstallReceiver filter 774a91a
          Action: "androidx.profileinstaller.action.INSTALL_PROFILE"
      android.intent.action.BATTERY_LOW:
        9bd4fd1 com.example.hybridguard.featureapp/androidx.work.impl.background.systemalarm.ConstraintProxy$BatteryNotLowProxy filter 92da36
          Action: "android.intent.action.BATTERY_OKAY"
          Action: "android.intent.action.BATTERY_LOW"
      android.intent.action.TIMEZONE_CHANGED:
        bfdc5d3 com.example.hybridguard.featureapp/androidx.work.impl.background.systemalarm.RescheduleReceiver filter 185b510
          Action: "android.intent.action.TIMEZONE_CHANGED"
          Action: "android.intent.action.TIME_SET"
          Action: "android.intent.action.BOOT_COMPLETED"
      android.intent.action.TIME_SET:
        bfdc5d3 com.example.hybridguard.featureapp/androidx.work.impl.background.systemalarm.RescheduleReceiver filter 185b510
          Action: "android.intent.action.TIMEZONE_CHANGED"
          Action: "android.intent.action.TIME_SET"
          Action: "android.intent.action.BOOT_COMPLETED"
      androidx.profileinstaller.action.SKIP_FILE:
        4833bc5 com.example.hybridguard.featureapp/androidx.profileinstaller.ProfileInstallReceiver filter c4e1c4b
          Action: "androidx.profileinstaller.action.SKIP_FILE"
      androidx.profileinstaller.action.BENCHMARK_OPERATION:
        4833bc5 com.example.hybridguard.featureapp/androidx.profileinstaller.ProfileInstallReceiver filter a60cf41
          Action: "androidx.profileinstaller.action.BENCHMARK_OPERATION"
      android.intent.action.BOOT_COMPLETED:
        bfdc5d3 com.example.hybridguard.featureapp/androidx.work.impl.background.systemalarm.RescheduleReceiver filter 185b510
          Action: "android.intent.action.TIMEZONE_CHANGED"
          Action: "android.intent.action.TIME_SET"
          Action: "android.intent.action.BOOT_COMPLETED"
      android.intent.action.ACTION_POWER_CONNECTED:
        54ae65b com.example.hybridguard.featureapp/androidx.work.impl.background.systemalarm.ConstraintProxy$BatteryChargingProxy filter 875fef8
          Action: "android.intent.action.ACTION_POWER_DISCONNECTED"
          Action: "android.intent.action.ACTION_POWER_CONNECTED"
      androidx.work.diagnostics.REQUEST_DIAGNOSTICS:
        454ec2f com.example.hybridguard.featureapp/androidx.work.impl.diagnostics.DiagnosticsReceiver filter 379123c
          Action: "androidx.work.diagnostics.REQUEST_DIAGNOSTICS"
      androidx.work.impl.background.systemalarm.UpdateProxies:
        d792809 com.example.hybridguard.featureapp/androidx.work.impl.background.systemalarm.ConstraintProxyUpdateReceiver filter 6befa0e
          Action: "androidx.work.impl.background.systemalarm.UpdateProxies"

Domain verification status:

Permissions:
  Permission [com.example.hybridguard.featureapp.DYNAMIC_RECEIVER_NOT_EXPORTED_PERMISSION] (d74b353):
    sourcePackage=com.example.hybridguard.featureapp
    uid=10224 gids=[] type=0 prot=signature
    perm=PermissionInfo{e85d490 com.example.hybridguard.featureapp.DYNAMIC_RECEIVER_NOT_EXPORTED_PERMISSION}
    flags=0x0

Registered ContentProviders:
  com.example.hybridguard.featureapp/androidx.startup.InitializationProvider:
    Provider{d1f9189 com.example.hybridguard.featureapp/androidx.startup.InitializationProvider}

ContentProvider Authorities:
  [com.example.hybridguard.featureapp.androidx-startup]:
    Provider{d1f9189 com.example.hybridguard.featureapp/androidx.startup.InitializationProvider}
      applicationInfo=ApplicationInfo{dbee58e com.example.hybridguard.featureapp}

Key Set Manager:
  [com.example.hybridguard.featureapp]
      Signing KeySets: 63

Packages:
  Package [com.example.hybridguard.featureapp] (e0d31af):
    appId=10224
    pkg=Package{d1ba9bc com.example.hybridguard.featureapp}
    codePath=/data/app/~~QfCQJ90lBTByJQLuhxc0Fg==/com.example.hybridguard.featureapp-TVQe4yfSv08dBMc8LJw0Xw==
    resourcePath=/data/app/~~QfCQJ90lBTByJQLuhxc0Fg==/com.example.hybridguard.featureapp-TVQe4yfSv08dBMc8LJw0Xw==
    legacyNativeLibraryDir=/data/app/~~QfCQJ90lBTByJQLuhxc0Fg==/com.example.hybridguard.featureapp-TVQe4yfSv08dBMc8LJw0Xw==/lib
    extractNativeLibs=true
    primaryCpuAbi=null
    secondaryCpuAbi=null
    cpuAbiOverride=null
    versionCode=13 minSdk=21 targetSdk=36
    minExtensionVersions=[]
    versionName=1.6.6-expanded-v2.2-webgl2-probe
    hiddenApiEnforcementPolicy=2
    usesNonSdkApi=false
    splits=[base]
    apkSigningVersion=2
    flags=[ DEBUGGABLE HAS_CODE ALLOW_CLEAR_USER_DATA ]
    privateFlags=[ PRIVATE_FLAG_ACTIVITIES_RESIZE_MODE_RESIZEABLE_VIA_SDK_VERSION ALLOW_AUDIO_PLAYBACK_CAPTURE PARTIALLY_DIRECT_BOOT_AWARE PRIVATE_FLAG_ALLOW_NATIVE_HEAP_POINTER_TAGGING ]
    forceQueryable=false
    pageSizeCompat=0
    queriesIntents=[Intent { act=android.intent.action.VIEW cat=[android.intent.category.BROWSABLE] dat=https:/... }, Intent { act=android.intent.action.MAIN cat=[android.intent.category.APP_BROWSER] }]
    scannedAsStoppedSystemApp=false
    supportsScreens=[small, medium, large, xlarge, resizeable, anyDensity]
    timeStamp=2026-10-01 14:29:02
    lastUpdateTime=2026-10-01 14:29:02
    installerPackageName=null
    installerPackageUid=-1
    initiatingPackageName=com.android.shell
    originatingPackageName=null
    packageSource=1
    appMetadataFilePath=null
    appMetadataSource=0
    signatures=PackageSignatures{5f71808 version:2, signatures:[b936dc11], past signatures:[]}
    installPermissionsFixed=false
    pkgFlags=[ DEBUGGABLE HAS_CODE ALLOW_CLEAR_USER_DATA ]
    privatePkgFlags=[ PRIVATE_FLAG_ACTIVITIES_RESIZE_MODE_RESIZEABLE_VIA_SDK_VERSION ALLOW_AUDIO_PLAYBACK_CAPTURE PARTIALLY_DIRECT_BOOT_AWARE PRIVATE_FLAG_ALLOW_NATIVE_HEAP_POINTER_TAGGING ]
    apexModuleName=null
    declared permissions:
      com.example.hybridguard.featureapp.DYNAMIC_RECEIVER_NOT_EXPORTED_PERMISSION: prot=signature
    requested permissions:
      android.permission.FOREGROUND_SERVICE
      android.permission.RECEIVE_BOOT_COMPLETED
      com.example.hybridguard.featureapp.DYNAMIC_RECEIVER_NOT_EXPORTED_PERMISSION
      android.permission.INTERNET
      android.permission.ACCESS_NETWORK_STATE
      android.permission.WAKE_LOCK
    install permissions:
      android.permission.FOREGROUND_SERVICE: granted=true
      android.permission.RECEIVE_BOOT_COMPLETED: granted=true
      com.example.hybridguard.featureapp.DYNAMIC_RECEIVER_NOT_EXPORTED_PERMISSION: granted=true
      android.permission.INTERNET: granted=true
      android.permission.ACCESS_NETWORK_STATE: granted=true
      android.permission.WAKE_LOCK: granted=true
    User 0: ceDataInode=360586 deDataInode=58021 installed=true hidden=false suspended=false distractionFlags=0 stopped=true notLaunched=false enabled=0 instant=false virtual=false quarantined=false
      installReason=0
      dataDir=/data/user/0/com.example.hybridguard.featureapp
      firstInstallTime=2026-09-30 19:52:26
      uninstallReason=0
      overlay paths:
        /product/overlay/NavigationBarModeGestural/NavigationBarModeGesturalOverlay.apk
        /data/resource-cache/com.android.systemui-neutral-UXuX.frro
        /data/resource-cache/com.android.systemui-accent-oYGV.frro
        /data/resource-cache/com.android.systemui-dynamic-mEhj.frro
      legacy overlay paths:
        /product/overlay/NavigationBarModeGestural/NavigationBarModeGesturalOverlay.apk
      gids=[3003]
      runtime permissions:
      enabledComponents:
        androidx.work.impl.background.systemalarm.RescheduleReceiver
        androidx.work.impl.background.systemjob.SystemJobService

Queries:
  system apps queryable: false
  queries via forceQueryable:
  queries via package name:
  queries via component:
    com.google.android.as:
      com.example.hybridguard.featureapp
    com.google.android.settings.intelligence:
      com.example.hybridguard.featureapp
    com.google.android.apps.accessibility.voiceaccess:
      com.example.hybridguard.featureapp
    com.example.hybridguard.featureapp:
      com.google.android.googlequicksearchbox
      com.android.chrome
      com.google.android.apps.docs
  queryable via interaction:
    User 0:
  queryable via uses-library:

Dexopt state:
  [com.example.hybridguard.featureapp]
    path: /data/app/~~QfCQJ90lBTByJQLuhxc0Fg==/com.example.hybridguard.featureapp-TVQe4yfSv08dBMc8LJw0Xw==/base.apk
      arm64: [status=run-from-apk] [reason=unknown] [primary-abi]
        [location is error]
