Num       RefCount Protocol Flags    Type St Inode Path
0000000000000000: 00000002 00000000 00010000 0001 01 50043 @webview_devtools_remote_3451
0000000000000000: 00000002 00000000 00010000 0001 01  7947 /dev/socket/logd
0000000000000000: 00000002 00000000 00010000 0005 01  7950 /dev/socket/logdr
0000000000000000: 00000074 00000000 00000000 0002 01  7953 /dev/socket/logdw
0000000000000000: 00000002 00000000 00000000 0002 01 13664 /data/system/unsolzygotesocket
0000000000000000: 00000002 00000000 00010000 0001 01 11034 /dev/socket/traced_consumer
0000000000000000: 00000002 00000000 00010000 0005 01  7962 /dev/socket/lmkd
0000000000000000: 00000002 00000000 00010000 0001 01 11036 /dev/socket/traced_producer
0000000000000000: 00000002 00000000 00010000 0001 01 14518 /data/system/ndebugsocket
0000000000000000: 00000002 00000000 00010000 0001 01  7469 /dev/socket/property_service
0000000000000000: 00000002 00000000 00010000 0005 01  8810 /dev/socket/tombstoned_crash
0000000000000000: 00000002 00000000 00010000 0005 01  8812 /dev/socket/tombstoned_intercept
0000000000000000: 00000002 00000000 00010000 0005 01  8814 /dev/socket/tombstoned_java_trace
0000000000000000: 00000002 00000000 00010000 0001 01 14932 @com.android.internal.os.WebViewZygoteInit/4151061b-1e3c-4547-98c6-9f8e67ce9aea
0000000000000000: 00000002 00000000 00000000 0002 01 14459 /dev/socket/wpa_wlan0
0000000000000000: 00000002 00000000 00010000 0005 01 12517 @jdwp-control
0000000000000000: 0000000F 00000000 00000000 0002 01  8936 /dev/socket/statsdw
0000000000000000: 00000002 00000000 00010000 0001 01 12523 /dev/socket/mdnsd
0000000000000000: 00000002 00000000 00010000 0001 01  8944 /dev/socket/dnsproxyd
0000000000000000: 00000002 00000000 00010000 0001 01  8946 /dev/socket/mdns
0000000000000000: 00000002 00000000 00010000 0001 01  8948 /dev/socket/fwmarkd
0000000000000000: 00000002 00000000 00010000 0005 01 10998 /dev/socket/adbd
0000000000000000: 00000002 00000000 00010000 0001 01  8956 /dev/socket/zygote
0000000000000000: 00000002 00000000 00010000 0001 01  8958 /dev/socket/usap_pool_primary
0000000000000000: 00000003 00000000 00000000 0005 03 35357 @jdwp-control
0000000000000000: 00000003 00000000 00000000 0005 03 24772
0000000000000000: 00000003 00000000 00000000 0005 03 15325
0000000000000000: 00000003 00000000 00000000 0005 03 16125
0000000000000000: 00000002 00000000 00000000 0002 01 10381
0000000000000000: 00000003 00000000 00000000 0005 03 47301 @jdwp-control
0000000000000000: 00000003 00000000 00000000 0005 03 45650
0000000000000000: 00000002 00000000 00000000 0002 01 14702
0000000000000000: 00000003 00000000 00000000 0005 03 16685
0000000000000000: 00000003 00000000 00000000 0005 03 14810 @jdwp-control
0000000000000000: 00000003 00000000 00000000 0001 03 14112 /dev/socket/mdnsd
0000000000000000: 00000003 00000000 00000000 0005 03 15930
0000000000000000: 00000003 00000000 00000000 0005 03 30020
0000000000000000: 00000003 00000000 00000000 0005 03 49822
0000000000000000: 00000003 00000000 00000000 0005 03 44600
0000000000000000: 00000003 00000000 00000000 0005 03 25238
0000000000000000: 00000003 00000000 00000000 0001 03 14504 /dev/socket/zygote
0000000000000000: 00000002 00000000 00000000 0002 01 12186
0000000000000000: 00000003 00000000 00000000 0001 03 17012
0000000000000000: 00000003 00000000 00000000 0005 03 15407
0000000000000000: 00000003 00000000 00000000 0005 03 36103 @jdwp-control
0000000000000000: 00000003 00000000 00000000 0001 03 11877
0000000000000000: 00000003 00000000 00000000 0005 03 47887
0000000000000000: 00000003 00000000 00000000 0005 03 45481
0000000000000000: 00000003 00000000 00000000 0005 03 16126
0000000000000000: 00000002 00000000 00000000 0002 01 10421
0000000000000000: 00000002 00000000 00000000 0002 01  8847
0000000000000000: 00000003 00000000 00000000 0005 03 49799
0000000000000000: 00000003 00000000 00000000 0001 03 15944
0000000000000000: 00000003 00000000 00000000 0001 03 14503
0000000000000000: 00000003 00000000 00000000 0001 03 12187 /dev/socket/traced_producer
0000000000000000: 00000003 00000000 00000000 0005 03 48149
0000000000000000: 00000003 00000000 00000000 0001 03 45905
0000000000000000: 00000002 00000000 00000000 0002 01 15765
0000000000000000: 00000002 00000000 00000000 0002 01 11407
0000000000000000: 00000002 00000000 00000000 0002 01  8151
0000000000000000: 00000003 00000000 00000000 0001 03 47984
0000000000000000: 00000002 00000000 00000000 0002 01 27714
0000000000000000: 00000003 00000000 00000000 0005 03 14653
0000000000000000: 00000002 00000000 00000000 0002 01 45498
0000000000000000: 00000003 00000000 00000000 0005 03 31904
0000000000000000: 00000003 00000000 00000000 0005 03 26458
0000000000000000: 00000003 00000000 00000000 0005 03 25285
0000000000000000: 00000003 00000000 00000000 0001 03 14329 /dev/socket/mdns
0000000000000000: 00000003 00000000 00000000 0001 03 12411
0000000000000000: 00000003 00000000 00000000 0005 03 24604 @jdwp-control
0000000000000000: 00000002 00000000 00000000 0002 01 14870
0000000000000000: 00000002 00000000 00000000 0002 01 14230
0000000000000000: 00000002 00000000 00000000 0002 01 47322
0000000000000000: 00000003 00000000 00000000 0005 03 44996 @jdwp-control
0000000000000000: 00000003 00000000 00000000 0005 03 15725
0000000000000000: 00000002 00000000 00000000 0002 01 10365
0000000000000000: 00000002 00000000 00000000 0002 01  8120
0000000000000000: 00000002 00000000 00000000 0002 01 24616
0000000000000000: 00000002 00000000 00000000 0002 01 15121
0000000000000000: 00000002 00000000 00000000 0002 01 14933
0000000000000000: 00000003 00000000 00000000 0005 03 31905
0000000000000000: 00000003 00000000 00000000 0005 03 25274
0000000000000000: 00000003 00000000 00000000 0005 03 16116
0000000000000000: 00000002 00000000 00000000 0002 01 12495
0000000000000000: 00000003 00000000 00000000 0005 03 30019
0000000000000000: 00000003 00000000 00000000 0005 03 30018
0000000000000000: 00000003 00000000 00000000 0005 03 17079
0000000000000000: 00000003 00000000 00000000 0005 03 14129 /dev/socket/lmkd
0000000000000000: 00000003 00000000 00000000 0005 03 32859
0000000000000000: 00000003 00000000 00000000 0005 03 16625
0000000000000000: 00000003 00000000 00000000 0005 03 14240
0000000000000000: 00000003 00000000 00000000 0005 03 46051
0000000000000000: 00000002 00000000 00000000 0002 01 38211
0000000000000000: 00000002 00000000 00000000 0002 01 30139
0000000000000000: 00000003 00000000 00000000 0005 03 16115
0000000000000000: 00000003 00000000 00000000 0005 03 39304
0000000000000000: 00000003 00000000 00000000 0005 03 14577 @jdwp-control
0000000000000000: 00000003 00000000 00000000 0005 03 14386
0000000000000000: 00000002 00000000 00000000 0002 01 24620
0000000000000000: 00000003 00000000 00000000 0001 03 14968
0000000000000000: 00000003 00000000 00000000 0005 03 47888 @jdwp-control
0000000000000000: 00000003 00000000 00000000 0005 03 14809
0000000000000000: 00000003 00000000 00000000 0005 03 10980
0000000000000000: 00000003 00000000 00000000 0005 03 28187
0000000000000000: 00000002 00000000 00000000 0002 01 11845
0000000000000000: 00000002 00000000 00000000 0002 01 14869
0000000000000000: 00000003 00000000 00000000 0005 03 24603
0000000000000000: 00000003 00000000 00000000 0005 03 14237
0000000000000000: 00000002 00000000 00000000 0002 01 25345
0000000000000000: 00000002 00000000 00000000 0002 01 14299
0000000000000000: 00000003 00000000 00000000 0005 03 13475
0000000000000000: 00000003 00000000 00000000 0005 03 49834
0000000000000000: 00000003 00000000 00000000 0005 03 44601
0000000000000000: 00000003 00000000 00000000 0001 03 16003
0000000000000000: 00000003 00000000 00000000 0005 03 24773
0000000000000000: 00000002 00000000 00000000 0002 01 14996
0000000000000000: 00000003 00000000 00000000 0005 03 27660 @jdwp-control
0000000000000000: 00000003 00000000 00000000 0005 03 16166
0000000000000000: 00000003 00000000 00000000 0001 03 11876
0000000000000000: 00000003 00000000 00000000 0001 03 46249
0000000000000000: 00000003 00000000 00000000 0001 03 10486
0000000000000000: 00000003 00000000 00000000 0005 03 44130 @jdwp-control
0000000000000000: 00000002 00000000 00000000 0002 01 37319
0000000000000000: 00000003 00000000 00000000 0005 03 15931
0000000000000000: 00000002 00000000 00000000 0002 01 25466
0000000000000000: 00000003 00000000 00000000 0005 03 14385
0000000000000000: 00000002 00000000 00000000 0002 01 16604
0000000000000000: 00000003 00000000 00000000 0005 03 14233
0000000000000000: 00000003 00000000 00000000 0005 03 14883
0000000000000000: 00000003 00000000 00000000 0005 03 36102
0000000000000000: 00000003 00000000 00000000 0005 03 14659 @jdwp-control
0000000000000000: 00000002 00000000 00000000 0002 01 10455
0000000000000000: 00000002 00000000 00000000 0002 01 11881
0000000000000000: 00000003 00000000 00000000 0001 03 17013 /dev/socket/traced_producer
0000000000000000: 00000003 00000000 00000000 0005 03 16164
0000000000000000: 00000003 00000000 00000000 0005 03 15430
0000000000000000: 00000003 00000000 00000000 0005 03 25745
0000000000000000: 00000002 00000000 00000000 0002 01 14520
0000000000000000: 00000003 00000000 00000000 0005 03 49821
0000000000000000: 00000003 00000000 00000000 0005 03 48148
0000000000000000: 00000003 00000000 00000000 0005 03 27415
0000000000000000: 00000003 00000000 00000000 0005 03 15932 @jdwp-control
0000000000000000: 00000003 00000000 00000000 0005 03 48163 @jdwp-control
0000000000000000: 00000003 00000000 00000000 0005 03 16624
0000000000000000: 00000003 00000000 00000000 0005 03 14234
0000000000000000: 00000003 00000000 00000000 0005 03 44993
0000000000000000: 00000002 00000000 00000000 0002 01 15643
0000000000000000: 00000002 00000000 00000000 0002 01 11878
0000000000000000: 00000003 00000000 00000000 0001 03 14723
0000000000000000: 00000002 00000000 00000000 0002 01  9998
0000000000000000: 00000003 00000000 00000000 0005 03 16982
0000000000000000: 00000003 00000000 00000000 0001 03 14969 @com.android.internal.os.WebViewZygoteInit/4151061b-1e3c-4547-98c6-9f8e67ce9aea
0000000000000000: 00000003 00000000 00000000 0005 03 35354
0000000000000000: 00000002 00000000 00000000 0002 01 34426
0000000000000000: 00000003 00000000 00000000 0005 03 16439
0000000000000000: 00000002 00000000 00000000 0002 01 10820
0000000000000000: 00000003 00000000 00000000 0005 03 50094
0000000000000000: 00000003 00000000 00000000 0005 03 49872
0000000000000000: 00000003 00000000 00000000 0001 03 46326
0000000000000000: 00000002 00000000 00000000 0002 01 13147
0000000000000000: 00000003 00000000 00000000 0005 03 45482 @jdwp-control
0000000000000000: 00000003 00000000 00000000 0005 03 24571
0000000000000000: 00000002 00000000 00000000 0002 01 12929
0000000000000000: 00000003 00000000 00000000 0005 03 24705
0000000000000000: 00000003 00000000 00000000 0001 03 51242
0000000000000000: 00000003 00000000 00000000 0005 03 38091 @jdwp-control
0000000000000000: 00000003 00000000 00000000 0005 03 36100
0000000000000000: 00000003 00000000 00000000 0001 03 49928
0000000000000000: 00000003 00000000 00000000 0001 03 46325
0000000000000000: 00000002 00000000 00000000 0002 01 24294
0000000000000000: 00000003 00000000 00000000 0005 03 16270
0000000000000000: 00000002 00000000 00000000 0002 01 13484
0000000000000000: 00000003 00000000 00000000 0001 03 51235
0000000000000000: 00000003 00000000 00000000 0005 03 16440
0000000000000000: 00000002 00000000 00000000 0002 01 10877
0000000000000000: 00000002 00000000 00000000 0002 01 14090
0000000000000000: 00000003 00000000 00000000 0001 03 29338
0000000000000000: 00000003 00000000 00000000 0005 03 37297
0000000000000000: 00000003 00000000 00000000 0001 03 50473
0000000000000000: 00000003 00000000 00000000 0005 03 24750
0000000000000000: 00000003 00000000 00000000 0005 03 37064
0000000000000000: 00000002 00000000 00000000 0002 01 45673
0000000000000000: 00000003 00000000 00000000 0005 03 36101
0000000000000000: 00000003 00000000 00000000 0005 03 27652
0000000000000000: 00000003 00000000 00000000 0005 03 16273
0000000000000000: 00000002 00000000 00000000 0002 01 12746
0000000000000000: 00000002 00000000 00000000 0002 01  8873
0000000000000000: 00000003 00000000 00000000 0001 03 50056
0000000000000000: 00000003 00000000 00000000 0005 03 16441
0000000000000000: 00000002 00000000 00000000 0002 01 10941
0000000000000000: 00000003 00000000 00000000 0001 03 49929
0000000000000000: 00000003 00000000 00000000 0001 03 46250
0000000000000000: 00000003 00000000 00000000 0005 03 14756 @jdwp-control
0000000000000000: 00000003 00000000 00000000 0005 03 14092
0000000000000000: 00000003 00000000 00000000 0005 03 25065 @jdwp-control
0000000000000000: 00000002 00000000 00000000 0001 03 37574
0000000000000000: 00000003 00000000 00000000 0005 03 37310
0000000000000000: 00000003 00000000 00000000 0005 03 24749
0000000000000000: 00000003 00000000 00000000 0005 03 50095
0000000000000000: 00000003 00000000 00000000 0005 03 32872 @jdwp-control
0000000000000000: 00000003 00000000 00000000 0005 03 27528
0000000000000000: 00000003 00000000 00000000 0001 03 49876
0000000000000000: 00000003 00000000 00000000 0005 03 46398
0000000000000000: 00000003 00000000 00000000 0001 03 46246
0000000000000000: 00000003 00000000 00000000 0001 03 24523
0000000000000000: 00000002 00000000 00000000 0002 01 13148
0000000000000000: 00000003 00000000 00000000 0005 03 30987
0000000000000000: 00000003 00000000 00000000 0005 03 16372
0000000000000000: 00000002 00000000 00000000 0002 01 10979
0000000000000000: 00000002 00000000 00000000 0001 03 37572
0000000000000000: 00000003 00000000 00000000 0005 03 25064
0000000000000000: 00000003 00000000 00000000 0005 03 24813
0000000000000000: 00000002 00000000 00000000 0002 01 50166
0000000000000000: 00000003 00000000 00000000 0005 03 24748
0000000000000000: 00000003 00000000 00000000 0005 03 37311 @jdwp-control
0000000000000000: 00000003 00000000 00000000 0001 03 50139
0000000000000000: 00000003 00000000 00000000 0005 03 36587
0000000000000000: 00000002 00000000 00000000 0002 01 49785
0000000000000000: 00000003 00000000 00000000 0001 03 24524
0000000000000000: 00000003 00000000 00000000 0005 03 16371
0000000000000000: 00000003 00000000 00000000 0001 03 16278
0000000000000000: 00000003 00000000 00000000 0005 03 14804
0000000000000000: 00000003 00000000 00000000 0005 03 50073 @jdwp-control
0000000000000000: 00000003 00000000 00000000 0001 03 50041
0000000000000000: 00000003 00000000 00000000 0001 03 46508
0000000000000000: 00000003 00000000 00000000 0002 01 13198
0000000000000000: 00000002 00000000 00000000 0002 01 27510
0000000000000000: 00000003 00000000 00000000 0005 03 12883
0000000000000000: 00000002 00000000 00000000 0002 01 10934
0000000000000000: 00000003 00000000 00000000 0001 03 50099
0000000000000000: 00000003 00000000 00000000 0005 03 45655
0000000000000000: 00000002 00000000 00000000 0002 01 24792
0000000000000000: 00000002 00000000 00000000 0002 01 25099
0000000000000000: 00000003 00000000 00000000 0001 03 49926 /dev/socket/traced_producer
0000000000000000: 00000003 00000000 00000000 0005 03 47232
0000000000000000: 00000003 00000000 00000000 0005 03 32871
0000000000000000: 00000003 00000000 00000000 0005 03 13476
0000000000000000: 00000003 00000000 00000000 0001 03 50474
0000000000000000: 00000003 00000000 00000000 0005 03 24589
0000000000000000: 00000003 00000000 00000000 0005 03 16501
0000000000000000: 00000003 00000000 00000000 0001 03 16279
0000000000000000: 00000002 00000000 00000000 0002 01 14776
0000000000000000: 00000003 00000000 00000000 0001 03 12541
0000000000000000: 00000003 00000000 00000000 0005 03 27463
0000000000000000: 00000002 00000000 00000000 0002 01  8087
0000000000000000: 00000003 00000000 00000000 0005 03 38089
0000000000000000: 00000003 00000000 00000000 0005 03 37063
0000000000000000: 00000003 00000000 00000000 0005 03 44129
0000000000000000: 00000002 00000000 00000000 0002 01 24889
0000000000000000: 00000003 00000000 00000000 0001 03 51240 /dev/socket/traced_producer
0000000000000000: 00000003 00000000 00000000 0005 03 27418 @jdwp-control
0000000000000000: 00000002 00000000 00000000 0002 01 12953
0000000000000000: 00000003 00000000 00000000 0005 03  7468
0000000000000000: 00000003 00000000 00000000 0001 03 51237
0000000000000000: 00000003 00000000 00000000 0005 03 24572
0000000000000000: 00000002 00000000 00000000 0002 01 16476
0000000000000000: 00000003 00000000 00000000 0001 03 16269
0000000000000000: 00000003 00000000 00000000 0005 03 14954
0000000000000000: 00000003 00000000 00000000 0005 03 50069
0000000000000000: 00000003 00000000 00000000 0001 03 50037
0000000000000000: 00000003 00000000 00000000 0001 03 47985
0000000000000000: 00000003 00000000 00000000 0005 03 13478 @jdwp-control
0000000000000000: 00000003 00000000 00000000 0005 03 36589
0000000000000000: 00000003 00000000 00000000 0005 03 39305
0000000000000000: 00000003 00000000 00000000 0001 03 51245
0000000000000000: 00000003 00000000 00000000 0005 03 25746
0000000000000000: 00000003 00000000 00000000 0005 03 24815 @jdwp-control
0000000000000000: 00000003 00000000 00000000 0005 03  7467
0000000000000000: 00000003 00000000 00000000 0001 03 50054
0000000000000000: 00000003 00000000 00000000 0002 01 13196
0000000000000000: 00000002 00000000 00000000 0002 01 10897
0000000000000000: 00000003 00000000 00000000 0001 03 51234
0000000000000000: 00000003 00000000 00000000 0005 03 24751 @jdwp-control
0000000000000000: 00000003 00000000 00000000 0001 03 16240
0000000000000000: 00000003 00000000 00000000 0005 03 14795
0000000000000000: 00000002 00000000 00000000 0002 01 25347
0000000000000000: 00000003 00000000 00000000 0001 03 49793 /dev/socket/traced_consumer
0000000000000000: 00000002 00000000 00000000 0002 01 39325
0000000000000000: 00000003 00000000 00000000 0001 03 16002
0000000000000000: 00000002 00000000 00000000 0002 01 31920
0000000000000000: 00000003 00000000 00000000 0005 03 17093
0000000000000000: 00000003 00000000 00000000 0005 03 14238
0000000000000000: 00000003 00000000 00000000 0001 03 12185
0000000000000000: 00000003 00000000 00000000 0005 03 35356
0000000000000000: 00000003 00000000 00000000 0005 03 24605
0000000000000000: 00000003 00000000 00000000 0005 03 15406
0000000000000000: 00000002 00000000 00000000 0002 01 15876
0000000000000000: 00000002 00000000 00000000 0002 01 14928
0000000000000000: 00000003 00000000 00000000 0005 03 49797
0000000000000000: 00000003 00000000 00000000 0005 03 45480
0000000000000000: 00000002 00000000 00000000 0002 01 10395
0000000000000000: 00000003 00000000 00000000 0001 03 45904
0000000000000000: 00000003 00000000 00000000 0005 03 16684
0000000000000000: 00000003 00000000 00000000 0005 03 14093
0000000000000000: 00000002 00000000 00000000 0002 01 48195
0000000000000000: 00000002 00000000 00000000 0002 01 12078
0000000000000000: 00000003 00000000 00000000 0001 03 48056
0000000000000000: 00000003 00000000 00000000 0005 03 45656 @jdwp-control
0000000000000000: 00000003 00000000 00000000 0005 03 44128
0000000000000000: 00000003 00000000 00000000 0005 03 47885
0000000000000000: 00000003 00000000 00000000 0005 03 45479
0000000000000000: 00000003 00000000 00000000 0001 03 46247 /dev/socket/traced_producer
0000000000000000: 00000002 00000000 00000000 0002 01 15877
0000000000000000: 00000002 00000000 00000000 0002 01  8441
0000000000000000: 00000002 00000000 00000000 0002 01 46095
0000000000000000: 00000003 00000000 00000000 0001 03 46066
0000000000000000: 00000003 00000000 00000000 0005 03 31906
0000000000000000: 00000002 00000000 00000000 0002 01 13444
0000000000000000: 00000003 00000000 00000000 0005 03 14574
0000000000000000: 00000003 00000000 00000000 0005 03 15431 @jdwp-control
0000000000000000: 00000003 00000000 00000000 0005 03 16122
0000000000000000: 00000002 00000000 00000000 0002 01  8282
0000000000000000: 00000002 00000000 00000000 0002 01 35645
0000000000000000: 00000003 00000000 00000000 0005 03 28186
0000000000000000: 00000002 00000000 00000000 0002 01 11846
0000000000000000: 00000002 00000000 00000000 0002 01 10356
0000000000000000: 00000002 00000000 00000000 0002 01 44624
0000000000000000: 00000003 00000000 00000000 0005 03 16981
0000000000000000: 00000003 00000000 00000000 0005 03 31907 @jdwp-control
0000000000000000: 00000003 00000000 00000000 0001 03 46065
0000000000000000: 00000003 00000000 00000000 0005 03 26459
0000000000000000: 00000003 00000000 00000000 0005 03 25284
0000000000000000: 00000002 00000000 00000000 0002 01 15994
0000000000000000: 00000003 00000000 00000000 0001 03 14328
0000000000000000: 00000003 00000000 00000000 0005 03 17078
0000000000000000: 00000003 00000000 00000000 0005 03 14874
0000000000000000: 00000003 00000000 00000000 0005 03 14239
0000000000000000: 00000003 00000000 00000000 0005 03 48162
0000000000000000: 00000003 00000000 00000000 0005 03 44995
0000000000000000: 00000002 00000000 00000000 0002 01 11432
0000000000000000: 00000002 00000000 00000000 0002 01 39104
0000000000000000: 00000003 00000000 00000000 0005 03 17015
0000000000000000: 00000003 00000000 00000000 0005 03 16163
0000000000000000: 00000003 00000000 00000000 0005 03 14658
0000000000000000: 00000002 00000000 00000000 0002 01  8483
0000000000000000: 00000002 00000000 00000000 0002 01 10460
0000000000000000: 00000002 00000000 00000000 0002 01 17017
0000000000000000: 00000002 00000000 00000000 0002 01 15009
0000000000000000: 00000003 00000000 00000000 0005 03 27659
0000000000000000: 00000003 00000000 00000000 0005 03 16165
0000000000000000: 00000002 00000000 00000000 0002 01 14628
0000000000000000: 00000002 00000000 00000000 0002 01 10485
0000000000000000: 00000003 00000000 00000000 0005 03 46052 @jdwp-control
0000000000000000: 00000003 00000000 00000000 0005 03 14808 @jdwp-control
0000000000000000: 00000003 00000000 00000000 0005 03 39306
0000000000000000: 00000003 00000000 00000000 0005 03 17077
0000000000000000: 00000003 00000000 00000000 0005 03 45649
0000000000000000: 00000003 00000000 00000000 0005 03 14875
0000000000000000: 00000003 00000000 00000000 0005 03 26169
0000000000000000: 00000003 00000000 00000000 0001 03 15943
0000000000000000: 00000002 00000000 00000000 0002 01 12533
0000000000000000: 00000003 00000000 00000000 0005 03 49833
0000000000000000: 00000003 00000000 00000000 0005 03 25275
0000000000000000: 00000003 00000000 00000000 0005 03 14575
0000000000000000: 00000003 00000000 00000000 0005 03 39307 @jdwp-control
0000000000000000: 00000003 00000000 00000000 0005 03 17016 /dev/socket/adbd
0000000000000000: 00000003 00000000 00000000 0005 03 47886
0000000000000000: 00000003 00000000 00000000 0005 03 15726
0000000000000000: 00000002 00000000 00000000 0002 01 14707
0000000000000000: 00000002 00000000 00000000 0002 01 10464
0000000000000000: 00000002 00000000 00000000 0002 01  8208
0000000000000000: 00000003 00000000 00000000 0005 03 46038
0000000000000000: 00000003 00000000 00000000 0005 03 17080 @jdwp-control
0000000000000000: 00000003 00000000 00000000 0005 03 14128
0000000000000000: 00000003 00000000 00000000 0005 03 30021 @jdwp-control
0000000000000000: 00000003 00000000 00000000 0005 03 25239 @jdwp-control
0000000000000000: 00000003 00000000 00000000 0005 03 14576
0000000000000000: 00000003 00000000 00000000 0005 03 15929
0000000000000000: 00000003 00000000 00000000 0005 03 44994
0000000000000000: 00000002 00000000 00000000 0002 01 15720
0000000000000000: 00000002 00000000 00000000 0002 01 10373
0000000000000000: 00000003 00000000 00000000 0005 03 10981 /dev/socket/logdr
0000000000000000: 00000003 00000000 00000000 0005 03 24606 @jdwp-control
0000000000000000: 00000003 00000000 00000000 0005 03 15324
0000000000000000: 00000003 00000000 00000000 0001 03 29662
0000000000000000: 00000003 00000000 00000000 0001 03 15941
0000000000000000: 00000002 00000000 00000000 0002 01 12512
0000000000000000: 00000003 00000000 00000000 0005 03 49798
0000000000000000: 00000003 00000000 00000000 0005 03 27416
0000000000000000: 00000003 00000000 00000000 0001 03 14724
0000000000000000: 00000003 00000000 00000000 0005 03 17092
0000000000000000: 00000003 00000000 00000000 0005 03 14235
0000000000000000: 00000003 00000000 00000000 0005 03 46037
0000000000000000: 00000002 00000000 00000000 0002 01 47931
0000000000000000: 00000002 00000000 00000000 0002 01 11885
0000000000000000: 00000003 00000000 00000000 0005 03 14652
0000000000000000: 00000002 00000000 00000000 0002 01 10387
0000000000000000: 00000003 00000000 00000000 0005 03 17095 @jdwp-control
0000000000000000: 00000003 00000000 00000000 0005 03 16121
0000000000000000: 00000002 00000000 00000000 0002 01 45013
0000000000000000: 00000003 00000000 00000000 0005 03 49800 @jdwp-control
0000000000000000: 00000002 00000000 00000000 0002 01 44208
0000000000000000: 00000002 00000000 00000000 0002 01 25526
0000000000000000: 00000003 00000000 00000000 0005 03 26170
0000000000000000: 00000003 00000000 00000000 0001 03 15942
0000000000000000: 00000003 00000000 00000000 0005 03 14884 @jdwp-control
0000000000000000: 00000003 00000000 00000000 0005 03 16517 @jdwp-control
0000000000000000: 00000003 00000000 00000000 0005 03 14236
0000000000000000: 00000003 00000000 00000000 0001 03 12412
0000000000000000: 00000003 00000000 00000000 0005 03 44602
0000000000000000: 00000003 00000000 00000000 0001 03 29661
0000000000000000: 00000003 00000000 00000000 0001 03 50098
0000000000000000: 00000002 00000000 00000000 0002 01 50045
0000000000000000: 00000003 00000000 00000000 0001 03 48055
0000000000000000: 00000003 00000000 00000000 0005 03 36590 @jdwp-control
0000000000000000: 00000002 00000000 00000000 0002 01 24295
0000000000000000: 00000002 00000000 00000000 0002 01 16378
0000000000000000: 00000003 00000000 00000000 0005 03 16271
0000000000000000: 00000003 00000000 00000000 0005 03 14794
0000000000000000: 00000002 00000000 00000000 0002 01 10573
0000000000000000: 00000003 00000000 00000000 0001 03 51239
0000000000000000: 00000003 00000000 00000000 0005 03 49871
0000000000000000: 00000003 00000000 00000000 0005 03 47299
0000000000000000: 00000003 00000000 00000000 0005 03 35355
0000000000000000: 00000003 00000000 00000000 0002 01 13195
0000000000000000: 00000003 00000000 00000000 0005 03 27534
0000000000000000: 00000002 00000000 00000000 0002 01 12891
0000000000000000: 00000003 00000000 00000000 0005 03 25237
0000000000000000: 00000002 00000000 00000000 0002 01 24670
0000000000000000: 00000003 00000000 00000000 0005 03 36588
0000000000000000: 00000003 00000000 00000000 0005 03 38090
0000000000000000: 00000003 00000000 00000000 0001 03 50055
0000000000000000: 00000003 00000000 00000000 0005 03 46397
0000000000000000: 00000003 00000000 00000000 0005 03 32858
0000000000000000: 00000003 00000000 00000000 0002 01 13197
0000000000000000: 00000003 00000000 00000000 0005 03 17094
0000000000000000: 00000003 00000000 00000000 0001 03 16268
0000000000000000: 00000003 00000000 00000000 0005 03 14807
0000000000000000: 00000002 00000000 00000000 0002 01 10921
0000000000000000: 00000003 00000000 00000000 0005 03 12878
0000000000000000: 00000003 00000000 00000000 0005 03 27535
0000000000000000: 00000003 00000000 00000000 0005 03 25063
0000000000000000: 00000003 00000000 00000000 0005 03 37066 @jdwp-control
0000000000000000: 00000003 00000000 00000000 0005 03 24814
0000000000000000: 00000003 00000000 00000000 0005 03 24710 @jdwp-control
0000000000000000: 00000003 00000000 00000000 0001 03 51250
0000000000000000: 00000003 00000000 00000000 0005 03 44603 @jdwp-control
0000000000000000: 00000003 00000000 00000000 0005 03 12877
0000000000000000: 00000003 00000000 00000000 0005 03 24577 @jdwp-control
0000000000000000: 00000002 00000000 00000000 0002 01 16405
0000000000000000: 00000003 00000000 00000000 0001 03 16239
0000000000000000: 00000003 00000000 00000000 0001 03 10487
0000000000000000: 00000003 00000000 00000000 0001 03 49925
0000000000000000: 00000003 00000000 00000000 0001 03 49792
0000000000000000: 00000002 00000000 00000000 0002 01 13161
0000000000000000: 00000002 00000000 00000000 0002 01 37088
0000000000000000: 00000003 00000000 00000000 0005 03 25062
0000000000000000: 00000003 00000000 00000000 0001 03 50138
0000000000000000: 00000003 00000000 00000000 0005 03 24709
0000000000000000: 00000002 00000000 00000000 0002 01 49758
0000000000000000: 00000002 00000000 00000000 0002 01 12848
0000000000000000: 00000003 00000000 00000000 0005 03 27462
0000000000000000: 00000003 00000000 00000000 0005 03 50068
0000000000000000: 00000003 00000000 00000000 0001 03 50040
0000000000000000: 00000003 00000000 00000000 0005 03 47233
0000000000000000: 00000002 00000000 00000000 0002 01 13400
0000000000000000: 00000002 00000000 00000000 0002 01 24767
0000000000000000: 00000003 00000000 00000000 0005 03 16500
0000000000000000: 00000003 00000000 00000000 0005 03 14805
0000000000000000: 00000002 00000000 00000000 0002 01 10549
0000000000000000: 00000003 00000000 00000000 0005 03 24602
0000000000000000: 00000003 00000000 00000000 0005 03 16280
0000000000000000: 00000003 00000000 00000000 0005 03 14754
0000000000000000: 00000002 00000000 00000000 0002 01 10716
0000000000000000: 00000003 00000000 00000000 0001 03 50082
0000000000000000: 00000002 00000000 00000000 0002 01 13174
0000000000000000: 00000002 00000000 00000000 0002 01  8100
0000000000000000: 00000003 00000000 00000000 0005 03 37065
0000000000000000: 00000002 00000000 00000000 0002 01 24801
0000000000000000: 00000003 00000000 00000000 0005 03 50467
0000000000000000: 00000002 00000000 00000000 0002 01 24644
0000000000000000: 00000003 00000000 00000000 0001 03 51251
0000000000000000: 00000003 00000000 00000000 0005 03 50072
0000000000000000: 00000003 00000000 00000000 0005 03 16370
0000000000000000: 00000003 00000000 00000000 0001 03 51236
0000000000000000: 00000003 00000000 00000000 0001 03 46507
0000000000000000: 00000003 00000000 00000000 0005 03 24576
0000000000000000: 00000003 00000000 00000000 0005 03 16281
0000000000000000: 00000003 00000000 00000000 0005 03 14753
0000000000000000: 00000002 00000000 00000000 0002 01 13493
0000000000000000: 00000003 00000000 00000000 0001 03 29339
0000000000000000: 00000003 00000000 00000000 0005 03 12884
0000000000000000: 00000003 00000000 00000000 0005 03  7489
0000000000000000: 00000003 00000000 00000000 0001 03 51246
0000000000000000: 00000003 00000000 00000000 0005 03 25236
0000000000000000: 00000003 00000000 00000000 0005 03 37296
0000000000000000: 00000003 00000000 00000000 0005 03 24706
0000000000000000: 00000002 00000000 00000000 0002 01 36175
0000000000000000: 00000003 00000000 00000000 0001 03 49875
0000000000000000: 00000003 00000000 00000000 0005 03 47300
0000000000000000: 00000003 00000000 00000000 0005 03  7488
0000000000000000: 00000003 00000000 00000000 0005 03 16373 @jdwp-control
0000000000000000: 00000002 00000000 00000000 0002 01 14084
0000000000000000: 00000003 00000000 00000000 0005 03 30988
0000000000000000: 00000003 00000000 00000000 0005 03 24590
0000000000000000: 00000003 00000000 00000000 0005 03 16516
0000000000000000: 00000003 00000000 00000000 0005 03 14955
0000000000000000: 00000002 00000000 00000000 0002 01 10913
0000000000000000: 00000003 00000000 00000000 0001 03 50053
0000000000000000: 00000003 00000000 00000000 0005 03 27529
0000000000000000: 00000003 00000000 00000000 0005 03 38088
0000000000000000: 00000003 00000000 00000000 0005 03 24812
0000000000000000: 00000003 00000000 00000000 0001 03 51243
0000000000000000: 00000003 00000000 00000000 0005 03 27417
0000000000000000: 00000003 00000000 00000000 0005 03 27653
0000000000000000: 00000002 00000000 00000000 0002 01 12997
0000000000000000: 00000003 00000000 00000000 0001 03 50083
0000000000000000: 00000003 00000000 00000000 0005 03 16442 @jdwp-control
0000000000000000: 00000003 00000000 00000000 0001 03 50036
0000000000000000: 00000003 00000000 00000000 0005 03 47298
0000000000000000: 00000002 00000000 00000000 0002 01 32970
0000000000000000: 00000003 00000000 00000000 0005 03 24601
0000000000000000: 00000003 00000000 00000000 0005 03 16272
0000000000000000: 00000003 00000000 00000000 0005 03 14755
0000000000000000: 00000003 00000000 00000000 0005 03 13477
0000000000000000: 00000002 00000000 00000000 0002 01 10888
0000000000000000: 00000002 00000000 00000000 0002 01 36681
0000000000000000: 00000003 00000000 00000000 0005 03 50466
0000000000000000: 00000003 00000000 00000000 0005 03 44127
