START cdp-r1-clean_pre
ACCEPT cdp-r1-clean_pre 21a14835-d8d1-4ef1-9534-b7bfad4d2aed
START cdp-r1-attack
ACCEPT cdp-r1-attack 04cc328b-3b1b-465e-9ccb-4e6e6fd716d5
START cdp-r1-clean_post
ACCEPT cdp-r1-clean_post b0f1307e-600e-4733-abef-dc29804a182e
START cdp-r2-clean_pre
ACCEPT cdp-r2-clean_pre 7563f13b-f01c-46b4-be1a-4beacf8c2e30
START cdp-r2-attack
ACCEPT cdp-r2-attack de15af3b-1122-411f-bc85-1655e69ca392
START cdp-r2-clean_post
ACCEPT cdp-r2-clean_post 9ec76b29-245c-4142-a40b-a6a80e0fb961
START cdp-r3-clean_pre
ACCEPT cdp-r3-clean_pre 9d0a7da6-87a1-476b-b165-9df69271b278
START cdp-r3-attack
ACCEPT cdp-r3-attack 91092ecd-bc5d-4275-8c0e-7460df621130
START cdp-r3-clean_post
ACCEPT cdp-r3-clean_post 3cfc65af-29f8-46c0-933b-2965a78a8fc6
START playwright-r1-clean_pre
ACCEPT playwright-r1-clean_pre deaa9aac-62bf-4196-afd7-d40c68a90297
START playwright-r1-attack
ACCEPT playwright-r1-attack a4b8baa4-f2f6-494b-8035-6f89358c623e
START playwright-r1-clean_post
ACCEPT playwright-r1-clean_post 2543c0f3-b561-4b17-af61-85fb62c65d03
START playwright-r2-clean_pre
ACCEPT playwright-r2-clean_pre f4cb136f-eb9f-497e-ae7e-e44ed0e45c98
START playwright-r2-attack
ACCEPT playwright-r2-attack 96795161-8792-4a0a-a1a6-b5551849c2d6
START playwright-r2-clean_post
ACCEPT playwright-r2-clean_post 2fd114a9-17bc-4b6b-8db6-dc7189b3aedd
START playwright-r3-clean_pre
ACCEPT playwright-r3-clean_pre 14595f07-6d87-4710-9ed4-7fd471be58f3
START playwright-r3-attack
ACCEPT playwright-r3-attack 8cd24b77-c4d6-4d4d-b969-2e16ce796a10
START playwright-r3-clean_post
ACCEPT playwright-r3-clean_post 80130d37-6d00-4449-b1b8-63a0e7473c44
START puppeteer-r1-clean_pre
ACCEPT puppeteer-r1-clean_pre 08386f5f-6abb-4505-bbba-24e4938cda4e
START puppeteer-r1-attack
ACCEPT puppeteer-r1-attack 27b8ba83-0859-45b8-b456-c4a6041b0526
START puppeteer-r1-clean_post
ACCEPT puppeteer-r1-clean_post 75c2bf86-83ba-4034-91d7-6fb70dc6d63c
START puppeteer-r2-clean_pre
ACCEPT puppeteer-r2-clean_pre 45a9f504-f302-4210-8471-63df93f0e5cf
START puppeteer-r2-attack
ACCEPT puppeteer-r2-attack 3bc6d772-a60d-46dd-a6fc-ecbd125ba8f2
START puppeteer-r2-clean_post
ACCEPT puppeteer-r2-clean_post f8cfb553-7f34-4ca7-8668-2be676913fbd
START puppeteer-r3-clean_pre
ACCEPT puppeteer-r3-clean_pre 63757f53-9e3c-47ce-b5fb-ef1212653f10
START puppeteer-r3-attack
ACCEPT puppeteer-r3-attack 5f439fb2-85ca-4223-a68a-1b3a9803e980
START puppeteer-r3-clean_post
ACCEPT puppeteer-r3-clean_post ae1e8bd4-c342-4417-bdaa-3d1e08982e0c
START stealth-r1-clean_pre
ACCEPT stealth-r1-clean_pre 0b2ce28e-cad3-4223-96d0-69d593d387a1
START stealth-r1-attack
ACCEPT stealth-r1-attack 67022fcd-0320-4e5d-b4ef-5380cb748ffb
START stealth-r1-clean_post
ACCEPT stealth-r1-clean_post 13e88ed6-56cf-4dd9-bbdb-67077638e5d5
START stealth-r2-clean_pre
ACCEPT stealth-r2-clean_pre 5955fac1-0076-4629-9d10-d4bd3398edcd
START stealth-r2-attack
ACCEPT stealth-r2-attack a660dbeb-adbc-4fdf-9ed6-d5ffbcebbee6
START stealth-r2-clean_post
ACCEPT stealth-r2-clean_post c0d944d3-947d-4878-81dd-b4d2b5699b94
START stealth-r3-clean_pre
ACCEPT stealth-r3-clean_pre 8d7728fa-5bce-4ec8-91a1-d22ebfdc4d1c
START stealth-r3-attack
ACCEPT stealth-r3-attack 561f1d84-84d8-4b4d-bf66-65d0c23881d8
START stealth-r3-clean_post
ACCEPT stealth-r3-clean_post 301a83b0-3846-46b7-a6a9-97f843695c26
START cdp_ua_only_v1-r1-clean_pre
ACCEPT cdp_ua_only_v1-r1-clean_pre cb0cd142-c25d-49ee-bf30-17852e21e90b
START cdp_ua_only_v1-r1-attack
ACCEPT cdp_ua_only_v1-r1-attack b1cbfe44-4b18-40dd-a044-4724bcd6d287
START cdp_ua_only_v1-r1-clean_post
ACCEPT cdp_ua_only_v1-r1-clean_post 0cc43521-8691-4ef6-9332-536cf7130f59
START cdp_ua_only_v1-r2-clean_pre
ACCEPT cdp_ua_only_v1-r2-clean_pre 2d230632-5315-475b-9fa5-415261dcae2d
START cdp_ua_only_v1-r2-attack
ACCEPT cdp_ua_only_v1-r2-attack b6ef0e58-45c1-4b97-a677-1da682413a2a
START cdp_ua_only_v1-r2-clean_post
ACCEPT cdp_ua_only_v1-r2-clean_post 4c335c82-e273-4f30-8a34-d5b02538b96b
START cdp_ua_only_v1-r3-clean_pre
ACCEPT cdp_ua_only_v1-r3-clean_pre 9657def4-0d1e-4570-a24c-a9e8d3877dfc
START cdp_ua_only_v1-r3-attack
ACCEPT cdp_ua_only_v1-r3-attack d0e1e466-fb42-4cfe-aee9-d006d04fa9b1
START cdp_ua_only_v1-r3-clean_post
ACCEPT cdp_ua_only_v1-r3-clean_post 46b0879e-359c-4fb4-bc6f-8f495aa3ab04
START cdp_platform_only_v1-r1-clean_pre
ACCEPT cdp_platform_only_v1-r1-clean_pre 6c385c34-127f-4185-80e8-303624f5fb3d
START cdp_platform_only_v1-r1-attack
ACCEPT cdp_platform_only_v1-r1-attack e3341c11-4fb9-4bd3-aa53-85d0a5276eae
START cdp_platform_only_v1-r1-clean_post
ACCEPT cdp_platform_only_v1-r1-clean_post 27d01d21-fe23-41f8-b818-4b4074502564
START cdp_platform_only_v1-r2-clean_pre
ACCEPT cdp_platform_only_v1-r2-clean_pre 0487453b-4501-4485-94e3-cd0f471d7481
START cdp_platform_only_v1-r2-attack
ACCEPT cdp_platform_only_v1-r2-attack 5232382e-2f7c-4377-aeae-0787fa107af9
START cdp_platform_only_v1-r2-clean_post
ACCEPT cdp_platform_only_v1-r2-clean_post c885f0ee-cc9f-4b0b-ba46-5d2098e566ef
START cdp_platform_only_v1-r3-clean_pre
ACCEPT cdp_platform_only_v1-r3-clean_pre 1eb0dd4c-5b18-4184-b6a3-7b42b0add31e
START cdp_platform_only_v1-r3-attack
ACCEPT cdp_platform_only_v1-r3-attack fd8343cf-3fc7-41fd-bcf3-722957d06213
START cdp_platform_only_v1-r3-clean_post
ACCEPT cdp_platform_only_v1-r3-clean_post 99acac82-f38b-4361-8359-89f366495fed
START cdp_ua_platform_desktop_v1-r1-clean_pre
ACCEPT cdp_ua_platform_desktop_v1-r1-clean_pre 9e6afb5d-9dbb-4e94-ae40-56bfc4335c14
START cdp_ua_platform_desktop_v1-r1-attack
ACCEPT cdp_ua_platform_desktop_v1-r1-attack d4805dea-0085-4574-b578-dd0f159b7391
START cdp_ua_platform_desktop_v1-r1-clean_post
ACCEPT cdp_ua_platform_desktop_v1-r1-clean_post 49ff24fe-f8d2-4430-bc74-b23ce116bafa
START cdp_ua_platform_desktop_v1-r2-clean_pre
ACCEPT cdp_ua_platform_desktop_v1-r2-clean_pre 6df033b1-e339-4ca0-a317-894be2432d93
START cdp_ua_platform_desktop_v1-r2-attack
ACCEPT cdp_ua_platform_desktop_v1-r2-attack 2e2a1b8b-2064-467b-8f7a-07adbf8590fc
START cdp_ua_platform_desktop_v1-r2-clean_post
ACCEPT cdp_ua_platform_desktop_v1-r2-clean_post 993d67aa-b75c-437d-a978-29c72271aa81
START cdp_ua_platform_desktop_v1-r3-clean_pre
ACCEPT cdp_ua_platform_desktop_v1-r3-clean_pre 18359911-dc09-4c61-8ad8-1e14327e95c3
START cdp_ua_platform_desktop_v1-r3-attack
ACCEPT cdp_ua_platform_desktop_v1-r3-attack 3c26db33-9adc-48d3-aed8-54866cc0124a
START cdp_ua_platform_desktop_v1-r3-clean_post
ACCEPT cdp_ua_platform_desktop_v1-r3-clean_post 4384fe1e-5748-4a77-97ba-faaeeb038a76
START cdp_resource_pair_v1-r1-clean_pre
ACCEPT cdp_resource_pair_v1-r1-clean_pre e47626ea-b486-462c-9101-6c00526d9566
START cdp_resource_pair_v1-r1-attack
ACCEPT cdp_resource_pair_v1-r1-attack e31ee86e-eb86-451f-b27b-871f9c287c99
START cdp_resource_pair_v1-r1-clean_post
ACCEPT cdp_resource_pair_v1-r1-clean_post 9a185654-3c4d-476b-96ad-c0133d714c27
START cdp_resource_pair_v1-r2-clean_pre
ACCEPT cdp_resource_pair_v1-r2-clean_pre 7809075a-961b-4e9a-8c2a-74211c7a40f6
START cdp_resource_pair_v1-r2-attack
ACCEPT cdp_resource_pair_v1-r2-attack 96039022-5ec4-4caa-b14a-ae3ad44145e5
START cdp_resource_pair_v1-r2-clean_post
ACCEPT cdp_resource_pair_v1-r2-clean_post 5cf7a45e-ebd5-4484-b360-a9a565fe54d8
START cdp_resource_pair_v1-r3-clean_pre
ACCEPT cdp_resource_pair_v1-r3-clean_pre 1c8ae402-8ccb-4ca1-af32-5218cfec67d2
START cdp_resource_pair_v1-r3-attack
ACCEPT cdp_resource_pair_v1-r3-attack c58527a9-3f49-4de6-b299-bd6e8704b248
START cdp_resource_pair_v1-r3-clean_post
ACCEPT cdp_resource_pair_v1-r3-clean_post d32ad727-89f3-4e49-89f6-f737ab099e2e
START cdp_timezone_only_v1-r1-clean_pre
ACCEPT cdp_timezone_only_v1-r1-clean_pre 39b60cec-92dc-4b85-a282-557ec6ee7f60
START cdp_timezone_only_v1-r1-attack
ACCEPT cdp_timezone_only_v1-r1-attack 586a1175-8ae5-4529-aa8a-540564a74ba8
START cdp_timezone_only_v1-r1-clean_post
ACCEPT cdp_timezone_only_v1-r1-clean_post 70fbfba3-bfb4-4286-abed-21eb0ceb07ea
START cdp_timezone_only_v1-r2-clean_pre
ACCEPT cdp_timezone_only_v1-r2-clean_pre 08b19710-37d9-415b-a5d8-236427966b74
START cdp_timezone_only_v1-r2-attack
Traceback (most recent call last):
  File "/Users/xavier/毕业设计/RBA-Cross-Device-Fingerprint/deliverables/rule_semantics_raw_only_expansion_v1/run_expansion.py", line 127, in <module>
    campaign.collect(step)
    ~~~~~~~~~~~~~~~~^^^^^^
  File "/Users/xavier/毕业设计/RBA-Cross-Device-Fingerprint/deliverables/rule_semantics_raw_only_expansion_v1/run_expansion.py", line 87, in collect
    super().collect(step)
    ~~~~~~~~~~~~~~~^^^^^^
  File "/Users/xavier/毕业设计/RBA-Cross-Device-Fingerprint/deliverables/featureapp_webdriver_runtime_v1/run_local_campaign.py", line 219, in collect
    evidence = self.run_injection(step, step_dir)
  File "/Users/xavier/毕业设计/RBA-Cross-Device-Fingerprint/deliverables/rule_semantics_raw_only_expansion_v1/run_expansion.py", line 58, in run_injection
    receipt = super().run_injection(step,step_dir)
  File "/Users/xavier/毕业设计/RBA-Cross-Device-Fingerprint/deliverables/featureapp_webdriver_runtime_v1/run_local_campaign.py", line 186, in run_injection
    raise RuntimeError(f"Low-level runner did not observe its declared profile: {result.get('status')}")
RuntimeError: Low-level runner did not observe its declared profile: ROLLBACK_FAILED
