Activity Resolver Table:
  Non-Data Actions:
      android.intent.action.MAIN:
        6320b88 com.example.hybridguard.featureapp/.MainActivity filter 6028921
          Action: "android.intent.action.MAIN"
          Category: "android.intent.category.LAUNCHER"

Receiver Resolver Table:
  Non-Data Actions:
      android.intent.action.BATTERY_OKAY:
        8a05834 com.example.hybridguard.featureapp/androidx.work.impl.background.systemalarm.ConstraintProxy$BatteryNotLowProxy filter 35d965d
          Action: "android.intent.action.BATTERY_OKAY"
          Action: "android.intent.action.BATTERY_LOW"
      android.intent.action.ACTION_POWER_DISCONNECTED:
        562a146 com.example.hybridguard.featureapp/androidx.work.impl.background.systemalarm.ConstraintProxy$BatteryChargingProxy filter a462f07
          Action: "android.intent.action.ACTION_POWER_CONNECTED"
          Action: "android.intent.action.ACTION_POWER_DISCONNECTED"
      androidx.profileinstaller.action.SAVE_PROFILE:
        34366b8 com.example.hybridguard.featureapp/androidx.profileinstaller.ProfileInstallReceiver filter cf2e7f7
          Action: "androidx.profileinstaller.action.SAVE_PROFILE"
      android.intent.action.DEVICE_STORAGE_LOW:
        b978bd2 com.example.hybridguard.featureapp/androidx.work.impl.background.systemalarm.ConstraintProxy$StorageNotLowProxy filter 28cb4a3
          Action: "android.intent.action.DEVICE_STORAGE_LOW"
          Action: "android.intent.action.DEVICE_STORAGE_OK"
      android.net.conn.CONNECTIVITY_CHANGE:
        e04c3a0 com.example.hybridguard.featureapp/androidx.work.impl.background.systemalarm.ConstraintProxy$NetworkStateProxy filter 9623b59
          Action: "android.net.conn.CONNECTIVITY_CHANGE"
      android.intent.action.DEVICE_STORAGE_OK:
        b978bd2 com.example.hybridguard.featureapp/androidx.work.impl.background.systemalarm.ConstraintProxy$StorageNotLowProxy filter 28cb4a3
          Action: "android.intent.action.DEVICE_STORAGE_LOW"
          Action: "android.intent.action.DEVICE_STORAGE_OK"
      androidx.profileinstaller.action.INSTALL_PROFILE:
        34366b8 com.example.hybridguard.featureapp/androidx.profileinstaller.ProfileInstallReceiver filter 74efc91
          Action: "androidx.profileinstaller.action.INSTALL_PROFILE"
      android.intent.action.BATTERY_LOW:
        8a05834 com.example.hybridguard.featureapp/androidx.work.impl.background.systemalarm.ConstraintProxy$BatteryNotLowProxy filter 35d965d
          Action: "android.intent.action.BATTERY_OKAY"
          Action: "android.intent.action.BATTERY_LOW"
      android.intent.action.TIMEZONE_CHANGED:
        cbe931e com.example.hybridguard.featureapp/androidx.work.impl.background.systemalarm.RescheduleReceiver filter 52bf7ff
          Action: "android.intent.action.BOOT_COMPLETED"
          Action: "android.intent.action.TIME_SET"
          Action: "android.intent.action.TIMEZONE_CHANGED"
      android.intent.action.TIME_SET:
        cbe931e com.example.hybridguard.featureapp/androidx.work.impl.background.systemalarm.RescheduleReceiver filter 52bf7ff
          Action: "android.intent.action.BOOT_COMPLETED"
          Action: "android.intent.action.TIME_SET"
          Action: "android.intent.action.TIMEZONE_CHANGED"
      androidx.profileinstaller.action.SKIP_FILE:
        34366b8 com.example.hybridguard.featureapp/androidx.profileinstaller.ProfileInstallReceiver filter 6bbe7f6
          Action: "androidx.profileinstaller.action.SKIP_FILE"
      androidx.profileinstaller.action.BENCHMARK_OPERATION:
        34366b8 com.example.hybridguard.featureapp/androidx.profileinstaller.ProfileInstallReceiver filter 6243664
          Action: "androidx.profileinstaller.action.BENCHMARK_OPERATION"
      android.intent.action.BOOT_COMPLETED:
        cbe931e com.example.hybridguard.featureapp/androidx.work.impl.background.systemalarm.RescheduleReceiver filter 52bf7ff
          Action: "android.intent.action.BOOT_COMPLETED"
          Action: "android.intent.action.TIME_SET"
          Action: "android.intent.action.TIMEZONE_CHANGED"
      android.intent.action.ACTION_POWER_CONNECTED:
        562a146 com.example.hybridguard.featureapp/androidx.work.impl.background.systemalarm.ConstraintProxy$BatteryChargingProxy filter a462f07
          Action: "android.intent.action.ACTION_POWER_CONNECTED"
          Action: "android.intent.action.ACTION_POWER_DISCONNECTED"
      androidx.work.diagnostics.REQUEST_DIAGNOSTICS:
        bcc32a com.example.hybridguard.featureapp/androidx.work.impl.diagnostics.DiagnosticsReceiver filter 52151b
          Action: "androidx.work.diagnostics.REQUEST_DIAGNOSTICS"
      androidx.work.impl.background.systemalarm.UpdateProxies:
        78279cc com.example.hybridguard.featureapp/androidx.work.impl.background.systemalarm.ConstraintProxyUpdateReceiver filter 3723415
          Action: "androidx.work.impl.background.systemalarm.UpdateProxies"

Permissions:
  Permission [com.example.hybridguard.featureapp.DYNAMIC_RECEIVER_NOT_EXPORTED_PERMISSION] (b55d0cd):
    sourcePackage=com.example.hybridguard.featureapp
    uid=10166 gids=null type=0 prot=signature
    perm=Permission{70d4fe0 com.example.hybridguard.featureapp.DYNAMIC_RECEIVER_NOT_EXPORTED_PERMISSION}

Registered ContentProviders:
  com.example.hybridguard.featureapp/androidx.startup.InitializationProvider:
    Provider{6417299 com.example.hybridguard.featureapp/androidx.startup.InitializationProvider}

ContentProvider Authorities:
  [com.example.hybridguard.featureapp.androidx-startup]:
    Provider{6417299 com.example.hybridguard.featureapp/androidx.startup.InitializationProvider}
      applicationInfo=ApplicationInfo{61e995e com.example.hybridguard.featureapp}

Key Set Manager:
  [com.example.hybridguard.featureapp]
      Signing KeySets: 35

Packages:
  Package [com.example.hybridguard.featureapp] (a76213f):
    userId=10166
    pkg=Package{8278a0c com.example.hybridguard.featureapp}
    codePath=/data/app/~~SqP3Sb4L_Nr9I7h-aNSfcA==/com.example.hybridguard.featureapp-ll25yL6S_7n72T1MNBJJOw==
    resourcePath=/data/app/~~SqP3Sb4L_Nr9I7h-aNSfcA==/com.example.hybridguard.featureapp-ll25yL6S_7n72T1MNBJJOw==
    legacyNativeLibraryDir=/data/app/~~SqP3Sb4L_Nr9I7h-aNSfcA==/com.example.hybridguard.featureapp-ll25yL6S_7n72T1MNBJJOw==/lib
    primaryCpuAbi=null
    secondaryCpuAbi=null
    versionCode=14 minSdk=21 targetSdk=36
    versionName=1.6.7-expanded-v2.2-webgl1
    splits=[base]
    apkSigningVersion=2
    applicationInfo=ApplicationInfo{8278a0c com.example.hybridguard.featureapp}
    flags=[ DEBUGGABLE HAS_CODE ALLOW_CLEAR_USER_DATA ]
    privateFlags=[ PRIVATE_FLAG_ACTIVITIES_RESIZE_MODE_RESIZEABLE_VIA_SDK_VERSION ALLOW_AUDIO_PLAYBACK_CAPTURE PARTIALLY_DIRECT_BOOT_AWARE PRIVATE_FLAG_ALLOW_NATIVE_HEAP_POINTER_TAGGING ]
    forceQueryable=false
    queriesPackages=[]
    queriesIntents=[Intent { act=android.intent.action.VIEW cat=[android.intent.category.BROWSABLE] dat=https:///... }, Intent { act=android.intent.action.MAIN cat=[android.intent.category.APP_BROWSER] }]
    dataDir=/data/user/0/com.example.hybridguard.featureapp
    supportsScreens=[small, medium, large, xlarge, resizeable, anyDensity]
    timeStamp=2026-10-02 14:34:46
    firstInstallTime=2026-09-30 22:19:18
    lastUpdateTime=2026-10-02 14:34:47
    signatures=PackageSignatures{62d9f55 version:2, signatures:[b936dc11], past signatures:[]}
    installPermissionsFixed=true
    pkgFlags=[ DEBUGGABLE HAS_CODE ALLOW_CLEAR_USER_DATA ]
    declared permissions:
      com.example.hybridguard.featureapp.DYNAMIC_RECEIVER_NOT_EXPORTED_PERMISSION: prot=signature, INSTALLED
    requested permissions:
      android.permission.INTERNET
      android.permission.ACCESS_NETWORK_STATE
      android.permission.WAKE_LOCK
      android.permission.RECEIVE_BOOT_COMPLETED
      android.permission.FOREGROUND_SERVICE
      com.example.hybridguard.featureapp.DYNAMIC_RECEIVER_NOT_EXPORTED_PERMISSION
    install permissions:
      android.permission.FOREGROUND_SERVICE: granted=true
      android.permission.RECEIVE_BOOT_COMPLETED: granted=true
      com.example.hybridguard.featureapp.DYNAMIC_RECEIVER_NOT_EXPORTED_PERMISSION: granted=true
      android.permission.INTERNET: granted=true
      android.permission.ACCESS_NETWORK_STATE: granted=true
      android.permission.WAKE_LOCK: granted=true
    User 0: ceDataInode=132189 installed=true hidden=false suspended=false distractionFlags=0 stopped=false notLaunched=false enabled=0 instant=false virtual=false
      gids=[3003]
      runtime permissions:
      enabledComponents:
        androidx.work.impl.background.systemalarm.RescheduleReceiver
        androidx.work.impl.background.systemjob.SystemJobService

Queries:
  system apps queryable: false
  queries via package name:
  queries via intent:
    com.example.hybridguard.featureapp:
      com.google.android.setupwizard
      com.google.android.googlequicksearchbox
      com.google.android.apps.docs
      com.android.chrome
  queryable via interaction:
    User 0:

Package Changes:
  Sequence number=1
  User 0:
    seq=0, package=com.example.hybridguard.featureapp


Dexopt state:
  [com.example.hybridguard.featureapp]
    path: /data/app/~~SqP3Sb4L_Nr9I7h-aNSfcA==/com.example.hybridguard.featureapp-ll25yL6S_7n72T1MNBJJOw==/base.apk
      arm64: [status=run-from-apk] [reason=unknown]


Compiler stats:
  [com.example.hybridguard.featureapp]
    (No recorded stats)

APEX session state:

Active APEX packages:


Inactive APEX packages:


Factory APEX packages:


