Activity Resolver Table:
  Non-Data Actions:
      android.intent.action.MAIN:
        7c8d6d com.example.hybridguard.featureapp/.MainActivity filter 76d9da2
          Action: "android.intent.action.MAIN"
          Category: "android.intent.category.LAUNCHER"

Receiver Resolver Table:
  Non-Data Actions:
      android.intent.action.BATTERY_OKAY:
        f619369 com.example.hybridguard.featureapp/androidx.work.impl.background.systemalarm.ConstraintProxy$BatteryNotLowProxy filter 3abf1ee
          Action: "android.intent.action.BATTERY_OKAY"
          Action: "android.intent.action.BATTERY_LOW"
      android.intent.action.ACTION_POWER_DISCONNECTED:
        cffaa33 com.example.hybridguard.featureapp/androidx.work.impl.background.systemalarm.ConstraintProxy$BatteryChargingProxy filter 52931f0
          Action: "android.intent.action.ACTION_POWER_DISCONNECTED"
          Action: "android.intent.action.ACTION_POWER_CONNECTED"
      androidx.profileinstaller.action.SAVE_PROFILE:
        ce8abdd com.example.hybridguard.featureapp/androidx.profileinstaller.ProfileInstallReceiver filter a4f720
          Action: "androidx.profileinstaller.action.SAVE_PROFILE"
      android.intent.action.DEVICE_STORAGE_LOW:
        b68f com.example.hybridguard.featureapp/androidx.work.impl.background.systemalarm.ConstraintProxy$StorageNotLowProxy filter 9877d1c
          Action: "android.intent.action.DEVICE_STORAGE_LOW"
          Action: "android.intent.action.DEVICE_STORAGE_OK"
      android.net.conn.CONNECTIVITY_CHANGE:
        676fd25 com.example.hybridguard.featureapp/androidx.work.impl.background.systemalarm.ConstraintProxy$NetworkStateProxy filter 1693efa
          Action: "android.net.conn.CONNECTIVITY_CHANGE"
      android.intent.action.DEVICE_STORAGE_OK:
        b68f com.example.hybridguard.featureapp/androidx.work.impl.background.systemalarm.ConstraintProxy$StorageNotLowProxy filter 9877d1c
          Action: "android.intent.action.DEVICE_STORAGE_LOW"
          Action: "android.intent.action.DEVICE_STORAGE_OK"
      androidx.profileinstaller.action.INSTALL_PROFILE:
        ce8abdd com.example.hybridguard.featureapp/androidx.profileinstaller.ProfileInstallReceiver filter d5cb352
          Action: "androidx.profileinstaller.action.INSTALL_PROFILE"
      android.intent.action.BATTERY_LOW:
        f619369 com.example.hybridguard.featureapp/androidx.work.impl.background.systemalarm.ConstraintProxy$BatteryNotLowProxy filter 3abf1ee
          Action: "android.intent.action.BATTERY_OKAY"
          Action: "android.intent.action.BATTERY_LOW"
      android.intent.action.TIMEZONE_CHANGED:
        a5c2cab com.example.hybridguard.featureapp/androidx.work.impl.background.systemalarm.RescheduleReceiver filter 61d4f08
          Action: "android.intent.action.TIMEZONE_CHANGED"
          Action: "android.intent.action.TIME_SET"
          Action: "android.intent.action.BOOT_COMPLETED"
      android.intent.action.TIME_SET:
        a5c2cab com.example.hybridguard.featureapp/androidx.work.impl.background.systemalarm.RescheduleReceiver filter 61d4f08
          Action: "android.intent.action.TIMEZONE_CHANGED"
          Action: "android.intent.action.TIME_SET"
          Action: "android.intent.action.BOOT_COMPLETED"
      androidx.profileinstaller.action.SKIP_FILE:
        ce8abdd com.example.hybridguard.featureapp/androidx.profileinstaller.ProfileInstallReceiver filter 2878623
          Action: "androidx.profileinstaller.action.SKIP_FILE"
      androidx.profileinstaller.action.BENCHMARK_OPERATION:
        ce8abdd com.example.hybridguard.featureapp/androidx.profileinstaller.ProfileInstallReceiver filter c4928d9
          Action: "androidx.profileinstaller.action.BENCHMARK_OPERATION"
      android.intent.action.BOOT_COMPLETED:
        a5c2cab com.example.hybridguard.featureapp/androidx.work.impl.background.systemalarm.RescheduleReceiver filter 61d4f08
          Action: "android.intent.action.TIMEZONE_CHANGED"
          Action: "android.intent.action.TIME_SET"
          Action: "android.intent.action.BOOT_COMPLETED"
      android.intent.action.ACTION_POWER_CONNECTED:
        cffaa33 com.example.hybridguard.featureapp/androidx.work.impl.background.systemalarm.ConstraintProxy$BatteryChargingProxy filter 52931f0
          Action: "android.intent.action.ACTION_POWER_DISCONNECTED"
          Action: "android.intent.action.ACTION_POWER_CONNECTED"
      androidx.work.diagnostics.REQUEST_DIAGNOSTICS:
        6aee887 com.example.hybridguard.featureapp/androidx.work.impl.diagnostics.DiagnosticsReceiver filter 2bc53b4
          Action: "androidx.work.diagnostics.REQUEST_DIAGNOSTICS"
      androidx.work.impl.background.systemalarm.UpdateProxies:
        bf46a1 com.example.hybridguard.featureapp/androidx.work.impl.background.systemalarm.ConstraintProxyUpdateReceiver filter a7c50c6
          Action: "androidx.work.impl.background.systemalarm.UpdateProxies"

Domain verification status:

Permissions:
  Permission [com.example.hybridguard.featureapp.DYNAMIC_RECEIVER_NOT_EXPORTED_PERMISSION] (108ff7c):
    sourcePackage=com.example.hybridguard.featureapp
    uid=10224 gids=[] type=0 prot=signature
    perm=PermissionInfo{494c005 com.example.hybridguard.featureapp.DYNAMIC_RECEIVER_NOT_EXPORTED_PERMISSION}
    flags=0x0

Registered ContentProviders:
  com.example.hybridguard.featureapp/androidx.startup.InitializationProvider:
    Provider{eb5785a com.example.hybridguard.featureapp/androidx.startup.InitializationProvider}

ContentProvider Authorities:
  [com.example.hybridguard.featureapp.androidx-startup]:
    Provider{eb5785a com.example.hybridguard.featureapp/androidx.startup.InitializationProvider}
      applicationInfo=ApplicationInfo{d8bda8b com.example.hybridguard.featureapp}

Key Set Manager:
  [com.example.hybridguard.featureapp]
      Signing KeySets: 63

Packages:
  Package [com.example.hybridguard.featureapp] (3a49768):
    appId=10224
    pkg=Package{5a65781 com.example.hybridguard.featureapp}
    codePath=/data/app/~~bZoIG_kQQq9pJyqa8u7hMQ==/com.example.hybridguard.featureapp-pIyNopIr13JF66m_B2dcIg==
    resourcePath=/data/app/~~bZoIG_kQQq9pJyqa8u7hMQ==/com.example.hybridguard.featureapp-pIyNopIr13JF66m_B2dcIg==
    legacyNativeLibraryDir=/data/app/~~bZoIG_kQQq9pJyqa8u7hMQ==/com.example.hybridguard.featureapp-pIyNopIr13JF66m_B2dcIg==/lib
    extractNativeLibs=true
    primaryCpuAbi=null
    secondaryCpuAbi=null
    cpuAbiOverride=null
    versionCode=13 minSdk=21 targetSdk=36
    minExtensionVersions=[]
    versionName=1.6.6-expanded-v2.2-webgl2-probe
    hiddenApiEnforcementPolicy=2
    usesNonSdkApi=false
    splits=[base]
    apkSigningVersion=2
    flags=[ DEBUGGABLE HAS_CODE ALLOW_CLEAR_USER_DATA ]
    privateFlags=[ PRIVATE_FLAG_ACTIVITIES_RESIZE_MODE_RESIZEABLE_VIA_SDK_VERSION ALLOW_AUDIO_PLAYBACK_CAPTURE PARTIALLY_DIRECT_BOOT_AWARE PRIVATE_FLAG_ALLOW_NATIVE_HEAP_POINTER_TAGGING ]
    forceQueryable=false
    pageSizeCompat=0
    queriesIntents=[Intent { act=android.intent.action.VIEW cat=[android.intent.category.BROWSABLE] dat=https:/... }, Intent { act=android.intent.action.MAIN cat=[android.intent.category.APP_BROWSER] }]
    scannedAsStoppedSystemApp=false
    supportsScreens=[small, medium, large, xlarge, resizeable, anyDensity]
    timeStamp=2026-10-01 14:38:19
    lastUpdateTime=2026-10-01 14:38:36
    installerPackageName=null
    installerPackageUid=-1
    initiatingPackageName=com.android.shell
    originatingPackageName=null
    packageSource=1
    appMetadataFilePath=null
    appMetadataSource=0
    signatures=PackageSignatures{542c026 version:2, signatures:[b936dc11], past signatures:[]}
    installPermissionsFixed=false
    pkgFlags=[ DEBUGGABLE HAS_CODE ALLOW_CLEAR_USER_DATA ]
    privatePkgFlags=[ PRIVATE_FLAG_ACTIVITIES_RESIZE_MODE_RESIZEABLE_VIA_SDK_VERSION ALLOW_AUDIO_PLAYBACK_CAPTURE PARTIALLY_DIRECT_BOOT_AWARE PRIVATE_FLAG_ALLOW_NATIVE_HEAP_POINTER_TAGGING ]
    apexModuleName=null
    declared permissions:
      com.example.hybridguard.featureapp.DYNAMIC_RECEIVER_NOT_EXPORTED_PERMISSION: prot=signature
    requested permissions:
      android.permission.FOREGROUND_SERVICE
      android.permission.RECEIVE_BOOT_COMPLETED
      com.example.hybridguard.featureapp.DYNAMIC_RECEIVER_NOT_EXPORTED_PERMISSION
      android.permission.INTERNET
      android.permission.ACCESS_NETWORK_STATE
      android.permission.WAKE_LOCK
    install permissions:
      android.permission.FOREGROUND_SERVICE: granted=true
      android.permission.RECEIVE_BOOT_COMPLETED: granted=true
      com.example.hybridguard.featureapp.DYNAMIC_RECEIVER_NOT_EXPORTED_PERMISSION: granted=true
      android.permission.INTERNET: granted=true
      android.permission.ACCESS_NETWORK_STATE: granted=true
      android.permission.WAKE_LOCK: granted=true
    User 0: ceDataInode=360586 deDataInode=58021 installed=true hidden=false suspended=false distractionFlags=0 stopped=true notLaunched=false enabled=0 instant=false virtual=false quarantined=false
      installReason=0
      dataDir=/data/user/0/com.example.hybridguard.featureapp
      firstInstallTime=2026-09-30 19:52:26
      uninstallReason=0
      overlay paths:
        /product/overlay/NavigationBarModeGestural/NavigationBarModeGesturalOverlay.apk
        /data/resource-cache/com.android.systemui-neutral-UXuX.frro
        /data/resource-cache/com.android.systemui-accent-oYGV.frro
        /data/resource-cache/com.android.systemui-dynamic-mEhj.frro
      legacy overlay paths:
        /product/overlay/NavigationBarModeGestural/NavigationBarModeGesturalOverlay.apk
      gids=[3003]
      runtime permissions:
      enabledComponents:
        androidx.work.impl.background.systemalarm.RescheduleReceiver
        androidx.work.impl.background.systemjob.SystemJobService

Queries:
  system apps queryable: false
  queries via forceQueryable:
  queries via package name:
  queries via component:
    com.google.android.as:
      com.example.hybridguard.featureapp
    com.google.android.settings.intelligence:
      com.example.hybridguard.featureapp
    com.google.android.apps.accessibility.voiceaccess:
      com.example.hybridguard.featureapp
    com.example.hybridguard.featureapp:
      com.google.android.googlequicksearchbox
      com.android.chrome
      com.google.android.apps.docs
  queryable via interaction:
    User 0:
  queryable via uses-library:

Dexopt state:
  [com.example.hybridguard.featureapp]
    path: /data/app/~~bZoIG_kQQq9pJyqa8u7hMQ==/com.example.hybridguard.featureapp-pIyNopIr13JF66m_B2dcIg==/base.apk
      arm64: [status=run-from-apk] [reason=unknown] [primary-abi]
        [location is error]
