  PID NAME                       
    1 init
    2 [kthreadd]
    3 [pool_workqueue_release]
    4 [kworker/R-kvfree_rcu_reclaim]
    5 [kworker/R-rcu_gp]
    6 [kworker/R-sync_wq]
    7 [kworker/R-slub_flushwq]
    8 [kworker/R-netns]
    9 [kworker/0:0-sock_diag_events]
   10 [kworker/0:0H-kblockd]
   11 [kworker/0:1-events]
   12 [kworker/u4:0-loop25]
   13 [kworker/R-mm_percpu_wq]
   14 [kworker/u4:1-loop32]
   15 [rcu_tasks_kthread]
   16 [rcu_tasks_trace_kthread]
   17 [ksoftirqd/0]
   18 [rcu_preempt]
   19 [rcuog/0]
   20 [rcuop/0]
   21 [rcub/0]
   22 [rcu_exp_par_gp_kthread_worker/0]
   23 [rcu_exp_gp_kthread_worker]
   24 [migration/0]
   25 [idle_inject/0]
   26 [cpuhp/0]
   27 [kworker/R-inet_frag_wq]
   28 [kauditd]
   29 [khungtaskd]
   30 [oom_reaper]
   31 [kworker/R-writeback]
   32 [kcompactd0]
   33 [khugepaged]
   34 [kworker/R-kblockd]
   35 [kworker/R-edac-poller]
   36 [kworker/R-devfreq_wq]
   37 [watchdogd]
   38 [kworker/u4:2-loop9]
   39 [kworker/0:1H-kverityd]
   40 [kswapd0]
   41 [kworker/u5:0-blk_crypto_wq]
   42 [kworker/R-nvme-wq]
   43 [kworker/R-nvme-reset-wq]
   44 [kworker/R-nvme-delete-wq]
   45 [kworker/R-vfio-irqfd-cleanup]
   46 [kworker/R-uas]
   47 [kworker/R-dm_bufio_cache]
   48 [kworker/R-mld]
   49 [kworker/R-ipv6_addrconf]
   50 [kworker/R-kstrp]
   52 [kworker/0:2-events]
   53 [hwrng]
   55 [khvcd]
   59 [jbd2/vdd1-8]
   60 [kworker/R-ext4-rsv-conversion]
   61 [kworker/R-kdmflush/254:0]
   62 [kworker/R-kdmflush/254:1]
   63 [kworker/R-kdmflush/254:2]
   64 [kworker/R-kdmflush/254:3]
   65 [kworker/R-kdmflush/254:4]
   66 [erofs_worker/0]
   69 init
   70 ueventd
  127 [kworker/R-kdmflush/254:9]
  133 [kworker/R-kdmflush/254:15]
  135 [kworker/R-kdmflush/254:17]
  136 [kworker/R-kdmflush/254:18]
  137 [kworker/R-kdmflush/254:19]
  138 [kworker/R-kdmflush/254:20]
  140 [kworker/R-kdmflush/254:22]
  141 [kworker/R-kdmflush/254:23]
  142 [kworker/R-kdmflush/254:24]
  143 [kworker/R-kdmflush/254:25]
  144 [kworker/R-kdmflush/254:26]
  145 [kworker/R-kdmflush/254:27]
  146 [kworker/R-kdmflush/254:28]
  147 [kworker/R-kdmflush/254:29]
  148 [kworker/R-kdmflush/254:30]
  150 [kworker/R-kdmflush/254:32]
  152 [kworker/R-kdmflush/254:34]
  153 [kworker/R-kdmflush/254:35]
  154 [kworker/R-kdmflush/254:36]
  155 [kworker/R-kdmflush/254:37]
  157 [kworker/R-kdmflush/254:39]
  158 [kworker/R-kdmflush/254:40]
  159 [kworker/R-kdmflush/254:41]
  160 [kworker/R-kdmflush/254:42]
  161 [kworker/R-kdmflush/254:43]
  163 [kworker/R-kdmflush/254:45]
  165 [kworker/R-kdmflush/254:47]
  167 [kworker/R-kdmflush/254:49]
  169 [kworker/R-kdmflush/254:51]
  171 [kworker/R-kdmflush/254:53]
  177 [kworker/R-ext4-rsv-conversion]
  178 [kworker/R-ext4-rsv-conversion]
  179 [kworker/R-ext4-rsv-conversion]
  180 [kworker/R-ext4-rsv-conversion]
  181 [kworker/R-ext4-rsv-conversion]
  186 [kworker/R-cfg80211]
  187 [sugov:0]
  188 [irq/35-goldfish_pipe_dprctd]
  189 prng_seeder
  191 [kworker/0:3-virtio_vsock]
  192 logd
  193 lmkd
  194 servicemanager
  195 hwservicemanager
  196 [kworker/R-usbip_event]
  197 [psimon]
  198 qemu-props
  204 vold
  206 [kworker/R-kdmflush/254:54]
  214 [kworker/R-update_hdmi_ctrls_wq]
  215 [kworker/R-update_svid_ctrls_wq]
  218 android.system.suspend-service
  219 keystore2
  220 android.hardware.security.keymint-service
  222 android.hardware.gatekeeper-service.nonsecure
  225 [kworker/u4:3-loop43]
  235 [kworker/R-blk_crypto_wq]
  236 [kworker/u5:1-blk_crypto_wq]
  240 [jbd2/dm-54-8]
  241 [kworker/R-ext4-rsv-conversion]
  245 tombstoned
  301 [kworker/u5:2-fscrypt_read_queue]
  352 [kworker/R-kverityd]
  353 [kworker/R-ext4-rsv-conversion]
  354 [kworker/R-ext4-rsv-conversion]
  355 [kworker/R-ext4-rsv-conversion]
  356 [kworker/R-ext4-rsv-conversion]
  357 [kworker/R-kverityd]
  358 [kworker/R-ext4-rsv-conversion]
  359 [kworker/R-kverityd]
  360 [kworker/R-kverityd]
  361 [kworker/R-kverityd]
  362 [kworker/R-kverityd]
  363 [kworker/R-kverityd]
  364 [kworker/R-kverityd]
  365 [kworker/R-kverityd]
  366 [kworker/R-kverityd]
  367 [kworker/R-ext4-rsv-conversion]
  368 [kworker/R-kverityd]
  369 [kworker/R-kverityd]
  370 [kworker/R-kverityd]
  371 [kworker/R-kverityd]
  372 [kworker/R-kverityd]
  373 [kworker/R-kverityd]
  374 [kworker/R-kverityd]
  375 [kworker/R-kverityd]
  376 [kworker/R-kverityd]
  377 [kworker/R-kverityd]
  378 [kworker/R-kverityd]
  379 [kworker/R-kverityd]
  380 [kworker/R-kverityd]
  381 [kworker/R-kverityd]
  382 [kworker/R-kverityd]
  383 [kworker/0:2H-kverityd]
  384 [kworker/R-kverityd]
  385 [kworker/0:3H-kverityd]
  386 [kworker/0:4H-kverityd]
  387 [kworker/R-ext4-rsv-conversion]
  388 [kworker/R-ext4-rsv-conversion]
  389 [kworker/R-ext4-rsv-conversion]
  390 [kworker/R-ext4-rsv-conversion]
  391 [kworker/u4:4-writeback]
  392 [kworker/R-ext4-rsv-conversion]
  393 [kworker/R-kverityd]
  394 [kworker/R-kverityd]
  395 [kworker/0:5H-kverityd]
  396 [kworker/R-ext4-rsv-conversion]
  397 [kworker/R-ext4-rsv-conversion]
  398 [kworker/R-ext4-rsv-conversion]
  399 [kworker/R-ext4-rsv-conversion]
  400 [kworker/R-kverityd]
  401 [kworker/R-kverityd]
  402 [kworker/R-ext4-rsv-conversion]
  403 [kworker/R-ext4-rsv-conversion]
  404 [kworker/R-ext4-rsv-conversion]
  405 [kworker/R-ext4-rsv-conversion]
  406 [kworker/R-ext4-rsv-conversion]
  407 [kworker/R-ext4-rsv-conversion]
  408 [kworker/R-ext4-rsv-conversion]
  409 [kworker/R-ext4-rsv-conversion]
  410 [kworker/R-ext4-rsv-conversion]
  411 [kworker/R-ext4-rsv-conversion]
  412 [kworker/R-ext4-rsv-conversion]
  413 [kworker/R-ext4-rsv-conversion]
  414 [kworker/R-ext4-rsv-conversion]
  415 [kworker/R-ext4-rsv-conversion]
  416 [kworker/R-ext4-rsv-conversion]
  417 [kworker/R-ext4-rsv-conversion]
  418 [kworker/R-ext4-rsv-conversion]
  419 [kworker/R-ext4-rsv-conversion]
  420 [kworker/R-ext4-rsv-conversion]
  421 [kworker/R-ext4-rsv-conversion]
  422 [kworker/R-ext4-rsv-conversion]
  423 [kworker/R-ext4-rsv-conversion]
  424 [kworker/R-ext4-rsv-conversion]
  425 [kworker/R-ext4-rsv-conversion]
  426 [kworker/R-ext4-rsv-conversion]
  427 [kworker/R-ext4-rsv-conversion]
  428 [kworker/R-ext4-rsv-conversion]
  429 [kworker/R-ext4-rsv-conversion]
  430 [kworker/u4:5]
  431 [kworker/u4:6-loop23]
  432 [kworker/R-ext4-rsv-conversion]
  433 [kworker/R-ext4-rsv-conversion]
  434 [kworker/R-ext4-rsv-conversion]
  435 [kworker/R-ext4-rsv-conversion]
  436 [kworker/R-ext4-rsv-conversion]
  437 [kworker/R-ext4-rsv-conversion]
  463 netd
  464 statsd
  465 zygote64
  472 android.hidl.allocator@1.0-service
  473 android.hardware.audio.service
  474 android.hardware.camera.provider@2.7-service-google
  475 android.hardware.health-service.example
  476 iptables-restore
  477 android.hardware.media.c2@1.0-service-goldfish
  478 ip6tables-restore
  480 android.hardware.radio-service.ranchu
  481 android.hardware.sensors-service.multihal
  482 android.hardware.usb-service.example
  483 android.hardware.wifi-service
  484 android.hardware.bluetooth-service.default
  485 android.hardware.graphics.composer3-service.ranchu
  488 android.hardware.identity-service.example
  489 android.hardware.lights-service.example
  490 android.hardware.authsecret-service.example
  496 android.hardware.cas-service.example
  498 android.hardware.contexthub-service.example
  504 android.hardware.neuralnetworks-service-sample-all
  513 android.hardware.neuralnetworks-service-sample-limited
  514 android.hardware.neuralnetworks-shim-service-sample
  515 android.hardware.power-service.example
  516 android.hardware.power.stats-service.example
  517 android.hardware.rebootescrow-service.default
  520 android.hardware.thermal-service.example
  521 android.hardware.threadnetwork-service
  522 android.hardware.vibrator-service.example
  523 android.hardware.drm-service.widevine
  524 audioserver
  526 credstore
  528 gpuservice
  531 surfaceflinger
  535 adbd
  536 android.hardware.graphics.allocator-service.ranchu
  537 android.hardware.camera.provider.ranchu
  538 android.hardware.uwb-service
  550 drmserver
  551 traced_probes
  552 traced
  560 mdnsd
  564 bt_vhci_forwarder
  566 cameraserver
  570 incidentd
  572 installd
  573 media.extractor
  575 media.metrics
  576 mediaserver
  579 storaged
  582 wificond
  583 media.swcodec
  584 gatekeeperd
  662 system_server
  765 [vivid-000-tch-cap]
  853 android.hardware.biometrics.fingerprint-service.ranchu
  876 ot-daemon
  877 ot-rcp
  887 wpa_supplicant
  900 com.android.systemui
  969 android.hardware.gnss-service.ranchu
  986 webview_zygote
  998 com.android.networkstack.process
 1013 com.android.se
 1025 com.android.phone
 1032 com.google.android.bluetooth
 1035 com.google.android.apps.nexuslauncher
 1067 com.google.android.ext.services
 1142 com.android.settings
 1210 com.google.android.gms.persistent
 1283 com.google.android.permissioncontroller
 1324 com.google.android.cellbroadcastreceiver
 1387 com.google.android.inputmethod.latin
 1419 com.google.android.gms
 1423 [kworker/0:4]
 1435 com.android.devicelockcontroller
 1473 com.google.android.providers.media.module
 1481 abb
 1491 com.google.android.googlequicksearchbox:interactor
 1509 com.google.android.as
 1528 android.process.acore
 1546 com.google.android.apps.messaging:rcs
 1581 com.android.printspooler
 1591 com.android.emulator.multidisplay
 1651 com.google.android.dialer
 1704 android.process.media
 1725 com.android.keychain
 1781 artd
 1846 com.android.localtransport
 1895 com.google.android.apps.wallpaper
 1905 com.google.android.googlequicksearchbox:search
 1924 com.google.android.apps.wellbeing
 1950 com.android.imsserviceentitlement
 2010 com.android.vending
 2083 com.google.android.apps.messaging
 2147 com.google.android.googlequicksearchbox:googleapp
 2209 com.google.android.webview:webview_service
 2420 com.android.vending:background
 2450 com.android.chrome
 2493 ps
