Num       RefCount Protocol Flags    Type St Inode Path
0000000000000000: 00000003 00000000 00000000 0005 03 19773
0000000000000000: 00000003 00000000 00000000 0005 03 19068 @jdwp-control
0000000000000000: 00000003 00000000 00000000 0005 03 10693 /dev/socket/lmkd
0000000000000000: 00000002 00000000 00000000 0002 03  8195
0000000000000000: 00000003 00000000 00000000 0005 03 14017
0000000000000000: 00000003 00000000 00000000 0005 03 12336
0000000000000000: 00000003 00000000 00000000 0005 03 12144
0000000000000000: 00000002 00000000 00000000 0002 03 13060
0000000000000000: 00000003 00000000 00000000 0001 03 11606 /dev/socket/traced_producer
0000000000000000: 00000003 00000000 00000000 0005 03 19460
0000000000000000: 00000003 00000000 00000000 0005 03 14323
0000000000000000: 00000002 00000000 00000000 0002 03 12015
0000000000000000: 00000003 00000000 00000000 0001 03  9843 /dev/socket/traced_producer
0000000000000000: 00000003 00000000 00000000 0001 03 14014 /dev/socket/traced_producer
0000000000000000: 00000003 00000000 00000000 0005 03 12230
0000000000000000: 00000002 00000000 00000000 0002 03 18369
0000000000000000: 00000002 00000000 00000000 0002 01  9919 /data/system/unsolzygotesocket
0000000000000000: 00000003 00000000 00000000 0001 03  3277
0000000000000000: 00000002 00000000 00000000 0002 03  7183
0000000000000000: 00000002 00000000 00010000 0001 01  3202 /dev/socket/prng_seeder
0000000000000000: 00000002 00000000 00000000 0002 03 15762
0000000000000000: 00000002 00000000 00000000 0002 03  6241
0000000000000000: 00000003 00000000 00000000 0001 03 12885
0000000000000000: 00000003 00000000 00000000 0005 03 12362
0000000000000000: 00000003 00000000 00000000 0001 03 11419
0000000000000000: 00000003 00000000 00000000 0005 03 11252
0000000000000000: 00000002 00000000 00000000 0002 03 11525
0000000000000000: 00000003 00000000 00000000 0005 03 14983
0000000000000000: 00000002 00000000 00000000 0002 03 11843
0000000000000000: 00000003 00000000 00000000 0001 03  9491 /dev/socket/traced_producer
0000000000000000: 00000002 00000000 00000000 0002 03  7004
0000000000000000: 00000002 00000000 00000000 0002 03 18932
0000000000000000: 00000002 00000000 00000000 0002 03 14040
0000000000000000: 00000003 00000000 00000000 0005 03 14322
0000000000000000: 00000002 00000000 00000000 0002 03 11914
0000000000000000: 00000003 00000000 00000000 0001 03  9743 /dev/socket/traced_producer
0000000000000000: 00000003 00000000 00000000 0005 03 12204
0000000000000000: 00000002 00000000 00000000 0002 03 11283
0000000000000000: 00000003 00000000 00000000 0005 03 12343
0000000000000000: 00000003 00000000 00000000 0005 03 12109
0000000000000000: 00000003 00000000 00000000 0005 03 10726
0000000000000000: 00000002 00000000 00010000 0001 01  3311 /dev/socket/logd
0000000000000000: 00000002 00000000 00010000 0005 01  3313 /dev/socket/logdr
0000000000000000: 00000002 00000000 00000000 0002 03 16156
0000000000000000: 00000088 00000000 00000000 0002 03  3315 /dev/socket/logdw
0000000000000000: 00000002 00000000 00000000 0002 03  7184
0000000000000000: 00000002 00000000 00010000 0005 01  3329 /dev/socket/lmkd
0000000000000000: 00000003 00000000 00000000 0005 03 11794
0000000000000000: 00000003 00000000 00000000 0001 03 11946
0000000000000000: 00000003 00000000 00000000 0005 03 12212
0000000000000000: 00000002 00000000 00000000 0002 03 11503
0000000000000000: 00000003 00000000 00000000 0005 03 19503
0000000000000000: 00000003 00000000 00000000 0005 03 19064
0000000000000000: 00000003 00000000 00000000 0005 03 14421
0000000000000000: 00000003 00000000 00000000 0001 03  9488 /dev/socket/traced_producer
0000000000000000: 00000002 00000000 00000000 0002 03 13185
0000000000000000: 00000002 00000000 00000000 0002 03  3921
0000000000000000: 00000003 00000000 00000000 0005 03 12306
0000000000000000: 00000003 00000000 00000000 0005 03 12136
0000000000000000: 00000003 00000000 00000000 0005 03 12135
0000000000000000: 00000002 00000000 00000000 0002 03 11481
0000000000000000: 00000003 00000000 00000000 0001 03  9742
0000000000000000: 00000003 00000000 00000000 0005 03 12211
0000000000000000: 00000003 00000000 00000000 0005 03 18282
0000000000000000: 00000002 00000000 00000000 0002 03 14327
0000000000000000: 00000002 00000000 00000000 0002 03 19611
0000000000000000: 00000002 00000000 00000000 0002 03 18765
0000000000000000: 00000003 00000000 00000000 0005 03 12389
0000000000000000: 00000002 00000000 00000000 0002 03  9831
0000000000000000: 00000003 00000000 00000000 0005 03 19063
0000000000000000: 00000003 00000000 00000000 0005 03 14195
0000000000000000: 00000002 00000000 00000000 0002 03 13112
0000000000000000: 00000002 00000000 00000000 0002 03  4242
0000000000000000: 00000003 00000000 00000000 0005 03 19504
0000000000000000: 00000003 00000000 00000000 0005 03 12307
0000000000000000: 00000003 00000000 00000000 0005 03 12039
0000000000000000: 00000002 00000000 00000000 0002 03 19774
0000000000000000: 00000003 00000000 00000000 0005 03 12364 @jdwp-control
0000000000000000: 00000003 00000000 00000000 0005 03 12298
0000000000000000: 00000003 00000000 00000000 0005 03 19461
0000000000000000: 00000002 00000000 00000000 0002 03 11580
0000000000000000: 00000003 00000000 00000000 0001 03  3278
0000000000000000: 00000002 00000000 00000000 0002 03  6997
0000000000000000: 00000003 00000000 00000000 0005 03 17387
0000000000000000: 00000003 00000000 00000000 0001 03 10661
0000000000000000: 00000002 00000000 00000000 0002 03 11836
0000000000000000: 00000002 00000000 00000000 0005 03 14139
0000000000000000: 00000003 00000000 00000000 0005 03 12363
0000000000000000: 00000003 00000000 00000000 0005 03 12138
0000000000000000: 00000003 00000000 00000000 0005 03 10652
0000000000000000: 00000003 00000000 00000000 0001 03 11420 /dev/socket/traced_producer
0000000000000000: 00000002 00000000 00000000 0002 03  6395
0000000000000000: 00000002 00000000 00000000 0002 03 19448
0000000000000000: 00000003 00000000 00000000 0005 03 12369
0000000000000000: 00000002 00000000 00000000 0002 03 18145
0000000000000000: 00000002 00000000 00000000 0002 03 15213
0000000000000000: 00000002 00000000 00000000 0002 03  6726
0000000000000000: 00000003 00000000 00000000 0005 03 12203
0000000000000000: 00000002 00000000 00000000 0002 03 11417
0000000000000000: 00000003 00000000 00000000 0005 03 19507
0000000000000000: 00000002 00000000 00000000 0002 03 12977
0000000000000000: 00000002 00000000 00000000 0002 03  5418
0000000000000000: 00000003 00000000 00000000 0005 03 13323
0000000000000000: 00000003 00000000 00000000 0005 03 12108
0000000000000000: 00000003 00000000 00000000 0001 03  9490
0000000000000000: 00000002 00000000 00000000 0002 03 16143
0000000000000000: 00000002 00000000 00000000 0002 03 10702
0000000000000000: 00000002 00000000 00000000 0002 03  7213
0000000000000000: 00000002 00000000 00000000 0002 03 17357
0000000000000000: 00000003 00000000 00000000 0005 03 15395
0000000000000000: 00000003 00000000 00000000 0005 03 15034
0000000000000000: 00000003 00000000 00000000 0001 03 12029
0000000000000000: 00000003 00000000 00000000 0001 03 16923 /dev/socket/traced_producer
0000000000000000: 00000003 00000000 00000000 0005 03 13944
0000000000000000: 00000002 00000000 00000000 0002 03 11080
0000000000000000: 00000003 00000000 00000000 0001 03  7752
0000000000000000: 00000002 00000000 00000000 0002 03 16589
0000000000000000: 00000002 00000000 00000000 0002 03 13643
0000000000000000: 00000003 00000000 00000000 0005 03 11218
0000000000000000: 00000002 00000000 00000000 0002 03  7604
0000000000000000: 00000002 00000000 00000000 0002 03 18138
0000000000000000: 00000002 00000000 00000000 0002 03 13822
0000000000000000: 00000003 00000000 00000000 0001 03 19748 /dev/socket/traced_producer
0000000000000000: 00000002 00000000 00000000 0002 03  9549
0000000000000000: 00000002 00000000 00010000 0005 01  4353 /dev/socket/tombstoned_crash
0000000000000000: 00000002 00000000 00010000 0005 01  4354 /dev/socket/tombstoned_intercept
0000000000000000: 00000003 00000000 00000000 0005 03 11619
0000000000000000: 00000002 00000000 00010000 0001 01 11276 /data/system/ndebugsocket
0000000000000000: 00000002 00000000 00010000 0005 01  4355 /dev/socket/tombstoned_java_trace
0000000000000000: 00000003 00000000 00000000 0001 03 19810
0000000000000000: 00000002 00000000 00000000 0002 03 16517
0000000000000000: 00000003 00000000 00000000 0001 03 11906 /dev/socket/traced_producer
0000000000000000: 00000003 00000000 00000000 0005 03 11251
0000000000000000: 00000002 00000000 00000000 0002 03  7749
0000000000000000: 00000003 00000000 00000000 0005 03 13948
0000000000000000: 00000003 00000000 00000000 0005 03 10735
0000000000000000: 00000002 00000000 00010000 0001 01  5303 /dev/socket/dnsproxyd
0000000000000000: 00000003 00000000 00000000 0005 03 13499
0000000000000000: 00000002 00000000 00000000 0001 01  5304 /dev/socket/mdns
0000000000000000: 00000003 00000000 00000000 0005 03  1287
0000000000000000: 00000002 00000000 00000000 0002 03 15590
0000000000000000: 00000002 00000000 00000000 0002 03 11667
0000000000000000: 00000002 00000000 00010000 0001 01  5305 /dev/socket/fwmarkd
0000000000000000: 00000002 00000000 00000000 0002 03 17861
0000000000000000: 00000029 00000000 00000000 0002 03  5317 /dev/socket/statsdw
0000000000000000: 00000003 00000000 00000000 0005 03 13896
0000000000000000: 00000003 00000000 00000000 0001 03  6587
0000000000000000: 00000002 00000000 00010000 0001 01  5332 /dev/socket/zygote
0000000000000000: 00000003 00000000 00000000 0001 03 19808
0000000000000000: 00000003 00000000 00000000 0005 03 19453
0000000000000000: 00000002 00000000 00000000 0002 03 16985
0000000000000000: 00000003 00000000 00000000 0005 03 11217
0000000000000000: 00000002 00000000 00000000 0002 03  7586
0000000000000000: 00000002 00000000 00010000 0001 01  5333 /dev/socket/usap_pool_primary
0000000000000000: 00000003 00000000 00000000 0005 03 19189
0000000000000000: 00000003 00000000 00000000 0005 03 15035
0000000000000000: 00000003 00000000 00000000 0001 03 12656
0000000000000000: 00000002 00000000 00010000 0005 01  7508 /dev/socket/adbd
0000000000000000: 00000002 00000000 00000000 0002 03 15469
0000000000000000: 00000003 00000000 00000000 0005 03 19190
0000000000000000: 00000002 00000000 00010000 0001 01  7962 /dev/socket/mdnsd
0000000000000000: 00000003 00000000 00000000 0005 03 10728
0000000000000000: 00000002 00000000 00010000 0001 01  8053 /dev/socket/traced_consumer
0000000000000000: 00000003 00000000 00000000 0005 03 11250
0000000000000000: 00000002 00000000 00010000 0001 01  8054 /dev/socket/traced_producer
0000000000000000: 00000002 00000000 00000000 0002 03  7894
0000000000000000: 00000002 00000000 00000000 0002 03  6622
0000000000000000: 00000003 00000000 00000000 0001 03 17092 /dev/socket/traced_producer
0000000000000000: 00000003 00000000 00000000 0005 03 13947
0000000000000000: 00000002 00000000 00010000 0001 01 11033 /dev/socket/ot-daemon/thread-wpan.sock
0000000000000000: 00000003 00000000 00000000 0001 03 12030
0000000000000000: 00000002 00000000 00000000 0002 01 11150 /dev/socket/wpa_wlan0
0000000000000000: 00000003 00000000 00000000 0005 03 12033
0000000000000000: 00000002 00000000 00000000 0002 03 19584
0000000000000000: 00000002 00000000 00000000 0002 03  9484
0000000000000000: 00000002 00000000 00000000 0002 03 17720
0000000000000000: 00000003 00000000 00000000 0005 03 10976
0000000000000000: 00000002 00000000 00000000 0002 03 19535
0000000000000000: 00000003 00000000 00000000 0005 03 16847
0000000000000000: 00000003 00000000 00000000 0005 03 13510
0000000000000000: 00000003 00000000 00000000 0001 03 19818
0000000000000000: 00000003 00000000 00000000 0005 03 19689
0000000000000000: 00000003 00000000 00000000 0005 03 10729
0000000000000000: 00000002 00000000 00000000 0002 03  9219
0000000000000000: 00000002 00000000 00000000 0002 03 17729
0000000000000000: 00000003 00000000 00000000 0005 03 13897
0000000000000000: 00000003 00000000 00000000 0001 03 12022
0000000000000000: 00000003 00000000 00000000 0005 03 11731
0000000000000000: 00000003 00000000 00000000 0001 03 19732
0000000000000000: 00000002 00000000 00000000 0002 03  7851
0000000000000000: 00000002 00000000 00000000 0002 03  3408
0000000000000000: 00000003 00000000 00000000 0005 03 14011
0000000000000000: 00000003 00000000 00000000 0005 03 11646
0000000000000000: 00000003 00000000 00000000 0005 03  1268
0000000000000000: 00000003 00000000 00000000 0001 03 19742 /dev/socket/traced_producer
0000000000000000: 00000002 00000000 00000000 0002 03 19712
0000000000000000: 00000002 00000000 00000000 0002 03 17062
0000000000000000: 00000003 00000000 00000000 0005 03 13511
0000000000000000: 00000002 00000000 00000000 0002 03 17764
0000000000000000: 00000003 00000000 00000000 0005 03 16846
0000000000000000: 00000002 00000000 00000000 0002 03 18480
0000000000000000: 00000002 00000000 00000000 0002 03 15455
0000000000000000: 00000003 00000000 00000000 0001 03 12036
0000000000000000: 00000003 00000000 00000000 0005 03 14982
0000000000000000: 00000003 00000000 00000000 0001 03 11905
0000000000000000: 00000002 00000000 00000000 0002 03 18057
0000000000000000: 00000002 00000000 00000000 0002 03 19562
0000000000000000: 00000002 00000000 00000000 0002 03 15652
0000000000000000: 00000003 00000000 00000000 0005 03 13500
0000000000000000: 00000003 00000000 00000000 0005 03 10979
0000000000000000: 00000002 00000000 00000000 0002 03  8306
0000000000000000: 00000003 00000000 00000000 0001 03 16922
0000000000000000: 00000002 00000000 00000000 0002 03 16465
0000000000000000: 00000002 00000000 00000000 0002 03  7374
0000000000000000: 00000003 00000000 00000000 0005 03 19754
0000000000000000: 00000003 00000000 00000000 0001 03 12021
0000000000000000: 00000003 00000000 00000000 0001 03  6588
0000000000000000: 00000002 00000000 00000000 0002 03 17755
0000000000000000: 00000002 00000000 00000000 0002 03  8731
0000000000000000: 00000002 00000000 00000000 0002 03 16934
0000000000000000: 00000003 00000000 00000000 0001 03 19747
0000000000000000: 00000002 00000000 00000000 0002 03 15089
0000000000000000: 00000002 00000000 00000000 0002 03 13920
0000000000000000: 00000002 00000000 00000000 0002 03 13384
0000000000000000: 00000003 00000000 00000000 0001 03 11953
0000000000000000: 00000002 00000000 00000000 0002 03  3812
0000000000000000: 00000003 00000000 00000000 0001 03 19720
0000000000000000: 00000003 00000000 00000000 0005 03 11647
0000000000000000: 00000002 00000000 00000000 0002 03  7684
0000000000000000: 00000003 00000000 00000000 0005 03 12361
0000000000000000: 00000003 00000000 00000000 0005 03 12297
0000000000000000: 00000003 00000000 00000000 0001 03 11490 @com.android.internal.os.WebViewZygoteInit/2e813191-0c21-4995-872c-25e658090ba1
0000000000000000: 00000002 00000000 00000000 0002 03  5682
0000000000000000: 00000003 00000000 00000000 0005 03 14196
0000000000000000: 00000003 00000000 00000000 0005 03 12370 /dev/socket/adbd
0000000000000000: 00000002 00000000 00000000 0002 03 11813
0000000000000000: 00000003 00000000 00000000 0005 03 12038
0000000000000000: 00000003 00000000 00000000 0001 03 10966
0000000000000000: 00000002 00000000 00000000 0002 03 18354
0000000000000000: 00000003 00000000 00000000 0005 03 11564
0000000000000000: 00000003 00000000 00000000 0001 03 11947
0000000000000000: 00000002 00000000 00000000 0002 03 18908
0000000000000000: 00000002 00000000 00000000 0002 03  7227
0000000000000000: 00000002 00000000 00000000 0002 03 17024
0000000000000000: 00000002 00000000 00000000 0002 03  9634
0000000000000000: 00000003 00000000 00000000 0005 03 12137
0000000000000000: 00000002 00000000 00000000 0002 03  4401
0000000000000000: 00000003 00000000 00000000 0005 03 14030
0000000000000000: 00000003 00000000 00000000 0005 03 12342
0000000000000000: 00000003 00000000 00000000 0005 03 10692
0000000000000000: 00000002 00000000 00000000 0002 03 11553
0000000000000000: 00000003 00000000 00000000 0005 03 14324
0000000000000000: 00000003 00000000 00000000 0001 03  9749 /dev/socket/mdnsd
0000000000000000: 00000003 00000000 00000000 0005 03 12023
0000000000000000: 00000003 00000000 00000000 0005 03 13324 @jdwp-control
0000000000000000: 00000002 00000000 00000000 0002 03 18762
0000000000000000: 00000002 00000000 00000000 0002 03  7006
0000000000000000: 00000002 00000000 00000000 0002 03 16117
0000000000000000: 00000003 00000000 00000000 0005 03 18283
0000000000000000: 00000003 00000000 00000000 0001 03  9842
0000000000000000: 00000002 00000000 00000000 0002 03 13084
0000000000000000: 00000003 00000000 00000000 0001 03 11489
0000000000000000: 00000002 00000000 00000000 0002 03  5713
0000000000000000: 00000002 00000000 00000000 0002 03  7199
0000000000000000: 00000002 00000000 00000000 0002 03 14121
0000000000000000: 00000002 00000000 00000000 0002 03 12358
0000000000000000: 00000002 00000000 00000000 0002 03  9825
0000000000000000: 00000003 00000000 00000000 0005 03 13322
0000000000000000: 00000002 00000000 00000000 0002 03 14432
0000000000000000: 00000002 00000000 00000000 0002 01 11448
0000000000000000: 00000003 00000000 00000000 0005 03 14397
0000000000000000: 00000002 00000000 00000000 0002 03 13318
0000000000000000: 00000003 00000000 00000000 0005 03 12299
0000000000000000: 00000003 00000000 00000000 0001 03 10662 /dev/socket/traced_producer
0000000000000000: 00000003 00000000 00000000 0005 03 17386
0000000000000000: 00000003 00000000 00000000 0005 03 12106
0000000000000000: 00000003 00000000 00000000 0001 03 11236 /dev/socket/zygote
0000000000000000: 00000002 00000000 00000000 0002 03  4252
0000000000000000: 00000003 00000000 00000000 0005 03 12312
0000000000000000: 00000003 00000000 00000000 0005 03 10653
0000000000000000: 00000002 00000000 00000000 0002 03 19225
0000000000000000: 00000002 00000000 00000000 0002 03 19060
0000000000000000: 00000002 00000000 00000000 0002 03  6735
0000000000000000: 00000003 00000000 00000000 0005 03 12032
0000000000000000: 00000002 00000000 00010000 0001 01  1270 /dev/socket/property_service_for_system
0000000000000000: 00000002 00000000 00000000 0002 03 12200
0000000000000000: 00000002 00000000 00000000 0002 01  9747
0000000000000000: 00000002 00000000 00010000 0001 01  1273 /dev/socket/property_service
0000000000000000: 00000002 00000000 00000000 0002 03 15154
0000000000000000: 00000002 00000000 00000000 0002 03  7175
0000000000000000: 00000003 00000000 00000000 0005 03 19456 @jdwp-control
0000000000000000: 00000003 00000000 00000000 0005 03 12107
0000000000000000: 00000002 00000000 00000000 0002 03  6586
0000000000000000: 00000003 00000000 00000000 0005 03 19506
0000000000000000: 00000002 00000000 00000000 0002 03 12953
0000000000000000: 00000003 00000000 00000000 0005 03 12300
0000000000000000: 00000003 00000000 00000000 0001 03 11605
0000000000000000: 00000003 00000000 00000000 0005 03 11253 @jdwp-control
0000000000000000: 00000003 00000000 00000000 0001 03 11954
0000000000000000: 00000002 00000000 00000000 0002 03 19490
0000000000000000: 00000003 00000000 00000000 0005 03 11793
0000000000000000: 00000002 00000000 00000000 0002 03 18999
0000000000000000: 00000003 00000000 00000000 0005 03 12206 @jdwp-control
0000000000000000: 00000002 00000000 00000000 0002 03  7208
0000000000000000: 00000002 00000000 00000000 0002 03 19631
0000000000000000: 00000003 00000000 00000000 0001 03 12884
0000000000000000: 00000003 00000000 00000000 0005 03 10725
0000000000000000: 00000003 00000000 00000000 0005 03 12111
0000000000000000: 00000003 00000000 00000000 0005 03 14016
0000000000000000: 00000003 00000000 00000000 0005 03 12313
0000000000000000: 00000003 00000000 00000000 0001 03 11235
0000000000000000: 00000003 00000000 00000000 0001 03 10967
0000000000000000: 00000003 00000000 00000000 0005 03 14398
0000000000000000: 00000002 00000000 00000000 0002 03  8200
0000000000000000: 00000003 00000000 00000000 0005 03 14326 @jdwp-control
0000000000000000: 00000002 00000000 00000000 0002 03 17320
0000000000000000: 00000003 00000000 00000000 0005 03 12024
0000000000000000: 00000003 00000000 00000000 0005 03 12231
0000000000000000: 00000002 00000000 00000000 0002 03 11776
0000000000000000: 00000003 00000000 00000000 0005 03 12145
0000000000000000: 00000003 00000000 00000000 0005 03 19067
0000000000000000: 00000003 00000000 00000000 0005 03 14029
0000000000000000: 00000002 00000000 00000000 0002 03 12906
0000000000000000: 00000003 00000000 00000000 0005 03 12337
0000000000000000: 00000002 00000000 00000000 0002 03 18879
0000000000000000: 00000003 00000000 00000000 0005 03 12388
0000000000000000: 00000002 00000000 00000000 0002 03  9642
0000000000000000: 00000002 00000000 00000000 0002 03 14319
0000000000000000: 00000003 00000000 00000000 0005 03 11565
0000000000000000: 00000003 00000000 00000000 0005 03 12205
0000000000000000: 00000003 00000000 00000000 0001 03  9487
0000000000000000: 00000003 00000000 00000000 0005 03 19455
0000000000000000: 00000002 00000000 00000000 0002 03 11913
0000000000000000: 00000003 00000000 00000000 0005 03 12110
0000000000000000: 00000002 00000000 00000000 0002 03 11247
0000000000000000: 00000003 00000000 00000000 0005 03 10975
0000000000000000: 00000002 00000000 00000000 0002 03 17984
0000000000000000: 00000002 00000000 00000000 0002 03 16009
0000000000000000: 00000002 00000000 00000000 0002 03  9478
0000000000000000: 00000003 00000000 00000000 0005 03 19690
0000000000000000: 00000003 00000000 00000000 0005 03 19450
0000000000000000: 00000003 00000000 00000000 0001 03 14862 /dev/socket/traced_producer
0000000000000000: 00000003 00000000 00000000 0005 03 13949
0000000000000000: 00000003 00000000 00000000 0001 03 19721 /dev/socket/traced_producer
0000000000000000: 00000002 00000000 00000000 0002 03 16834
0000000000000000: 00000002 00000000 00000000 0002 03 13472
0000000000000000: 00000002 00000000 00000000 0002 03  8170
0000000000000000: 00000002 00000000 00000000 0002 03 15936
0000000000000000: 00000002 00000000 00000000 0002 03 15491
0000000000000000: 00000002 00000000 00000000 0002 03 11722
0000000000000000: 00000003 00000000 00000000 0001 03 12037
0000000000000000: 00000003 00000000 00000000 0001 03 19733
0000000000000000: 00000002 00000000 00000000 0002 03 16660
0000000000000000: 00000002 00000000 00000000 0002 03 13740
0000000000000000: 00000003 00000000 00000000 0005 03 13321
0000000000000000: 00000002 00000000 00000000 0002 03  7370
0000000000000000: 00000003 00000000 00000000 0005 03 19454
0000000000000000: 00000003 00000000 00000000 0005 03 14422
0000000000000000: 00000002 00000000 00000000 0002 03 11068
0000000000000000: 00000003 00000000 00000000 0001 03  6840
0000000000000000: 00000002 00000000 00000000 0002 03 17745
0000000000000000: 00000002 00000000 00000000 0002 03 16983
0000000000000000: 00000003 00000000 00000000 0005 03 16528
0000000000000000: 00000002 00000000 00000000 0002 03  8752
0000000000000000: 00000003 00000000 00000000 0005 03 10730
0000000000000000: 00000003 00000000 00000000 0005 03 14010
0000000000000000: 00000002 00000000 00000000 0002 03  3587
0000000000000000: 00000003 00000000 00000000 0001 03 19811
0000000000000000: 00000002 00000000 00000000 0002 03  7687
0000000000000000: 00000003 00000000 00000000 0005 03 19753
0000000000000000: 00000003 00000000 00000000 0005 03 11658
0000000000000000: 00000002 00000000 00000000 0002 03 17798
0000000000000000: 00000002 00000000 00000000 0002 03 15405
0000000000000000: 00000002 00000000 00000000 0002 03  9546
0000000000000000: 00000002 00000000 00000000 0002 03 16040
0000000000000000: 00000003 00000000 00000000 0005 03 10980
0000000000000000: 00000003 00000000 00000000 0005 03  1286
0000000000000000: 00000003 00000000 00000000 0005 03 16920
0000000000000000: 00000002 00000000 00000000 0002 03 11189
0000000000000000: 00000003 00000000 00000000 0001 03 17091
0000000000000000: 00000002 00000000 00000000 0002 03 13594
0000000000000000: 00000002 00000000 00000000 0002 03  7507
0000000000000000: 00000003 00000000 00000000 0005 03 13945
0000000000000000: 00000003 00000000 00000000 0001 03  8018
0000000000000000: 00000003 00000000 00000000 0001 03 14013
0000000000000000: 00000003 00000000 00000000 0005 03 11749
0000000000000000: 00000003 00000000 00000000 0005 03 11659
0000000000000000: 00000003 00000000 00000000 0001 03 12655
0000000000000000: 00000002 00000000 00000000 0002 03 13508
0000000000000000: 00000003 00000000 00000000 0001 03  6841
0000000000000000: 00000003 00000000 00000000 0001 03 19809
0000000000000000: 00000002 00000000 00000000 0002 03  7375
0000000000000000: 00000002 00000000 00000000 0002 03 15102
0000000000000000: 00000002 00000000 00000000 0002 03  8231
0000000000000000: 00000003 00000000 00000000 0001 03 19817
0000000000000000: 00000002 00000000 00000000 0002 03 15010
0000000000000000: 00000003 00000000 00000000 0005 03  1269
0000000000000000: 00000003 00000000 00000000 0005 03 10734
0000000000000000: 00000002 00000000 00000000 0002 03 17779
0000000000000000: 00000002 00000000 00000000 0002 03 15557
0000000000000000: 00000002 00000000 00000000 0002 03 13629
0000000000000000: 00000003 00000000 00000000 0001 03 12345 /dev/socket/traced_producer
0000000000000000: 00000003 00000000 00000000 0005 03 11750
0000000000000000: 00000003 00000000 00000000 0001 03 14861
0000000000000000: 00000003 00000000 00000000 0005 03 13792
0000000000000000: 00000003 00000000 00000000 0005 03 11618
0000000000000000: 00000002 00000000 00000000 0002 03  6721
0000000000000000: 00000003 00000000 00000000 0001 03 17585 @com.android.internal.os.AppZygoteInit/7d204b08-d53b-48fd-a371-30e3a6ae3b33
0000000000000000: 00000003 00000000 00000000 0005 03 16921
0000000000000000: 00000003 00000000 00000000 0005 03 10727
0000000000000000: 00000002 00000000 00000000 0002 01 17579
0000000000000000: 00000002 00000000 00000000 0002 03 17125
0000000000000000: 00000003 00000000 00000000 0005 03 13946
0000000000000000: 00000003 00000000 00000000 0001 03  7753
0000000000000000: 00000002 00000000 00000000 0002 01  3310
0000000000000000: 00000002 00000000 00000000 0002 03 19651
0000000000000000: 00000003 00000000 00000000 0005 03 19449
0000000000000000: 00000003 00000000 00000000 0005 03 15394
0000000000000000: 00000003 00000000 00000000 0005 03 11730
0000000000000000: 00000002 00000000 00000000 0002 03 17879
0000000000000000: 00000002 00000000 00000000 0002 03  9508
0000000000000000: 00000003 00000000 00000000 0001 03 19741
0000000000000000: 00000002 00000000 00000000 0005 03 19208
0000000000000000: 00000003 00000000 00000000 0005 03 13791
0000000000000000: 00000002 00000000 00000000 0002 03 10965
0000000000000000: 00000002 00000000 00000000 0002 03  3586
0000000000000000: 00000003 00000000 00000000 0001 03 12344
0000000000000000: 00000003 00000000 00000000 0005 03 19772
0000000000000000: 00000002 00000000 00000000 0002 03 15609
0000000000000000: 00000002 00000000 00000000 0002 03  9285
0000000000000000: 00000003 00000000 00000000 0001 03 17584
0000000000000000: 00000002 00000000 00000000 0002 03 17094
0000000000000000: 00000003 00000000 00000000 0005 03 16529
0000000000000000: 00000002 00000000 00000000 0002 03  8417
0000000000000000: 00000002 00000000 00010000 0001 01 14444 @stetho_com.google.android.apps.messaging_devtools_remote
0000000000000000: 00000002 00000000 00010000 0001 01 11451 @com.android.internal.os.WebViewZygoteInit/2e813191-0c21-4995-872c-25e658090ba1
0000000000000000: 00000002 00000000 00010000 0001 01 13928 @stetho_com.google.android.apps.messaging:rcs_devtools_remote
0000000000000000: 00000002 00000000 00010000 0005 01  7922 @jdwp-control
0000000000000000: 00000002 00000000 00010000 0001 01 19697 @webview_devtools_remote_3916
0000000000000000: 00000002 00000000 00010000 0001 01 17581 @com.android.internal.os.AppZygoteInit/7d204b08-d53b-48fd-a371-30e3a6ae3b33
