   PID NAME                       
     1 init
     2 [kthreadd]
     3 [rcu_gp]
     4 [rcu_par_gp]
     5 [kworker/0:0-events]
     6 [kworker/0:0H-kblockd]
     7 [kworker/u2:0-flush-253:4]
     8 [mm_percpu_wq]
     9 [ksoftirqd/0]
    10 [rcu_preempt]
    11 [migration/0]
    12 [kworker/0:1-events]
    13 [cpuhp/0]
    14 [netns]
    15 [rcu_tasks_kthre]
    16 [kauditd]
    17 [oom_reaper]
    18 [writeback]
    19 [kcompactd0]
    36 [cryptd]
    68 [kblockd]
    69 [kworker/u3:0-blk_crypto_wq]
    70 [blk_crypto_wq]
    71 [blkcg_punt_bio]
    72 [edac-poller]
    73 [ion_system_heap]
    74 [devfreq_wq]
    75 [watchdogd]
    76 [cfg80211]
   101 [kswapd0]
   103 [uas]
   104 [dm_bufio_cache]
   105 [ipv6_addrconf]
   106 [krfcommd]
   109 [kworker/0:2-cgroup_pidlist_destroy]
   110 [kworker/0:3-events]
   111 [sugov:0]
   112 [kworker/0:4-events]
   113 [md]
   114 [usbip_event]
   115 [hwrng]
   116 [kworker/u2:1-phy0]
   117 [kworker/0:1H-kblockd]
   118 [jbd2/vdd1-8]
   119 [ext4-rsv-conver]
   120 [kdmflush]
   121 [kdmflush]
   122 [kdmflush]
   123 [kdmflush]
   124 [ext4-rsv-conver]
   125 [ext4-rsv-conver]
   126 [ext4-rsv-conver]
   127 [ext4-rsv-conver]
   129 init
   131 ueventd
   136 [loop0]
   137 [ext4-rsv-conver]
   138 [loop1]
   139 [ext4-rsv-conver]
   140 [loop2]
   141 [ext4-rsv-conver]
   142 [loop3]
   143 [ext4-rsv-conver]
   144 [loop4]
   145 [ext4-rsv-conver]
   146 [loop5]
   147 [ext4-rsv-conver]
   151 logd
   152 lmkd
   153 servicemanager
   154 hwservicemanager
   155 qemu-props
   156 [psimon]
   157 vold
   162 android.hardware.keymaster@4.1-service
   172 [kdmflush]
   175 [kworker/u3:1-blk_crypto_wq]
   180 [jbd2/dm-4-8]
   181 [ext4-rsv-conver]
   184 android.system.suspend@1.0-service
   185 android.hardware.atrace@1.0-service
   194 apexd
   196 [loop6]
   198 [ext4-rsv-conver]
   199 [loop7]
   200 [ext4-rsv-conver]
   201 [loop8]
   202 [ext4-rsv-conver]
   203 [loop9]
   204 [ext4-rsv-conver]
   205 [loop10]
   206 [ext4-rsv-conver]
   207 [loop11]
   208 [ext4-rsv-conver]
   209 [loop12]
   210 [ext4-rsv-conver]
   211 [loop13]
   212 [ext4-rsv-conver]
   213 [loop14]
   214 [ext4-rsv-conver]
   215 [loop15]
   216 [ext4-rsv-conver]
   217 [loop16]
   218 [ext4-rsv-conver]
   219 [loop17]
   220 [ext4-rsv-conver]
   221 [loop18]
   222 [ext4-rsv-conver]
   223 [loop19]
   224 [ext4-rsv-conver]
   225 [loop20]
   226 [ext4-rsv-conver]
   227 [loop21]
   228 [ext4-rsv-conver]
   229 [loop22]
   230 [ext4-rsv-conver]
   231 [loop23]
   232 [ext4-rsv-conver]
   233 [loop24]
   234 [ext4-rsv-conver]
   235 [loop25]
   236 [ext4-rsv-conver]
   237 [loop26]
   238 [ext4-rsv-conver]
   239 [loop27]
   240 [ext4-rsv-conver]
   250 createns
   255 tombstoned
   260 statsd
   261 netd
   262 zygote64
   263 android.hidl.allocator@1.0-service
   264 android.hardware.audio.service.ranchu
   265 android.hardware.authsecret@1.0-service
   266 android.hardware.bluetooth@1.1-service.sim
   267 android.hardware.camera.provider@2.4-service_64
   268 android.hardware.camera.provider@2.6-service-google
   269 android.hardware.contexthub@1.1-service.mock
   270 android.hardware.drm@1.0-service
   271 android.hardware.drm@1.3-service.clearkey
   272 android.hardware.drm@1.3-service.widevine
   273 android.hardware.gatekeeper@1.0-service.software
   274 android.hardware.graphics.allocator@3.0-service
   275 android.hardware.graphics.composer@2.3-service
   276 android.hardware.health@2.1-service
   277 android.hardware.neuralnetworks@1.3-service-sample-all
   278 android.hardware.neuralnetworks@1.3-service-sample-float-fast
   279 android.hardware.neuralnetworks@1.3-service-sample-float-slow
   280 android.hardware.neuralnetworks@1.3-service-sample-minimal
   281 android.hardware.neuralnetworks@1.3-service-sample-quant
   282 android.hardware.power.stats@1.0-service.mock
   283 android.hardware.sensors@2.1-service.multihal
   284 android.hardware.thermal@2.0-service.mock
   285 android.hardware.usb@1.0-service
   286 android.hardware.wifi@1.0-service
   287 android.hardware.identity-service.example
   288 android.hardware.lights-service.example
   289 android.hardware.power-service.example
   290 android.hardware.rebootescrow-service.default
   291 android.hardware.vibrator-service.example
   293 media.log
   294 credstore
   295 gpuservice
   296 surfaceflinger
   304 logcat
   316 iptables-restore
   317 ip6tables-restore
   340 adbd
   343 traced_probes
   344 traced
   345 cameraserver
   346 drmserver
   348 incidentd
   349 installd
   350 iorapd
   351 keystore
   352 media.extractor
   353 media.metrics
   354 mediaserver
   355 storaged
   356 wificond
   359 media.codec
   360 libgoldfish-rild
   362 media.swcodec
   379 gatekeeperd
   381 android.hardware.biometrics.face@1.0-service.example
   382 android.hardware.biometrics.fingerprint@2.1-service
   383 llkd
   401 mdnsd
   402 audioserver
   406 dhcpclient
   423 dhcpclient
   463 system_server
   539 android.hardware.input.classifier@1.0-service.default
   592 wpa_supplicant
   595 com.android.bluetooth
   608 com.android.systemui
   663 android.hardware.gnss@2.0-service.ranchu
   740 com.android.networkstack.process
   783 webview_zygote
   808 com.android.se
   841 com.android.phone
   876 com.google.android.gms.persistent
   935 com.google.android.apps.nexuslauncher
   947 com.google.android.ext.services
  1042 iorap.prefetcherd
  1088 com.google.android.cellbroadcastreceiver
  1150 android.process.acore
  1207 com.google.android.inputmethod.latin
  1218 com.google.android.apps.wellbeing
  1256 com.google.android.googlequicksearchbox:search
  1279 com.google.android.googlequicksearchbox:interactor
  1288 com.android.ims.rcsservice
  1319 com.android.emulator.multidisplay
  1392 com.google.process.gservices
  1461 com.google.android.providers.media.module
  1498 abb
  1626 com.google.android.gms
  1635 com.google.process.gapps
  1802 com.google.android.partnersetup
  1982 com.google.android.webview:webview_service
  2010 com.android.printspooler
  2037 android.process.media
  2169 com.google.android.permissioncontroller
  2241 com.google.android.gms.unstable
  2345 com.google.android.apps.messaging
  2479 com.android.providers.calendar
  2550 com.google.android.ims
  2571 com.google.android.apps.docs
  2864 com.google.android.apps.maps
  2954 com.google.android.apps.messaging:rcs
  2988 com.google.android.apps.photos
  3006 [kworker/u2:2]
  3024 com.google.android.apps.wallpaper
  3054 com.google.android.apps.youtube.music
  3145 com.google.android.calendar
  3164 com.android.chrome
  3246 com.google.android.configupdater
  3319 com.google.android.deskclock
  3355 com.google.android.gm
  3375 com.android.chrome_zygote
  3388 com.android.chrome:sandboxed_process0:org.chromium.content.app.SandboxedProce
  3542 sh
  3545 [cmd]
  3771 sh
  3773 com.google.android.onetimeinitializer
  3791 cmd
  3813 com.google.android.packageinstaller
  3839 com.google.android.projection.gearhead:shared
  3870 com.google.android.projection.gearhead:car
  3876 ps
