TAP version 13
# Subtest: pre-registered design has exactly 18 unique neutral App contexts in fixed order
ok 1 - pre-registered design has exactly 18 unique neutral App contexts in fixed order
  ---
  duration_ms: 5.7589
  type: 'test'
  ...
# Subtest: HTML commits immediately, but adapter bytes wait until current-realm control succeeds
ok 2 - HTML commits immediately, but adapter bytes wait until current-realm control succeeds
  ---
  duration_ms: 44.9411
  type: 'test'
  ...
# Subtest: a second adapter request including an encoded alias fails closed before or after release
ok 3 - a second adapter request including an encoded alias fails closed before or after release
  ---
  duration_ms: 23.3682
  type: 'test'
  ...
# Subtest: static assets remain identical and encoded traversal/backslashes are rejected
ok 4 - static assets remain identical and encoded traversal/backslashes are rejected
  ---
  duration_ms: 12.3694
  type: 'test'
  ...
# Subtest: JSONL reader ignores a partial append but rejects corrupt complete evidence rows
ok 5 - JSONL reader ignores a partial append but rejects corrupt complete evidence rows
  ---
  duration_ms: 2.8498
  type: 'test'
  ...
# Subtest: target requires exact ticket pair, local endpoints, and forwarded Chrome page socket
ok 6 - target requires exact ticket pair, local endpoints, and forwarded Chrome page socket
  ---
  duration_ms: 0.6697
  type: 'test'
  ...
# Subtest: ticket selection uses a ledger row boundary and exact Chrome package, never most recent time
ok 7 - ticket selection uses a ledger row boundary and exact Chrome package, never most recent time
  ---
  duration_ms: 0.2583
  type: 'test'
  ...
# Subtest: completed capture binds opaque context, round, App session/receipt/hash and browser exact pair
ok 8 - completed capture binds opaque context, round, App session/receipt/hash and browser exact pair
  ---
  duration_ms: 0.2773
  type: 'test'
  ...
# Subtest: wrong slot and duplicate App captures are errors; incomplete pairs stay pending
ok 9 - wrong slot and duplicate App captures are errors; incomplete pairs stay pending
  ---
  duration_ms: 0.1489
  type: 'test'
  ...
# Subtest: active and post are evaluated against fixed intervention and same-round baseline
ok 10 - active and post are evaluated against fixed intervention and same-round baseline
  ---
  duration_ms: 0.2901
  type: 'test'
  ...
# Subtest: CDP records complete method/params and errors and rejects commands when socket closes
ok 11 - CDP records complete method/params and errors and rejects commands when socket closes
  ---
  duration_ms: 0.5559
  type: 'test'
  ...
# Subtest: JavaScript exceptions and unknown original navigator properties refuse control installation
ok 12 - JavaScript exceptions and unknown original navigator properties refuse control installation
  ---
  duration_ms: 2.7005
  type: 'test'
  ...
# Subtest: restoration refuses realm exceptions, remaining language properties, and closeTarget.success=false
ok 13 - restoration refuses realm exceptions, remaining language properties, and closeTarget.success=false
  ---
  duration_ms: 1.1773
  type: 'test'
  ...
# Subtest: fresh Chrome discovery rejects a wrong package or nonlocal browser debug socket
ok 14 - fresh Chrome discovery rejects a wrong package or nonlocal browser debug socket
  ---
  duration_ms: 1.0985
  type: 'test'
  ...
# Subtest: installed collector proof accepts one base APK and rejects split or escaped paths
ok 15 - installed collector proof accepts one base APK and rejects split or escaped paths
  ---
  duration_ms: 0.2734
  type: 'test'
  ...
# Subtest: unique loopback warmup is inert and never requests or arms the probe gate
ok 16 - unique loopback warmup is inert and never requests or arms the probe gate
  ---
  duration_ms: 7.7943
  type: 'test'
  ...
# Subtest: restoration closes the exact page on a separate surviving browser CDP channel
ok 17 - restoration closes the exact page on a separate surviving browser CDP channel
  ---
  duration_ms: 0.2381
  type: 'test'
  ...
# Subtest: stale cleanup only owns loopback experiment probe and inert warmup pages
ok 18 - stale cleanup only owns loopback experiment probe and inert warmup pages
  ---
  duration_ms: 0.1819
  type: 'test'
  ...
# Subtest: canonical source check rejects CRLF bytes even when semantic code and declared revision match
ok 19 - canonical source check rejects CRLF bytes even when semantic code and declared revision match
  ---
  duration_ms: 0.3332
  type: 'test'
  ...
1..19
# tests 19
# suites 0
# pass 19
# fail 0
# cancelled 0
# skipped 0
# todo 0
# duration_ms 214.465
