START api29_swiftshader r1-clean_pre
CAPTURED api29_swiftshader r1-clean_pre
START api29_swiftshader r1-attack
CAPTURED api29_swiftshader r1-attack
START api29_swiftshader r1-clean_post
CAPTURED api29_swiftshader r1-clean_post
START api29_swiftshader r2-clean_pre
CAPTURED api29_swiftshader r2-clean_pre
START api29_swiftshader r2-attack
CAPTURED api29_swiftshader r2-attack
START api29_swiftshader r2-clean_post
CAPTURED api29_swiftshader r2-clean_post
{"api": 29, "gpu": "swiftshader", "status": "COMPLETE", "captured": 6, "error": null}
START api30_swiftshader r1-clean_pre
CAPTURED api30_swiftshader r1-clean_pre
START api30_swiftshader r1-attack
CAPTURED api30_swiftshader r1-attack
START api30_swiftshader r1-clean_post
CAPTURED api30_swiftshader r1-clean_post
START api30_swiftshader r2-clean_pre
CAPTURED api30_swiftshader r2-clean_pre
START api30_swiftshader r2-attack
CAPTURED api30_swiftshader r2-attack
START api30_swiftshader r2-clean_post
CAPTURED api30_swiftshader r2-clean_post
{"api": 30, "gpu": "swiftshader", "status": "COMPLETE", "captured": 6, "error": null}
START api36_host r1-clean_pre
CAPTURED api36_host r1-clean_pre
START api36_host r1-attack
CAPTURED api36_host r1-attack
START api36_host r1-clean_post
CAPTURED api36_host r1-clean_post
START api36_host r2-clean_pre
CAPTURED api36_host r2-clean_pre
START api36_host r2-attack
CAPTURED api36_host r2-attack
START api36_host r2-clean_post
CAPTURED api36_host r2-clean_post
{"api": 36, "gpu": "host", "status": "COMPLETE", "captured": 6, "error": null}
START api36_swiftshader r1-clean_pre
CAPTURED api36_swiftshader r1-clean_pre
START api36_swiftshader r1-attack
CAPTURED api36_swiftshader r1-attack
START api36_swiftshader r1-clean_post
CAPTURED api36_swiftshader r1-clean_post
START api36_swiftshader r2-clean_pre
CAPTURED api36_swiftshader r2-clean_pre
START api36_swiftshader r2-attack
CAPTURED api36_swiftshader r2-attack
START api36_swiftshader r2-clean_post
CAPTURED api36_swiftshader r2-clean_post
{"api": 36, "gpu": "swiftshader", "status": "COMPLETE", "captured": 6, "error": null}
