{
  "protocol_version": "webgl-parameter-environment-v1",
  "status": "COMPLETE",
  "planned_payloads": 24,
  "captured_payloads": 24,
  "fully_observed_177": 24,
  "planned_triplets": 8,
  "complete_triplets": 8,
  "positive_triplets": 6,
  "measured_effect_triplets": 8,
  "raw_restored_triplets": 8,
  "sidecar_restored_triplets": 8,
  "non_target_graphics_unchanged_triplets": 8,
  "versioned_observer_environment_gate": "NOT_ESTABLISHED_FOR_FULL_MATRIX",
  "webview_versions": [
    "134.0.6998.135",
    "91.0.4472.114"
  ],
  "environments": [
    {
      "cell": "api29_swiftshader",
      "api": 29,
      "gpu": "swiftshader",
      "environment_identity": {
        "collector_install_id": "7c86dd06-d4fc-4646-bc71-4d954adc96aa",
        "android_api": 29,
        "webview_provider_package": "com.google.android.webview",
        "webview_provider_version": "91.0.4472.114"
      },
      "execution_complete": true,
      "planned_triplets": 2,
      "positive_triplets": 2,
      "environment_gate": "PASS",
      "by_phase": {
        "clean_pre": {
          "collections": 2,
          "aggregate": {
            "MATCH": 2
          },
          "contexts": {
            "webgl": {
              "outcomes": {
                "MATCH": 2
              },
              "unknown_reasons": {}
            },
            "webgl2": {
              "outcomes": {
                "MATCH": 2
              },
              "unknown_reasons": {}
            }
          }
        },
        "attack": {
          "collections": 2,
          "aggregate": {
            "COUNTEREXAMPLE": 2
          },
          "contexts": {
            "webgl": {
              "outcomes": {
                "COUNTEREXAMPLE": 2
              },
              "unknown_reasons": {}
            },
            "webgl2": {
              "outcomes": {
                "COUNTEREXAMPLE": 2
              },
              "unknown_reasons": {}
            }
          }
        },
        "clean_post": {
          "collections": 2,
          "aggregate": {
            "MATCH": 2
          },
          "contexts": {
            "webgl": {
              "outcomes": {
                "MATCH": 2
              },
              "unknown_reasons": {}
            },
            "webgl2": {
              "outcomes": {
                "MATCH": 2
              },
              "unknown_reasons": {}
            }
          }
        }
      }
    },
    {
      "cell": "api30_swiftshader",
      "api": 30,
      "gpu": "swiftshader",
      "environment_identity": {
        "collector_install_id": "5e91f8c6-a2f8-4b4b-bd78-144404ee5c93",
        "android_api": 30,
        "webview_provider_package": "com.google.android.webview",
        "webview_provider_version": "91.0.4472.114"
      },
      "execution_complete": true,
      "planned_triplets": 2,
      "positive_triplets": 2,
      "environment_gate": "PASS",
      "by_phase": {
        "clean_pre": {
          "collections": 2,
          "aggregate": {
            "MATCH": 2
          },
          "contexts": {
            "webgl": {
              "outcomes": {
                "MATCH": 2
              },
              "unknown_reasons": {}
            },
            "webgl2": {
              "outcomes": {
                "MATCH": 2
              },
              "unknown_reasons": {}
            }
          }
        },
        "attack": {
          "collections": 2,
          "aggregate": {
            "COUNTEREXAMPLE": 2
          },
          "contexts": {
            "webgl": {
              "outcomes": {
                "COUNTEREXAMPLE": 2
              },
              "unknown_reasons": {}
            },
            "webgl2": {
              "outcomes": {
                "COUNTEREXAMPLE": 2
              },
              "unknown_reasons": {}
            }
          }
        },
        "clean_post": {
          "collections": 2,
          "aggregate": {
            "MATCH": 2
          },
          "contexts": {
            "webgl": {
              "outcomes": {
                "MATCH": 2
              },
              "unknown_reasons": {}
            },
            "webgl2": {
              "outcomes": {
                "MATCH": 2
              },
              "unknown_reasons": {}
            }
          }
        }
      }
    },
    {
      "cell": "api36_host",
      "api": 36,
      "gpu": "host",
      "environment_identity": {
        "collector_install_id": "c4e3067a-58e5-408f-8319-c2fdeb2c15fb",
        "android_api": 36,
        "webview_provider_package": "com.google.android.webview",
        "webview_provider_version": "134.0.6998.135"
      },
      "execution_complete": true,
      "planned_triplets": 2,
      "positive_triplets": 0,
      "environment_gate": "NOT_ESTABLISHED",
      "by_phase": {
        "clean_pre": {
          "collections": 2,
          "aggregate": {
            "UNKNOWN": 2
          },
          "contexts": {
            "webgl": {
              "outcomes": {
                "MATCH": 2
              },
              "unknown_reasons": {}
            },
            "webgl2": {
              "outcomes": {
                "UNKNOWN": 2
              },
              "unknown_reasons": {
                "PREFLIGHT_ERRORS": 2
              }
            }
          }
        },
        "attack": {
          "collections": 2,
          "aggregate": {
            "COUNTEREXAMPLE": 2
          },
          "contexts": {
            "webgl": {
              "outcomes": {
                "COUNTEREXAMPLE": 2
              },
              "unknown_reasons": {}
            },
            "webgl2": {
              "outcomes": {
                "UNKNOWN": 2
              },
              "unknown_reasons": {
                "PREFLIGHT_ERRORS": 2
              }
            }
          }
        },
        "clean_post": {
          "collections": 2,
          "aggregate": {
            "UNKNOWN": 2
          },
          "contexts": {
            "webgl": {
              "outcomes": {
                "MATCH": 2
              },
              "unknown_reasons": {}
            },
            "webgl2": {
              "outcomes": {
                "UNKNOWN": 2
              },
              "unknown_reasons": {
                "PREFLIGHT_ERRORS": 2
              }
            }
          }
        }
      }
    },
    {
      "cell": "api36_swiftshader",
      "api": 36,
      "gpu": "swiftshader",
      "environment_identity": {
        "collector_install_id": "9ba9564e-c9f7-4a1f-879b-1af8c3aa552a",
        "android_api": 36,
        "webview_provider_package": "com.google.android.webview",
        "webview_provider_version": "134.0.6998.135"
      },
      "execution_complete": true,
      "planned_triplets": 2,
      "positive_triplets": 2,
      "environment_gate": "PASS",
      "by_phase": {
        "clean_pre": {
          "collections": 2,
          "aggregate": {
            "MATCH": 2
          },
          "contexts": {
            "webgl": {
              "outcomes": {
                "MATCH": 2
              },
              "unknown_reasons": {}
            },
            "webgl2": {
              "outcomes": {
                "MATCH": 2
              },
              "unknown_reasons": {}
            }
          }
        },
        "attack": {
          "collections": 2,
          "aggregate": {
            "COUNTEREXAMPLE": 2
          },
          "contexts": {
            "webgl": {
              "outcomes": {
                "COUNTEREXAMPLE": 2
              },
              "unknown_reasons": {}
            },
            "webgl2": {
              "outcomes": {
                "COUNTEREXAMPLE": 2
              },
              "unknown_reasons": {}
            }
          }
        },
        "clean_post": {
          "collections": 2,
          "aggregate": {
            "MATCH": 2
          },
          "contexts": {
            "webgl": {
              "outcomes": {
                "MATCH": 2
              },
              "unknown_reasons": {}
            },
            "webgl2": {
              "outcomes": {
                "MATCH": 2
              },
              "unknown_reasons": {}
            }
          }
        }
      }
    }
  ],
  "by_phase": {
    "clean_pre": {
      "collections": 8,
      "aggregate": {
        "MATCH": 6,
        "UNKNOWN": 2
      },
      "contexts": {
        "webgl": {
          "outcomes": {
            "MATCH": 8
          },
          "unknown_reasons": {}
        },
        "webgl2": {
          "outcomes": {
            "MATCH": 6,
            "UNKNOWN": 2
          },
          "unknown_reasons": {
            "PREFLIGHT_ERRORS": 2
          }
        }
      }
    },
    "attack": {
      "collections": 8,
      "aggregate": {
        "COUNTEREXAMPLE": 8
      },
      "contexts": {
        "webgl": {
          "outcomes": {
            "COUNTEREXAMPLE": 8
          },
          "unknown_reasons": {}
        },
        "webgl2": {
          "outcomes": {
            "COUNTEREXAMPLE": 6,
            "UNKNOWN": 2
          },
          "unknown_reasons": {
            "PREFLIGHT_ERRORS": 2
          }
        }
      }
    },
    "clean_post": {
      "collections": 8,
      "aggregate": {
        "MATCH": 6,
        "UNKNOWN": 2
      },
      "contexts": {
        "webgl": {
          "outcomes": {
            "MATCH": 8
          },
          "unknown_reasons": {}
        },
        "webgl2": {
          "outcomes": {
            "MATCH": 6,
            "UNKNOWN": 2
          },
          "unknown_reasons": {
            "PREFLIGHT_ERRORS": 2
          }
        }
      }
    }
  },
  "failures": [],
  "model_fits": 0,
  "model_predictions": 0,
  "new_registered_alert_candidates": 0,
  "independent_confirmation": "NOT_ACCESSED",
  "overall_model_improvement": "NOT_EVALUATED",
  "boundary": "One Mac, existing emulator system images and one plugin configuration. No physical-device, Windows-host, broad benign-App, GPU identity or independent TPR/FPR claims."
}

Saved-result reproduction, report links, scope consistency and cleanup: PASS
