Num       RefCount Protocol Flags    Type St Inode Path
0000000000000000: 00000002 00000000 00010000 0001 01 33044 @com.android.internal.os.AppZygoteInit/605583ad-4782-4bd1-b311-a8dd38aec104
0000000000000000: 00000002 00000000 00010000 0001 01  7984 /dev/socket/traced_consumer
0000000000000000: 00000002 00000000 00010000 0001 01  7989 /dev/socket/traced_producer
0000000000000000: 00000002 00000000 00010000 0005 01  9789 /dev/socket/tombstoned_crash
0000000000000000: 00000002 00000000 00000000 0002 01 13376 /dev/socket/wpa_wlan0
0000000000000000: 00000002 00000000 00010000 0005 01  9794 /dev/socket/tombstoned_intercept
0000000000000000: 00000002 00000000 00010000 0005 01  9797 /dev/socket/tombstoned_java_trace
0000000000000000: 00000002 00000000 00010000 0001 01 13227 @com.android.internal.os.WebViewZygoteInit/67878b02-3daa-40a1-98ab-de35783380cd
0000000000000000: 00000002 00000000 00010000 0001 01  6765 /dev/socket/logd
0000000000000000: 00000007 00000000 00000000 0002 01  9078 /dev/socket/statsdw
0000000000000000: 00000002 00000000 00010000 0005 01  6777 /dev/socket/logdr
0000000000000000: 0000006B 00000000 00000000 0002 01  6780 /dev/socket/logdw
0000000000000000: 00000002 00000000 00010000 0001 01  9089 /dev/socket/mdnsd
0000000000000000: 00000002 00000000 00010000 0001 01  7588 /dev/socket/dnsproxyd
0000000000000000: 00000002 00000000 00010000 0001 01  7593 /dev/socket/mdns
0000000000000000: 00000002 00000000 00010000 0001 01  7596 /dev/socket/fwmarkd
0000000000000000: 00000002 00000000 00010000 0001 01  7604 /dev/socket/zygote
0000000000000000: 00000002 00000000 00010000 0001 01  7609 /dev/socket/usap_pool_primary
0000000000000000: 00000002 00000000 00010000 0005 01  7634 /dev/socket/lmkd
0000000000000000: 00000002 00000000 00010000 0005 01 12457 @jdwp-control
0000000000000000: 00000002 00000000 00010000 0005 01  7904 /dev/socket/adbd
0000000000000000: 00000002 00000000 00010000 0001 01  6378 /dev/socket/property_service
0000000000000000: 00000002 00000000 00010000 0001 01 36779 @webview_devtools_remote_3778
0000000000000000: 00000002 00000000 00010000 0001 01 12697 /data/system/ndebugsocket
0000000000000000: 00000003 00000000 00000000 0005 03 36913
0000000000000000: 00000003 00000000 00000000 0005 03 33770 @jdwp-control
0000000000000000: 00000003 00000000 00000000 0005 03 30967 @jdwp-control
0000000000000000: 00000003 00000000 00000000 0001 03 33570
0000000000000000: 00000003 00000000 00000000 0005 03 20780
0000000000000000: 00000002 00000000 00000000 0002 01 20671
0000000000000000: 00000002 00000000 00000000 0002 01 12832
0000000000000000: 00000003 00000000 00000000 0005 03 20374 @jdwp-control
0000000000000000: 00000003 00000000 00000000 0005 03 10958
0000000000000000: 00000002 00000000 00000000 0002 01  8650
0000000000000000: 00000003 00000000 00000000 0001 03 36846
0000000000000000: 00000003 00000000 00000000 0001 03 23665
0000000000000000: 00000003 00000000 00000000 0005 03 14421
0000000000000000: 00000003 00000000 00000000 0005 03 26506
0000000000000000: 00000002 00000000 00000000 0002 01 36690
0000000000000000: 00000003 00000000 00000000 0005 03 29225 @jdwp-control
0000000000000000: 00000003 00000000 00000000 0005 03 13391
0000000000000000: 00000003 00000000 00000000 0005 03 12769
0000000000000000: 00000003 00000000 00000000 0005 03 33940
0000000000000000: 00000003 00000000 00000000 0005 03 29978
0000000000000000: 00000003 00000000 00000000 0001 03 33567
0000000000000000: 00000003 00000000 00000000 0001 03 33073 @com.android.internal.os.AppZygoteInit/605583ad-4782-4bd1-b311-a8dd38aec104
0000000000000000: 00000003 00000000 00000000 0005 03 21014
0000000000000000: 00000003 00000000 00000000 0005 03 20350
0000000000000000: 00000003 00000000 00000000 0005 03 12852
0000000000000000: 00000002 00000000 00000000 0002 01 10488
0000000000000000: 00000003 00000000 00000000 0005 03 20372 @jdwp-control
0000000000000000: 00000002 00000000 00000000 0002 01 10968
0000000000000000: 00000002 00000000 00000000 0002 01  8778
0000000000000000: 00000003 00000000 00000000 0005 03 21804
0000000000000000: 00000002 00000000 00000000 0002 01 28786
0000000000000000: 00000003 00000000 00000000 0005 03 25935
0000000000000000: 00000003 00000000 00000000 0005 03 20066
0000000000000000: 00000003 00000000 00000000 0005 03 22085
0000000000000000: 00000003 00000000 00000000 0005 03 13324
0000000000000000: 00000003 00000000 00000000 0005 03 12787 @jdwp-control
0000000000000000: 00000003 00000000 00000000 0001 03 36839
0000000000000000: 00000003 00000000 00000000 0005 03 28791
0000000000000000: 00000002 00000000 00000000 0002 01 20721
0000000000000000: 00000003 00000000 00000000 0005 03 20684 @jdwp-control
0000000000000000: 00000002 00000000 00000000 0002 01  9472
0000000000000000: 00000003 00000000 00000000 0005 03 36612
0000000000000000: 00000003 00000000 00000000 0005 03 20429
0000000000000000: 00000003 00000000 00000000 0001 03 10971
0000000000000000: 00000003 00000000 00000000 0002 01 10730
0000000000000000: 00000003 00000000 00000000 0005 03 32707
0000000000000000: 00000003 00000000 00000000 0005 03 29262
0000000000000000: 00000003 00000000 00000000 0005 03 21015
0000000000000000: 00000003 00000000 00000000 0005 03 20351
0000000000000000: 00000003 00000000 00000000 0001 03 36975
0000000000000000: 00000003 00000000 00000000 0005 03 33729
0000000000000000: 00000003 00000000 00000000 0005 03 30359
0000000000000000: 00000003 00000000 00000000 0005 03 22060
0000000000000000: 00000003 00000000 00000000 0005 03 21702
0000000000000000: 00000003 00000000 00000000 0005 03 13310 @jdwp-control
0000000000000000: 00000003 00000000 00000000 0005 03 25972
0000000000000000: 00000003 00000000 00000000 0005 03 26458
0000000000000000: 00000003 00000000 00000000 0005 03 20378
0000000000000000: 00000003 00000000 00000000 0005 03 12487 /dev/socket/lmkd
0000000000000000: 00000002 00000000 00000000 0002 01 10856
0000000000000000: 00000002 00000000 00000000 0002 01 29441
0000000000000000: 00000002 00000000 00000000 0002 01 36599
0000000000000000: 00000002 00000000 00000000 0002 01 33766
0000000000000000: 00000003 00000000 00000000 0005 03 26507 @jdwp-control
0000000000000000: 00000003 00000000 00000000 0005 03 32708 @jdwp-control
0000000000000000: 00000003 00000000 00000000 0005 03 31504
0000000000000000: 00000003 00000000 00000000 0001 03 20987
0000000000000000: 00000003 00000000 00000000 0005 03 20673
0000000000000000: 00000003 00000000 00000000 0005 03 12853 @jdwp-control
0000000000000000: 00000003 00000000 00000000 0005 03 22061
0000000000000000: 00000003 00000000 00000000 0005 03 13112
0000000000000000: 00000003 00000000 00000000 0005 03 36789
0000000000000000: 00000003 00000000 00000000 0005 03 32041 @jdwp-control
0000000000000000: 00000003 00000000 00000000 0005 03 36689
0000000000000000: 00000003 00000000 00000000 0005 03 26241
0000000000000000: 00000003 00000000 00000000 0005 03 14422
0000000000000000: 00000003 00000000 00000000 0005 03 31545
0000000000000000: 00000003 00000000 00000000 0005 03 22443
0000000000000000: 00000002 00000000 00000000 0002 01 14150
0000000000000000: 00000003 00000000 00000000 0005 03 36802
0000000000000000: 00000003 00000000 00000000 0005 03 23783
0000000000000000: 00000003 00000000 00000000 0005 03 13430
0000000000000000: 00000003 00000000 00000000 0005 03 13164 @jdwp-control
0000000000000000: 00000003 00000000 00000000 0005 03 32689
0000000000000000: 00000003 00000000 00000000 0001 03 31454
0000000000000000: 00000003 00000000 00000000 0005 03 30351
0000000000000000: 00000003 00000000 00000000 0005 03 21054 @jdwp-control
0000000000000000: 00000003 00000000 00000000 0005 03 33335
0000000000000000: 00000003 00000000 00000000 0005 03 12631
0000000000000000: 00000002 00000000 00000000 0002 01 10442
0000000000000000: 00000003 00000000 00000000 0001 03 36772
0000000000000000: 00000003 00000000 00000000 0005 03 20751
0000000000000000: 00000003 00000000 00000000 0005 03 20435
0000000000000000: 00000003 00000000 00000000 0001 03 12459
0000000000000000: 00000003 00000000 00000000 0005 03 36650 @jdwp-control
0000000000000000: 00000003 00000000 00000000 0005 03 20615
0000000000000000: 00000003 00000000 00000000 0005 03 22457
0000000000000000: 00000003 00000000 00000000 0005 03 14148
0000000000000000: 00000003 00000000 00000000 0005 03 36655
0000000000000000: 00000003 00000000 00000000 0005 03 31931
0000000000000000: 00000003 00000000 00000000 0005 03 23781
0000000000000000: 00000003 00000000 00000000 0005 03 26294 @jdwp-control
0000000000000000: 00000003 00000000 00000000 0005 03 36914
0000000000000000: 00000003 00000000 00000000 0005 03 12828
0000000000000000: 00000002 00000000 00000000 0002 01 10993
0000000000000000: 00000003 00000000 00000000 0005 03 36762
0000000000000000: 00000003 00000000 00000000 0005 03 32637
0000000000000000: 00000003 00000000 00000000 0005 03 31503
0000000000000000: 00000002 00000000 00000000 0002 01 20945
0000000000000000: 00000003 00000000 00000000 0001 03 12465 /dev/socket/mdnsd
0000000000000000: 00000003 00000000 00000000 0005 03 20576
0000000000000000: 00000003 00000000 00000000 0005 03 13490
0000000000000000: 00000002 00000000 00000000 0002 01 30415
0000000000000000: 00000003 00000000 00000000 0005 03 21704
0000000000000000: 00000003 00000000 00000000 0001 03  8904 /dev/socket/traced_producer
0000000000000000: 00000003 00000000 00000000 0001 03 36840
0000000000000000: 00000002 00000000 00000000 0002 01 29217
0000000000000000: 00000003 00000000 00000000 0005 03 20340
0000000000000000: 00000003 00000000 00000000 0001 03 12681
0000000000000000: 00000003 00000000 00000000 0005 03 36660
0000000000000000: 00000002 00000000 00000000 0002 01 31612
0000000000000000: 00000003 00000000 00000000 0005 03 20065
0000000000000000: 00000003 00000000 00000000 0005 03  6387
0000000000000000: 00000003 00000000 00000000 0005 03 21783
0000000000000000: 00000003 00000000 00000000 0005 03 20449
0000000000000000: 00000003 00000000 00000000 0005 03 10886
0000000000000000: 00000003 00000000 00000000 0001 03 33565 /dev/socket/traced_producer
0000000000000000: 00000003 00000000 00000000 0005 03 20635
0000000000000000: 00000003 00000000 00000000 0005 03 13431
0000000000000000: 00000003 00000000 00000000 0005 03 36653
0000000000000000: 00000003 00000000 00000000 0005 03 29977
0000000000000000: 00000003 00000000 00000000 0005 03 20825
0000000000000000: 00000003 00000000 00000000 0005 03 13913
0000000000000000: 00000002 00000000 00000000 0002 01 12895
0000000000000000: 00000002 00000000 00000000 0002 01  8910
0000000000000000: 00000003 00000000 00000000 0005 03 33334 @jdwp-control
0000000000000000: 00000003 00000000 00000000 0001 03 12589 /dev/socket/mdns
0000000000000000: 00000003 00000000 00000000 0001 03  9378
0000000000000000: 00000003 00000000 00000000 0001 03 36776
0000000000000000: 00000002 00000000 00000000 0002 01 32020
0000000000000000: 00000003 00000000 00000000 0005 03 29400
0000000000000000: 00000003 00000000 00000000 0005 03 13314 @jdwp-control
0000000000000000: 00000003 00000000 00000000 0005 03 36656
0000000000000000: 00000003 00000000 00000000 0005 03 20344
0000000000000000: 00000003 00000000 00000000 0005 03  6389
0000000000000000: 00000003 00000000 00000000 0001 03 33359
0000000000000000: 00000003 00000000 00000000 0005 03 20631
0000000000000000: 00000003 00000000 00000000 0005 03 13433
0000000000000000: 00000002 00000000 00000000 0002 01  8966
0000000000000000: 00000003 00000000 00000000 0005 03 33333
0000000000000000: 00000003 00000000 00000000 0005 03 12629
0000000000000000: 00000002 00000000 00000000 0002 01 10105
0000000000000000: 00000003 00000000 00000000 0005 03 33983
0000000000000000: 00000003 00000000 00000000 0001 03 33084
0000000000000000: 00000003 00000000 00000000 0005 03 29313
0000000000000000: 00000002 00000000 00000000 0002 01 20437
0000000000000000: 00000003 00000000 00000000 0005 03 13893
0000000000000000: 00000002 00000000 00000000 0002 01 12905
0000000000000000: 00000003 00000000 00000000 0005 03 11737
0000000000000000: 00000003 00000000 00000000 0005 03 12543
0000000000000000: 00000002 00000000 00000000 0002 01  9819
0000000000000000: 00000003 00000000 00000000 0001 03 33160
0000000000000000: 00000003 00000000 00000000 0005 03 13781
0000000000000000: 00000002 00000000 00000000 0002 01 30998
0000000000000000: 00000003 00000000 00000000 0005 03 29902
0000000000000000: 00000003 00000000 00000000 0005 03 28065
0000000000000000: 00000003 00000000 00000000 0005 03 12545
0000000000000000: 00000003 00000000 00000000 0001 03 36756
0000000000000000: 00000003 00000000 00000000 0005 03 33257
0000000000000000: 00000003 00000000 00000000 0005 03 13270
0000000000000000: 00000003 00000000 00000000 0002 01 10729
0000000000000000: 00000003 00000000 00000000 0005 03 29452
0000000000000000: 00000003 00000000 00000000 0005 03 13726
0000000000000000: 00000002 00000000 00000000 0002 01 28916
0000000000000000: 00000003 00000000 00000000 0005 03 14125
0000000000000000: 00000003 00000000 00000000 0001 03 36757
0000000000000000: 00000002 00000000 00000000 0002 01 13247
0000000000000000: 00000003 00000000 00000000 0005 03 12547
0000000000000000: 00000003 00000000 00000000 0001 03 36919 /dev/socket/traced_producer
0000000000000000: 00000003 00000000 00000000 0005 03 30693 @jdwp-control
0000000000000000: 00000002 00000000 00000000 0002 01  8492
0000000000000000: 00000003 00000000 00000000 0005 03 28746
0000000000000000: 00000003 00000000 00000000 0005 03 30699
0000000000000000: 00000003 00000000 00000000 0001 03 13254 @com.android.internal.os.WebViewZygoteInit/67878b02-3daa-40a1-98ab-de35783380cd
0000000000000000: 00000003 00000000 00000000 0005 03 12549
0000000000000000: 00000003 00000000 00000000 0005 03 20112
0000000000000000: 00000003 00000000 00000000 0005 03 11738
0000000000000000: 00000003 00000000 00000000 0001 03 23205
0000000000000000: 00000003 00000000 00000000 0005 03 29926
0000000000000000: 00000003 00000000 00000000 0005 03 12862 @jdwp-control
0000000000000000: 00000003 00000000 00000000 0005 03 13727
0000000000000000: 00000003 00000000 00000000 0005 03 36421
0000000000000000: 00000003 00000000 00000000 0005 03 32846
0000000000000000: 00000003 00000000 00000000 0005 03 28885
0000000000000000: 00000003 00000000 00000000 0005 03 13832
0000000000000000: 00000002 00000000 00000000 0002 01 10855
0000000000000000: 00000003 00000000 00000000 0001 03 36922
0000000000000000: 00000003 00000000 00000000 0005 03 11739
0000000000000000: 00000002 00000000 00000000 0002 01 20121
0000000000000000: 00000003 00000000 00000000 0005 03 13860
0000000000000000: 00000002 00000000 00000000 0002 01 10582
0000000000000000: 00000003 00000000 00000000 0001 03 33095
0000000000000000: 00000003 00000000 00000000 0005 03 29928
0000000000000000: 00000002 00000000 00000000 0002 01  8972
0000000000000000: 00000002 00000000 00000000 0002 01  7156
0000000000000000: 00000003 00000000 00000000 0005 03 36420
0000000000000000: 00000003 00000000 00000000 0005 03 27990
0000000000000000: 00000003 00000000 00000000 0005 03 21920
0000000000000000: 00000003 00000000 00000000 0005 03 14308
0000000000000000: 00000003 00000000 00000000 0005 03 12555
0000000000000000: 00000003 00000000 00000000 0005 03 33100
0000000000000000: 00000003 00000000 00000000 0005 03 13195
0000000000000000: 00000002 00000000 00000000 0002 01 10653
0000000000000000: 00000003 00000000 00000000 0001 03 36921
0000000000000000: 00000003 00000000 00000000 0001 03 36976
0000000000000000: 00000002 00000000 00000000 0002 01 33328
0000000000000000: 00000002 00000000 00000000 0002 01 10788
0000000000000000: 00000002 00000000 00000000 0002 01  6942
0000000000000000: 00000003 00000000 00000000 0005 03 30692
0000000000000000: 00000002 00000000 00000000 0002 01 10490
0000000000000000: 00000003 00000000 00000000 0001 03 33105 /dev/socket/traced_producer
0000000000000000: 00000002 00000000 00000000 0002 01 11395
0000000000000000: 00000003 00000000 00000000 0005 03 20339
0000000000000000: 00000003 00000000 00000000 0005 03 12553
0000000000000000: 00000003 00000000 00000000 0005 03 30966
0000000000000000: 00000003 00000000 00000000 0005 03 21887
0000000000000000: 00000003 00000000 00000000 0005 03 13831
0000000000000000: 00000003 00000000 00000000 0005 03 32886
0000000000000000: 00000003 00000000 00000000 0005 03 10799
0000000000000000: 00000002 00000000 00000000 0002 01  6869
0000000000000000: 00000003 00000000 00000000 0001 03 33154
0000000000000000: 00000003 00000000 00000000 0005 03 13235
0000000000000000: 00000002 00000000 00000000 0002 01  9698
0000000000000000: 00000003 00000000 00000000 0001 03 36740
0000000000000000: 00000003 00000000 00000000 0005 03 12551
0000000000000000: 00000002 00000000 00000000 0002 01 11073
0000000000000000: 00000003 00000000 00000000 0001 03 36691
0000000000000000: 00000003 00000000 00000000 0005 03 25934
0000000000000000: 00000003 00000000 00000000 0005 03 14399
0000000000000000: 00000003 00000000 00000000 0001 03 36915
0000000000000000: 00000002 00000000 00000000 0002 01 36781
0000000000000000: 00000003 00000000 00000000 0005 03 29224
0000000000000000: 00000003 00000000 00000000 0005 03 13833
0000000000000000: 00000002 00000000 00000000 0002 01 13560
0000000000000000: 00000003 00000000 00000000 0005 03 33769
0000000000000000: 00000003 00000000 00000000 0005 03 30657
0000000000000000: 00000003 00000000 00000000 0005 03 29171
0000000000000000: 00000002 00000000 00000000 0002 01 21048
0000000000000000: 00000003 00000000 00000000 0005 03 20346
0000000000000000: 00000002 00000000 00000000 0002 01 10361
0000000000000000: 00000002 00000000 00000000 0002 01 36607
0000000000000000: 00000003 00000000 00000000 0005 03 20781 @jdwp-control
0000000000000000: 00000003 00000000 00000000 0005 03 20672
0000000000000000: 00000003 00000000 00000000 0005 03 20373
0000000000000000: 00000002 00000000 00000000 0002 01 10881
0000000000000000: 00000003 00000000 00000000 0002 01 10731
0000000000000000: 00000002 00000000 00000000 0002 01 25967
0000000000000000: 00000003 00000000 00000000 0005 03  6386
0000000000000000: 00000003 00000000 00000000 0005 03 22086 @jdwp-control
0000000000000000: 00000003 00000000 00000000 0005 03 13390
0000000000000000: 00000003 00000000 00000000 0005 03 12786
0000000000000000: 00000003 00000000 00000000 0005 03 33939
0000000000000000: 00000003 00000000 00000000 0005 03 30350
0000000000000000: 00000002 00000000 00000000 0002 01 10473
0000000000000000: 00000003 00000000 00000000 0001 03 36967
0000000000000000: 00000003 00000000 00000000 0001 03 33568
0000000000000000: 00000003 00000000 00000000 0001 03 33072
0000000000000000: 00000002 00000000 00000000 0002 01 29297
0000000000000000: 00000003 00000000 00000000 0005 03 20636 @jdwp-control
0000000000000000: 00000003 00000000 00000000 0005 03 20371
0000000000000000: 00000003 00000000 00000000 0005 03 20347
0000000000000000: 00000003 00000000 00000000 0001 03 12458
0000000000000000: 00000002 00000000 00000000 0002 01  8759
0000000000000000: 00000003 00000000 00000000 0005 03 21803
0000000000000000: 00000003 00000000 00000000 0005 03 13892
0000000000000000: 00000003 00000000 00000000 0005 03 31932
0000000000000000: 00000003 00000000 00000000 0005 03 23780
0000000000000000: 00000002 00000000 00000000 0002 01 22017
0000000000000000: 00000003 00000000 00000000 0005 03 21921 @jdwp-control
0000000000000000: 00000003 00000000 00000000 0005 03 22458 @jdwp-control
0000000000000000: 00000003 00000000 00000000 0005 03 13309
0000000000000000: 00000003 00000000 00000000 0005 03 25973 @jdwp-control
0000000000000000: 00000003 00000000 00000000 0005 03 14400
0000000000000000: 00000003 00000000 00000000 0005 03 29401
0000000000000000: 00000002 00000000 00000000 0002 01 20409
0000000000000000: 00000003 00000000 00000000 0001 03 10972
0000000000000000: 00000002 00000000 00000000 0002 01  8785
0000000000000000: 00000003 00000000 00000000 0005 03 36763
0000000000000000: 00000003 00000000 00000000 0005 03 36649
0000000000000000: 00000002 00000000 00000000 0002 01 32710
0000000000000000: 00000003 00000000 00000000 0005 03 21019
0000000000000000: 00000002 00000000 00000000 0002 01 13969
0000000000000000: 00000003 00000000 00000000 0005 03 12861
0000000000000000: 00000002 00000000 00000000 0002 01 10385
0000000000000000: 00000003 00000000 00000000 0001 03 36916
0000000000000000: 00000003 00000000 00000000 0001 03 23666
0000000000000000: 00000002 00000000 00000000 0002 01 22490
0000000000000000: 00000002 00000000 00000000 0002 01 14414
0000000000000000: 00000003 00000000 00000000 0005 03 13113
0000000000000000: 00000003 00000000 00000000 0005 03 13321
0000000000000000: 00000003 00000000 00000000 0005 03 26242
0000000000000000: 00000003 00000000 00000000 0005 03 36688
0000000000000000: 00000003 00000000 00000000 0005 03 20683
0000000000000000: 00000003 00000000 00000000 0005 03 20377
0000000000000000: 00000003 00000000 00000000 0005 03 12486
0000000000000000: 00000002 00000000 00000000 0002 01 10752
0000000000000000: 00000003 00000000 00000000 0005 03 36611
0000000000000000: 00000002 00000000 00000000 0002 01 20749
0000000000000000: 00000003 00000000 00000000 0005 03 33730
0000000000000000: 00000003 00000000 00000000 0001 03 33094
0000000000000000: 00000003 00000000 00000000 0005 03 12829
0000000000000000: 00000003 00000000 00000000 0005 03 32690
0000000000000000: 00000003 00000000 00000000 0001 03 31453
0000000000000000: 00000003 00000000 00000000 0001 03 36968
0000000000000000: 00000003 00000000 00000000 0001 03 36771
0000000000000000: 00000003 00000000 00000000 0005 03 12630
0000000000000000: 00000002 00000000 00000000 0002 01 10400
0000000000000000: 00000003 00000000 00000000 0005 03 26457
0000000000000000: 00000003 00000000 00000000 0005 03 20577
0000000000000000: 00000003 00000000 00000000 0005 03 20436 @jdwp-control
0000000000000000: 00000003 00000000 00000000 0001 03  8899
0000000000000000: 00000003 00000000 00000000 0005 03 36659
0000000000000000: 00000003 00000000 00000000 0005 03 20345
0000000000000000: 00000003 00000000 00000000 0005 03 13145
0000000000000000: 00000003 00000000 00000000 0005 03 29172
0000000000000000: 00000003 00000000 00000000 0005 03 36803
0000000000000000: 00000003 00000000 00000000 0005 03 36790 @jdwp-control
0000000000000000: 00000003 00000000 00000000 0001 03 12682 /dev/socket/zygote
0000000000000000: 00000003 00000000 00000000 0001 03 36965
0000000000000000: 00000003 00000000 00000000 0005 03 30658
0000000000000000: 00000003 00000000 00000000 0005 03 12823
0000000000000000: 00000002 00000000 00000000 0002 01  9124
0000000000000000: 00000003 00000000 00000000 0005 03 32638
0000000000000000: 00000003 00000000 00000000 0001 03 20988
0000000000000000: 00000003 00000000 00000000 0005 03 13323
0000000000000000: 00000003 00000000 00000000 0001 03 33564
0000000000000000: 00000002 00000000 00000000 0002 01 21051
0000000000000000: 00000003 00000000 00000000 0005 03 20752
0000000000000000: 00000003 00000000 00000000 0005 03 20430
0000000000000000: 00000003 00000000 00000000 0005 03 13491
0000000000000000: 00000003 00000000 00000000 0001 03 12464
0000000000000000: 00000002 00000000 00000000 0002 01  8903
0000000000000000: 00000002 00000000 00000000 0002 01 26296
0000000000000000: 00000003 00000000 00000000 0005 03 22444
0000000000000000: 00000002 00000000 00000000 0002 01 22197
0000000000000000: 00000003 00000000 00000000 0005 03 14149 @jdwp-control
0000000000000000: 00000003 00000000 00000000 0001 03 36845
0000000000000000: 00000003 00000000 00000000 0005 03 23782
0000000000000000: 00000003 00000000 00000000 0001 03 12746
0000000000000000: 00000002 00000000 00000000 0002 01 13325
0000000000000000: 00000003 00000000 00000000 0001 03 33360
0000000000000000: 00000003 00000000 00000000 0005 03 20632
0000000000000000: 00000003 00000000 00000000 0005 03 13432
0000000000000000: 00000003 00000000 00000000 0005 03 12822
0000000000000000: 00000002 00000000 00000000 0002 01  8919
0000000000000000: 00000003 00000000 00000000 0005 03 36654
0000000000000000: 00000003 00000000 00000000 0005 03 20826
0000000000000000: 00000003 00000000 00000000 0005 03 13914 @jdwp-control
0000000000000000: 00000002 00000000 00000000 0002 01 12900
0000000000000000: 00000003 00000000 00000000 0001 03 36966
0000000000000000: 00000002 00000000 00000000 0002 01 33976
0000000000000000: 00000003 00000000 00000000 0005 03 30360 @jdwp-control
0000000000000000: 00000003 00000000 00000000 0005 03 21705
0000000000000000: 00000003 00000000 00000000 0001 03 12588
0000000000000000: 00000003 00000000 00000000 0001 03  9377
0000000000000000: 00000003 00000000 00000000 0005 03 28066 @jdwp-control
0000000000000000: 00000003 00000000 00000000 0001 03 36777
0000000000000000: 00000003 00000000 00000000 0005 03 32040
0000000000000000: 00000003 00000000 00000000 0001 03 12745
0000000000000000: 00000003 00000000 00000000 0001 03 36692 /dev/socket/traced_producer
0000000000000000: 00000002 00000000 00000000 0002 01 14165
0000000000000000: 00000003 00000000 00000000 0005 03 26293
0000000000000000: 00000003 00000000 00000000 0005 03 33336 @jdwp-control
0000000000000000: 00000003 00000000 00000000 0005 03 21784
0000000000000000: 00000003 00000000 00000000 0005 03 20818
0000000000000000: 00000003 00000000 00000000 0005 03 20616 @jdwp-control
0000000000000000: 00000003 00000000 00000000 0005 03 13834
0000000000000000: 00000003 00000000 00000000 0005 03 10885
0000000000000000: 00000003 00000000 00000000 0005 03 33984 @jdwp-control
0000000000000000: 00000002 00000000 00000000 0002 01 33331
0000000000000000: 00000003 00000000 00000000 0005 03 33291
0000000000000000: 00000003 00000000 00000000 0005 03 12628
0000000000000000: 00000002 00000000 00000000 0002 01 10447
0000000000000000: 00000003 00000000 00000000 0001 03 33083
0000000000000000: 00000003 00000000 00000000 0005 03 29314 @jdwp-control
0000000000000000: 00000002 00000000 00000000 0002 01 13906
0000000000000000: 00000003 00000000 00000000 0001 03 36800
0000000000000000: 00000003 00000000 00000000 0001 03 36799
0000000000000000: 00000003 00000000 00000000 0005 03 12768
0000000000000000: 00000003 00000000 00000000 0005 03 31546 @jdwp-control
0000000000000000: 00000003 00000000 00000000 0005 03  6388
0000000000000000: 00000002 00000000 00000000 0002 01 28061
0000000000000000: 00000003 00000000 00000000 0005 03 21701
0000000000000000: 00000003 00000000 00000000 0005 03 20817
0000000000000000: 00000002 00000000 00000000 0002 01 11034
0000000000000000: 00000003 00000000 00000000 0002 01 10728
0000000000000000: 00000003 00000000 00000000 0005 03 28923 @jdwp-control
0000000000000000: 00000003 00000000 00000000 0001 03 31400
0000000000000000: 00000003 00000000 00000000 0005 03 12550
0000000000000000: 00000002 00000000 00000000 0002 01  9816
0000000000000000: 00000003 00000000 00000000 0005 03 13236 @jdwp-control
0000000000000000: 00000003 00000000 00000000 0005 03 13322
0000000000000000: 00000003 00000000 00000000 0005 03 30700
0000000000000000: 00000002 00000000 00000000 0002 01  7439
0000000000000000: 00000003 00000000 00000000 0005 03 13780
0000000000000000: 00000002 00000000 00000000 0002 01  8458
0000000000000000: 00000003 00000000 00000000 0005 03 29453 @jdwp-control
0000000000000000: 00000003 00000000 00000000 0001 03 33571
0000000000000000: 00000002 00000000 00000000 0002 01 26527
0000000000000000: 00000003 00000000 00000000 0005 03 14124
0000000000000000: 00000003 00000000 00000000 0005 03 12544
0000000000000000: 00000003 00000000 00000000 0005 03 11736
0000000000000000: 00000002 00000000 00000000 0002 01  9875
0000000000000000: 00000002 00000000 00000000 0002 01 33229
0000000000000000: 00000003 00000000 00000000 0005 03 13269
0000000000000000: 00000003 00000000 00000000 0001 03 23204
0000000000000000: 00000002 00000000 00000000 0002 01 32883
0000000000000000: 00000003 00000000 00000000 0005 03 28747
0000000000000000: 00000003 00000000 00000000 0005 03 10805
0000000000000000: 00000002 00000000 00000000 0002 01  8548
0000000000000000: 00000003 00000000 00000000 0001 03 13253
0000000000000000: 00000003 00000000 00000000 0005 03 33258
0000000000000000: 00000003 00000000 00000000 0001 03 36741
0000000000000000: 00000003 00000000 00000000 0005 03 12546
0000000000000000: 00000003 00000000 00000000 0001 03 36918
0000000000000000: 00000003 00000000 00000000 0005 03 28792 @jdwp-control
0000000000000000: 00000002 00000000 00000000 0002 01  9098
0000000000000000: 00000003 00000000 00000000 0005 03 30786
0000000000000000: 00000002 00000000 00000000 0002 01 13648
0000000000000000: 00000003 00000000 00000000 0005 03 33290
0000000000000000: 00000003 00000000 00000000 0005 03 12548
0000000000000000: 00000003 00000000 00000000 0005 03 12556
0000000000000000: 00000003 00000000 00000000 0005 03 14307
0000000000000000: 00000002 00000000 00000000 0002 01 13179
0000000000000000: 00000002 00000000 00000000 0002 01  9743
0000000000000000: 00000003 00000000 00000000 0005 03 33099
0000000000000000: 00000003 00000000 00000000 0005 03 13829
0000000000000000: 00000003 00000000 00000000 0005 03 29925
0000000000000000: 00000003 00000000 00000000 0005 03 10804
0000000000000000: 00000003 00000000 00000000 0005 03 28884
0000000000000000: 00000003 00000000 00000000 0005 03 29903
0000000000000000: 00000003 00000000 00000000 0005 03 20113 @jdwp-control
0000000000000000: 00000002 00000000 00000000 0002 01 11263
0000000000000000: 00000003 00000000 00000000 0001 03 33104
0000000000000000: 00000003 00000000 00000000 0005 03 20450
0000000000000000: 00000003 00000000 00000000 0005 03 12554
0000000000000000: 00000002 00000000 00000000 0002 01 10648
0000000000000000: 00000003 00000000 00000000 0005 03 32845
0000000000000000: 00000002 00000000 00000000 0002 01 30832
0000000000000000: 00000002 00000000 00000000 0002 01  9042
0000000000000000: 00000002 00000000 00000000 0002 01  7102
0000000000000000: 00000003 00000000 00000000 0005 03 13859
0000000000000000: 00000003 00000000 00000000 0005 03 27991
0000000000000000: 00000003 00000000 00000000 0005 03 13196
0000000000000000: 00000002 00000000 00000000 0002 01  9997
0000000000000000: 00000003 00000000 00000000 0001 03 33153
0000000000000000: 00000003 00000000 00000000 0005 03 12552
0000000000000000: 00000002 00000000 00000000 0002 01 20480
0000000000000000: 00000003 00000000 00000000 0005 03 28922
0000000000000000: 00000003 00000000 00000000 0005 03 30935
0000000000000000: 00000003 00000000 00000000 0005 03 29263
0000000000000000: 00000003 00000000 00000000 0005 03 30787 @jdwp-control
0000000000000000: 00000003 00000000 00000000 0005 03 29927
0000000000000000: 00000002 00000000 00000000 0002 01 11520
0000000000000000: 00000002 00000000 00000000 0002 01  6891
0000000000000000: 00000003 00000000 00000000 0001 03 33159
0000000000000000: 00000002 00000000 00000000 0002 01 10577
0000000000000000: 00000003 00000000 00000000 0001 03 31401
0000000000000000: 00000002 00000000 00000000 0002 01 11369
0000000000000000: 00000003 00000000 00000000 0005 03 30934
0000000000000000: 00000003 00000000 00000000 0005 03 21888
0000000000000000: 00000003 00000000 00000000 0005 03 32887 @jdwp-control
0000000000000000: 00000002 00000000 00000000 0002 01 30781
0000000000000000: 00000003 00000000 00000000 0005 03 10798
0000000000000000: 00000002 00000000 00000000 0002 01  6833
0000000000000000: 00000003 00000000 00000000 0005 03 13830
