START cdp_timezone_only_v1-r1-clean_pre
ACCEPT cdp_timezone_only_v1-r1-clean_pre d1b23d0e-2694-4581-8f1a-2e635e53ff8d
START cdp_timezone_only_v1-r1-attack
ACCEPT cdp_timezone_only_v1-r1-attack 530cb319-8b97-4b98-85a5-0a8436d35b4e
START cdp_timezone_only_v1-r1-clean_post
ACCEPT cdp_timezone_only_v1-r1-clean_post 4bc071f1-f067-4604-95c3-a84a215e88a1
START cdp_timezone_only_v1-r2-clean_pre
ACCEPT cdp_timezone_only_v1-r2-clean_pre b810f840-1de4-4e7d-bb76-b8fcef3918f6
START cdp_timezone_only_v1-r2-attack
ACCEPT cdp_timezone_only_v1-r2-attack d880c189-6ed6-4b8e-83d5-3bf57054a6a5
START cdp_timezone_only_v1-r2-clean_post
ACCEPT cdp_timezone_only_v1-r2-clean_post 20cf76e2-76a2-4555-a22a-789a2e777598
START cdp_timezone_only_v1-r3-clean_pre
ACCEPT cdp_timezone_only_v1-r3-clean_pre c4e593c3-9006-4824-932b-ba9fd372bb9c
START cdp_timezone_only_v1-r3-attack
ACCEPT cdp_timezone_only_v1-r3-attack 03ceba25-ecfe-435e-a511-6d8b5c04431e
START cdp_timezone_only_v1-r3-clean_post
ACCEPT cdp_timezone_only_v1-r3-clean_post dc558d50-a1f6-4be4-90b5-0f1a57b0f0ac
START cdp_screen_metrics_only_v1-r1-clean_pre
ACCEPT cdp_screen_metrics_only_v1-r1-clean_pre 63e941f6-4920-4d35-bff0-8ae0e1c60c90
START cdp_screen_metrics_only_v1-r1-attack
ACCEPT cdp_screen_metrics_only_v1-r1-attack 72a4983c-12d3-49b1-b40e-016b6ca97faa
START cdp_screen_metrics_only_v1-r1-clean_post
ACCEPT cdp_screen_metrics_only_v1-r1-clean_post 203e7d26-83db-453d-a3e2-d27f983e8d91
START cdp_screen_metrics_only_v1-r2-clean_pre
ACCEPT cdp_screen_metrics_only_v1-r2-clean_pre 126ec536-e16e-4926-9349-eac81a5c6a49
START cdp_screen_metrics_only_v1-r2-attack
ACCEPT cdp_screen_metrics_only_v1-r2-attack c34e9a60-d8f9-4ab0-a261-19d27ba0469e
START cdp_screen_metrics_only_v1-r2-clean_post
ACCEPT cdp_screen_metrics_only_v1-r2-clean_post a8ad837f-cadd-41ae-95d3-490ae63a2688
START cdp_screen_metrics_only_v1-r3-clean_pre
ACCEPT cdp_screen_metrics_only_v1-r3-clean_pre 8fafa724-9521-40e8-bfc5-5d401372ffe6
START cdp_screen_metrics_only_v1-r3-attack
ACCEPT cdp_screen_metrics_only_v1-r3-attack a7469176-98ce-49cc-8202-3202f3372c3e
START cdp_screen_metrics_only_v1-r3-clean_post
ACCEPT cdp_screen_metrics_only_v1-r3-clean_post 88996329-d4c3-4d9a-b628-8f7f3220fe8b
START stealth_webgl_pair_v1-r1-clean_pre
ACCEPT stealth_webgl_pair_v1-r1-clean_pre cfaf312f-d74c-4083-bd0a-ec3fd635f684
START stealth_webgl_pair_v1-r1-attack
ACCEPT stealth_webgl_pair_v1-r1-attack 507fc2c3-c04e-426f-b4a5-7f7ad6c053e5
START stealth_webgl_pair_v1-r1-clean_post
ACCEPT stealth_webgl_pair_v1-r1-clean_post 149c02f6-fc6a-4719-b435-2c0061f77c6d
START stealth_webgl_pair_v1-r2-clean_pre
ACCEPT stealth_webgl_pair_v1-r2-clean_pre cbd5f701-6f79-4749-96aa-fc7c8b7c6274
START stealth_webgl_pair_v1-r2-attack
ACCEPT stealth_webgl_pair_v1-r2-attack 1d4fb619-d813-4d8f-9b07-1bbc9415973b
START stealth_webgl_pair_v1-r2-clean_post
ACCEPT stealth_webgl_pair_v1-r2-clean_post cfc623bb-84f4-46ce-a138-5a7e8501204e
START stealth_webgl_pair_v1-r3-clean_pre
ACCEPT stealth_webgl_pair_v1-r3-clean_pre b0a5455a-2549-4a9d-8e06-30b519fe519d
START stealth_webgl_pair_v1-r3-attack
ACCEPT stealth_webgl_pair_v1-r3-attack 0ef4cc50-c91e-43de-b710-342fd835ed28
START stealth_webgl_pair_v1-r3-clean_post
ACCEPT stealth_webgl_pair_v1-r3-clean_post 7e18c129-405d-4eb8-816e-99a099fb7592
START stealth_plugins_mime_v1-r1-clean_pre
ACCEPT stealth_plugins_mime_v1-r1-clean_pre ab70618a-ba08-44f8-8742-fe1645a728fd
START stealth_plugins_mime_v1-r1-attack
ACCEPT stealth_plugins_mime_v1-r1-attack 1ea073ef-f97c-448b-a092-e15cf5e451a5
START stealth_plugins_mime_v1-r1-clean_post
ACCEPT stealth_plugins_mime_v1-r1-clean_post f47c1d74-d912-43ca-a7f2-0feb8e795f9d
START stealth_plugins_mime_v1-r2-clean_pre
ACCEPT stealth_plugins_mime_v1-r2-clean_pre b2cc0b1c-53fc-4a60-b23f-55b2314fd5e7
START stealth_plugins_mime_v1-r2-attack
ACCEPT stealth_plugins_mime_v1-r2-attack 9dfbb537-52bd-4657-88f4-31b03435beb5
START stealth_plugins_mime_v1-r2-clean_post
ACCEPT stealth_plugins_mime_v1-r2-clean_post 7ebadbd7-8f4a-404a-9a1e-b00b78176383
START stealth_plugins_mime_v1-r3-clean_pre
ACCEPT stealth_plugins_mime_v1-r3-clean_pre f182bda1-610f-4f6e-a77c-0987d7143ee5
START stealth_plugins_mime_v1-r3-attack
ACCEPT stealth_plugins_mime_v1-r3-attack fb94c1c0-e1ee-46b8-bc7e-41e558de0a8a
START stealth_plugins_mime_v1-r3-clean_post
ACCEPT stealth_plugins_mime_v1-r3-clean_post 1edea931-54a1-4d8e-adbf-4a9495d4cda1
