   PID NAME                       
     1 init
     2 [kthreadd]
     3 [rcu_gp]
     4 [rcu_par_gp]
     5 [kworker/0:0-events]
     6 [kworker/0:0H-kblockd]
     7 [kworker/u2:0-flush-253:4]
     8 [mm_percpu_wq]
     9 [ksoftirqd/0]
    10 [rcu_preempt]
    11 [migration/0]
    12 [kworker/0:1-events]
    13 [cpuhp/0]
    14 [netns]
    15 [rcu_tasks_kthre]
    16 [kauditd]
    17 [oom_reaper]
    18 [writeback]
    19 [kcompactd0]
    36 [cryptd]
    68 [kblockd]
    69 [kworker/u3:0-fscrypt_read_queue]
    70 [blk_crypto_wq]
    71 [blkcg_punt_bio]
    72 [edac-poller]
    73 [ion_system_heap]
    74 [devfreq_wq]
    75 [watchdogd]
    76 [cfg80211]
   101 [kswapd0]
   103 [uas]
   104 [dm_bufio_cache]
   105 [ipv6_addrconf]
   106 [krfcommd]
   109 [kworker/0:2-cgroup_pidlist_destroy]
   110 [kworker/0:3-mm_percpu_wq]
   111 [sugov:0]
   112 [kworker/0:4-cgroup_pidlist_destroy]
   113 [md]
   114 [usbip_event]
   115 [hwrng]
   116 [kworker/u2:1-phy0]
   117 [kworker/0:1H-kblockd]
   118 [jbd2/vdd1-8]
   119 [ext4-rsv-conver]
   120 [kdmflush]
   121 [kdmflush]
   122 [kdmflush]
   123 [kdmflush]
   124 [ext4-rsv-conver]
   125 [ext4-rsv-conver]
   126 [ext4-rsv-conver]
   127 [ext4-rsv-conver]
   129 init
   131 ueventd
   136 [loop0]
   137 [ext4-rsv-conver]
   138 [loop1]
   139 [ext4-rsv-conver]
   140 [loop2]
   141 [ext4-rsv-conver]
   142 [loop3]
   143 [ext4-rsv-conver]
   144 [loop4]
   145 [ext4-rsv-conver]
   146 [loop5]
   147 [ext4-rsv-conver]
   151 logd
   152 lmkd
   153 servicemanager
   154 hwservicemanager
   155 qemu-props
   156 [psimon]
   157 vold
   162 android.hardware.keymaster@4.1-service
   172 [kdmflush]
   175 [kworker/u3:1-fscrypt_read_queue]
   180 [jbd2/dm-4-8]
   181 [ext4-rsv-conver]
   184 android.system.suspend@1.0-service
   185 android.hardware.atrace@1.0-service
   194 apexd
   196 [loop6]
   198 [ext4-rsv-conver]
   199 [loop7]
   200 [ext4-rsv-conver]
   201 [loop8]
   202 [ext4-rsv-conver]
   203 [loop9]
   204 [ext4-rsv-conver]
   205 [loop10]
   206 [ext4-rsv-conver]
   207 [loop11]
   208 [ext4-rsv-conver]
   209 [loop12]
   210 [ext4-rsv-conver]
   211 [loop13]
   212 [ext4-rsv-conver]
   213 [loop14]
   214 [ext4-rsv-conver]
   215 [loop15]
   216 [ext4-rsv-conver]
   217 [loop16]
   218 [ext4-rsv-conver]
   219 [loop17]
   220 [ext4-rsv-conver]
   221 [loop18]
   222 [ext4-rsv-conver]
   223 [loop19]
   224 [ext4-rsv-conver]
   225 [loop20]
   226 [ext4-rsv-conver]
   227 [loop21]
   228 [ext4-rsv-conver]
   229 [loop22]
   230 [ext4-rsv-conver]
   231 [loop23]
   232 [ext4-rsv-conver]
   233 [loop24]
   234 [ext4-rsv-conver]
   235 [loop25]
   236 [ext4-rsv-conver]
   237 [loop26]
   238 [ext4-rsv-conver]
   239 [loop27]
   240 [ext4-rsv-conver]
   250 createns
   255 tombstoned
   260 statsd
   261 netd
   262 zygote64
   263 android.hidl.allocator@1.0-service
   264 android.hardware.audio.service.ranchu
   265 android.hardware.authsecret@1.0-service
   266 android.hardware.bluetooth@1.1-service.sim
   267 android.hardware.camera.provider@2.4-service_64
   268 android.hardware.camera.provider@2.6-service-google
   269 android.hardware.contexthub@1.1-service.mock
   270 android.hardware.drm@1.0-service
   271 android.hardware.drm@1.3-service.clearkey
   272 android.hardware.drm@1.3-service.widevine
   273 android.hardware.gatekeeper@1.0-service.software
   274 android.hardware.graphics.allocator@3.0-service
   275 android.hardware.graphics.composer@2.3-service
   276 android.hardware.health@2.1-service
   277 android.hardware.neuralnetworks@1.3-service-sample-all
   278 android.hardware.neuralnetworks@1.3-service-sample-float-fast
   279 android.hardware.neuralnetworks@1.3-service-sample-float-slow
   280 android.hardware.neuralnetworks@1.3-service-sample-minimal
   281 android.hardware.neuralnetworks@1.3-service-sample-quant
   282 android.hardware.power.stats@1.0-service.mock
   283 android.hardware.sensors@2.1-service.multihal
   284 android.hardware.thermal@2.0-service.mock
   285 android.hardware.usb@1.0-service
   286 android.hardware.wifi@1.0-service
   287 android.hardware.identity-service.example
   288 android.hardware.lights-service.example
   289 android.hardware.power-service.example
   290 android.hardware.rebootescrow-service.default
   291 android.hardware.vibrator-service.example
   293 media.log
   294 credstore
   295 gpuservice
   296 surfaceflinger
   308 logcat
   331 adbd
   334 traced_probes
   335 traced
   336 cameraserver
   337 drmserver
   340 incidentd
   341 installd
   342 iorapd
   347 keystore
   348 media.extractor
   349 media.metrics
   350 mediaserver
   351 storaged
   352 wificond
   353 iptables-restore
   354 ip6tables-restore
   359 media.codec
   374 audioserver
   377 libgoldfish-rild
   379 media.swcodec
   380 gatekeeperd
   384 android.hardware.biometrics.face@1.0-service.example
   385 android.hardware.biometrics.fingerprint@2.1-service
   386 llkd
   405 mdnsd
   409 dhcpclient
   429 dhcpclient
   462 system_server
   539 android.hardware.input.classifier@1.0-service.default
   591 wpa_supplicant
   596 com.android.bluetooth
   607 com.android.systemui
   656 android.hardware.gnss@2.0-service.ranchu
   707 com.android.networkstack.process
   734 com.android.se
   750 com.android.phone
   787 com.google.android.ext.services
   798 webview_zygote
   924 com.google.android.apps.nexuslauncher
   978 iorap.prefetcherd
  1017 com.google.android.gms.persistent
  1086 com.android.dialer
  1114 android.process.acore
  1138 com.google.android.cellbroadcastreceiver
  1197 com.google.android.inputmethod.latin
  1214 com.google.android.apps.wellbeing
  1261 com.google.android.providers.media.module
  1285 abb
  1288 com.google.android.googlequicksearchbox:interactor
  1306 com.android.ims.rcsservice
  1345 com.android.emulator.multidisplay
  1360 com.google.process.gservices
  1403 com.google.android.googlequicksearchbox:search
  1452 com.google.android.gms
  1553 com.google.process.gapps
  1864 com.google.android.permissioncontroller
  1904 com.google.android.partnersetup
  2117 android.process.media
  2328 com.google.android.gms.unstable
  2414 com.google.android.apps.messaging
  2580 com.android.providers.calendar
  2603 com.google.android.ims
  2635 com.android.settings
  2671 com.android.shell
  2717 com.android.traceur
  2754 com.google.android.apps.docs
  2871 com.google.android.apps.maps
  2998 com.google.android.apps.messaging:rcs
  3029 com.google.android.apps.photos
  3066 com.google.android.apps.wallpaper
  3101 com.google.android.apps.youtube.music
  3124 com.android.chrome
  3215 com.google.android.calendar
  3286 com.google.android.configupdater
  3292 [kworker/u2:2]
  3330 com.google.android.deskclock
  3368 com.google.android.gm
  3512 sh
  3528 cmd
  3587 ps
