  PID NAME                       
    1 init
    2 [kthreadd]
    3 [pool_workqueue_release]
    4 [kworker/R-kvfree_rcu_reclaim]
    5 [kworker/R-rcu_gp]
    6 [kworker/R-sync_wq]
    7 [kworker/R-slub_flushwq]
    8 [kworker/R-netns]
    9 [kworker/0:0-virtio_vsock]
   10 [kworker/0:0H-kblockd]
   11 [kworker/0:1-events]
   12 [kworker/u4:0-loop43]
   13 [kworker/R-mm_percpu_wq]
   14 [kworker/u4:1-loop43]
   15 [rcu_tasks_kthread]
   16 [rcu_tasks_trace_kthread]
   17 [ksoftirqd/0]
   18 [rcu_preempt]
   19 [rcuog/0]
   20 [rcuop/0]
   21 [rcub/0]
   22 [rcu_exp_par_gp_kthread_worker/0]
   23 [rcu_exp_gp_kthread_worker]
   24 [migration/0]
   25 [idle_inject/0]
   26 [cpuhp/0]
   27 [kworker/R-inet_frag_wq]
   28 [kauditd]
   29 [khungtaskd]
   30 [oom_reaper]
   31 [kworker/R-writeback]
   32 [kcompactd0]
   33 [khugepaged]
   34 [kworker/R-kblockd]
   35 [kworker/R-edac-poller]
   36 [kworker/R-devfreq_wq]
   37 [watchdogd]
   38 [kworker/u4:2-loop22]
   39 [kworker/0:1H-kverityd]
   40 [kswapd0]
   41 [kworker/u5:0-fscrypt_read_queue]
   42 [kworker/R-nvme-wq]
   43 [kworker/R-nvme-reset-wq]
   44 [kworker/R-nvme-delete-wq]
   45 [kworker/R-vfio-irqfd-cleanup]
   46 [kworker/R-uas]
   47 [kworker/R-dm_bufio_cache]
   48 [kworker/R-mld]
   49 [kworker/R-ipv6_addrconf]
   50 [kworker/R-kstrp]
   52 [kworker/0:2-virtio_vsock]
   53 [hwrng]
   55 [khvcd]
   59 [jbd2/vdd1-8]
   60 [kworker/R-ext4-rsv-conversion]
   61 [kworker/R-kdmflush/254:0]
   62 [kworker/R-kdmflush/254:1]
   63 [kworker/R-kdmflush/254:2]
   64 [kworker/R-kdmflush/254:3]
   65 [kworker/R-kdmflush/254:4]
   66 [erofs_worker/0]
   69 init
   70 ueventd
  127 [kworker/R-kdmflush/254:9]
  133 [kworker/R-kdmflush/254:15]
  135 [kworker/R-kdmflush/254:17]
  136 [kworker/R-kdmflush/254:18]
  137 [kworker/R-kdmflush/254:19]
  138 [kworker/R-kdmflush/254:20]
  140 [kworker/R-kdmflush/254:22]
  141 [kworker/R-kdmflush/254:23]
  142 [kworker/R-kdmflush/254:24]
  143 [kworker/R-kdmflush/254:25]
  144 [kworker/R-kdmflush/254:26]
  145 [kworker/R-kdmflush/254:27]
  146 [kworker/R-kdmflush/254:28]
  147 [kworker/R-kdmflush/254:29]
  148 [kworker/R-kdmflush/254:30]
  150 [kworker/R-kdmflush/254:32]
  152 [kworker/R-kdmflush/254:34]
  153 [kworker/R-kdmflush/254:35]
  154 [kworker/R-kdmflush/254:36]
  155 [kworker/R-kdmflush/254:37]
  157 [kworker/R-kdmflush/254:39]
  158 [kworker/R-kdmflush/254:40]
  159 [kworker/R-kdmflush/254:41]
  160 [kworker/R-kdmflush/254:42]
  161 [kworker/R-kdmflush/254:43]
  163 [kworker/R-kdmflush/254:45]
  165 [kworker/R-kdmflush/254:47]
  167 [kworker/R-kdmflush/254:49]
  169 [kworker/R-kdmflush/254:51]
  171 [kworker/R-kdmflush/254:53]
  177 [kworker/R-ext4-rsv-conversion]
  178 [kworker/R-ext4-rsv-conversion]
  179 [kworker/R-ext4-rsv-conversion]
  180 [kworker/R-ext4-rsv-conversion]
  181 [kworker/R-ext4-rsv-conversion]
  186 [kworker/R-cfg80211]
  187 [sugov:0]
  188 [irq/35-goldfish_pipe_dprctd]
  189 prng_seeder
  191 logd
  192 lmkd
  193 servicemanager
  194 hwservicemanager
  195 [psimon]
  196 qemu-props
  198 [kworker/R-usbip_event]
  203 [kworker/0:3-events]
  204 [kworker/0:4-events]
  205 vold
  207 [kworker/R-kdmflush/254:54]
  215 [kworker/R-update_hdmi_ctrls_wq]
  216 [kworker/R-update_svid_ctrls_wq]
  219 android.system.suspend-service
  220 keystore2
  221 android.hardware.security.keymint-service
  222 android.hardware.gatekeeper-service.nonsecure
  233 [kworker/R-blk_crypto_wq]
  235 [kworker/u5:1-blk_crypto_wq]
  239 [jbd2/dm-54-8]
  240 [kworker/R-ext4-rsv-conversion]
  244 tombstoned
  300 [kworker/u5:2-fscrypt_read_queue]
  351 [kworker/R-kverityd]
  352 [kworker/R-kverityd]
  353 [kworker/R-kverityd]
  354 [kworker/R-kverityd]
  355 [kworker/R-kverityd]
  356 [kworker/R-kverityd]
  357 [kworker/R-kverityd]
  358 [kworker/R-kverityd]
  359 [kworker/R-kverityd]
  360 [kworker/R-ext4-rsv-conversion]
  361 [kworker/R-kverityd]
  362 [kworker/R-kverityd]
  363 [kworker/R-kverityd]
  364 [kworker/R-kverityd]
  365 [kworker/R-kverityd]
  366 [kworker/R-ext4-rsv-conversion]
  367 [kworker/R-ext4-rsv-conversion]
  368 [kworker/R-ext4-rsv-conversion]
  369 [kworker/0:2H-kverityd]
  370 [kworker/u4:3-loop47]
  371 [kworker/R-ext4-rsv-conversion]
  372 [kworker/R-ext4-rsv-conversion]
  373 [kworker/R-kverityd]
  374 [kworker/R-ext4-rsv-conversion]
  375 [kworker/R-kverityd]
  376 [kworker/R-ext4-rsv-conversion]
  377 [kworker/u4:4-phy1]
  378 [kworker/R-ext4-rsv-conversion]
  379 [kworker/R-ext4-rsv-conversion]
  380 [kworker/R-ext4-rsv-conversion]
  381 [kworker/R-kverityd]
  382 [kworker/R-ext4-rsv-conversion]
  383 [kworker/R-ext4-rsv-conversion]
  384 [kworker/R-kverityd]
  385 [kworker/R-kverityd]
  386 [kworker/R-kverityd]
  387 [kworker/R-kverityd]
  388 [kworker/R-kverityd]
  389 [kworker/0:3H-kverityd]
  390 [kworker/R-kverityd]
  391 [kworker/R-ext4-rsv-conversion]
  392 [kworker/R-ext4-rsv-conversion]
  393 [kworker/R-kverityd]
  394 [kworker/R-kverityd]
  395 [kworker/R-kverityd]
  396 [kworker/R-kverityd]
  397 [kworker/R-ext4-rsv-conversion]
  398 [kworker/R-ext4-rsv-conversion]
  399 [kworker/R-ext4-rsv-conversion]
  400 [kworker/R-ext4-rsv-conversion]
  401 [kworker/R-kverityd]
  402 [kworker/R-ext4-rsv-conversion]
  403 [kworker/R-ext4-rsv-conversion]
  404 [kworker/R-ext4-rsv-conversion]
  405 [kworker/R-ext4-rsv-conversion]
  406 [kworker/R-ext4-rsv-conversion]
  407 [kworker/R-kverityd]
  408 [kworker/R-ext4-rsv-conversion]
  409 [kworker/R-kverityd]
  410 [kworker/R-ext4-rsv-conversion]
  411 [kworker/R-ext4-rsv-conversion]
  412 [kworker/R-ext4-rsv-conversion]
  413 [kworker/R-ext4-rsv-conversion]
  414 [kworker/R-ext4-rsv-conversion]
  415 [kworker/R-ext4-rsv-conversion]
  416 [kworker/R-ext4-rsv-conversion]
  417 [kworker/0:4H-kverityd]
  418 [kworker/R-ext4-rsv-conversion]
  419 [kworker/R-ext4-rsv-conversion]
  420 [kworker/R-ext4-rsv-conversion]
  421 [kworker/R-ext4-rsv-conversion]
  422 [kworker/R-ext4-rsv-conversion]
  423 [kworker/R-ext4-rsv-conversion]
  424 [kworker/R-ext4-rsv-conversion]
  425 [kworker/R-ext4-rsv-conversion]
  426 [kworker/R-ext4-rsv-conversion]
  427 [kworker/R-ext4-rsv-conversion]
  428 [kworker/R-ext4-rsv-conversion]
  429 [kworker/R-ext4-rsv-conversion]
  430 [kworker/R-ext4-rsv-conversion]
  431 [kworker/u4:5-writeback]
  432 [kworker/R-ext4-rsv-conversion]
  433 [kworker/R-ext4-rsv-conversion]
  434 [kworker/R-ext4-rsv-conversion]
  435 [kworker/R-ext4-rsv-conversion]
  461 netd
  462 statsd
  463 zygote64
  470 android.hidl.allocator@1.0-service
  471 android.hardware.audio.service
  472 android.hardware.camera.provider@2.7-service-google
  473 android.hardware.health-service.example
  474 android.hardware.media.c2@1.0-service-goldfish
  475 android.hardware.radio-service.ranchu
  476 android.hardware.sensors-service.multihal
  477 iptables-restore
  478 ip6tables-restore
  479 android.hardware.usb-service.example
  483 android.hardware.wifi-service
  484 android.hardware.bluetooth-service.default
  485 android.hardware.graphics.composer3-service.ranchu
  486 android.hardware.identity-service.example
  487 android.hardware.lights-service.example
  488 android.hardware.authsecret-service.example
  489 android.hardware.cas-service.example
  496 android.hardware.contexthub-service.example
  502 android.hardware.neuralnetworks-service-sample-all
  503 android.hardware.neuralnetworks-service-sample-limited
  505 android.hardware.neuralnetworks-shim-service-sample
  509 android.hardware.power-service.example
  515 android.hardware.power.stats-service.example
  517 android.hardware.rebootescrow-service.default
  519 android.hardware.thermal-service.example
  520 android.hardware.threadnetwork-service
  521 android.hardware.vibrator-service.example
  522 android.hardware.drm-service.widevine
  523 audioserver
  525 credstore
  526 gpuservice
  532 surfaceflinger
  534 adbd
  535 android.hardware.graphics.allocator-service.ranchu
  536 android.hardware.camera.provider.ranchu
  537 android.hardware.uwb-service
  549 drmserver
  550 traced_probes
  558 mdnsd
  561 traced
  563 bt_vhci_forwarder
  566 cameraserver
  569 incidentd
  570 installd
  571 media.extractor
  572 media.metrics
  575 mediaserver
  576 storaged
  578 wificond
  580 media.swcodec
  581 gatekeeperd
  665 system_server
  671 [kworker/0:5H]
  772 [vivid-000-tch-cap]
  862 android.hardware.biometrics.fingerprint-service.ranchu
  883 ot-daemon
  884 ot-rcp
  895 wpa_supplicant
  909 com.android.systemui
  972 android.hardware.gnss-service.ranchu
  986 webview_zygote
 1002 com.android.networkstack.process
 1015 com.google.android.bluetooth
 1029 com.android.se
 1031 com.android.phone
 1042 com.google.android.apps.nexuslauncher
 1071 com.google.android.permissioncontroller
 1085 com.google.android.ext.services
 1155 com.google.android.cellbroadcastreceiver
 1194 com.android.settings
 1259 com.google.android.gms.persistent
 1353 com.google.android.dialer
 1424 com.google.android.inputmethod.latin
 1486 com.google.android.providers.media.module
 1492 com.google.android.googlequicksearchbox:interactor
 1529 abb
 1538 com.google.android.as
 1556 com.google.android.apps.messaging:rcs
 1574 com.android.emulator.multidisplay
 1628 android.process.acore
 1634 com.android.devicelockcontroller
 1656 com.google.android.gms
 1670 com.google.android.settings.intelligence
 1748 artd
 1759 com.android.printspooler
 1865 com.google.android.googlequicksearchbox:search
 1880 com.google.android.apps.wallpaper
 1902 com.android.keychain
 1905 com.google.android.apps.wellbeing
 1926 com.android.localtransport
 1956 android.process.media
 1996 com.google.android.apps.messaging
 2037 ps
