
> Configure project :app
WARNING: The option setting 'android.overridePathCheck=true' is experimental.
The current default is 'false'.

> Task :featureapp:preBuild UP-TO-DATE
> Task :featureapp:preDebugBuild UP-TO-DATE
> Task :featureapp:mergeDebugNativeDebugMetadata NO-SOURCE
> Task :featureapp:generateDebugBuildConfig UP-TO-DATE
> Task :featureapp:generateDebugResources UP-TO-DATE
> Task :featureapp:packageDebugResources UP-TO-DATE
> Task :featureapp:processDebugNavigationResources UP-TO-DATE
> Task :featureapp:parseDebugLocalResources UP-TO-DATE
> Task :featureapp:generateDebugRFile UP-TO-DATE
> Task :featureapp:compileDebugKotlin UP-TO-DATE
> Task :featureapp:javaPreCompileDebug UP-TO-DATE
> Task :featureapp:compileDebugJavaWithJavac UP-TO-DATE
> Task :featureapp:generateDebugAssets UP-TO-DATE
> Task :featureapp:mergeDebugAssets
> Task :featureapp:processDebugJavaRes UP-TO-DATE
> Task :featureapp:compressDebugAssets
> Task :featureapp:mergeDebugJavaResource UP-TO-DATE
> Task :featureapp:checkDebugDuplicateClasses UP-TO-DATE
> Task :featureapp:desugarDebugFileDependencies UP-TO-DATE
> Task :featureapp:mergeExtDexDebug UP-TO-DATE
> Task :featureapp:mergeLibDexDebug UP-TO-DATE
> Task :featureapp:checkDebugAarMetadata UP-TO-DATE
> Task :featureapp:mapDebugSourceSetPaths UP-TO-DATE
> Task :featureapp:compileDebugNavigationResources UP-TO-DATE
> Task :featureapp:mergeDebugResources UP-TO-DATE
> Task :featureapp:createDebugCompatibleScreenManifests UP-TO-DATE
> Task :featureapp:extractDeepLinksDebug UP-TO-DATE
> Task :featureapp:processDebugMainManifest UP-TO-DATE
> Task :featureapp:processDebugManifest UP-TO-DATE
> Task :featureapp:processDebugManifestForPackage UP-TO-DATE
> Task :featureapp:processDebugResources UP-TO-DATE
> Task :featureapp:dexBuilderDebug UP-TO-DATE
> Task :featureapp:mergeProjectDexDebug UP-TO-DATE
> Task :featureapp:mergeDebugJniLibFolders UP-TO-DATE
> Task :featureapp:mergeDebugNativeLibs NO-SOURCE
> Task :featureapp:stripDebugDebugSymbols NO-SOURCE
> Task :featureapp:validateSigningDebug UP-TO-DATE
> Task :featureapp:writeDebugAppMetadata UP-TO-DATE
> Task :featureapp:writeDebugSigningConfigVersions UP-TO-DATE
> Task :featureapp:bundleDebugClassesToCompileJar UP-TO-DATE
> Task :featureapp:preDebugAndroidTestBuild SKIPPED
> Task :featureapp:generateDebugAndroidTestLintModel UP-TO-DATE
> Task :featureapp:extractProguardFiles UP-TO-DATE
> Task :featureapp:generateDebugLintReportModel
> Task :featureapp:preDebugUnitTestBuild UP-TO-DATE
> Task :featureapp:generateDebugUnitTestLintModel UP-TO-DATE
> Task :featureapp:packageDebug
> Task :featureapp:createDebugApkListingFileRedirect UP-TO-DATE
> Task :featureapp:assembleDebug
> Task :featureapp:bundleDebugClassesToRuntimeJar
> Task :featureapp:javaPreCompileDebugUnitTest UP-TO-DATE
> Task :featureapp:compileDebugUnitTestKotlin
> Task :featureapp:compileDebugUnitTestJavaWithJavac NO-SOURCE
> Task :featureapp:processDebugUnitTestJavaRes UP-TO-DATE
> Task :featureapp:testDebugUnitTest
> Task :featureapp:lintAnalyzeDebugAndroidTest
> Task :featureapp:lintAnalyzeDebugUnitTest
> Task :featureapp:lintAnalyzeDebug

> Task :featureapp:lintReportDebug
Wrote HTML report to file:///Users/xavier/毕业设计/RBA-Cross-Device-Fingerprint/android_app/HybridGuard/featureapp/build/reports/lint-results-debug.html

> Task :featureapp:lintDebug

BUILD SUCCESSFUL in 18s
50 actionable tasks: 12 executed, 38 up-to-date
Consider enabling configuration cache to speed up this build: https://docs.gradle.org/9.3.1/userguide/configuration_cache_enabling.html
