Activity Resolver Table:
  Non-Data Actions:
      android.intent.action.MAIN:
        ef52db5 com.example.hybridguard.featureapp/.MainActivity filter 5d84410
          Action: "android.intent.action.MAIN"
          Category: "android.intent.category.LAUNCHER"

Receiver Resolver Table:
  Non-Data Actions:
      android.intent.action.BATTERY_OKAY:
        14fcc4a com.example.hybridguard.featureapp/androidx.work.impl.background.systemalarm.ConstraintProxy$BatteryNotLowProxy filter 4a1a10e
          Action: "android.intent.action.BATTERY_OKAY"
          Action: "android.intent.action.BATTERY_LOW"
      android.intent.action.ACTION_POWER_DISCONNECTED:
        a74b7bb com.example.hybridguard.featureapp/androidx.work.impl.background.systemalarm.ConstraintProxy$BatteryChargingProxy filter 6320b09
          Action: "android.intent.action.ACTION_POWER_CONNECTED"
          Action: "android.intent.action.ACTION_POWER_DISCONNECTED"
      androidx.profileinstaller.action.SAVE_PROFILE:
        94f64d8 com.example.hybridguard.featureapp/androidx.profileinstaller.ProfileInstallReceiver filter c54c3e6
          Action: "androidx.profileinstaller.action.SAVE_PROFILE"
      android.intent.action.DEVICE_STORAGE_LOW:
        e97f031 com.example.hybridguard.featureapp/androidx.work.impl.background.systemalarm.ConstraintProxy$StorageNotLowProxy filter 6b8072f
          Action: "android.intent.action.DEVICE_STORAGE_LOW"
          Action: "android.intent.action.DEVICE_STORAGE_OK"
      android.net.conn.CONNECTIVITY_CHANGE:
        8c66316 com.example.hybridguard.featureapp/androidx.work.impl.background.systemalarm.ConstraintProxy$NetworkStateProxy filter be5913c
          Action: "android.net.conn.CONNECTIVITY_CHANGE"
      android.intent.action.DEVICE_STORAGE_OK:
        e97f031 com.example.hybridguard.featureapp/androidx.work.impl.background.systemalarm.ConstraintProxy$StorageNotLowProxy filter 6b8072f
          Action: "android.intent.action.DEVICE_STORAGE_LOW"
          Action: "android.intent.action.DEVICE_STORAGE_OK"
      androidx.profileinstaller.action.INSTALL_PROFILE:
        94f64d8 com.example.hybridguard.featureapp/androidx.profileinstaller.ProfileInstallReceiver filter 3188528
          Action: "androidx.profileinstaller.action.INSTALL_PROFILE"
      android.intent.action.BATTERY_LOW:
        14fcc4a com.example.hybridguard.featureapp/androidx.work.impl.background.systemalarm.ConstraintProxy$BatteryNotLowProxy filter 4a1a10e
          Action: "android.intent.action.BATTERY_OKAY"
          Action: "android.intent.action.BATTERY_LOW"
      android.intent.action.TIMEZONE_CHANGED:
        7ad1497 com.example.hybridguard.featureapp/androidx.work.impl.background.systemalarm.RescheduleReceiver filter 3674ec5
          Action: "android.intent.action.BOOT_COMPLETED"
          Action: "android.intent.action.TIME_SET"
          Action: "android.intent.action.TIMEZONE_CHANGED"
      android.intent.action.TIME_SET:
        7ad1497 com.example.hybridguard.featureapp/androidx.work.impl.background.systemalarm.RescheduleReceiver filter 3674ec5
          Action: "android.intent.action.BOOT_COMPLETED"
          Action: "android.intent.action.TIME_SET"
          Action: "android.intent.action.TIMEZONE_CHANGED"
      androidx.profileinstaller.action.SKIP_FILE:
        94f64d8 com.example.hybridguard.featureapp/androidx.profileinstaller.ProfileInstallReceiver filter ef31241
          Action: "androidx.profileinstaller.action.SKIP_FILE"
      androidx.profileinstaller.action.BENCHMARK_OPERATION:
        94f64d8 com.example.hybridguard.featureapp/androidx.profileinstaller.ProfileInstallReceiver filter dabad27
          Action: "androidx.profileinstaller.action.BENCHMARK_OPERATION"
      android.intent.action.BOOT_COMPLETED:
        7ad1497 com.example.hybridguard.featureapp/androidx.work.impl.background.systemalarm.RescheduleReceiver filter 3674ec5
          Action: "android.intent.action.BOOT_COMPLETED"
          Action: "android.intent.action.TIME_SET"
          Action: "android.intent.action.TIMEZONE_CHANGED"
      android.intent.action.ACTION_POWER_CONNECTED:
        a74b7bb com.example.hybridguard.featureapp/androidx.work.impl.background.systemalarm.ConstraintProxy$BatteryChargingProxy filter 6320b09
          Action: "android.intent.action.ACTION_POWER_CONNECTED"
          Action: "android.intent.action.ACTION_POWER_DISCONNECTED"
      androidx.work.diagnostics.REQUEST_DIAGNOSTICS:
        4c1f684 com.example.hybridguard.featureapp/androidx.work.impl.diagnostics.DiagnosticsReceiver filter 147e74b
          Action: "androidx.work.diagnostics.REQUEST_DIAGNOSTICS"
      androidx.work.impl.background.systemalarm.UpdateProxies:
        dca5e6d com.example.hybridguard.featureapp/androidx.work.impl.background.systemalarm.ConstraintProxyUpdateReceiver filter e5ac01a
          Action: "androidx.work.impl.background.systemalarm.UpdateProxies"

Permissions:
  Permission [com.example.hybridguard.featureapp.DYNAMIC_RECEIVER_NOT_EXPORTED_PERMISSION] (d3d9aa2):
    sourcePackage=com.example.hybridguard.featureapp
    uid=10144 gids=null type=0 prot=signature
    perm=Permission{3a46333 com.example.hybridguard.featureapp.DYNAMIC_RECEIVER_NOT_EXPORTED_PERMISSION}
    packageSetting=PackageSetting{fa9f6f0 com.example.hybridguard.featureapp/10144}

Registered ContentProviders:
  com.example.hybridguard.featureapp/androidx.startup.InitializationProvider:
    Provider{23b7469 com.example.hybridguard.featureapp/androidx.startup.InitializationProvider}

ContentProvider Authorities:
  [com.example.hybridguard.featureapp.androidx-startup]:
    Provider{23b7469 com.example.hybridguard.featureapp/androidx.startup.InitializationProvider}
      applicationInfo=ApplicationInfo{2febeee com.example.hybridguard.featureapp}

Key Set Manager:
  [com.example.hybridguard.featureapp]
      Signing KeySets: 29

Packages:
  Package [com.example.hybridguard.featureapp] (fa9f6f0):
    userId=10144
    pkg=Package{eb7ff8f com.example.hybridguard.featureapp}
    codePath=/data/app/com.example.hybridguard.featureapp-y7BJlOTC97BlFDKOd-JlkA==
    resourcePath=/data/app/com.example.hybridguard.featureapp-y7BJlOTC97BlFDKOd-JlkA==
    legacyNativeLibraryDir=/data/app/com.example.hybridguard.featureapp-y7BJlOTC97BlFDKOd-JlkA==/lib
    primaryCpuAbi=null
    secondaryCpuAbi=null
    versionCode=14 minSdk=21 targetSdk=36
    versionName=1.6.7-expanded-v2.2-webgl1
    splits=[base]
    apkSigningVersion=2
    applicationInfo=ApplicationInfo{2febeee com.example.hybridguard.featureapp}
    flags=[ DEBUGGABLE HAS_CODE ALLOW_CLEAR_USER_DATA ]
    privateFlags=[ PRIVATE_FLAG_ACTIVITIES_RESIZE_MODE_RESIZEABLE_VIA_SDK_VERSION ALLOW_AUDIO_PLAYBACK_CAPTURE PARTIALLY_DIRECT_BOOT_AWARE ]
    dataDir=/data/user/0/com.example.hybridguard.featureapp
    supportsScreens=[small, medium, large, xlarge, resizeable, anyDensity]
    timeStamp=2026-10-02 14:24:46
    firstInstallTime=2026-09-30 21:32:58
    lastUpdateTime=2026-10-02 14:24:47
    signatures=PackageSignatures{bcf921c version:2, signatures:[b936dc11], past signatures:[]}
    installPermissionsFixed=true
    pkgFlags=[ DEBUGGABLE HAS_CODE ALLOW_CLEAR_USER_DATA ]
    declared permissions:
      com.example.hybridguard.featureapp.DYNAMIC_RECEIVER_NOT_EXPORTED_PERMISSION: prot=signature, INSTALLED
    requested permissions:
      android.permission.INTERNET
      android.permission.ACCESS_NETWORK_STATE
      android.permission.WAKE_LOCK
      android.permission.RECEIVE_BOOT_COMPLETED
      android.permission.FOREGROUND_SERVICE
      com.example.hybridguard.featureapp.DYNAMIC_RECEIVER_NOT_EXPORTED_PERMISSION
    install permissions:
      android.permission.FOREGROUND_SERVICE: granted=true
      android.permission.RECEIVE_BOOT_COMPLETED: granted=true
      com.example.hybridguard.featureapp.DYNAMIC_RECEIVER_NOT_EXPORTED_PERMISSION: granted=true
      android.permission.INTERNET: granted=true
      android.permission.ACCESS_NETWORK_STATE: granted=true
      android.permission.WAKE_LOCK: granted=true
    User 0: ceDataInode=132081 installed=true hidden=false suspended=false stopped=false notLaunched=false enabled=0 instant=false virtual=false
      gids=[3003]
      runtime permissions:
      enabledComponents:
        androidx.work.impl.background.systemalarm.RescheduleReceiver
        androidx.work.impl.background.systemjob.SystemJobService

Package Changes:
  Sequence number=1
  User 0:
    seq=0, package=com.example.hybridguard.featureapp


Dexopt state:
  [com.example.hybridguard.featureapp]
    path: /data/app/com.example.hybridguard.featureapp-y7BJlOTC97BlFDKOd-JlkA==/base.apk
      arm64: [status=run-from-apk] [reason=unknown]


Compiler stats:
  [com.example.hybridguard.featureapp]
    (No recorded stats)

Active APEX packages:


Inactive APEX packages:


Factory APEX packages:


  APEX session state:
