START no_attack-r1-clean_pre
ACCEPT no_attack-r1-clean_pre b73bb7ac-f15b-4ba2-9595-80b6e78aa9ec
START no_attack-r1-control_mid
ACCEPT no_attack-r1-control_mid 1ef06ab5-1d19-4e06-9076-879883b7d9da
START no_attack-r1-clean_post
ACCEPT no_attack-r1-clean_post c604c914-9b6c-4edd-afc2-bd76d6949b2f
START no_attack-r2-clean_pre
ACCEPT no_attack-r2-clean_pre 21c2beed-d0ad-4c95-a9fb-afc2b6912b70
START no_attack-r2-control_mid
ACCEPT no_attack-r2-control_mid c3b11036-9aa3-4a56-b5ac-592a7525975b
START no_attack-r2-clean_post
ACCEPT no_attack-r2-clean_post 38cdddc4-8e3d-4a90-8d0f-b174a5df4177
START no_attack-r3-clean_pre
ACCEPT no_attack-r3-clean_pre 2589596c-8aa7-4539-8d61-e65709d81995
START no_attack-r3-control_mid
ACCEPT no_attack-r3-control_mid c8e2cb4c-cac6-49a7-8ddb-bcd3fd990a90
START no_attack-r3-clean_post
ACCEPT no_attack-r3-clean_post 3df2fb1c-6b6d-44b0-9fb6-38ff7fbd49df
START debug_transport_control-r1-clean_pre
ACCEPT debug_transport_control-r1-clean_pre 4cb86523-33c4-4c87-86a0-b56e81f07956
START debug_transport_control-r1-control_mid
ACCEPT debug_transport_control-r1-control_mid 4d052bf3-77d4-4e8f-aad5-5f9c41271fbc
START debug_transport_control-r1-clean_post
ACCEPT debug_transport_control-r1-clean_post 285a7cbc-007b-45d9-93c4-8b2557afbc33
START webdriver-r1-clean_pre
ACCEPT webdriver-r1-clean_pre 3277e4ba-cea5-4521-b070-6333e1caa847
START webdriver-r1-attack
ACCEPT webdriver-r1-attack da66d081-6cc0-46da-98aa-045778cbed79
START webdriver-r1-clean_post
ACCEPT webdriver-r1-clean_post c4cff874-0f26-4f28-b734-e9f51be88f53
START webdriver-r2-clean_pre
ACCEPT webdriver-r2-clean_pre 19dab60b-b75c-4128-87c9-e74ee16bff4c
START webdriver-r2-attack
ACCEPT webdriver-r2-attack 54f4982a-bad8-4118-a68e-c769333a9021
START webdriver-r2-clean_post
ACCEPT webdriver-r2-clean_post 9650cabc-3b68-40fc-b190-be17608e3676
START webdriver-r3-clean_pre
ACCEPT webdriver-r3-clean_pre 98f41713-5105-4108-8790-8547204d852a
START webdriver-r3-attack
ACCEPT webdriver-r3-attack 48c71050-981f-4d3b-9aff-c629bde83be5
START webdriver-r3-clean_post
ACCEPT webdriver-r3-clean_post a0b0410c-6589-490b-a85d-35707a3de46e
START language-r1-clean_pre
ACCEPT language-r1-clean_pre 65f62ed6-acff-4a6f-a4db-4ffb9c8482db
START language-r1-attack
ACCEPT language-r1-attack 036e0e9d-b526-43c9-ab28-8c7bb67e9a32
START language-r1-clean_post
ACCEPT language-r1-clean_post e4f7b572-75da-4bbb-af2d-f81464bc49a0
START language-r2-clean_pre
ACCEPT language-r2-clean_pre 0197035d-5e28-4bc3-a585-f8c266c2cba2
START language-r2-attack
ACCEPT language-r2-attack bb7f7753-08c2-4f95-9768-48acca2ff692
START language-r2-clean_post
ACCEPT language-r2-clean_post 4cde19f8-7884-4d48-92c8-10002939b76d
START language-r3-clean_pre
ACCEPT language-r3-clean_pre b9fa3643-8d49-4171-88c1-57db19b85e37
START language-r3-attack
ACCEPT language-r3-attack 96b03031-1b39-4c2d-9d84-71be369a89b2
START language-r3-clean_post
ACCEPT language-r3-clean_post 3e6d612c-d0d0-4492-b328-87dd33982a2e
