  PID NAME                       
    1 init
    2 [kthreadd]
    3 [pool_workqueue_release]
    4 [kworker/R-kvfree_rcu_reclaim]
    5 [kworker/R-rcu_gp]
    6 [kworker/R-sync_wq]
    7 [kworker/R-slub_flushwq]
    8 [kworker/R-netns]
    9 [kworker/0:0-virtio_vsock]
   10 [kworker/0:0H-kverityd]
   11 [kworker/0:1-events]
   12 [kworker/u4:0-loop45]
   13 [kworker/R-mm_percpu_wq]
   14 [kworker/u4:1-ext4-rsv-conversion]
   15 [rcu_tasks_kthread]
   16 [rcu_tasks_trace_kthread]
   17 [ksoftirqd/0]
   18 [rcu_preempt]
   19 [rcuog/0]
   20 [rcuop/0]
   21 [rcub/0]
   22 [rcu_exp_par_gp_kthread_worker/0]
   23 [rcu_exp_gp_kthread_worker]
   24 [migration/0]
   25 [idle_inject/0]
   26 [cpuhp/0]
   27 [kworker/R-inet_frag_wq]
   28 [kauditd]
   29 [khungtaskd]
   30 [oom_reaper]
   31 [kworker/R-writeback]
   32 [kcompactd0]
   33 [khugepaged]
   34 [kworker/R-kblockd]
   35 [kworker/R-edac-poller]
   36 [kworker/R-devfreq_wq]
   37 [watchdogd]
   38 [kworker/u4:2-ext4-rsv-conversion]
   39 [kworker/0:1H-kverityd]
   40 [kswapd0]
   41 [kworker/u5:0-fscrypt_read_queue]
   42 [kworker/R-nvme-wq]
   43 [kworker/R-nvme-reset-wq]
   44 [kworker/R-nvme-delete-wq]
   45 [kworker/R-vfio-irqfd-cleanup]
   46 [kworker/R-uas]
   47 [kworker/R-dm_bufio_cache]
   48 [kworker/R-mld]
   49 [kworker/R-ipv6_addrconf]
   50 [kworker/R-kstrp]
   52 [kworker/0:2-virtio_vsock]
   53 [hwrng]
   55 [khvcd]
   59 [jbd2/vdd1-8]
   60 [kworker/R-ext4-rsv-conversion]
   61 [kworker/R-kdmflush/254:0]
   62 [kworker/R-kdmflush/254:1]
   63 [kworker/R-kdmflush/254:2]
   64 [kworker/R-kdmflush/254:3]
   65 [kworker/R-kdmflush/254:4]
   66 [erofs_worker/0]
   69 init
   70 ueventd
  127 [kworker/R-kdmflush/254:9]
  133 [kworker/R-kdmflush/254:15]
  135 [kworker/R-kdmflush/254:17]
  136 [kworker/R-kdmflush/254:18]
  137 [kworker/R-kdmflush/254:19]
  138 [kworker/R-kdmflush/254:20]
  140 [kworker/R-kdmflush/254:22]
  141 [kworker/R-kdmflush/254:23]
  142 [kworker/R-kdmflush/254:24]
  143 [kworker/R-kdmflush/254:25]
  144 [kworker/R-kdmflush/254:26]
  145 [kworker/R-kdmflush/254:27]
  146 [kworker/R-kdmflush/254:28]
  147 [kworker/R-kdmflush/254:29]
  148 [kworker/R-kdmflush/254:30]
  150 [kworker/R-kdmflush/254:32]
  152 [kworker/R-kdmflush/254:34]
  153 [kworker/R-kdmflush/254:35]
  154 [kworker/R-kdmflush/254:36]
  155 [kworker/R-kdmflush/254:37]
  157 [kworker/R-kdmflush/254:39]
  158 [kworker/R-kdmflush/254:40]
  159 [kworker/R-kdmflush/254:41]
  160 [kworker/R-kdmflush/254:42]
  161 [kworker/R-kdmflush/254:43]
  163 [kworker/R-kdmflush/254:45]
  165 [kworker/R-kdmflush/254:47]
  167 [kworker/R-kdmflush/254:49]
  169 [kworker/R-kdmflush/254:51]
  171 [kworker/R-kdmflush/254:53]
  177 [kworker/R-ext4-rsv-conversion]
  178 [kworker/R-ext4-rsv-conversion]
  179 [kworker/R-ext4-rsv-conversion]
  180 [kworker/R-ext4-rsv-conversion]
  181 [kworker/R-ext4-rsv-conversion]
  182 [kworker/u4:3-events_unbound]
  187 [kworker/R-cfg80211]
  188 [sugov:0]
  189 [irq/35-goldfish_pipe_dprctd]
  190 prng_seeder
  192 logd
  193 lmkd
  194 servicemanager
  195 hwservicemanager
  196 [psimon]
  197 [kworker/R-usbip_event]
  198 qemu-props
  204 [kworker/0:3-kdmflush/254:54]
  205 vold
  207 [kworker/R-kdmflush/254:54]
  215 [kworker/R-update_hdmi_ctrls_wq]
  216 [kworker/R-update_svid_ctrls_wq]
  219 android.system.suspend-service
  220 keystore2
  222 android.hardware.security.keymint-service
  223 android.hardware.gatekeeper-service.nonsecure
  235 [kworker/R-blk_crypto_wq]
  236 [kworker/u5:1-blk_crypto_wq]
  240 [jbd2/dm-54-8]
  241 [kworker/R-ext4-rsv-conversion]
  245 tombstoned
  251 [kworker/u5:2-fscrypt_read_queue]
  352 [kworker/R-kverityd]
  353 [kworker/R-ext4-rsv-conversion]
  354 [kworker/R-ext4-rsv-conversion]
  355 [kworker/R-ext4-rsv-conversion]
  356 [kworker/R-kverityd]
  357 [kworker/R-kverityd]
  358 [kworker/R-kverityd]
  359 [kworker/R-kverityd]
  360 [kworker/R-ext4-rsv-conversion]
  361 [kworker/R-ext4-rsv-conversion]
  362 [kworker/R-kverityd]
  363 [kworker/R-kverityd]
  364 [kworker/R-kverityd]
  365 [kworker/R-ext4-rsv-conversion]
  366 [kworker/R-ext4-rsv-conversion]
  367 [kworker/R-ext4-rsv-conversion]
  368 [kworker/R-ext4-rsv-conversion]
  369 [kworker/R-kverityd]
  370 [kworker/R-ext4-rsv-conversion]
  371 [kworker/u4:4-loop53]
  372 [kworker/R-ext4-rsv-conversion]
  373 [kworker/R-kverityd]
  374 [kworker/R-kverityd]
  375 [kworker/R-kverityd]
  376 [kworker/R-kverityd]
  377 [kworker/R-kverityd]
  378 [kworker/R-kverityd]
  379 [kworker/R-kverityd]
  380 [kworker/R-kverityd]
  381 [kworker/R-kverityd]
  382 [kworker/R-ext4-rsv-conversion]
  383 [kworker/R-kverityd]
  384 [kworker/R-ext4-rsv-conversion]
  385 [kworker/R-ext4-rsv-conversion]
  386 [kworker/0:2H-kblockd]
  387 [kworker/R-kverityd]
  388 [kworker/R-kverityd]
  389 [kworker/R-kverityd]
  390 [kworker/R-ext4-rsv-conversion]
  391 [kworker/R-ext4-rsv-conversion]
  392 [kworker/R-kverityd]
  393 [kworker/u4:5-kvfree_rcu_reclaim]
  394 [kworker/R-ext4-rsv-conversion]
  395 [kworker/R-kverityd]
  396 [kworker/R-kverityd]
  397 [kworker/R-kverityd]
  398 [kworker/R-ext4-rsv-conversion]
  399 [kworker/R-kverityd]
  400 [kworker/R-kverityd]
  401 [kworker/R-kverityd]
  402 [kworker/R-kverityd]
  403 [kworker/R-ext4-rsv-conversion]
  404 [kworker/R-ext4-rsv-conversion]
  405 [kworker/R-ext4-rsv-conversion]
  406 [kworker/0:3H-kblockd]
  407 [kworker/R-ext4-rsv-conversion]
  408 [kworker/0:4H-kverityd]
  409 [kworker/R-ext4-rsv-conversion]
  410 [kworker/0:5H-kverityd]
  411 [kworker/u4:6-loop30]
  412 [kworker/0:6H-kverityd]
  413 [kworker/R-ext4-rsv-conversion]
  414 [kworker/R-ext4-rsv-conversion]
  415 [kworker/R-ext4-rsv-conversion]
  416 [kworker/R-ext4-rsv-conversion]
  417 [kworker/R-ext4-rsv-conversion]
  418 [kworker/R-ext4-rsv-conversion]
  419 [kworker/R-ext4-rsv-conversion]
  420 [kworker/R-ext4-rsv-conversion]
  421 [kworker/R-ext4-rsv-conversion]
  422 [kworker/R-ext4-rsv-conversion]
  423 [kworker/R-ext4-rsv-conversion]
  424 [kworker/R-ext4-rsv-conversion]
  425 [kworker/R-ext4-rsv-conversion]
  426 [kworker/R-ext4-rsv-conversion]
  427 [kworker/R-ext4-rsv-conversion]
  428 [kworker/R-ext4-rsv-conversion]
  429 [kworker/R-ext4-rsv-conversion]
  430 [kworker/R-ext4-rsv-conversion]
  431 [kworker/R-ext4-rsv-conversion]
  432 [kworker/R-ext4-rsv-conversion]
  433 [kworker/R-ext4-rsv-conversion]
  434 [kworker/R-ext4-rsv-conversion]
  435 [kworker/R-ext4-rsv-conversion]
  436 [kworker/R-ext4-rsv-conversion]
  437 [kworker/R-ext4-rsv-conversion]
  438 [kworker/R-ext4-rsv-conversion]
  464 netd
  465 statsd
  466 zygote64
  473 android.hidl.allocator@1.0-service
  474 android.hardware.audio.service
  475 android.hardware.camera.provider@2.7-service-google
  476 android.hardware.health-service.example
  477 iptables-restore
  478 ip6tables-restore
  479 android.hardware.media.c2@1.0-service-goldfish
  481 android.hardware.radio-service.ranchu
  482 android.hardware.sensors-service.multihal
  483 android.hardware.usb-service.example
  485 android.hardware.wifi-service
  487 android.hardware.bluetooth-service.default
  488 android.hardware.graphics.composer3-service.ranchu
  489 android.hardware.identity-service.example
  490 android.hardware.lights-service.example
  496 android.hardware.authsecret-service.example
  497 android.hardware.cas-service.example
  500 android.hardware.contexthub-service.example
  507 android.hardware.neuralnetworks-service-sample-all
  511 android.hardware.neuralnetworks-service-sample-limited
  516 android.hardware.neuralnetworks-shim-service-sample
  517 android.hardware.power-service.example
  519 android.hardware.power.stats-service.example
  521 android.hardware.rebootescrow-service.default
  522 android.hardware.thermal-service.example
  523 android.hardware.threadnetwork-service
  524 android.hardware.vibrator-service.example
  525 android.hardware.drm-service.widevine
  526 audioserver
  529 credstore
  530 gpuservice
  535 surfaceflinger
  537 adbd
  538 android.hardware.graphics.allocator-service.ranchu
  540 android.hardware.camera.provider.ranchu
  541 android.hardware.uwb-service
  558 mdnsd
  562 drmserver
  563 traced_probes
  564 traced
  565 bt_vhci_forwarder
  566 cameraserver
  570 incidentd
  572 installd
  573 media.extractor
  575 media.metrics
  579 mediaserver
  580 storaged
  581 wificond
  582 media.swcodec
  583 gatekeeperd
  669 system_server
  771 [vivid-000-tch-cap]
  857 android.hardware.biometrics.fingerprint-service.ranchu
  882 ot-daemon
  885 ot-rcp
  889 wpa_supplicant
  906 com.android.systemui
  967 android.hardware.gnss-service.ranchu
  978 webview_zygote
  992 com.android.networkstack.process
 1005 com.google.android.bluetooth
 1018 com.android.se
 1032 com.android.phone
 1033 com.google.android.apps.nexuslauncher
 1054 com.google.android.ext.services
 1078 com.google.android.permissioncontroller
 1231 com.google.android.gms.persistent
 1312 com.google.android.cellbroadcastreceiver
 1380 com.google.android.inputmethod.latin
 1407 com.android.devicelockcontroller
 1431 com.google.android.providers.media.module
 1443 com.google.android.googlequicksearchbox:interactor
 1456 com.google.android.as
 1472 com.google.android.apps.messaging:rcs
 1488 com.android.emulator.multidisplay
 1544 com.google.android.gms
 1569 abb
 1586 com.google.android.settings.intelligence
 1632 android.process.acore
 1657 com.google.android.apps.wellbeing
 1716 android.process.media
 1858 com.google.android.dialer
 1900 com.google.android.apps.wallpaper
 1912 com.google.android.googlequicksearchbox:search
 1926 com.android.chrome
 1931 com.google.android.deskclock
 1987 com.android.vending
 2253 com.google.android.googlequicksearchbox:googleapp
 2340 com.google.android.as.oss
 2400 com.google.android.apps.messaging
 2623 com.android.settings
 2639 com.android.vending:background
 2699 com.google.android.gms.unstable
 2869 com.android.traceur
 3134 com.google.android.accessibility.switchaccess
 3145 com.google.android.apps.safetyhub
 3171 com.google.android.gms.ui
 3259 com.android.providers.calendar
 3282 com.android.shell
 3320 com.google.android.healthconnect.controller
 3411 com.android.chrome_zygote
 3433 com.android.chrome:sandboxed_process0:org.chromium.content.app.SandboxedProcessService0:0
 3439 com.google.android.marvin.talkback
 3488 com.google.android.configupdater
 3534 com.google.android.webview:webview_service
 3565 com.google.android.federatedcompute
 3702 com.google.android.ondevicepersonalization.services
 3716 com.google.android.packageinstaller
 3773 com.google.android.partnersetup
 3838 com.google.android.projection.gearhead:car
 3858 com.google.android.rkpdapp
 3879 com.google.android.tts
 3950 ps
