Num       RefCount Protocol Flags    Type St Inode Path
0000000000000000: 00000003 00000000 00000000 0005 03 14936
0000000000000000: 00000003 00000000 00000000 0005 03 11844
0000000000000000: 00000003 00000000 00000000 0001 03 11250 /dev/socket/zygote
0000000000000000: 00000002 00000000 00000000 0002 03 14368
0000000000000000: 00000003 00000000 00000000 0005 03 18358 @jdwp-control
0000000000000000: 00000003 00000000 00000000 0005 03 13023
0000000000000000: 00000002 00000000 00000000 0002 03 13940
0000000000000000: 00000003 00000000 00000000 0005 03 12060
0000000000000000: 00000003 00000000 00000000 0005 03 11208
0000000000000000: 00000002 00000000 00000000 0002 01  9948 /data/system/unsolzygotesocket
0000000000000000: 00000003 00000000 00000000 0001 03  9685 /dev/socket/traced_producer
0000000000000000: 00000002 00000000 00010000 0001 01  3203 /dev/socket/prng_seeder
0000000000000000: 00000003 00000000 00000000 0005 03 12221
0000000000000000: 00000003 00000000 00000000 0001 03  8167
0000000000000000: 00000003 00000000 00000000 0001 03 18537
0000000000000000: 00000002 00000000 00000000 0002 03 16617
0000000000000000: 00000002 00000000 00000000 0002 03  9539
0000000000000000: 00000002 00000000 00000000 0002 03 14952
0000000000000000: 00000003 00000000 00000000 0005 03 14159
0000000000000000: 00000003 00000000 00000000 0005 03 13024 @jdwp-control
0000000000000000: 00000003 00000000 00000000 0005 03 12215
0000000000000000: 00000003 00000000 00000000 0005 03 11265
0000000000000000: 00000003 00000000 00000000 0005 03 12838
0000000000000000: 00000003 00000000 00000000 0001 03 10995
0000000000000000: 00000003 00000000 00000000 0005 03 18168
0000000000000000: 00000002 00000000 00000000 0002 03 16651
0000000000000000: 00000003 00000000 00000000 0005 03 12189
0000000000000000: 00000003 00000000 00000000 0005 03 11644
0000000000000000: 00000003 00000000 00000000 0005 03 11207
0000000000000000: 00000002 00000000 00000000 0002 03  9546
0000000000000000: 00000003 00000000 00000000 0001 03 16981 /dev/socket/traced_producer
0000000000000000: 00000002 00000000 00000000 0002 03 14847
0000000000000000: 00000002 00000000 00000000 0002 03 11934
0000000000000000: 00000002 00000000 00010000 0001 01  3312 /dev/socket/logd
0000000000000000: 00000003 00000000 00000000 0005 03 17012
0000000000000000: 00000003 00000000 00000000 0001 03  9944
0000000000000000: 00000002 00000000 00010000 0005 01  3314 /dev/socket/logdr
0000000000000000: 00000082 00000000 00000000 0002 03  3316 /dev/socket/logdw
0000000000000000: 00000002 00000000 00010000 0005 01  3330 /dev/socket/lmkd
0000000000000000: 00000003 00000000 00000000 0005 03 15043
0000000000000000: 00000002 00000000 00000000 0002 03 11803
0000000000000000: 00000003 00000000 00000000 0005 03 18169 @jdwp-control
0000000000000000: 00000003 00000000 00000000 0005 03 12214
0000000000000000: 00000003 00000000 00000000 0001 03  6605
0000000000000000: 00000003 00000000 00000000 0001 03 18531
0000000000000000: 00000003 00000000 00000000 0005 03 18404
0000000000000000: 00000002 00000000 00000000 0002 03 16608
0000000000000000: 00000002 00000000 00000000 0002 03 13070
0000000000000000: 00000002 00000000 00000000 0002 03  9830
0000000000000000: 00000003 00000000 00000000 0001 03 18461
0000000000000000: 00000002 00000000 00000000 0002 03  9834
0000000000000000: 00000003 00000000 00000000 0001 03  6489
0000000000000000: 00000003 00000000 00000000 0005 03 11022
0000000000000000: 00000003 00000000 00000000 0005 03 11607
0000000000000000: 00000003 00000000 00000000 0001 03  9550 /dev/socket/traced_producer
0000000000000000: 00000003 00000000 00000000 0005 03 16891
0000000000000000: 00000002 00000000 00000000 0002 03 15040
0000000000000000: 00000003 00000000 00000000 0005 03 12837
0000000000000000: 00000003 00000000 00000000 0001 03 18532
0000000000000000: 00000002 00000000 00000000 0002 03 16873
0000000000000000: 00000002 00000000 00000000 0002 01  9808
0000000000000000: 00000003 00000000 00000000 0001 03  8081
0000000000000000: 00000002 00000000 00000000 0002 03 15884
0000000000000000: 00000003 00000000 00000000 0005 03 11608
0000000000000000: 00000003 00000000 00000000 0005 03 11023
0000000000000000: 00000003 00000000 00000000 0005 03 14378
0000000000000000: 00000002 00000000 00000000 0002 03 12834
0000000000000000: 00000003 00000000 00000000 0001 03  9838 /dev/socket/traced_producer
0000000000000000: 00000003 00000000 00000000 0001 03  3272
0000000000000000: 00000002 00000000 00000000 0005 03 13667
0000000000000000: 00000003 00000000 00000000 0005 03 11917
0000000000000000: 00000002 00000000 00000000 0002 03 14146
0000000000000000: 00000003 00000000 00000000 0005 03 12220
0000000000000000: 00000002 00000000 00000000 0002 03 13704
0000000000000000: 00000002 00000000 00000000 0002 03 11817
0000000000000000: 00000003 00000000 00000000 0005 03 11631
0000000000000000: 00000003 00000000 00000000 0005 03 14271
0000000000000000: 00000003 00000000 00000000 0001 03  8218 /dev/socket/traced_producer
0000000000000000: 00000002 00000000 00000000 0002 03 16638
0000000000000000: 00000002 00000000 00000000 0002 03  9541
0000000000000000: 00000003 00000000 00000000 0005 03 14935
0000000000000000: 00000003 00000000 00000000 0005 03 11266 @jdwp-control
0000000000000000: 00000003 00000000 00000000 0001 03  9684
0000000000000000: 00000002 00000000 00000000 0002 03 13956
0000000000000000: 00000002 00000000 00000000 0002 03 11913
0000000000000000: 00000003 00000000 00000000 0005 03 12065
0000000000000000: 00000003 00000000 00000000 0005 03 11264
0000000000000000: 00000002 00000000 00000000 0002 03 16851
0000000000000000: 00000003 00000000 00000000 0001 03  7862
0000000000000000: 00000002 00000000 00000000 0002 03 12868
0000000000000000: 00000002 00000000 00000000 0002 03 15601
0000000000000000: 00000003 00000000 00000000 0005 03 16892
0000000000000000: 00000003 00000000 00000000 0001 03 11405
0000000000000000: 00000003 00000000 00000000 0001 03  9718 /dev/socket/mdnsd
0000000000000000: 00000002 00000000 00000000 0002 03 11520
0000000000000000: 00000003 00000000 00000000 0005 03 18048
0000000000000000: 00000003 00000000 00000000 0005 03 15045
0000000000000000: 00000002 00000000 00000000 0002 03 17156
0000000000000000: 00000003 00000000 00000000 0005 03 11979
0000000000000000: 00000002 00000000 00000000 0002 03  5517
0000000000000000: 00000003 00000000 00000000 0005 03 11655
0000000000000000: 00000003 00000000 00000000 0001 03 11502
0000000000000000: 00000002 00000000 00000000 0002 03  7783
0000000000000000: 00000003 00000000 00000000 0005 03 18163
0000000000000000: 00000003 00000000 00000000 0001 03 12968
0000000000000000: 00000002 00000000 00000000 0002 03  7340
0000000000000000: 00000003 00000000 00000000 0001 03 11920
0000000000000000: 00000002 00000000 00010000 0005 01  4354 /dev/socket/tombstoned_crash
0000000000000000: 00000002 00000000 00000000 0002 03 15522
0000000000000000: 00000002 00000000 00010000 0005 01  4355 /dev/socket/tombstoned_intercept
0000000000000000: 00000003 00000000 00000000 0005 03 18049
0000000000000000: 00000002 00000000 00010000 0001 01 11305 /data/system/ndebugsocket
0000000000000000: 00000002 00000000 00010000 0005 01  4356 /dev/socket/tombstoned_java_trace
0000000000000000: 00000003 00000000 00000000 0005 03 10754
0000000000000000: 00000002 00000000 00000000 0002 03  9278
0000000000000000: 00000003 00000000 00000000 0005 03 11986
0000000000000000: 00000003 00000000 00000000 0005 03 18204
0000000000000000: 00000002 00000000 00010000 0001 01  5305 /dev/socket/dnsproxyd
0000000000000000: 00000003 00000000 00000000 0001 03 18472
0000000000000000: 00000003 00000000 00000000 0001 03 11799
0000000000000000: 00000002 00000000 00000000 0002 03  8102
0000000000000000: 00000002 00000000 00000000 0001 01  5306 /dev/socket/mdns
0000000000000000: 00000003 00000000 00000000 0005 03  1287
0000000000000000: 00000002 00000000 00010000 0001 01  5307 /dev/socket/fwmarkd
0000000000000000: 00000003 00000000 00000000 0005 03 12265
0000000000000000: 00000002 00000000 00000000 0002 03  6851
0000000000000000: 00000024 00000000 00000000 0002 03  5319 /dev/socket/statsdw
0000000000000000: 00000003 00000000 00000000 0005 03 12045
0000000000000000: 00000002 00000000 00010000 0001 01  5334 /dev/socket/zygote
0000000000000000: 00000002 00000000 00000000 0002 03 13128
0000000000000000: 00000002 00000000 00000000 0002 03 11444
0000000000000000: 00000002 00000000 00010000 0001 01  5335 /dev/socket/usap_pool_primary
0000000000000000: 00000003 00000000 00000000 0005 03 15044
0000000000000000: 00000002 00000000 00000000 0002 03 18423
0000000000000000: 00000002 00000000 00000000 0002 03 16113
0000000000000000: 00000003 00000000 00000000 0001 03 14398
0000000000000000: 00000003 00000000 00000000 0005 03 12290
0000000000000000: 00000002 00000000 00010000 0005 01  7519 /dev/socket/adbd
0000000000000000: 00000002 00000000 00000000 0002 03 17862
0000000000000000: 00000003 00000000 00000000 0005 03 10722 /dev/socket/lmkd
0000000000000000: 00000002 00000000 00010000 0001 01  7989 /dev/socket/traced_consumer
0000000000000000: 00000003 00000000 00000000 0005 03 17423
0000000000000000: 00000002 00000000 00010000 0001 01  7990 /dev/socket/traced_producer
0000000000000000: 00000003 00000000 00000000 0005 03 10755
0000000000000000: 00000002 00000000 00010000 0001 01  8046 /dev/socket/mdnsd
0000000000000000: 00000002 00000000 00000000 0002 03  4249
0000000000000000: 00000002 00000000 00000000 0002 01  3273
0000000000000000: 00000003 00000000 00000000 0005 03 14090
0000000000000000: 00000003 00000000 00000000 0005 03 12059
0000000000000000: 00000002 00000000 00010000 0001 01 11062 /dev/socket/ot-daemon/thread-wpan.sock
0000000000000000: 00000002 00000000 00000000 0002 03 17061
0000000000000000: 00000002 00000000 00000000 0002 01 11161 /dev/socket/wpa_wlan0
0000000000000000: 00000002 00000000 00000000 0002 03 17899
0000000000000000: 00000003 00000000 00000000 0005 03 18200
0000000000000000: 00000003 00000000 00000000 0005 03 14088
0000000000000000: 00000003 00000000 00000000 0005 03 13163
0000000000000000: 00000002 00000000 00000000 0002 03  6897
0000000000000000: 00000003 00000000 00000000 0001 03 11605 /dev/socket/traced_producer
0000000000000000: 00000002 00000000 00000000 0002 03  8164
0000000000000000: 00000002 00000000 00000000 0002 03  7561
0000000000000000: 00000003 00000000 00000000 0005 03 13447
0000000000000000: 00000003 00000000 00000000 0005 03 15285
0000000000000000: 00000003 00000000 00000000 0001 03 14163 /dev/socket/traced_producer
0000000000000000: 00000003 00000000 00000000 0005 03 14087
0000000000000000: 00000003 00000000 00000000 0005 03 12291
0000000000000000: 00000002 00000000 00000000 0002 03  7185
0000000000000000: 00000002 00000000 00000000 0002 03  6037
0000000000000000: 00000003 00000000 00000000 0005 03 18166
0000000000000000: 00000002 00000000 00000000 0002 03 18243
0000000000000000: 00000003 00000000 00000000 0005 03 10759
0000000000000000: 00000003 00000000 00000000 0005 03 11984
0000000000000000: 00000002 00000000 00000000 0002 03  8616
0000000000000000: 00000003 00000000 00000000 0005 03 13448
0000000000000000: 00000003 00000000 00000000 0005 03  1268
0000000000000000: 00000003 00000000 00000000 0001 03 18538
0000000000000000: 00000003 00000000 00000000 0005 03 14377
0000000000000000: 00000002 00000000 00000000 0002 03  7622
0000000000000000: 00000003 00000000 00000000 0001 03 18483
0000000000000000: 00000002 00000000 00000000 0002 03 17702
0000000000000000: 00000002 00000000 00000000 0002 03 11993
0000000000000000: 00000002 00000000 00000000 0002 03  7203
0000000000000000: 00000002 00000000 00000000 0002 03 13994
0000000000000000: 00000002 00000000 00000000 0002 03 12287
0000000000000000: 00000003 00000000 00000000 0005 03 11656
0000000000000000: 00000002 00000000 00000000 0002 03 18233
0000000000000000: 00000003 00000000 00000000 0005 03 10763
0000000000000000: 00000003 00000000 00000000 0001 03 18484 /dev/socket/traced_producer
0000000000000000: 00000003 00000000 00000000 0005 03 14085
0000000000000000: 00000002 00000000 00000000 0002 03  8217
0000000000000000: 00000003 00000000 00000000 0001 03 14399 /dev/socket/traced_producer
0000000000000000: 00000003 00000000 00000000 0001 03 11874
0000000000000000: 00000002 00000000 00000000 0002 03  7859
0000000000000000: 00000003 00000000 00000000 0005 03 13449
0000000000000000: 00000002 00000000 00000000 0002 03 10731
0000000000000000: 00000002 00000000 00000000 0002 03  3812
0000000000000000: 00000003 00000000 00000000 0005 03 12277 /dev/socket/adbd
0000000000000000: 00000003 00000000 00000000 0005 03 11985
0000000000000000: 00000002 00000000 00000000 0002 03 11475
0000000000000000: 00000003 00000000 00000000 0005 03 18357
0000000000000000: 00000003 00000000 00000000 0005 03 18167
0000000000000000: 00000002 00000000 00000000 0002 03 15278
0000000000000000: 00000002 00000000 00000000 0002 03 18139
0000000000000000: 00000003 00000000 00000000 0001 03 12967
0000000000000000: 00000003 00000000 00000000 0005 03 14084
0000000000000000: 00000002 00000000 00000000 0002 03  7225
0000000000000000: 00000003 00000000 00000000 0005 03 15046 @jdwp-control
0000000000000000: 00000003 00000000 00000000 0001 03 11604
0000000000000000: 00000002 00000000 00000000 0002 03  7623
0000000000000000: 00000002 00000000 00000000 0002 03  8877
0000000000000000: 00000002 00000000 00000000 0002 03 17110
0000000000000000: 00000002 00000000 00000000 0002 03 13158
0000000000000000: 00000003 00000000 00000000 0005 03 10758
0000000000000000: 00000002 00000000 00000000 0002 03  5463
0000000000000000: 00000002 00000000 00000000 0002 03  3483
0000000000000000: 00000002 00000000 00000000 0002 03 18434
0000000000000000: 00000002 00000000 00000000 0002 03 12790
0000000000000000: 00000003 00000000 00000000 0001 03 16980
0000000000000000: 00000002 00000000 00000000 0002 03 16580
0000000000000000: 00000003 00000000 00000000 0005 03 12064
0000000000000000: 00000003 00000000 00000000 0005 03 18199
0000000000000000: 00000003 00000000 00000000 0005 03 13617
0000000000000000: 00000003 00000000 00000000 0005 03 11908
0000000000000000: 00000002 00000000 00000000 0002 03 11571
0000000000000000: 00000003 00000000 00000000 0005 03 10702
0000000000000000: 00000003 00000000 00000000 0005 03 12839
0000000000000000: 00000003 00000000 00000000 0001 03 18460
0000000000000000: 00000002 00000000 00000000 0002 03 16711
0000000000000000: 00000002 00000000 00000000 0002 03  9638
0000000000000000: 00000002 00000000 00000000 0002 03 16247
0000000000000000: 00000002 00000000 00000000 0002 03 13705
0000000000000000: 00000003 00000000 00000000 0005 03 11632
0000000000000000: 00000003 00000000 00000000 0005 03 12840 @jdwp-control
0000000000000000: 00000003 00000000 00000000 0005 03 12187
0000000000000000: 00000003 00000000 00000000 0001 03  6604
0000000000000000: 00000003 00000000 00000000 0005 03 11922
0000000000000000: 00000002 00000000 00000000 0002 03 14299
0000000000000000: 00000002 00000000 00000000 0002 03 14961
0000000000000000: 00000003 00000000 00000000 0005 03 17424
0000000000000000: 00000003 00000000 00000000 0001 03 18533
0000000000000000: 00000002 00000000 00000000 0002 03 17007
0000000000000000: 00000002 00000000 00000000 0002 03 11103
0000000000000000: 00000003 00000000 00000000 0005 03 10703
0000000000000000: 00000003 00000000 00000000 0005 03 13450
0000000000000000: 00000003 00000000 00000000 0001 03  9837
0000000000000000: 00000003 00000000 00000000 0005 03 11845
0000000000000000: 00000002 00000000 00000000 0002 03 12657
0000000000000000: 00000003 00000000 00000000 0005 03 11643
0000000000000000: 00000002 00000000 00000000 0002 03 14298
0000000000000000: 00000003 00000000 00000000 0005 03 13021
0000000000000000: 00000002 00000000 00000000 0002 03 12776
0000000000000000: 00000003 00000000 00000000 0001 03 11916
0000000000000000: 00000003 00000000 00000000 0001 03 11915
0000000000000000: 00000003 00000000 00000000 0005 03 14461
0000000000000000: 00000003 00000000 00000000 0005 03 14089
0000000000000000: 00000003 00000000 00000000 0005 03 11907
0000000000000000: 00000002 00000000 00000000 0002 03 11202
0000000000000000: 00000002 00000000 00010000 0001 01  1270 /dev/socket/property_service_for_system
0000000000000000: 00000003 00000000 00000000 0005 03 18171
0000000000000000: 00000002 00000000 00000000 0002 03 15580
0000000000000000: 00000002 00000000 00000000 0002 03 11548
0000000000000000: 00000003 00000000 00000000 0001 03 10996
0000000000000000: 00000002 00000000 00010000 0001 01  1273 /dev/socket/property_service
0000000000000000: 00000003 00000000 00000000 0005 03 11918
0000000000000000: 00000002 00000000 00000000 0002 03 11260
0000000000000000: 00000003 00000000 00000000 0001 03 17460 @com.android.internal.os.AppZygoteInit/2b00dea2-72b5-43e4-9a20-9bd61e5dce8e
0000000000000000: 00000003 00000000 00000000 0005 03 14270
0000000000000000: 00000002 00000000 00000000 0002 03 16667
0000000000000000: 00000002 00000000 00000000 0002 03 13018
0000000000000000: 00000002 00000000 00000000 0002 03  9531
0000000000000000: 00000003 00000000 00000000 0001 03  7863
0000000000000000: 00000002 00000000 00000000 0002 03 14636
0000000000000000: 00000003 00000000 00000000 0005 03 18170
0000000000000000: 00000003 00000000 00000000 0005 03 14460
0000000000000000: 00000003 00000000 00000000 0001 03 11406 /dev/socket/traced_producer
0000000000000000: 00000003 00000000 00000000 0001 03 11249
0000000000000000: 00000003 00000000 00000000 0001 03 18534
0000000000000000: 00000002 00000000 00000000 0002 03 16657
0000000000000000: 00000003 00000000 00000000 0005 03 12188
0000000000000000: 00000002 00000000 00000000 0002 03  9552
0000000000000000: 00000003 00000000 00000000 0005 03 14169
0000000000000000: 00000002 00000000 00000000 0002 03 11925
0000000000000000: 00000003 00000000 00000000 0001 03  9945 /dev/socket/traced_producer
0000000000000000: 00000003 00000000 00000000 0005 03 11561
0000000000000000: 00000003 00000000 00000000 0005 03 11263
0000000000000000: 00000003 00000000 00000000 0005 03 13618
0000000000000000: 00000002 00000000 00000000 0002 03 11592
0000000000000000: 00000003 00000000 00000000 0005 03 11921
0000000000000000: 00000002 00000000 00000000 0002 03 11128
0000000000000000: 00000002 00000000 00000000 0002 03 14976
0000000000000000: 00000003 00000000 00000000 0005 03 12186
0000000000000000: 00000003 00000000 00000000 0005 03 14160
0000000000000000: 00000002 00000000 00000000 0002 03 16682
0000000000000000: 00000003 00000000 00000000 0001 03 16314
0000000000000000: 00000002 00000000 00000000 0002 03 12989
0000000000000000: 00000002 00000000 00000000 0002 03  9558
0000000000000000: 00000002 00000000 00000000 0002 03 11495
0000000000000000: 00000003 00000000 00000000 0001 03  3271
0000000000000000: 00000003 00000000 00000000 0005 03 13022
0000000000000000: 00000003 00000000 00000000 0001 03  9549
0000000000000000: 00000002 00000000 00000000 0002 03 13461
0000000000000000: 00000003 00000000 00000000 0005 03 11562
0000000000000000: 00000002 00000000 00000000 0002 03 16860
0000000000000000: 00000002 00000000 00000000 0002 03 11292
0000000000000000: 00000003 00000000 00000000 0001 03  6488
0000000000000000: 00000003 00000000 00000000 0001 03 16315 /dev/socket/traced_producer
0000000000000000: 00000003 00000000 00000000 0005 03 14168
0000000000000000: 00000003 00000000 00000000 0001 03 11503 @com.android.internal.os.WebViewZygoteInit/28c6c082-c1eb-4919-8d99-2647fb1139ea
0000000000000000: 00000003 00000000 00000000 0005 03 18162
0000000000000000: 00000003 00000000 00000000 0005 03 13442
0000000000000000: 00000002 00000000 00000000 0002 03  7507
0000000000000000: 00000003 00000000 00000000 0005 03  1286
0000000000000000: 00000003 00000000 00000000 0005 03 18405
0000000000000000: 00000002 00000000 00000000 0002 03 18161
0000000000000000: 00000003 00000000 00000000 0005 03 12266
0000000000000000: 00000002 00000000 00000000 0002 03  7152
0000000000000000: 00000003 00000000 00000000 0005 03 11742
0000000000000000: 00000002 00000000 00000000 0002 03 18352
0000000000000000: 00000003 00000000 00000000 0005 03 12044
0000000000000000: 00000003 00000000 00000000 0005 03 10757
0000000000000000: 00000002 00000000 00000000 0002 03  6498
0000000000000000: 00000003 00000000 00000000 0005 03 13126
0000000000000000: 00000003 00000000 00000000 0005 03 12276
0000000000000000: 00000002 00000000 00000000 0002 03 10994
0000000000000000: 00000002 00000000 00000000 0002 03 17741
0000000000000000: 00000003 00000000 00000000 0005 03 16978
0000000000000000: 00000003 00000000 00000000 0001 03 12324
0000000000000000: 00000002 00000000 00000000 0002 03 16991
0000000000000000: 00000002 00000000 00000000 0002 03 15252
0000000000000000: 00000002 00000000 00000000 0002 03  4245
0000000000000000: 00000002 00000000 00000000 0002 03 17407
0000000000000000: 00000003 00000000 00000000 0005 03 12042
0000000000000000: 00000002 00000000 00000000 0002 03  8221
0000000000000000: 00000003 00000000 00000000 0001 03 12268 /dev/socket/traced_producer
0000000000000000: 00000002 00000000 00000000 0002 03 17713
0000000000000000: 00000003 00000000 00000000 0001 03 14161
0000000000000000: 00000003 00000000 00000000 0005 03 12273
0000000000000000: 00000002 00000000 00000000 0002 03  7151
0000000000000000: 00000003 00000000 00000000 0001 03 11883
0000000000000000: 00000002 00000000 00000000 0002 03  7355
0000000000000000: 00000003 00000000 00000000 0005 03  1269
0000000000000000: 00000002 00000000 00000000 0002 03 18308
0000000000000000: 00000003 00000000 00000000 0005 03 12040
0000000000000000: 00000003 00000000 00000000 0005 03 10756
0000000000000000: 00000002 00000000 00000000 0002 03  6486
0000000000000000: 00000002 00000000 00000000 0002 03  8322
0000000000000000: 00000002 00000000 00000000 0002 03 15569
0000000000000000: 00000002 00000000 00000000 0002 01 17452
0000000000000000: 00000003 00000000 00000000 0001 03 11919
0000000000000000: 00000003 00000000 00000000 0001 03 11884
0000000000000000: 00000002 00000000 00000000 0002 03  7524
0000000000000000: 00000002 00000000 00000000 0002 03 11659
0000000000000000: 00000003 00000000 00000000 0005 03 18203
0000000000000000: 00000003 00000000 00000000 0005 03 17013
0000000000000000: 00000003 00000000 00000000 0005 03 13127
0000000000000000: 00000002 00000000 00000000 0002 03  7178
0000000000000000: 00000003 00000000 00000000 0005 03 18499
0000000000000000: 00000002 00000000 00000000 0002 03  6358
0000000000000000: 00000003 00000000 00000000 0005 03 12041
0000000000000000: 00000002 00000000 00000000 0002 03  3394
0000000000000000: 00000002 00000000 00000000 0002 03 17086
0000000000000000: 00000002 00000000 00000000 0002 03 14060
0000000000000000: 00000003 00000000 00000000 0005 03 18356
0000000000000000: 00000002 00000000 00000000 0002 03 15948
0000000000000000: 00000002 00000000 00000000 0002 03 12806
0000000000000000: 00000002 00000000 00000000 0002 03 16332
0000000000000000: 00000003 00000000 00000000 0005 03 11005
0000000000000000: 00000002 00000000 00000000 0002 03  6633
0000000000000000: 00000003 00000000 00000000 0005 03 18498
0000000000000000: 00000002 00000000 00000000 0002 03 17127
0000000000000000: 00000002 00000000 00000000 0002 01 11460
0000000000000000: 00000002 00000000 00000000 0002 03  4402
0000000000000000: 00000003 00000000 00000000 0001 03 11905
0000000000000000: 00000002 00000000 00000000 0002 03  7871
0000000000000000: 00000003 00000000 00000000 0005 03 13164
0000000000000000: 00000003 00000000 00000000 0001 03 18473 /dev/socket/traced_producer
0000000000000000: 00000002 00000000 00000000 0002 03 11714
0000000000000000: 00000002 00000000 00000000 0002 03  6702
0000000000000000: 00000003 00000000 00000000 0005 03 11723
0000000000000000: 00000002 00000000 00000000 0002 03  8881
0000000000000000: 00000002 00000000 00000000 0002 03 13311
0000000000000000: 00000003 00000000 00000000 0005 03 11983
0000000000000000: 00000003 00000000 00000000 0005 03 10721
0000000000000000: 00000002 00000000 00000000 0002 03  3478
0000000000000000: 00000003 00000000 00000000 0001 03 11800 /dev/socket/traced_producer
0000000000000000: 00000002 00000000 00000000 0002 03 18500
0000000000000000: 00000002 00000000 00000000 0002 03 17762
0000000000000000: 00000003 00000000 00000000 0005 03 15286
0000000000000000: 00000003 00000000 00000000 0001 03 12267
0000000000000000: 00000003 00000000 00000000 0005 03 16979
0000000000000000: 00000003 00000000 00000000 0005 03 12274
0000000000000000: 00000002 00000000 00000000 0002 03  6732
0000000000000000: 00000003 00000000 00000000 0005 03 12043
0000000000000000: 00000003 00000000 00000000 0005 03 11004
0000000000000000: 00000002 00000000 00000000 0002 03  6699
0000000000000000: 00000003 00000000 00000000 0005 03 18488
0000000000000000: 00000002 00000000 00000000 0002 03  8300
0000000000000000: 00000003 00000000 00000000 0005 03 11743
0000000000000000: 00000002 00000000 00000000 0002 03 17730
0000000000000000: 00000003 00000000 00000000 0005 03 14017
0000000000000000: 00000003 00000000 00000000 0005 03 12292
0000000000000000: 00000002 00000000 00000000 0002 03  6748
0000000000000000: 00000003 00000000 00000000 0001 03 17459
0000000000000000: 00000003 00000000 00000000 0001 03 12325
0000000000000000: 00000003 00000000 00000000 0005 03 18355
0000000000000000: 00000003 00000000 00000000 0001 03 11906
0000000000000000: 00000002 00000000 00000000 0002 03  7997
0000000000000000: 00000003 00000000 00000000 0005 03 13443
0000000000000000: 00000003 00000000 00000000 0005 03 18487
0000000000000000: 00000003 00000000 00000000 0005 03 12293 @jdwp-control
0000000000000000: 00000002 00000000 00000000 0002 03  3933
0000000000000000: 00000002 00000000 00000000 0002 03 13383
0000000000000000: 00000003 00000000 00000000 0005 03 11980
0000000000000000: 00000003 00000000 00000000 0005 03 10764
0000000000000000: 00000002 00000000 00000000 0002 03 18231
0000000000000000: 00000003 00000000 00000000 0005 03 11724
0000000000000000: 00000002 00000000 00000000 0002 03 17072
0000000000000000: 00000003 00000000 00000000 0005 03 14016
0000000000000000: 00000002 00000000 00000000 0002 03  7157
0000000000000000: 00000002 00000000 00000000 0005 03 18051
0000000000000000: 00000003 00000000 00000000 0001 03 11875
0000000000000000: 00000002 00000000 00010000 0001 01 18414 @webview_devtools_remote_3556
0000000000000000: 00000002 00000000 00010000 0001 01 11463 @com.android.internal.os.WebViewZygoteInit/28c6c082-c1eb-4919-8d99-2647fb1139ea
0000000000000000: 00000002 00000000 00010000 0001 01 17456 @com.android.internal.os.AppZygoteInit/2b00dea2-72b5-43e4-9a20-9bd61e5dce8e
0000000000000000: 00000002 00000000 00010000 0001 01 15427 @stetho_com.google.android.apps.messaging_devtools_remote
0000000000000000: 00000002 00000000 00010000 0001 01 13681 @stetho_com.google.android.apps.messaging:rcs_devtools_remote
0000000000000000: 00000002 00000000 00010000 0005 01  8089 @jdwp-control
