START cdp_timezone_only_v1-r1-clean_pre
ACCEPT cdp_timezone_only_v1-r1-clean_pre ef83e090-6ec2-4b2c-bee7-8d7f0ed7b50c
START cdp_timezone_only_v1-r1-attack
ACCEPT cdp_timezone_only_v1-r1-attack b48c8e7e-4d81-414c-91fd-2d2940532648
START cdp_timezone_only_v1-r1-clean_post
ACCEPT cdp_timezone_only_v1-r1-clean_post 984cd373-ad32-4bc9-9356-732431792519
START cdp_timezone_only_v1-r2-clean_pre
ACCEPT cdp_timezone_only_v1-r2-clean_pre fe5af9db-2a49-4ad6-92ff-adcde97e86d4
START cdp_timezone_only_v1-r2-attack
ACCEPT cdp_timezone_only_v1-r2-attack 2e2a36a0-b699-451d-a7bd-14c87067fe62
START cdp_timezone_only_v1-r2-clean_post
ACCEPT cdp_timezone_only_v1-r2-clean_post bd5415eb-5239-4a20-94e5-55a28b6ca3fb
START cdp_timezone_only_v1-r3-clean_pre
ACCEPT cdp_timezone_only_v1-r3-clean_pre 4c8f5518-5719-409e-9715-4b0de9ad67e7
START cdp_timezone_only_v1-r3-attack
ACCEPT cdp_timezone_only_v1-r3-attack b70c4053-08fb-4876-81eb-84c54ba86a5a
START cdp_timezone_only_v1-r3-clean_post
ACCEPT cdp_timezone_only_v1-r3-clean_post 9f43b3cf-9551-4a4d-b895-60e1516240fa
START cdp_screen_metrics_only_v1-r1-clean_pre
ACCEPT cdp_screen_metrics_only_v1-r1-clean_pre b8f76f44-6bbc-40eb-91ab-20f8e06359e3
START cdp_screen_metrics_only_v1-r1-attack
ACCEPT cdp_screen_metrics_only_v1-r1-attack fe6d6904-3056-4f00-949e-074e4651689e
START cdp_screen_metrics_only_v1-r1-clean_post
ACCEPT cdp_screen_metrics_only_v1-r1-clean_post 85625781-9791-4361-97cf-40a585928a9e
START cdp_screen_metrics_only_v1-r2-clean_pre
ACCEPT cdp_screen_metrics_only_v1-r2-clean_pre fe7dc6b5-7451-4330-a952-02ee0cd78471
START cdp_screen_metrics_only_v1-r2-attack
ACCEPT cdp_screen_metrics_only_v1-r2-attack 67692b4f-cd30-4e4c-9436-71631c5e1517
START cdp_screen_metrics_only_v1-r2-clean_post
ACCEPT cdp_screen_metrics_only_v1-r2-clean_post 31c95852-ba87-406e-a23f-5a9afbb4697f
START cdp_screen_metrics_only_v1-r3-clean_pre
ACCEPT cdp_screen_metrics_only_v1-r3-clean_pre 64900f75-0cf5-4ca7-8ec4-0c027b690986
START cdp_screen_metrics_only_v1-r3-attack
ACCEPT cdp_screen_metrics_only_v1-r3-attack a12c2c94-b2b8-47dc-adfe-adf7218e0c31
START cdp_screen_metrics_only_v1-r3-clean_post
ACCEPT cdp_screen_metrics_only_v1-r3-clean_post 38b41109-5a28-49e0-85d8-f76d9a731b16
START stealth_webgl_pair_v1-r1-clean_pre
ACCEPT stealth_webgl_pair_v1-r1-clean_pre 603f19b9-7ee6-498c-bb78-3a1f99af107c
START stealth_webgl_pair_v1-r1-attack
ACCEPT stealth_webgl_pair_v1-r1-attack db63c89a-a49c-4f2f-8f5f-c58fcb7acb80
START stealth_webgl_pair_v1-r1-clean_post
ACCEPT stealth_webgl_pair_v1-r1-clean_post 560ff0a2-9b62-465e-bdf1-9e2fd44420ba
START stealth_webgl_pair_v1-r2-clean_pre
ACCEPT stealth_webgl_pair_v1-r2-clean_pre d946d6c4-ecde-489a-a54d-4099fe541b05
START stealth_webgl_pair_v1-r2-attack
ACCEPT stealth_webgl_pair_v1-r2-attack 64da0ed1-c8a5-42b3-9f4e-dd50a53ec0a3
START stealth_webgl_pair_v1-r2-clean_post
ACCEPT stealth_webgl_pair_v1-r2-clean_post fa9fd2e8-61e6-4d87-a278-8fc25fe53dc8
START stealth_webgl_pair_v1-r3-clean_pre
ACCEPT stealth_webgl_pair_v1-r3-clean_pre 713b85dc-2191-4ff0-bbb7-75b07596a83a
START stealth_webgl_pair_v1-r3-attack
ACCEPT stealth_webgl_pair_v1-r3-attack 2f14fe01-594b-4126-a72a-0e4d5f0edde5
START stealth_webgl_pair_v1-r3-clean_post
ACCEPT stealth_webgl_pair_v1-r3-clean_post cab9e2b3-3535-48eb-b583-5765be81c96d
START stealth_plugins_mime_v1-r1-clean_pre
ACCEPT stealth_plugins_mime_v1-r1-clean_pre 06f0873a-40b4-4a01-a45a-cb335810552a
START stealth_plugins_mime_v1-r1-attack
ACCEPT stealth_plugins_mime_v1-r1-attack d84c49e1-0c99-4da3-8cd5-eb5cdf5cb6d3
START stealth_plugins_mime_v1-r1-clean_post
ACCEPT stealth_plugins_mime_v1-r1-clean_post 13a12a89-90ff-4605-9cba-fb49ae16e5d9
START stealth_plugins_mime_v1-r2-clean_pre
ACCEPT stealth_plugins_mime_v1-r2-clean_pre 64727357-c8c2-4260-a5c9-fc9162d2bb1f
START stealth_plugins_mime_v1-r2-attack
ACCEPT stealth_plugins_mime_v1-r2-attack 02e3fad1-de66-4cf3-bdb3-0159d085b758
START stealth_plugins_mime_v1-r2-clean_post
ACCEPT stealth_plugins_mime_v1-r2-clean_post 45769ab3-ecb5-478a-81d5-2ab860bd686b
START stealth_plugins_mime_v1-r3-clean_pre
ACCEPT stealth_plugins_mime_v1-r3-clean_pre 696823f8-c2aa-46ff-a6b0-7edb88d4aa8a
START stealth_plugins_mime_v1-r3-attack
ACCEPT stealth_plugins_mime_v1-r3-attack a06be89a-5894-469a-af14-ad336ccbf0c7
START stealth_plugins_mime_v1-r3-clean_post
ACCEPT stealth_plugins_mime_v1-r3-clean_post 05f7c2e1-7016-42eb-a377-559e86a5a906
