START no_attack-r1-clean_pre
ACCEPT no_attack-r1-clean_pre baa86b06-35e3-4d41-b591-11b447ecc5ec
START no_attack-r1-control_mid
ACCEPT no_attack-r1-control_mid eb3d1258-ff12-4251-b2d2-c140c5b00301
START no_attack-r1-clean_post
ACCEPT no_attack-r1-clean_post 03c74eb9-f091-4838-acf1-25ecad9ef541
START no_attack-r2-clean_pre
ACCEPT no_attack-r2-clean_pre 65ab375e-7df3-44d9-8a5a-078f5e7dc1da
START no_attack-r2-control_mid
ACCEPT no_attack-r2-control_mid bab7214d-ec78-479c-8267-f93455540756
START no_attack-r2-clean_post
ACCEPT no_attack-r2-clean_post bdf442ac-4a7f-4369-a23e-605088d92cb7
START no_attack-r3-clean_pre
ACCEPT no_attack-r3-clean_pre 6fa3c44e-695d-41ea-9f4c-161dbc763178
START no_attack-r3-control_mid
ACCEPT no_attack-r3-control_mid a43d1653-a0a1-41fb-b8bd-bd9874f7e0d6
START no_attack-r3-clean_post
ACCEPT no_attack-r3-clean_post 2672ecea-a682-4a03-878e-c2208408f3aa
START debug_transport_control-r1-clean_pre
ACCEPT debug_transport_control-r1-clean_pre 9ab32a5b-aa42-4d1e-b4b1-f4ee4ec0eceb
START debug_transport_control-r1-control_mid
ACCEPT debug_transport_control-r1-control_mid 40740f81-0023-4861-a9cb-fe82ec9857d7
START debug_transport_control-r1-clean_post
ACCEPT debug_transport_control-r1-clean_post 07c6be47-9c35-4417-bb9a-e745939a6e9d
START webdriver-r1-clean_pre
ACCEPT webdriver-r1-clean_pre ae8de1d8-fd15-4972-b0f4-3384d331a898
START webdriver-r1-attack
ACCEPT webdriver-r1-attack ab1061a1-46b5-4b71-a955-e2101790f6c8
START webdriver-r1-clean_post
ACCEPT webdriver-r1-clean_post b2bb6172-54ea-44b4-8329-73ae0cc64923
START webdriver-r2-clean_pre
ACCEPT webdriver-r2-clean_pre cec3e4ea-aba0-42ab-b407-cd3baf4e0500
START webdriver-r2-attack
ACCEPT webdriver-r2-attack 4283b01c-56c0-400c-94c1-c319c40b8103
START webdriver-r2-clean_post
ACCEPT webdriver-r2-clean_post 6a207da8-c7ac-4aef-952c-de5ccc2d13ba
START webdriver-r3-clean_pre
ACCEPT webdriver-r3-clean_pre 9f826448-a7e7-47be-b6f3-2c405a660b58
START webdriver-r3-attack
ACCEPT webdriver-r3-attack c483deba-9ff3-44ca-ac44-9806941781ac
START webdriver-r3-clean_post
ACCEPT webdriver-r3-clean_post 3789b2ad-c23e-461f-b9e6-9afb6c0e7615
START language-r1-clean_pre
ACCEPT language-r1-clean_pre 3d83d14f-b345-4146-b2e0-bf3c179d6dd1
START language-r1-attack
ACCEPT language-r1-attack 92881fa0-8c4a-4641-85fa-5a3a40e3b492
START language-r1-clean_post
ACCEPT language-r1-clean_post 769524c3-05a9-4a2f-9b33-f972a9a1b1cc
START language-r2-clean_pre
ACCEPT language-r2-clean_pre 24c19378-f64e-4f44-a9bd-ca5fe767bda9
START language-r2-attack
ACCEPT language-r2-attack 7e9e18c0-869f-4abb-962d-8f65b4e4231a
START language-r2-clean_post
ACCEPT language-r2-clean_post b64ad19c-9f4d-49ce-b6a6-8793b41b5f7d
START language-r3-clean_pre
ACCEPT language-r3-clean_pre aea60fe5-1ef9-4289-b50a-d71b46246bfd
START language-r3-attack
ACCEPT language-r3-attack 11577259-e15d-4497-8c13-85a16e68bc39
START language-r3-clean_post
ACCEPT language-r3-clean_post c69689dc-faf5-436e-a906-91a6c4778339
