Activity Resolver Table:
  Non-Data Actions:
      android.intent.action.MAIN:
        4095ce7 com.example.hybridguard.featureapp/.MainActivity filter 3f52094
          Action: "android.intent.action.MAIN"
          Category: "android.intent.category.LAUNCHER"

Receiver Resolver Table:
  Non-Data Actions:
      android.intent.action.BATTERY_OKAY:
        f84e083 com.example.hybridguard.featureapp/androidx.work.impl.background.systemalarm.ConstraintProxy$BatteryNotLowProxy filter 4db200
          Action: "android.intent.action.BATTERY_OKAY"
          Action: "android.intent.action.BATTERY_LOW"
      android.intent.action.ACTION_POWER_DISCONNECTED:
        5c4273d com.example.hybridguard.featureapp/androidx.work.impl.background.systemalarm.ConstraintProxy$BatteryChargingProxy filter ea77b32
          Action: "android.intent.action.ACTION_POWER_CONNECTED"
          Action: "android.intent.action.ACTION_POWER_DISCONNECTED"
      androidx.profileinstaller.action.SAVE_PROFILE:
        e4d4dd7 com.example.hybridguard.featureapp/androidx.profileinstaller.ProfileInstallReceiver filter ad114e2
          Action: "androidx.profileinstaller.action.SAVE_PROFILE"
      android.intent.action.DEVICE_STORAGE_LOW:
        950fa39 com.example.hybridguard.featureapp/androidx.work.impl.background.systemalarm.ConstraintProxy$StorageNotLowProxy filter 4ce187e
          Action: "android.intent.action.DEVICE_STORAGE_LOW"
          Action: "android.intent.action.DEVICE_STORAGE_OK"
      android.net.conn.CONNECTIVITY_CHANGE:
        6ab01df com.example.hybridguard.featureapp/androidx.work.impl.background.systemalarm.ConstraintProxy$NetworkStateProxy filter 2dbee2c
          Action: "android.net.conn.CONNECTIVITY_CHANGE"
      android.intent.action.DEVICE_STORAGE_OK:
        950fa39 com.example.hybridguard.featureapp/androidx.work.impl.background.systemalarm.ConstraintProxy$StorageNotLowProxy filter 4ce187e
          Action: "android.intent.action.DEVICE_STORAGE_LOW"
          Action: "android.intent.action.DEVICE_STORAGE_OK"
      androidx.profileinstaller.action.INSTALL_PROFILE:
        e4d4dd7 com.example.hybridguard.featureapp/androidx.profileinstaller.ProfileInstallReceiver filter febd6c4
          Action: "androidx.profileinstaller.action.INSTALL_PROFILE"
      android.intent.action.BATTERY_LOW:
        f84e083 com.example.hybridguard.featureapp/androidx.work.impl.background.systemalarm.ConstraintProxy$BatteryNotLowProxy filter 4db200
          Action: "android.intent.action.BATTERY_OKAY"
          Action: "android.intent.action.BATTERY_LOW"
      android.intent.action.TIMEZONE_CHANGED:
        c3e00f5 com.example.hybridguard.featureapp/androidx.work.impl.background.systemalarm.RescheduleReceiver filter d2f3e8a
          Action: "android.intent.action.BOOT_COMPLETED"
          Action: "android.intent.action.TIME_SET"
          Action: "android.intent.action.TIMEZONE_CHANGED"
      android.intent.action.TIME_SET:
        c3e00f5 com.example.hybridguard.featureapp/androidx.work.impl.background.systemalarm.RescheduleReceiver filter d2f3e8a
          Action: "android.intent.action.BOOT_COMPLETED"
          Action: "android.intent.action.TIME_SET"
          Action: "android.intent.action.TIMEZONE_CHANGED"
      androidx.profileinstaller.action.SKIP_FILE:
        e4d4dd7 com.example.hybridguard.featureapp/androidx.profileinstaller.ProfileInstallReceiver filter 27259ad
          Action: "androidx.profileinstaller.action.SKIP_FILE"
      androidx.profileinstaller.action.BENCHMARK_OPERATION:
        e4d4dd7 com.example.hybridguard.featureapp/androidx.profileinstaller.ProfileInstallReceiver filter 82ef073
          Action: "androidx.profileinstaller.action.BENCHMARK_OPERATION"
      android.intent.action.BOOT_COMPLETED:
        c3e00f5 com.example.hybridguard.featureapp/androidx.work.impl.background.systemalarm.RescheduleReceiver filter d2f3e8a
          Action: "android.intent.action.BOOT_COMPLETED"
          Action: "android.intent.action.TIME_SET"
          Action: "android.intent.action.TIMEZONE_CHANGED"
      android.intent.action.ACTION_POWER_CONNECTED:
        5c4273d com.example.hybridguard.featureapp/androidx.work.impl.background.systemalarm.ConstraintProxy$BatteryChargingProxy filter ea77b32
          Action: "android.intent.action.ACTION_POWER_CONNECTED"
          Action: "android.intent.action.ACTION_POWER_DISCONNECTED"
      androidx.work.diagnostics.REQUEST_DIAGNOSTICS:
        4bab771 com.example.hybridguard.featureapp/androidx.work.impl.diagnostics.DiagnosticsReceiver filter 9cab956
          Action: "androidx.work.diagnostics.REQUEST_DIAGNOSTICS"
      androidx.work.impl.background.systemalarm.UpdateProxies:
        ae7dcfb com.example.hybridguard.featureapp/androidx.work.impl.background.systemalarm.ConstraintProxyUpdateReceiver filter f2fc118
          Action: "androidx.work.impl.background.systemalarm.UpdateProxies"

Permissions:
  Permission [com.example.hybridguard.featureapp.DYNAMIC_RECEIVER_NOT_EXPORTED_PERMISSION] (5319b30):
    sourcePackage=com.example.hybridguard.featureapp
    uid=10166 gids=null type=0 prot=signature
    perm=Permission{13caf5b com.example.hybridguard.featureapp.DYNAMIC_RECEIVER_NOT_EXPORTED_PERMISSION}

Registered ContentProviders:
  com.example.hybridguard.featureapp/androidx.startup.InitializationProvider:
    Provider{fa693f8 com.example.hybridguard.featureapp/androidx.startup.InitializationProvider}

ContentProvider Authorities:
  [com.example.hybridguard.featureapp.androidx-startup]:
    Provider{fa693f8 com.example.hybridguard.featureapp/androidx.startup.InitializationProvider}
      applicationInfo=ApplicationInfo{4d2c0d1 com.example.hybridguard.featureapp}

Key Set Manager:
  [com.example.hybridguard.featureapp]
      Signing KeySets: 35

Packages:
  Package [com.example.hybridguard.featureapp] (721f736):
    userId=10166
    pkg=Package{c8ce637 com.example.hybridguard.featureapp}
    codePath=/data/app/~~QDiYAs5lJBc77knwvzzV_A==/com.example.hybridguard.featureapp-QmIgts-EQgdlzpJyNxQ8hg==
    resourcePath=/data/app/~~QDiYAs5lJBc77knwvzzV_A==/com.example.hybridguard.featureapp-QmIgts-EQgdlzpJyNxQ8hg==
    legacyNativeLibraryDir=/data/app/~~QDiYAs5lJBc77knwvzzV_A==/com.example.hybridguard.featureapp-QmIgts-EQgdlzpJyNxQ8hg==/lib
    primaryCpuAbi=null
    secondaryCpuAbi=null
    versionCode=13 minSdk=21 targetSdk=36
    versionName=1.6.6-expanded-v2.2-webgl2-probe
    splits=[base]
    apkSigningVersion=2
    applicationInfo=ApplicationInfo{c8ce637 com.example.hybridguard.featureapp}
    flags=[ DEBUGGABLE HAS_CODE ALLOW_CLEAR_USER_DATA ]
    privateFlags=[ PRIVATE_FLAG_ACTIVITIES_RESIZE_MODE_RESIZEABLE_VIA_SDK_VERSION ALLOW_AUDIO_PLAYBACK_CAPTURE PARTIALLY_DIRECT_BOOT_AWARE PRIVATE_FLAG_ALLOW_NATIVE_HEAP_POINTER_TAGGING ]
    forceQueryable=false
    queriesPackages=[]
    queriesIntents=[Intent { act=android.intent.action.VIEW cat=[android.intent.category.BROWSABLE] dat=https:///... }, Intent { act=android.intent.action.MAIN cat=[android.intent.category.APP_BROWSER] }]
    dataDir=/data/user/0/com.example.hybridguard.featureapp
    supportsScreens=[small, medium, large, xlarge, resizeable, anyDensity]
    timeStamp=2026-10-01 14:33:01
    firstInstallTime=2026-09-30 22:19:18
    lastUpdateTime=2026-10-01 14:33:04
    signatures=PackageSignatures{bacf7a4 version:2, signatures:[b936dc11], past signatures:[]}
    installPermissionsFixed=true
    pkgFlags=[ DEBUGGABLE HAS_CODE ALLOW_CLEAR_USER_DATA ]
    declared permissions:
      com.example.hybridguard.featureapp.DYNAMIC_RECEIVER_NOT_EXPORTED_PERMISSION: prot=signature, INSTALLED
    requested permissions:
      android.permission.INTERNET
      android.permission.ACCESS_NETWORK_STATE
      android.permission.WAKE_LOCK
      android.permission.RECEIVE_BOOT_COMPLETED
      android.permission.FOREGROUND_SERVICE
      com.example.hybridguard.featureapp.DYNAMIC_RECEIVER_NOT_EXPORTED_PERMISSION
    install permissions:
      android.permission.FOREGROUND_SERVICE: granted=true
      android.permission.RECEIVE_BOOT_COMPLETED: granted=true
      com.example.hybridguard.featureapp.DYNAMIC_RECEIVER_NOT_EXPORTED_PERMISSION: granted=true
      android.permission.INTERNET: granted=true
      android.permission.ACCESS_NETWORK_STATE: granted=true
      android.permission.WAKE_LOCK: granted=true
    User 0: ceDataInode=132189 installed=true hidden=false suspended=false distractionFlags=0 stopped=false notLaunched=false enabled=0 instant=false virtual=false
      gids=[3003]
      runtime permissions:
      enabledComponents:
        androidx.work.impl.background.systemalarm.RescheduleReceiver
        androidx.work.impl.background.systemjob.SystemJobService

Queries:
  system apps queryable: false
  queries via package name:
  queries via intent:
    com.example.hybridguard.featureapp:
      com.google.android.setupwizard
      com.google.android.googlequicksearchbox
      com.google.android.apps.docs
      com.android.chrome
  queryable via interaction:
    User 0:

Package Changes:
  Sequence number=1
  User 0:
    seq=0, package=com.example.hybridguard.featureapp


Dexopt state:
  [com.example.hybridguard.featureapp]
    path: /data/app/~~QDiYAs5lJBc77knwvzzV_A==/com.example.hybridguard.featureapp-QmIgts-EQgdlzpJyNxQ8hg==/base.apk
      arm64: [status=run-from-apk] [reason=unknown]


Compiler stats:
  [com.example.hybridguard.featureapp]
    (No recorded stats)

APEX session state:

Active APEX packages:


Inactive APEX packages:


Factory APEX packages:


