Num       RefCount Protocol Flags    Type St Inode Path
0000000000000000: 00000003 00000000 00000000 0005 03 12010
0000000000000000: 00000003 00000000 00000000 0005 03 11251 @jdwp-control
0000000000000000: 00000003 00000000 00000000 0005 03 10762
0000000000000000: 00000003 00000000 00000000 0001 03  6439
0000000000000000: 00000003 00000000 00000000 0005 03 12264 @jdwp-control
0000000000000000: 00000003 00000000 00000000 0005 03 14248
0000000000000000: 00000003 00000000 00000000 0005 03 13764
0000000000000000: 00000003 00000000 00000000 0001 03 12936
0000000000000000: 00000002 00000000 00000000 0002 03 12024
0000000000000000: 00000002 00000000 00000000 0002 03 11947
0000000000000000: 00000002 00000000 00000000 0002 03 13045
0000000000000000: 00000003 00000000 00000000 0001 03 14188
0000000000000000: 00000003 00000000 00000000 0005 03 12266 /dev/socket/adbd
0000000000000000: 00000002 00000000 00000000 0002 01  9926 /data/system/unsolzygotesocket
0000000000000000: 00000002 00000000 00000000 0002 03  8473
0000000000000000: 00000002 00000000 00010000 0001 01  3207 /dev/socket/prng_seeder
0000000000000000: 00000003 00000000 00000000 0005 03 13324
0000000000000000: 00000003 00000000 00000000 0005 03 13012
0000000000000000: 00000003 00000000 00000000 0001 03  7181
0000000000000000: 00000003 00000000 00000000 0001 03  3275
0000000000000000: 00000003 00000000 00000000 0005 03 14243
0000000000000000: 00000003 00000000 00000000 0005 03 11912
0000000000000000: 00000002 00000000 00000000 0002 03 11710
0000000000000000: 00000003 00000000 00000000 0005 03 11991
0000000000000000: 00000003 00000000 00000000 0001 03  9752 /dev/socket/mdnsd
0000000000000000: 00000003 00000000 00000000 0005 03 13465
0000000000000000: 00000003 00000000 00000000 0005 03 11250
0000000000000000: 00000003 00000000 00000000 0005 03 14163
0000000000000000: 00000002 00000000 00000000 0002 03 10742
0000000000000000: 00000002 00000000 00000000 0002 03 14139
0000000000000000: 00000003 00000000 00000000 0005 03 13011
0000000000000000: 00000002 00000000 00000000 0002 03 11505
0000000000000000: 00000003 00000000 00000000 0001 03  9748
0000000000000000: 00000003 00000000 00000000 0005 03 13325
0000000000000000: 00000003 00000000 00000000 0005 03 11992
0000000000000000: 00000003 00000000 00000000 0005 03 10684
0000000000000000: 00000003 00000000 00000000 0001 03  7987
0000000000000000: 00000003 00000000 00000000 0001 03 12276
0000000000000000: 00000003 00000000 00000000 0005 03 11919
0000000000000000: 00000002 00000000 00000000 0002 03  8309
0000000000000000: 00000002 00000000 00000000 0002 03 12092
0000000000000000: 00000003 00000000 00000000 0005 03 13452
0000000000000000: 00000003 00000000 00000000 0005 03 12235
0000000000000000: 00000003 00000000 00000000 0005 03 11696
0000000000000000: 00000002 00000000 00010000 0001 01  3316 /dev/socket/logd
0000000000000000: 00000003 00000000 00000000 0005 03 13773
0000000000000000: 00000002 00000000 00010000 0005 01  3318 /dev/socket/logdr
0000000000000000: 00000003 00000000 00000000 0005 03 14297
0000000000000000: 00000002 00000000 00000000 0002 03 11727
0000000000000000: 0000006A 00000000 00000000 0002 03  3320 /dev/socket/logdw
0000000000000000: 00000002 00000000 00000000 0002 03 13863
0000000000000000: 00000002 00000000 00000000 0002 03 11245
0000000000000000: 00000003 00000000 00000000 0001 03 11234 /dev/socket/zygote
0000000000000000: 00000002 00000000 00010000 0005 01  3334 /dev/socket/lmkd
0000000000000000: 00000003 00000000 00000000 0001 03 14179
0000000000000000: 00000002 00000000 00000000 0002 03  8834
0000000000000000: 00000003 00000000 00000000 0001 03  8271 /dev/socket/traced_producer
0000000000000000: 00000003 00000000 00000000 0005 03 12845
0000000000000000: 00000003 00000000 00000000 0005 03 14206
0000000000000000: 00000003 00000000 00000000 0005 03 13763
0000000000000000: 00000003 00000000 00000000 0001 03 14285
0000000000000000: 00000002 00000000 00000000 0002 03 12800
0000000000000000: 00000003 00000000 00000000 0005 03 12236
0000000000000000: 00000003 00000000 00000000 0005 03 13747
0000000000000000: 00000003 00000000 00000000 0005 03 13739
0000000000000000: 00000003 00000000 00000000 0005 03 12261
0000000000000000: 00000003 00000000 00000000 0005 03 11756
0000000000000000: 00000003 00000000 00000000 0001 03 14284
0000000000000000: 00000002 00000000 00000000 0002 03  9640
0000000000000000: 00000003 00000000 00000000 0005 03 13204
0000000000000000: 00000003 00000000 00000000 0005 03 12212
0000000000000000: 00000003 00000000 00000000 0005 03 11817
0000000000000000: 00000003 00000000 00000000 0001 03 11428 /dev/socket/traced_producer
0000000000000000: 00000002 00000000 00000000 0002 03 14055
0000000000000000: 00000003 00000000 00000000 0005 03 12995
0000000000000000: 00000003 00000000 00000000 0005 03 11954
0000000000000000: 00000003 00000000 00000000 0001 03 11917
0000000000000000: 00000002 00000000 00000000 0002 03  9209
0000000000000000: 00000003 00000000 00000000 0001 03  9543 /dev/socket/traced_producer
0000000000000000: 00000002 00000000 00000000 0002 03 11190
0000000000000000: 00000002 00000000 00000000 0002 03 14239
0000000000000000: 00000003 00000000 00000000 0005 03 14237
0000000000000000: 00000003 00000000 00000000 0005 03 13738
0000000000000000: 00000003 00000000 00000000 0005 03 11752
0000000000000000: 00000002 00000000 00000000 0002 03 13230
0000000000000000: 00000003 00000000 00000000 0001 03 12937
0000000000000000: 00000002 00000000 00000000 0002 03  9836
0000000000000000: 00000002 00000000 00000000 0002 03 12925
0000000000000000: 00000002 00000000 00000000 0002 03 14130
0000000000000000: 00000003 00000000 00000000 0001 03 12241
0000000000000000: 00000003 00000000 00000000 0005 03 11990
0000000000000000: 00000002 00000000 00000000 0002 03  9534
0000000000000000: 00000003 00000000 00000000 0001 03  6440
0000000000000000: 00000003 00000000 00000000 0005 03 12213
0000000000000000: 00000003 00000000 00000000 0005 03 11911
0000000000000000: 00000003 00000000 00000000 0001 03 14277
0000000000000000: 00000003 00000000 00000000 0005 03 13799
0000000000000000: 00000003 00000000 00000000 0005 03 13451
0000000000000000: 00000003 00000000 00000000 0005 03 12263
0000000000000000: 00000003 00000000 00000000 0005 03 11149
0000000000000000: 00000003 00000000 00000000 0005 03 13741 @jdwp-control
0000000000000000: 00000002 00000000 00000000 0002 03 11669
0000000000000000: 00000003 00000000 00000000 0001 03 11427
0000000000000000: 00000003 00000000 00000000 0005 03 12219
0000000000000000: 00000003 00000000 00000000 0005 03 12181
0000000000000000: 00000002 00000000 00000000 0002 03 14119
0000000000000000: 00000003 00000000 00000000 0005 03 13010
0000000000000000: 00000003 00000000 00000000 0005 03 11961
0000000000000000: 00000003 00000000 00000000 0001 03 11918
0000000000000000: 00000002 00000000 00000000 0002 03  9548
0000000000000000: 00000003 00000000 00000000 0001 03  3276
0000000000000000: 00000003 00000000 00000000 0001 03 14273
0000000000000000: 00000002 00000000 00000000 0002 03 13093
0000000000000000: 00000002 00000000 00000000 0002 03 13027
0000000000000000: 00000002 00000000 00000000 0002 03 11898
0000000000000000: 00000002 00000000 00000000 0002 03  9624
0000000000000000: 00000002 00000000 00000000 0002 03 12960
0000000000000000: 00000003 00000000 00000000 0005 03 13760
0000000000000000: 00000002 00000000 00000000 0005 03 11668
0000000000000000: 00000003 00000000 00000000 0005 03 14241
0000000000000000: 00000002 00000000 00000000 0002 03 13625
0000000000000000: 00000002 00000000 00000000 0002 03 12257
0000000000000000: 00000003 00000000 00000000 0001 03  9840 /dev/socket/traced_producer
0000000000000000: 00000002 00000000 00000000 0002 03 14026
0000000000000000: 00000003 00000000 00000000 0005 03 11962
0000000000000000: 00000002 00000000 00000000 0002 03 11489
0000000000000000: 00000002 00000000 00000000 0002 03 11465
0000000000000000: 00000003 00000000 00000000 0001 03 14193 /dev/socket/traced_producer
0000000000000000: 00000003 00000000 00000000 0001 03 10737 /dev/socket/traced_producer
0000000000000000: 00000003 00000000 00000000 0005 03 10766
0000000000000000: 00000003 00000000 00000000 0001 03 11909
0000000000000000: 00000002 00000000 00000000 0002 01  3277
0000000000000000: 00000002 00000000 00000000 0002 03  8210
0000000000000000: 00000003 00000000 00000000 0005 03 11757
0000000000000000: 00000002 00000000 00000000 0002 03  5452
0000000000000000: 00000002 00000000 00000000 0002 03  7160
0000000000000000: 00000002 00000000 00010000 0005 01  4358 /dev/socket/tombstoned_crash
0000000000000000: 00000003 00000000 00000000 0001 03 11887
0000000000000000: 00000002 00000000 00010000 0005 01  4359 /dev/socket/tombstoned_intercept
0000000000000000: 00000002 00000000 00010000 0001 01 11309 /data/system/ndebugsocket
0000000000000000: 00000003 00000000 00000000 0005 03 10767
0000000000000000: 00000002 00000000 00010000 0005 01  4360 /dev/socket/tombstoned_java_trace
0000000000000000: 00000002 00000000 00000000 0002 03  6589
0000000000000000: 00000002 00000000 00000000 0002 03 11543
0000000000000000: 00000002 00000000 00000000 0002 03  7279
0000000000000000: 00000002 00000000 00010000 0001 01  5308 /dev/socket/dnsproxyd
0000000000000000: 00000003 00000000 00000000 0001 03 14290
0000000000000000: 00000002 00000000 00000000 0001 01  5309 /dev/socket/mdns
0000000000000000: 00000002 00000000 00000000 0002 03  7202
0000000000000000: 00000002 00000000 00010000 0001 01  5310 /dev/socket/fwmarkd
0000000000000000: 0000000F 00000000 00000000 0002 03  5322 /dev/socket/statsdw
0000000000000000: 00000002 00000000 00010000 0001 01  5331 /dev/socket/zygote
0000000000000000: 00000002 00000000 00010000 0001 01  5332 /dev/socket/usap_pool_primary
0000000000000000: 00000003 00000000 00000000 0001 03 11888
0000000000000000: 00000002 00000000 00010000 0005 01  7531 /dev/socket/adbd
0000000000000000: 00000002 00000000 00000000 0002 03 10982
0000000000000000: 00000002 00000000 00010000 0001 01  7976 /dev/socket/mdnsd
0000000000000000: 00000003 00000000 00000000 0005 03 11589
0000000000000000: 00000002 00000000 00010000 0001 01  8191 /dev/socket/traced_consumer
0000000000000000: 00000002 00000000 00000000 0002 03  4405
0000000000000000: 00000002 00000000 00010000 0001 01  8192 /dev/socket/traced_producer
0000000000000000: 00000002 00000000 00010000 0001 01 11050 /dev/socket/ot-daemon/thread-wpan.sock
0000000000000000: 00000002 00000000 00000000 0002 03  8003
0000000000000000: 00000002 00000000 00000000 0002 01 11143 /dev/socket/wpa_wlan0
0000000000000000: 00000003 00000000 00000000 0005 03 10995
0000000000000000: 00000002 00000000 00000000 0002 03  7182
0000000000000000: 00000003 00000000 00000000 0005 03 11654
0000000000000000: 00000003 00000000 00000000 0005 03 11663
0000000000000000: 00000003 00000000 00000000 0005 03  1287
0000000000000000: 00000002 00000000 00000000 0002 03  5816
0000000000000000: 00000002 00000000 00000000 0002 03  6786
0000000000000000: 00000003 00000000 00000000 0005 03 11148
0000000000000000: 00000003 00000000 00000000 0001 03 11858
0000000000000000: 00000002 00000000 00000000 0002 03  7729
0000000000000000: 00000002 00000000 00000000 0002 03  3936
0000000000000000: 00000002 00000000 00000000 0002 03 11085
0000000000000000: 00000002 00000000 00000000 0002 03  6737
0000000000000000: 00000003 00000000 00000000 0001 03 11514
0000000000000000: 00000002 00000000 00000000 0002 03  7688
0000000000000000: 00000002 00000000 00000000 0002 03  3503
0000000000000000: 00000002 00000000 00000000 0002 03  6593
0000000000000000: 00000003 00000000 00000000 0005 03 11638
0000000000000000: 00000003 00000000 00000000 0005 03  1268
0000000000000000: 00000002 00000000 00000000 0002 03  7523
0000000000000000: 00000003 00000000 00000000 0001 03 11583 /dev/socket/traced_producer
0000000000000000: 00000002 00000000 00000000 0002 03  7227
0000000000000000: 00000003 00000000 00000000 0005 03 11662
0000000000000000: 00000002 00000000 00000000 0002 03  6011
0000000000000000: 00000002 00000000 00000000 0002 03  7573
0000000000000000: 00000002 00000000 00000000 0002 03  3510
0000000000000000: 00000003 00000000 00000000 0005 03 13765
0000000000000000: 00000003 00000000 00000000 0005 03 11952
0000000000000000: 00000003 00000000 00000000 0005 03 11248
0000000000000000: 00000003 00000000 00000000 0005 03 13932
0000000000000000: 00000003 00000000 00000000 0001 03 14191
0000000000000000: 00000003 00000000 00000000 0005 03 12027
0000000000000000: 00000003 00000000 00000000 0005 03 10726
0000000000000000: 00000002 00000000 00000000 0002 03  8510
0000000000000000: 00000003 00000000 00000000 0001 03  7837
0000000000000000: 00000003 00000000 00000000 0005 03 12846
0000000000000000: 00000003 00000000 00000000 0001 03 10985
0000000000000000: 00000003 00000000 00000000 0005 03 14244
0000000000000000: 00000002 00000000 00000000 0002 03 13536
0000000000000000: 00000002 00000000 00000000 0002 03 12699
0000000000000000: 00000003 00000000 00000000 0005 03 11249
0000000000000000: 00000003 00000000 00000000 0005 03 10727 /dev/socket/lmkd
0000000000000000: 00000003 00000000 00000000 0005 03 13774
0000000000000000: 00000003 00000000 00000000 0005 03 13466
0000000000000000: 00000003 00000000 00000000 0005 03 13013 @jdwp-control
0000000000000000: 00000003 00000000 00000000 0005 03 12265
0000000000000000: 00000003 00000000 00000000 0001 03 14274
0000000000000000: 00000003 00000000 00000000 0005 03 13807
0000000000000000: 00000002 00000000 00000000 0002 03 11922
0000000000000000: 00000003 00000000 00000000 0005 03 14164
0000000000000000: 00000003 00000000 00000000 0005 03 13313
0000000000000000: 00000003 00000000 00000000 0005 03 11995
0000000000000000: 00000003 00000000 00000000 0001 03  9749 /dev/socket/traced_producer
0000000000000000: 00000003 00000000 00000000 0005 03 12177
0000000000000000: 00000003 00000000 00000000 0001 03  7836
0000000000000000: 00000003 00000000 00000000 0001 03 14289
0000000000000000: 00000002 00000000 00000000 0002 03 13836
0000000000000000: 00000003 00000000 00000000 0005 03 14205
0000000000000000: 00000003 00000000 00000000 0005 03 11695
0000000000000000: 00000002 00000000 00000000 0002 03 11274
0000000000000000: 00000003 00000000 00000000 0001 03  9542
0000000000000000: 00000003 00000000 00000000 0005 03 14249
0000000000000000: 00000002 00000000 00000000 0002 03 13479
0000000000000000: 00000003 00000000 00000000 0005 03 13312
0000000000000000: 00000002 00000000 00000000 0002 03 12774
0000000000000000: 00000003 00000000 00000000 0001 03 14178
0000000000000000: 00000003 00000000 00000000 0005 03 11920
0000000000000000: 00000003 00000000 00000000 0001 03 10736
0000000000000000: 00000003 00000000 00000000 0005 03 10683
0000000000000000: 00000002 00000000 00000000 0002 03  8270
0000000000000000: 00000003 00000000 00000000 0005 03 12844
0000000000000000: 00000003 00000000 00000000 0005 03 11994
0000000000000000: 00000003 00000000 00000000 0001 03 14278
0000000000000000: 00000002 00000000 00000000 0002 03 11815
0000000000000000: 00000002 00000000 00000000 0002 01  9810
0000000000000000: 00000003 00000000 00000000 0005 03 14296
0000000000000000: 00000002 00000000 00000000 0002 03 12841
0000000000000000: 00000002 00000000 00000000 0002 03 11424
0000000000000000: 00000003 00000000 00000000 0005 03 13766 @jdwp-control
0000000000000000: 00000003 00000000 00000000 0005 03 13345
0000000000000000: 00000003 00000000 00000000 0005 03 12011
0000000000000000: 00000003 00000000 00000000 0005 03 12028
0000000000000000: 00000003 00000000 00000000 0001 03  8220
0000000000000000: 00000002 00000000 00010000 0001 01  1270 /dev/socket/property_service_for_system
0000000000000000: 00000003 00000000 00000000 0005 03 13203
0000000000000000: 00000003 00000000 00000000 0001 03  7180
0000000000000000: 00000002 00000000 00010000 0001 01  1273 /dev/socket/property_service
0000000000000000: 00000003 00000000 00000000 0005 03 12996
0000000000000000: 00000003 00000000 00000000 0005 03 11955
0000000000000000: 00000002 00000000 00000000 0002 03  8913
0000000000000000: 00000003 00000000 00000000 0005 03 14240
0000000000000000: 00000003 00000000 00000000 0005 03 13759
0000000000000000: 00000003 00000000 00000000 0005 03 13740
0000000000000000: 00000003 00000000 00000000 0005 03 11753
0000000000000000: 00000003 00000000 00000000 0005 03 11169
0000000000000000: 00000003 00000000 00000000 0005 03 14064
0000000000000000: 00000002 00000000 00000000 0002 03  9644
0000000000000000: 00000003 00000000 00000000 0001 03 14286
0000000000000000: 00000002 00000000 00000000 0002 03 12816
0000000000000000: 00000003 00000000 00000000 0005 03 12247
0000000000000000: 00000002 00000000 00000000 0002 03 11876
0000000000000000: 00000003 00000000 00000000 0001 03 12277
0000000000000000: 00000003 00000000 00000000 0005 03 11953
0000000000000000: 00000003 00000000 00000000 0001 03 11910
0000000000000000: 00000002 00000000 00000000 0002 03  9553
0000000000000000: 00000003 00000000 00000000 0005 03 12218
0000000000000000: 00000003 00000000 00000000 0005 03 11816
0000000000000000: 00000002 00000000 00000000 0002 03 13758
0000000000000000: 00000002 00000000 00000000 0002 03 13450
0000000000000000: 00000003 00000000 00000000 0001 03  9839
0000000000000000: 00000003 00000000 00000000 0005 03 14238
0000000000000000: 00000003 00000000 00000000 0005 03 12262
0000000000000000: 00000003 00000000 00000000 0005 03 13808
0000000000000000: 00000002 00000000 00000000 0002 03 13123
0000000000000000: 00000003 00000000 00000000 0005 03 14065
0000000000000000: 00000002 00000000 00000000 0002 03 13007
0000000000000000: 00000002 00000000 00000000 0002 03 13803
0000000000000000: 00000002 00000000 00000000 0002 03 13611
0000000000000000: 00000003 00000000 00000000 0001 03 11233
0000000000000000: 00000003 00000000 00000000 0001 03 12242 /dev/socket/traced_producer
0000000000000000: 00000003 00000000 00000000 0005 03 12182
0000000000000000: 00000003 00000000 00000000 0005 03 11902
0000000000000000: 00000003 00000000 00000000 0005 03 11989
0000000000000000: 00000002 00000000 00000000 0002 03  9011
0000000000000000: 00000003 00000000 00000000 0005 03 13933
0000000000000000: 00000002 00000000 00000000 0002 03  9832
0000000000000000: 00000002 00000000 00000000 0002 03 13301
0000000000000000: 00000003 00000000 00000000 0005 03 13746
0000000000000000: 00000003 00000000 00000000 0005 03 12847 @jdwp-control
0000000000000000: 00000002 00000000 00000000 0002 03 13735
0000000000000000: 00000003 00000000 00000000 0001 03 10986
0000000000000000: 00000002 00000000 00000000 0002 03 14036
0000000000000000: 00000003 00000000 00000000 0005 03 13346
0000000000000000: 00000002 00000000 00000000 0002 03  9539
0000000000000000: 00000003 00000000 00000000 0001 03 14189 /dev/socket/traced_producer
0000000000000000: 00000003 00000000 00000000 0005 03 12178
0000000000000000: 00000003 00000000 00000000 0005 03 11901
0000000000000000: 00000003 00000000 00000000 0001 03 14283
0000000000000000: 00000002 00000000 00000000 0002 03 13061
0000000000000000: 00000002 00000000 00000000 0002 03 11980
0000000000000000: 00000003 00000000 00000000 0005 03 12248
0000000000000000: 00000003 00000000 00000000 0005 03 11168
0000000000000000: 00000003 00000000 00000000 0005 03 13798
0000000000000000: 00000002 00000000 00000000 0002 01 11452
0000000000000000: 00000003 00000000 00000000 0005 03 11653
0000000000000000: 00000002 00000000 00000000 0002 03  4259
0000000000000000: 00000002 00000000 00000000 0002 03  7141
0000000000000000: 00000003 00000000 00000000 0001 03 11805 /dev/socket/traced_producer
0000000000000000: 00000003 00000000 00000000 0005 03 10772
0000000000000000: 00000003 00000000 00000000 0001 03 11857
0000000000000000: 00000003 00000000 00000000 0005 03 10771
0000000000000000: 00000002 00000000 00000000 0002 03 11534
0000000000000000: 00000002 00000000 00000000 0002 03  7199
0000000000000000: 00000002 00000000 00000000 0002 03 11570
0000000000000000: 00000002 00000000 00000000 0002 03  6523
0000000000000000: 00000002 00000000 00000000 0002 03  8239
0000000000000000: 00000003 00000000 00000000 0005 03 10994
0000000000000000: 00000003 00000000 00000000 0001 03 11582
0000000000000000: 00000003 00000000 00000000 0005 03 11590
0000000000000000: 00000002 00000000 00000000 0002 03  5752
0000000000000000: 00000002 00000000 00000000 0002 03  7136
0000000000000000: 00000003 00000000 00000000 0001 03 11804
0000000000000000: 00000002 00000000 00000000 0002 03  7945
0000000000000000: 00000003 00000000 00000000 0005 03 10765
0000000000000000: 00000003 00000000 00000000 0005 03 10763
0000000000000000: 00000002 00000000 00000000 0002 03  3424
0000000000000000: 00000003 00000000 00000000 0005 03 11647
0000000000000000: 00000002 00000000 00000000 0002 03  6456
0000000000000000: 00000002 00000000 00000000 0002 03  6607
0000000000000000: 00000003 00000000 00000000 0001 03 11865
0000000000000000: 00000002 00000000 00000000 0002 03  7574
0000000000000000: 00000002 00000000 00000000 0002 03  3507
0000000000000000: 00000003 00000000 00000000 0005 03 11637
0000000000000000: 00000002 00000000 00000000 0002 03  6653
0000000000000000: 00000002 00000000 00000000 0002 03  7403
0000000000000000: 00000003 00000000 00000000 0001 03 11515 @com.android.internal.os.WebViewZygoteInit/0fb9a6e9-9495-44c4-9e3a-562ba4b0de4a
0000000000000000: 00000002 00000000 00000000 0002 03 11097
0000000000000000: 00000002 00000000 00000000 0002 03  7235
0000000000000000: 00000002 00000000 00000000 0002 03  4250
0000000000000000: 00000003 00000000 00000000 0005 03  1269
0000000000000000: 00000003 00000000 00000000 0005 03 10764
0000000000000000: 00000002 00000000 00000000 0002 03  7833
0000000000000000: 00000003 00000000 00000000 0001 03 11864
0000000000000000: 00000002 00000000 00000000 0002 03  7135
0000000000000000: 00000003 00000000 00000000 0005 03 11646
0000000000000000: 00000002 00000000 00000000 0002 03  6437
0000000000000000: 00000003 00000000 00000000 0005 03  1286
0000000000000000: 00000002 00000000 00010000 0001 01 14124 @webview_devtools_remote_1994
0000000000000000: 00000002 00000000 00010000 0001 01 11780 @com.android.internal.telephony
0000000000000000: 00000002 00000000 00010000 0001 01 14226 @stetho_com.google.android.apps.messaging_devtools_remote
0000000000000000: 00000002 00000000 00010000 0001 01 13347 @stetho_com.google.android.apps.messaging:rcs_devtools_remote
0000000000000000: 00000002 00000000 00010000 0001 01 11454 @com.android.internal.os.WebViewZygoteInit/0fb9a6e9-9495-44c4-9e3a-562ba4b0de4a
0000000000000000: 00000002 00000000 00010000 0005 01  7952 @jdwp-control
