  PID NAME                       
    1 init
    2 [kthreadd]
    3 [kworker/0:0]
    4 [kworker/0:0H]
    5 [kworker/u2:0]
    6 [mm_percpu_wq]
    7 [ksoftirqd/0]
    8 [rcu_preempt]
    9 [rcu_sched]
   10 [rcu_bh]
   11 [migration/0]
   12 [cpuhp/0]
   13 [netns]
   14 [kworker/0:1]
   15 [oom_reaper]
   16 [writeback]
   17 [kcompactd0]
   18 [ksmd]
   19 [crypto]
   20 [kblockd]
   21 [cfg80211]
   44 [kauditd]
   45 [kswapd0]
   46 [kworker/u3:0]
   79 [hwrng]
   80 [kworker/0:1H]
   81 [memory_wq]
   82 [dm_bufio_cache]
   83 [ion_system_heap]
   84 [kworker/0:2]
   85 [ipv6_addrconf]
   86 [kdmflush]
   87 [bioset]
   88 [kdmflush]
   89 [bioset]
   90 [ext4-rsv-conver]
   91 [ext4-rsv-conver]
   92 init
   93 init
   94 ueventd
   97 logd
   98 servicemanager
   99 hwservicemanager
  100 vndservicemanager
  101 [kworker/u2:1]
  111 vold
  119 [jbd2/vdc-8]
  120 [ext4-rsv-conver]
  123 android.hardware.keymaster@3.0-service
  129 apexd
  151 netd
  152 zygote64
  154 android.hidl.allocator@1.0-service
  155 android.system.suspend@1.0-service
  156 healthd
  157 android.hardware.audio@2.0-service
  158 android.hardware.broadcastradio@1.1-service
  159 android.hardware.camera.provider@2.4-service_64
  160 android.hardware.configstore@1.1-service
  161 android.hardware.drm@1.0-service
  162 android.hardware.drm@1.2-service.clearkey
  163 android.hardware.drm@1.2-service.widevine
  164 android.hardware.gatekeeper@1.0-service
  165 android.hardware.gnss@1.0-service
  166 android.hardware.graphics.allocator@2.0-service
  167 android.hardware.graphics.composer@2.1-service
  168 android.hardware.health@2.0-service.goldfish
  169 android.hardware.power@1.1-service.ranchu
  170 android.hardware.sensors@1.0-service
  171 android.hardware.thermal@2.0-service.mock
  172 android.hardware.wifi@1.0-service
  174 qemu-props
  175 ashmemd
  176 audioserver
  177 gpuservice
  178 lmkd
  179 surfaceflinger
  182 adbd
  183 traced
  184 traced_probes
  186 cameraserver
  189 createns
  191 drmserver
  192 [psimon]
  193 idmap2d
  194 incidentd
  195 installd
  196 keystore
  197 mdnsd
  198 mediadrmserver
  199 media.extractor
  200 media.metrics
  201 mediaserver
  202 statsd
  203 storaged
  204 wificond
  205 media.codec
  206 rild
  230 media.swcodec
  231 gatekeeperd
  232 tombstoned
  234 android.hardware.biometrics.fingerprint@2.1-service
  242 llkd
  245 iptables-restore
  246 ip6tables-restore
  250 system_server
  278 [kworker/0:3]
  330 netmgr
  332 wifi_forwarder
  335 hostapd_nohidl
  336 dhcpclient
  490 com.android.systemui
  506 com.google.android.networkstack
  528 com.android.phone
  627 com.google.android.ext.services
  659 com.google.android.inputmethod.latin
  677 webview_zygote
  697 com.google.android.apps.nexuslauncher
  735 wpa_supplicant
  810 com.google.android.gms.persistent
  830 com.android.dialer
  854 android.process.acore
  892 com.android.cellbroadcastreceiver
  948 com.google.android.gms
  977 com.google.process.gservices
  999 com.google.android.googlequicksearchbox:interactor
 1018 com.google.android.googlequicksearchbox:search
 1069 com.android.se
 1087 com.android.ims.rcsservice
 1100 com.android.emulator.multidisplay
 1141 com.android.smspush
 1223 abb
 1227 com.google.process.gapps
 1312 [kworker/u2:2]
 1323 android.process.media
 1354 com.google.android.permissioncontroller
 1453 com.android.providers.calendar
 1623 com.google.android.apps.maps
 1955 com.google.android.apps.messaging
 2011 com.google.android.ims
 2024 com.google.android.apps.messaging:rcs
 2080 com.google.android.apps.photos
 2116 sh
 2121 cmd
 2125 com.google.android.apps.wallpaper
 2158 com.google.android.calendar
 2218 com.google.android.configupdater
 2267 com.google.android.deskclock
 2299 com.google.android.gm
 2353 com.android.chrome
 2396 com.google.android.onetimeinitializer
 2417 com.google.android.packageinstaller
 2436 com.google.android.partnersetup
 2458 com.google.android.projection.gearhead:shared
 2484 com.google.android.projection.gearhead:projection
 2513 com.google.android.gms:car
 2535 com.google.process.gapps
 2563 com.google.android.youtube
 2755 com.google.android.gms.ui
 2776 ps
