START cdp_timezone_only_v1-r1-clean_pre
ACCEPT cdp_timezone_only_v1-r1-clean_pre 6c39111f-7476-4716-9fc0-34184a1a8401
START cdp_timezone_only_v1-r1-attack
ACCEPT cdp_timezone_only_v1-r1-attack d109060e-50e5-4764-801d-06e916bcc69d
START cdp_timezone_only_v1-r1-clean_post
ACCEPT cdp_timezone_only_v1-r1-clean_post 59a57622-79ac-4c34-a3dd-7c12a0690de1
START cdp_timezone_only_v1-r2-clean_pre
ACCEPT cdp_timezone_only_v1-r2-clean_pre bcf907de-96e1-401b-b382-624992f5da4f
START cdp_timezone_only_v1-r2-attack
ACCEPT cdp_timezone_only_v1-r2-attack 70b0244d-42ae-4423-894c-c9198b2a8c2d
START cdp_timezone_only_v1-r2-clean_post
ACCEPT cdp_timezone_only_v1-r2-clean_post 525e20df-48db-49c7-ab69-c34b53c7bd4c
START cdp_timezone_only_v1-r3-clean_pre
ACCEPT cdp_timezone_only_v1-r3-clean_pre 8d709864-ffca-484d-a993-a9194f3c3b95
START cdp_timezone_only_v1-r3-attack
ACCEPT cdp_timezone_only_v1-r3-attack c60d0fbe-82e4-4d70-ae31-6d39a378395f
START cdp_timezone_only_v1-r3-clean_post
ACCEPT cdp_timezone_only_v1-r3-clean_post 88052bba-a276-4039-a6e1-5ee12429bff0
START cdp_screen_metrics_only_v1-r1-clean_pre
ACCEPT cdp_screen_metrics_only_v1-r1-clean_pre 2adcc5f6-232a-449f-88e1-6f4740399758
START cdp_screen_metrics_only_v1-r1-attack
ACCEPT cdp_screen_metrics_only_v1-r1-attack 64019345-b650-4cf7-ac68-9a9e02402c62
START cdp_screen_metrics_only_v1-r1-clean_post
ACCEPT cdp_screen_metrics_only_v1-r1-clean_post 148b8eb0-5bab-4ca3-bc5c-38af81bae1f7
START cdp_screen_metrics_only_v1-r2-clean_pre
ACCEPT cdp_screen_metrics_only_v1-r2-clean_pre fc1239b0-674a-454b-8004-311cc20adb72
START cdp_screen_metrics_only_v1-r2-attack
ACCEPT cdp_screen_metrics_only_v1-r2-attack e840172f-e959-4283-9002-cffb45c70b0d
START cdp_screen_metrics_only_v1-r2-clean_post
ACCEPT cdp_screen_metrics_only_v1-r2-clean_post c8f6d2d6-58d2-41ff-8dff-875619441d02
START cdp_screen_metrics_only_v1-r3-clean_pre
ACCEPT cdp_screen_metrics_only_v1-r3-clean_pre 67cc7df8-ea6d-4441-b29c-f9f24f8877b9
START cdp_screen_metrics_only_v1-r3-attack
ACCEPT cdp_screen_metrics_only_v1-r3-attack f0659432-e820-40bd-ab4d-8414be4e818a
START cdp_screen_metrics_only_v1-r3-clean_post
ACCEPT cdp_screen_metrics_only_v1-r3-clean_post 14838097-e933-4d51-a2b7-0dc23ddb8e9f
START stealth_webgl_pair_v1-r1-clean_pre
ACCEPT stealth_webgl_pair_v1-r1-clean_pre 2ef51069-75b6-47fd-b841-1530cddf8bc2
START stealth_webgl_pair_v1-r1-attack
ACCEPT stealth_webgl_pair_v1-r1-attack fc342f16-7746-43fa-b212-1f2f794e5213
START stealth_webgl_pair_v1-r1-clean_post
ACCEPT stealth_webgl_pair_v1-r1-clean_post 42075f55-7afb-4a94-aa8c-f10158b5919e
START stealth_webgl_pair_v1-r2-clean_pre
ACCEPT stealth_webgl_pair_v1-r2-clean_pre b5a251c9-feb9-4b58-9051-6cd6d035a810
START stealth_webgl_pair_v1-r2-attack
ACCEPT stealth_webgl_pair_v1-r2-attack b17b03a0-528d-4da2-94df-2da9860e6eac
START stealth_webgl_pair_v1-r2-clean_post
ACCEPT stealth_webgl_pair_v1-r2-clean_post 26b6ab40-20c8-4eaa-9996-d398056be24b
START stealth_webgl_pair_v1-r3-clean_pre
ACCEPT stealth_webgl_pair_v1-r3-clean_pre 49702a78-d463-4a62-b5c7-631f0b4f6afa
START stealth_webgl_pair_v1-r3-attack
ACCEPT stealth_webgl_pair_v1-r3-attack 4db923aa-5a84-4150-8e5e-c0b51cd7bc08
START stealth_webgl_pair_v1-r3-clean_post
ACCEPT stealth_webgl_pair_v1-r3-clean_post 0fd579e3-2f7e-4306-811e-b5aa8be49197
START stealth_plugins_mime_v1-r1-clean_pre
ACCEPT stealth_plugins_mime_v1-r1-clean_pre 01ddb427-6bb4-40ed-ada1-6fe548654fdc
START stealth_plugins_mime_v1-r1-attack
ACCEPT stealth_plugins_mime_v1-r1-attack d04fe53a-ce5b-4d40-9699-00c2491a0fb0
START stealth_plugins_mime_v1-r1-clean_post
ACCEPT stealth_plugins_mime_v1-r1-clean_post 6eedef5e-9b31-4d3c-a277-7b0b133e0a54
START stealth_plugins_mime_v1-r2-clean_pre
ACCEPT stealth_plugins_mime_v1-r2-clean_pre b5d0a1e7-d13e-4acf-9c36-864a2e2fe2fa
START stealth_plugins_mime_v1-r2-attack
ACCEPT stealth_plugins_mime_v1-r2-attack 5a63f3c4-fadc-4380-afc8-cbd63f7af955
START stealth_plugins_mime_v1-r2-clean_post
ACCEPT stealth_plugins_mime_v1-r2-clean_post ddf4bbcc-1ae7-40d7-8676-85860b7a5938
START stealth_plugins_mime_v1-r3-clean_pre
ACCEPT stealth_plugins_mime_v1-r3-clean_pre c29c80e9-8039-4233-8c6c-867588aeae6e
START stealth_plugins_mime_v1-r3-attack
ACCEPT stealth_plugins_mime_v1-r3-attack 38b6fa9d-5cdf-497b-b14a-63767be4a961
START stealth_plugins_mime_v1-r3-clean_post
ACCEPT stealth_plugins_mime_v1-r3-clean_post e1d31f6c-3873-486f-a80d-bc755097f5d5
