Num       RefCount Protocol Flags    Type St Inode Path
0000000000000000: 00000002 00000000 00000000 0002 03 16158
0000000000000000: 00000003 00000000 00000000 0001 03  9749
0000000000000000: 00000002 00000000 00000000 0002 03 13741
0000000000000000: 00000003 00000000 00000000 0005 03 11905
0000000000000000: 00000003 00000000 00000000 0005 03 11948
0000000000000000: 00000002 00000000 00000000 0002 03  7140
0000000000000000: 00000003 00000000 00000000 0001 03 11576
0000000000000000: 00000003 00000000 00000000 0001 03 13898 /dev/socket/traced_producer
0000000000000000: 00000003 00000000 00000000 0005 03 12783
0000000000000000: 00000003 00000000 00000000 0005 03 12289
0000000000000000: 00000002 00000000 00000000 0002 03 11451
0000000000000000: 00000002 00000000 00000000 0002 03 15251
0000000000000000: 00000003 00000000 00000000 0005 03 15735 @jdwp-control
0000000000000000: 00000002 00000000 00000000 0002 01  9925 /data/system/unsolzygotesocket
0000000000000000: 00000003 00000000 00000000 0001 03  9758 /dev/socket/mdnsd
0000000000000000: 00000002 00000000 00000000 0002 03 16167
0000000000000000: 00000002 00000000 00000000 0002 03  6670
0000000000000000: 00000002 00000000 00010000 0001 01  3203 /dev/socket/prng_seeder
0000000000000000: 00000003 00000000 00000000 0005 03 11945
0000000000000000: 00000002 00000000 00000000 0002 03  7697
0000000000000000: 00000003 00000000 00000000 0005 03 12288
0000000000000000: 00000003 00000000 00000000 0001 03 16225
0000000000000000: 00000003 00000000 00000000 0001 03 11893
0000000000000000: 00000002 00000000 00000000 0002 03 15660
0000000000000000: 00000003 00000000 00000000 0005 03 13426
0000000000000000: 00000003 00000000 00000000 0005 03 13902
0000000000000000: 00000002 00000000 00000000 0002 03 13549
0000000000000000: 00000003 00000000 00000000 0005 03 11913
0000000000000000: 00000002 00000000 00000000 0002 03  7899
0000000000000000: 00000003 00000000 00000000 0005 03 11951
0000000000000000: 00000002 00000000 00000000 0002 03  8250
0000000000000000: 00000002 00000000 00000000 0002 03 13095
0000000000000000: 00000003 00000000 00000000 0001 03  9522 /dev/socket/traced_producer
0000000000000000: 00000002 00000000 00000000 0002 03 14170
0000000000000000: 00000003 00000000 00000000 0005 03 16120
0000000000000000: 00000003 00000000 00000000 0001 03 16224
0000000000000000: 00000003 00000000 00000000 0001 03 11859
0000000000000000: 00000002 00000000 00010000 0001 01  3312 /dev/socket/logd
0000000000000000: 00000002 00000000 00000000 0002 03 11570
0000000000000000: 00000002 00000000 00010000 0005 01  3314 /dev/socket/logdr
0000000000000000: 00000002 00000000 00000000 0002 03  6780
0000000000000000: 00000075 00000000 00000000 0002 03  3316 /dev/socket/logdw
0000000000000000: 00000003 00000000 00000000 0005 03 13921
0000000000000000: 00000002 00000000 00010000 0005 01  3330 /dev/socket/lmkd
0000000000000000: 00000003 00000000 00000000 0005 03 14338
0000000000000000: 00000003 00000000 00000000 0005 03 11947
0000000000000000: 00000003 00000000 00000000 0001 03  9750 /dev/socket/traced_producer
0000000000000000: 00000003 00000000 00000000 0005 03 11896
0000000000000000: 00000003 00000000 00000000 0001 03 11413
0000000000000000: 00000003 00000000 00000000 0005 03 16273
0000000000000000: 00000003 00000000 00000000 0005 03 12782
0000000000000000: 00000003 00000000 00000000 0005 03 13276
0000000000000000: 00000003 00000000 00000000 0001 03 16236 /dev/socket/traced_producer
0000000000000000: 00000003 00000000 00000000 0005 03 12221
0000000000000000: 00000002 00000000 00000000 0002 03 11542
0000000000000000: 00000003 00000000 00000000 0001 03 16350
0000000000000000: 00000003 00000000 00000000 0001 03 11479 @com.android.internal.os.WebViewZygoteInit/a7f988d7-813d-46cb-9656-f95b38e2850f
0000000000000000: 00000003 00000000 00000000 0005 03 13168
0000000000000000: 00000002 00000000 00000000 0002 03 11959
0000000000000000: 00000003 00000000 00000000 0005 03 16295
0000000000000000: 00000003 00000000 00000000 0005 03 12206 /dev/socket/adbd
0000000000000000: 00000003 00000000 00000000 0001 03  9849 /dev/socket/traced_producer
0000000000000000: 00000003 00000000 00000000 0005 03 13901
0000000000000000: 00000003 00000000 00000000 0005 03 11553
0000000000000000: 00000002 00000000 00000000 0002 03  7564
0000000000000000: 00000002 00000000 00000000 0002 03  7101
0000000000000000: 00000002 00000000 00000000 0002 03 12801
0000000000000000: 00000003 00000000 00000000 0005 03 11914
0000000000000000: 00000003 00000000 00000000 0005 03 12192
0000000000000000: 00000002 00000000 00000000 0002 03 11824
0000000000000000: 00000003 00000000 00000000 0001 03 11577 /dev/socket/traced_producer
0000000000000000: 00000003 00000000 00000000 0005 03 15915
0000000000000000: 00000002 00000000 00000000 0002 03 13271
0000000000000000: 00000002 00000000 00000000 0002 03 13053
0000000000000000: 00000003 00000000 00000000 0005 03 13922
0000000000000000: 00000003 00000000 00000000 0005 03 11968
0000000000000000: 00000003 00000000 00000000 0005 03 11552
0000000000000000: 00000002 00000000 00000000 0002 03 15779
0000000000000000: 00000002 00000000 00000000 0002 03 15203
0000000000000000: 00000003 00000000 00000000 0001 03 14165 /dev/socket/traced_producer
0000000000000000: 00000003 00000000 00000000 0005 03 13059
0000000000000000: 00000002 00000000 00000000 0002 03 11966
0000000000000000: 00000003 00000000 00000000 0001 03 11866
0000000000000000: 00000002 00000000 00000000 0002 03  7979
0000000000000000: 00000002 00000000 00000000 0002 03  7122
0000000000000000: 00000002 00000000 00000000 0002 03 12921
0000000000000000: 00000003 00000000 00000000 0005 03 11767
0000000000000000: 00000003 00000000 00000000 0001 03  9457 /dev/socket/traced_producer
0000000000000000: 00000002 00000000 00000000 0002 03 15932
0000000000000000: 00000002 00000000 00000000 0002 03 15261
0000000000000000: 00000003 00000000 00000000 0005 03 13169
0000000000000000: 00000002 00000000 00000000 0002 03 15743
0000000000000000: 00000003 00000000 00000000 0005 03 16272
0000000000000000: 00000003 00000000 00000000 0005 03 13058
0000000000000000: 00000003 00000000 00000000 0001 03 12981
0000000000000000: 00000002 00000000 00000000 0002 03 11878
0000000000000000: 00000003 00000000 00000000 0001 03  9456
0000000000000000: 00000003 00000000 00000000 0005 03 11986
0000000000000000: 00000003 00000000 00000000 0005 03 11497
0000000000000000: 00000002 00000000 00000000 0002 03  7589
0000000000000000: 00000003 00000000 00000000 0001 03  3275
0000000000000000: 00000003 00000000 00000000 0005 03 12224 @jdwp-control
0000000000000000: 00000002 00000000 00000000 0002 03  6928
0000000000000000: 00000002 00000000 00000000 0002 01  9753
0000000000000000: 00000002 00000000 00000000 0002 03  6512
0000000000000000: 00000002 00000000 00000000 0002 03 10959
0000000000000000: 00000002 00000000 00000000 0002 03  3407
0000000000000000: 00000002 00000000 00000000 0002 03 13707
0000000000000000: 00000002 00000000 00000000 0002 03 11615
0000000000000000: 00000002 00000000 00000000 0002 03 12778
0000000000000000: 00000003 00000000 00000000 0005 03 11683
0000000000000000: 00000002 00000000 00000000 0002 03  9526
0000000000000000: 00000003 00000000 00000000 0005 03 15622
0000000000000000: 00000003 00000000 00000000 0001 03 12198
0000000000000000: 00000003 00000000 00000000 0001 03 16344
0000000000000000: 00000002 00000000 00010000 0005 01  4355 /dev/socket/tombstoned_crash
0000000000000000: 00000002 00000000 00000000 0002 03 15602
0000000000000000: 00000002 00000000 00010000 0005 01  4356 /dev/socket/tombstoned_intercept
0000000000000000: 00000002 00000000 00010000 0001 01 11262 /data/system/ndebugsocket
0000000000000000: 00000002 00000000 00000000 0002 03  6048
0000000000000000: 00000002 00000000 00010000 0005 01  4357 /dev/socket/tombstoned_java_trace
0000000000000000: 00000002 00000000 00000000 0002 03 15724
0000000000000000: 00000003 00000000 00000000 0005 03 14676
0000000000000000: 00000002 00000000 00000000 0002 03  8821
0000000000000000: 00000002 00000000 00000000 0002 03  3802
0000000000000000: 00000003 00000000 00000000 0005 03 11229
0000000000000000: 00000002 00000000 00010000 0001 01  5305 /dev/socket/dnsproxyd
0000000000000000: 00000002 00000000 00000000 0001 01  5306 /dev/socket/mdns
0000000000000000: 00000003 00000000 00000000 0001 03 16346
0000000000000000: 00000003 00000000 00000000 0005 03 14678
0000000000000000: 00000003 00000000 00000000 0001 03  6589
0000000000000000: 00000002 00000000 00010000 0001 01  5307 /dev/socket/fwmarkd
0000000000000000: 00000003 00000000 00000000 0005 03 10720
0000000000000000: 0000001A 00000000 00000000 0002 03  5319 /dev/socket/statsdw
0000000000000000: 00000002 00000000 00010000 0001 01  5334 /dev/socket/zygote
0000000000000000: 00000003 00000000 00000000 0005 03 11993
0000000000000000: 00000002 00000000 00010000 0001 01  5340 /dev/socket/usap_pool_primary
0000000000000000: 00000002 00000000 00000000 0002 03  9831
0000000000000000: 00000002 00000000 00000000 0002 03 15190
0000000000000000: 00000002 00000000 00000000 0002 03 11092
0000000000000000: 00000002 00000000 00000000 0002 03 14673
0000000000000000: 00000003 00000000 00000000 0001 03 12248
0000000000000000: 00000003 00000000 00000000 0001 03 11214 /dev/socket/zygote
0000000000000000: 00000002 00000000 00010000 0005 01  7519 /dev/socket/adbd
0000000000000000: 00000003 00000000 00000000 0001 03 15717
0000000000000000: 00000003 00000000 00000000 0005 03 11231 @jdwp-control
0000000000000000: 00000003 00000000 00000000 0005 03 15918
0000000000000000: 00000002 00000000 00010000 0001 01  7978 /dev/socket/mdnsd
0000000000000000: 00000002 00000000 00010000 0001 01  8139 /dev/socket/traced_consumer
0000000000000000: 00000002 00000000 00000000 0002 03  8973
0000000000000000: 00000002 00000000 00010000 0001 01  8140 /dev/socket/traced_producer
0000000000000000: 00000002 00000000 00000000 0002 03  3486
0000000000000000: 00000003 00000000 00000000 0005 03 11586
0000000000000000: 00000002 00000000 00010000 0001 01 11027 /dev/socket/ot-daemon/thread-wpan.sock
0000000000000000: 00000002 00000000 00000000 0002 03 15301
0000000000000000: 00000003 00000000 00000000 0005 03 11987
0000000000000000: 00000002 00000000 00000000 0002 01 11127 /dev/socket/wpa_wlan0
0000000000000000: 00000002 00000000 00000000 0002 03  4251
0000000000000000: 00000003 00000000 00000000 0005 03 15733
0000000000000000: 00000003 00000000 00000000 0005 03 10664
0000000000000000: 00000003 00000000 00000000 0005 03 10719
0000000000000000: 00000002 00000000 00000000 0002 03 15711
0000000000000000: 00000003 00000000 00000000 0001 03 12249
0000000000000000: 00000003 00000000 00000000 0005 03 11661
0000000000000000: 00000003 00000000 00000000 0005 03 14858
0000000000000000: 00000003 00000000 00000000 0001 03  7902
0000000000000000: 00000003 00000000 00000000 0001 03 16242 /dev/socket/traced_producer
0000000000000000: 00000003 00000000 00000000 0005 03 10723
0000000000000000: 00000002 00000000 00000000 0002 03 13670
0000000000000000: 00000003 00000000 00000000 0005 03 13830
0000000000000000: 00000003 00000000 00000000 0005 03 11994
0000000000000000: 00000002 00000000 00000000 0002 03 11640
0000000000000000: 00000003 00000000 00000000 0005 03 11178
0000000000000000: 00000002 00000000 00000000 0002 03  6598
0000000000000000: 00000003 00000000 00000000 0005 03 10686 /dev/socket/lmkd
0000000000000000: 00000003 00000000 00000000 0005 03 11688
0000000000000000: 00000002 00000000 00000000 0002 03 14970
0000000000000000: 00000003 00000000 00000000 0005 03 13555 @jdwp-control
0000000000000000: 00000003 00000000 00000000 0005 03 14630
0000000000000000: 00000003 00000000 00000000 0005 03 12165
0000000000000000: 00000003 00000000 00000000 0005 03 11179
0000000000000000: 00000003 00000000 00000000 0001 03 16349
0000000000000000: 00000003 00000000 00000000 0005 03 15625
0000000000000000: 00000003 00000000 00000000 0005 03 10718
0000000000000000: 00000003 00000000 00000000 0001 03  6514
0000000000000000: 00000003 00000000 00000000 0005 03 10728
0000000000000000: 00000003 00000000 00000000 0005 03 11684
0000000000000000: 00000003 00000000 00000000 0005 03 11628
0000000000000000: 00000003 00000000 00000000 0005 03 13831
0000000000000000: 00000003 00000000 00000000 0005 03 12126
0000000000000000: 00000002 00000000 00000000 0002 03  6422
0000000000000000: 00000002 00000000 00000000 0002 03 14506
0000000000000000: 00000003 00000000 00000000 0005 03 11643
0000000000000000: 00000003 00000000 00000000 0005 03 15734
0000000000000000: 00000003 00000000 00000000 0005 03 10722
0000000000000000: 00000002 00000000 00000000 0002 03  9388
0000000000000000: 00000003 00000000 00000000 0005 03  1268
0000000000000000: 00000003 00000000 00000000 0005 03 15732
0000000000000000: 00000003 00000000 00000000 0005 03 10685
0000000000000000: 00000003 00000000 00000000 0001 03  6588
0000000000000000: 00000003 00000000 00000000 0005 03 13826
0000000000000000: 00000003 00000000 00000000 0005 03 12166
0000000000000000: 00000002 00000000 00000000 0002 03 15674
0000000000000000: 00000002 00000000 00000000 0002 03  6151
0000000000000000: 00000003 00000000 00000000 0005 03 12900
0000000000000000: 00000003 00000000 00000000 0001 03 11892
0000000000000000: 00000002 00000000 00000000 0002 03 11531
0000000000000000: 00000003 00000000 00000000 0005 03 13277
0000000000000000: 00000003 00000000 00000000 0005 03 16294
0000000000000000: 00000003 00000000 00000000 0001 03 10888
0000000000000000: 00000003 00000000 00000000 0005 03 15626
0000000000000000: 00000003 00000000 00000000 0005 03 14080
0000000000000000: 00000003 00000000 00000000 0005 03 11964
0000000000000000: 00000003 00000000 00000000 0005 03 14629
0000000000000000: 00000002 00000000 00000000 0002 03 12217
0000000000000000: 00000002 00000000 00000000 0002 03  6793
0000000000000000: 00000003 00000000 00000000 0001 03 13896
0000000000000000: 00000002 00000000 00000000 0002 03 11928
0000000000000000: 00000003 00000000 00000000 0001 03 11903
0000000000000000: 00000003 00000000 00000000 0005 03 16121
0000000000000000: 00000002 00000000 00000000 0002 03 15218
0000000000000000: 00000003 00000000 00000000 0005 03 13310
0000000000000000: 00000003 00000000 00000000 0001 03  9848
0000000000000000: 00000002 00000000 00000000 0002 03 12895
0000000000000000: 00000002 00000000 00000000 0002 03  7864
0000000000000000: 00000002 00000000 00000000 0002 03  6662
0000000000000000: 00000003 00000000 00000000 0005 03 14168
0000000000000000: 00000003 00000000 00000000 0005 03 11963
0000000000000000: 00000002 00000000 00000000 0002 03 14295
0000000000000000: 00000003 00000000 00000000 0005 03 13427
0000000000000000: 00000003 00000000 00000000 0001 03 16235
0000000000000000: 00000003 00000000 00000000 0005 03 12222
0000000000000000: 00000003 00000000 00000000 0001 03 11860
0000000000000000: 00000002 00000000 00000000 0002 03 11411
0000000000000000: 00000002 00000000 00000000 0002 03  7216
0000000000000000: 00000002 00000000 00000000 0002 03 15974
0000000000000000: 00000002 00000000 00000000 0002 03  7266
0000000000000000: 00000003 00000000 00000000 0001 03  3276
0000000000000000: 00000002 00000000 00000000 0002 01 11431
0000000000000000: 00000003 00000000 00000000 0001 03 14164
0000000000000000: 00000003 00000000 00000000 0001 03 11867
0000000000000000: 00000003 00000000 00000000 0005 03 14081
0000000000000000: 00000003 00000000 00000000 0005 03 11906
0000000000000000: 00000002 00000000 00000000 0002 03  7966
0000000000000000: 00000002 00000000 00000000 0002 03  7179
0000000000000000: 00000003 00000000 00000000 0005 03 11950
0000000000000000: 00000003 00000000 00000000 0005 03 14337
0000000000000000: 00000002 00000000 00000000 0002 03 13159
0000000000000000: 00000003 00000000 00000000 0005 03 12784 @jdwp-control
0000000000000000: 00000002 00000000 00000000 0002 03 12730
0000000000000000: 00000003 00000000 00000000 0001 03 10889 /dev/socket/traced_producer
0000000000000000: 00000002 00000000 00000000 0002 03 15942
0000000000000000: 00000002 00000000 00010000 0001 01  1270 /dev/socket/property_service_for_system
0000000000000000: 00000002 00000000 00000000 0002 03 15979
0000000000000000: 00000003 00000000 00000000 0001 03  9521
0000000000000000: 00000002 00000000 00010000 0001 01  1273 /dev/socket/property_service
0000000000000000: 00000003 00000000 00000000 0005 03 14307
0000000000000000: 00000002 00000000 00000000 0002 03 13233
0000000000000000: 00000003 00000000 00000000 0005 03 15914
0000000000000000: 00000003 00000000 00000000 0005 03 11946
0000000000000000: 00000002 00000000 00000000 0002 03  7521
0000000000000000: 00000003 00000000 00000000 0005 03 11895
0000000000000000: 00000003 00000000 00000000 0005 03 11496
0000000000000000: 00000002 00000000 00000000 0002 03  7192
0000000000000000: 00000003 00000000 00000000 0005 03 12781
0000000000000000: 00000003 00000000 00000000 0005 03 12223
0000000000000000: 00000003 00000000 00000000 0005 03 14308
0000000000000000: 00000002 00000000 00000000 0002 03 15965
0000000000000000: 00000003 00000000 00000000 0001 03 11904
0000000000000000: 00000002 00000000 00000000 0002 03 13002
0000000000000000: 00000003 00000000 00000000 0005 03 11768
0000000000000000: 00000002 00000000 00000000 0002 03  7182
0000000000000000: 00000003 00000000 00000000 0005 03 11967
0000000000000000: 00000002 00000000 00000000 0002 03 13929
0000000000000000: 00000003 00000000 00000000 0001 03 12980
0000000000000000: 00000003 00000000 00000000 0005 03 12193
0000000000000000: 00000003 00000000 00000000 0001 03 11816 /dev/socket/traced_producer
0000000000000000: 00000002 00000000 00000000 0002 03 12756
0000000000000000: 00000003 00000000 00000000 0005 03 11965
0000000000000000: 00000002 00000000 00000000 0002 03  7517
0000000000000000: 00000002 00000000 00000000 0005 03 13835
0000000000000000: 00000002 00000000 00000000 0002 03 13301
0000000000000000: 00000003 00000000 00000000 0005 03 14679 @jdwp-control
0000000000000000: 00000003 00000000 00000000 0005 03 12901
0000000000000000: 00000002 00000000 00000000 0002 03 11506
0000000000000000: 00000003 00000000 00000000 0001 03 11478
0000000000000000: 00000002 00000000 00000000 0002 03 13940
0000000000000000: 00000002 00000000 00000000 0002 03 12863
0000000000000000: 00000003 00000000 00000000 0005 03 12172
0000000000000000: 00000002 00000000 00000000 0002 03  7117
0000000000000000: 00000003 00000000 00000000 0005 03 13893
0000000000000000: 00000003 00000000 00000000 0005 03 11962
0000000000000000: 00000002 00000000 00000000 0002 03  7577
0000000000000000: 00000003 00000000 00000000 0001 03 11414 /dev/socket/traced_producer
0000000000000000: 00000003 00000000 00000000 0005 03 15919
0000000000000000: 00000003 00000000 00000000 0005 03 13309
0000000000000000: 00000002 00000000 00000000 0002 03 11469
0000000000000000: 00000003 00000000 00000000 0005 03 12205
0000000000000000: 00000003 00000000 00000000 0001 03 11815
0000000000000000: 00000002 00000000 00000000 0002 03 13818
0000000000000000: 00000003 00000000 00000000 0005 03 11660
0000000000000000: 00000002 00000000 00000000 0002 03 11256
0000000000000000: 00000003 00000000 00000000 0005 03 10721
0000000000000000: 00000003 00000000 00000000 0001 03 16238
0000000000000000: 00000003 00000000 00000000 0005 03 10665
0000000000000000: 00000003 00000000 00000000 0001 03  7998
0000000000000000: 00000002 00000000 00000000 0002 03  3931
0000000000000000: 00000002 00000000 00000000 0002 03 15614
0000000000000000: 00000002 00000000 00000000 0002 03 14430
0000000000000000: 00000003 00000000 00000000 0005 03 12124
0000000000000000: 00000002 00000000 00000000 0002 03  3499
0000000000000000: 00000002 00000000 00000000 0002 03  8897
0000000000000000: 00000002 00000000 00000000 0002 03 12059
0000000000000000: 00000003 00000000 00000000 0001 03 15617
0000000000000000: 00000003 00000000 00000000 0001 03 11911
0000000000000000: 00000003 00000000 00000000 0001 03  7903
0000000000000000: 00000002 00000000 00000000 0002 03 15168
0000000000000000: 00000002 00000000 00000000 0002 03 11105
0000000000000000: 00000002 00000000 00000000 0002 03  9835
0000000000000000: 00000002 00000000 00000000 0002 03  9126
0000000000000000: 00000003 00000000 00000000 0005 03 13824
0000000000000000: 00000003 00000000 00000000 0005 03 11228
0000000000000000: 00000003 00000000 00000000 0005 03 13552
0000000000000000: 00000003 00000000 00000000 0005 03 11066
0000000000000000: 00000003 00000000 00000000 0005 03  1286
0000000000000000: 00000003 00000000 00000000 0005 03 14677
0000000000000000: 00000002 00000000 00000000 0002 03 13882
0000000000000000: 00000003 00000000 00000000 0005 03 11230
0000000000000000: 00000002 00000000 00000000 0002 03  8397
0000000000000000: 00000002 00000000 00000000 0002 03  9636
0000000000000000: 00000002 00000000 00000000 0002 03  5514
0000000000000000: 00000003 00000000 00000000 0001 03 16345
0000000000000000: 00000003 00000000 00000000 0005 03 11585
0000000000000000: 00000003 00000000 00000000 0001 03 10963
0000000000000000: 00000003 00000000 00000000 0005 03 13553
0000000000000000: 00000003 00000000 00000000 0005 03 10971
0000000000000000: 00000002 00000000 00000000 0002 03 12668
0000000000000000: 00000002 00000000 00000000 0002 03 11225
0000000000000000: 00000003 00000000 00000000 0005 03  1287
0000000000000000: 00000002 00000000 00000000 0002 03  8257
0000000000000000: 00000002 00000000 00000000 0002 03 15141
0000000000000000: 00000002 00000000 00000000 0002 03 11658
0000000000000000: 00000002 00000000 00000000 0002 03  4255
0000000000000000: 00000002 00000000 00000000 0002 03  9645
0000000000000000: 00000002 00000000 00000000 0002 03 13725
0000000000000000: 00000002 00000000 00000000 0002 03  5401
0000000000000000: 00000003 00000000 00000000 0005 03 13827
0000000000000000: 00000003 00000000 00000000 0005 03 12171
0000000000000000: 00000002 00000000 00000000 0002 03  8313
0000000000000000: 00000003 00000000 00000000 0005 03 14169
0000000000000000: 00000002 00000000 00000000 0002 03 11169
0000000000000000: 00000003 00000000 00000000 0005 03  1269
0000000000000000: 00000003 00000000 00000000 0005 03 11065
0000000000000000: 00000002 00000000 00000000 0005 03 15403
0000000000000000: 00000003 00000000 00000000 0001 03  6513
0000000000000000: 00000002 00000000 00000000 0002 03  9651
0000000000000000: 00000002 00000000 00000000 0002 03  8268
0000000000000000: 00000002 00000000 00000000 0002 03 16296
0000000000000000: 00000003 00000000 00000000 0005 03 12127
0000000000000000: 00000002 00000000 00000000 0002 01  3277
0000000000000000: 00000003 00000000 00000000 0005 03 11644
0000000000000000: 00000003 00000000 00000000 0001 03 15718
0000000000000000: 00000003 00000000 00000000 0001 03 10962
0000000000000000: 00000003 00000000 00000000 0005 03 13554
0000000000000000: 00000003 00000000 00000000 0005 03 10972
0000000000000000: 00000003 00000000 00000000 0005 03 13892
0000000000000000: 00000003 00000000 00000000 0005 03 12125
0000000000000000: 00000002 00000000 00000000 0002 03 13645
0000000000000000: 00000002 00000000 00000000 0002 03  4403
0000000000000000: 00000003 00000000 00000000 0001 03 12199 /dev/socket/traced_producer
0000000000000000: 00000003 00000000 00000000 0001 03 16343
0000000000000000: 00000003 00000000 00000000 0005 03 15623
0000000000000000: 00000003 00000000 00000000 0005 03 11687
0000000000000000: 00000002 00000000 00000000 0002 03  9305
0000000000000000: 00000003 00000000 00000000 0005 03 13825
0000000000000000: 00000002 00000000 00000000 0002 03  6583
0000000000000000: 00000002 00000000 00000000 0002 03 13686
0000000000000000: 00000002 00000000 00000000 0002 03 10706
0000000000000000: 00000003 00000000 00000000 0001 03 11912
0000000000000000: 00000003 00000000 00000000 0001 03 11213
0000000000000000: 00000003 00000000 00000000 0001 03 15618 /dev/socket/traced_producer
0000000000000000: 00000003 00000000 00000000 0005 03 10727
0000000000000000: 00000002 00000000 00000000 0002 03  9518
0000000000000000: 00000002 00000000 00000000 0002 03 12712
0000000000000000: 00000003 00000000 00000000 0005 03 14859
0000000000000000: 00000003 00000000 00000000 0005 03 11629
0000000000000000: 00000002 00000000 00010000 0001 01 16141 @webview_devtools_remote_2844
0000000000000000: 00000002 00000000 00010000 0001 01 14995 @stetho_com.google.android.apps.messaging_devtools_remote
0000000000000000: 00000002 00000000 00010000 0001 01 13432 @stetho_com.google.android.apps.messaging:rcs_devtools_remote
0000000000000000: 00000002 00000000 00010000 0001 01 11433 @com.android.internal.os.WebViewZygoteInit/a7f988d7-813d-46cb-9656-f95b38e2850f
0000000000000000: 00000002 00000000 00010000 0005 01  7973 @jdwp-control
