{
  "review_id": "renderer-semantics-review-v1",
  "status": "PASS",
  "source_entries": 19,
  "source_anchors_checked": 34,
  "candidate_cards": 3,
  "counterexample_entries": 7,
  "synthetic_boundary_cases_passed": 10,
  "prior_raw_rows_checked": 20,
  "prior_controlled_observation_counts": {
    "intervention": {
      "n": 6,
      "native_web_renderer_text_unequal": {
        "T": 6
      },
      "lexical_web_desktop_backend_marker": {
        "T": 6
      }
    },
    "ordinary_or_matched_clean": {
      "n": 14,
      "native_web_renderer_text_unequal": {
        "F": 14
      },
      "lexical_web_desktop_backend_marker": {
        "F": 14
      }
    }
  },
  "prior_NW_005_applicability": {
    "UNKNOWN": 10,
    "NOT_APPLICABLE": 10
  },
  "saved_CAP7_context_not_rerun": {
    "attack_alerts": 117,
    "attack_n": 126,
    "clean_alerts": 0,
    "clean_n": 252,
    "defined": 378,
    "expected": 378
  },
  "new_alert_candidates": 0,
  "new_runtime_samples": 0,
  "model_fits": 0,
  "model_predictions": 0,
  "new_TPR_or_FPR": "NOT_EVALUATED",
  "independent_confirmation": "NOT_ACCESSED",
  "binary_build_linkage": "NOT_VERIFIED"
}
