START host r1-clean_pre
CAPTURED host r1-clean_pre
START host r1-attack
CAPTURED host r1-attack
START host r1-clean_post
CAPTURED host r1-clean_post
START host r2-clean_pre
CAPTURED host r2-clean_pre
START host r2-attack
CAPTURED host r2-attack
START host r2-clean_post
CAPTURED host r2-clean_post
{"gpu": "host", "status": "COMPLETE", "captured": 6, "error": null}
START swiftshader r1-clean_pre
CAPTURED swiftshader r1-clean_pre
START swiftshader r1-attack
CAPTURED swiftshader r1-attack
START swiftshader r1-clean_post
CAPTURED swiftshader r1-clean_post
START swiftshader r2-clean_pre
CAPTURED swiftshader r2-clean_pre
START swiftshader r2-attack
CAPTURED swiftshader r2-attack
START swiftshader r2-clean_post
CAPTURED swiftshader r2-clean_post
{"gpu": "swiftshader", "status": "COMPLETE", "captured": 6, "error": null}
