{
  "status": "COMPLETE",
  "planned_payloads": 12,
  "captured_payloads": 12,
  "fully_observed_177": 12,
  "planned_triplets": 4,
  "complete_triplets": 4,
  "measured_effect_triplets": 4,
  "raw_restored_triplets": 4,
  "sidecar_restored_triplets": 4,
  "behavior_separated_triplets": 2,
  "non_target_graphics_unchanged_triplets": 4,
  "feasibility": "NOT_ESTABLISHED",
  "by_phase": {
    "clean_pre": {
      "collections": 4,
      "contexts": {
        "webgl": {
          "extension_gate": {
            "MATCH": 4
          },
          "argument_coercion": {
            "MATCH": 4
          },
          "capability_control": {
            "MATCH": 4
          },
          "render_control": {
            "MATCH": 4
          },
          "behavior_relation": {
            "MATCH": 4
          }
        },
        "webgl2": {
          "extension_gate": {
            "UNKNOWN": 2,
            "MATCH": 2
          },
          "argument_coercion": {
            "MATCH": 4
          },
          "capability_control": {
            "MATCH": 4
          },
          "render_control": {
            "MATCH": 4
          },
          "behavior_relation": {
            "UNKNOWN": 2,
            "MATCH": 2
          }
        }
      }
    },
    "attack": {
      "collections": 4,
      "contexts": {
        "webgl": {
          "extension_gate": {
            "COUNTEREXAMPLE": 4
          },
          "argument_coercion": {
            "COUNTEREXAMPLE": 4
          },
          "capability_control": {
            "MATCH": 4
          },
          "render_control": {
            "MATCH": 4
          },
          "behavior_relation": {
            "COUNTEREXAMPLE": 4
          }
        },
        "webgl2": {
          "extension_gate": {
            "COUNTEREXAMPLE": 4
          },
          "argument_coercion": {
            "COUNTEREXAMPLE": 4
          },
          "capability_control": {
            "MATCH": 4
          },
          "render_control": {
            "MATCH": 4
          },
          "behavior_relation": {
            "COUNTEREXAMPLE": 4
          }
        }
      }
    },
    "clean_post": {
      "collections": 4,
      "contexts": {
        "webgl": {
          "extension_gate": {
            "MATCH": 4
          },
          "argument_coercion": {
            "MATCH": 4
          },
          "capability_control": {
            "MATCH": 4
          },
          "render_control": {
            "MATCH": 4
          },
          "behavior_relation": {
            "MATCH": 4
          }
        },
        "webgl2": {
          "extension_gate": {
            "UNKNOWN": 2,
            "MATCH": 2
          },
          "argument_coercion": {
            "MATCH": 4
          },
          "capability_control": {
            "MATCH": 4
          },
          "render_control": {
            "MATCH": 4
          },
          "behavior_relation": {
            "UNKNOWN": 2,
            "MATCH": 2
          }
        }
      }
    }
  },
  "failures": [],
  "model_fits": 0,
  "model_predictions": 0,
  "new_registered_alert_candidates": 0,
  "independent_confirmation": "NOT_ACCESSED",
  "overall_model_improvement": "NOT_EVALUATED",
  "boundary": "One existing plugin configuration, one Mac, one WebView version, two rendering paths; phase counts are not independent TPR/FPR. Extension gating and argument coercion share one implementation defect."
}
{
  "kind": "POST_RUN_EXPLANATION_OF_PREDECLARED_HYPOTHESES",
  "original_joint_feasibility_unchanged": "NOT_ESTABLISHED",
  "original_joint_separated_triplets": 2,
  "H2_local_mechanism_supported": true,
  "diagnosis": "All six host/WebGL2 contexts have INVALID_ENUM queued before the first vendor query, including both clean phases. The frozen classifier keeps this query UNKNOWN despite draining. The exact producing initialization/driver call is not isolated.",
  "not_changed": [
    "raw observations",
    "frozen classifier",
    "protocol",
    "joint acceptance",
    "model results"
  ],
  "interpretation": "H2 is a predeclared individual hypothesis, not a replacement acceptance criterion. This only supports versioned observation design for one plugin configuration; it does not establish population FPR/TPR or current selector improvement."
}
