  PID NAME                       
    1 init
    2 [kthreadd]
    3 [pool_workqueue_release]
    4 [kworker/R-kvfree_rcu_reclaim]
    5 [kworker/R-rcu_gp]
    6 [kworker/R-sync_wq]
    7 [kworker/R-slub_flushwq]
    8 [kworker/R-netns]
    9 [kworker/0:0-virtio_vsock]
   10 [kworker/0:0H-kverityd]
   11 [kworker/0:1-events]
   12 [kworker/u4:0-loop38]
   13 [kworker/R-mm_percpu_wq]
   14 [kworker/u4:1-loop30]
   15 [rcu_tasks_kthread]
   16 [rcu_tasks_trace_kthread]
   17 [ksoftirqd/0]
   18 [rcu_preempt]
   19 [rcuog/0]
   20 [rcuop/0]
   21 [rcub/0]
   22 [rcu_exp_par_gp_kthread_worker/0]
   23 [rcu_exp_gp_kthread_worker]
   24 [migration/0]
   25 [idle_inject/0]
   26 [cpuhp/0]
   27 [kworker/R-inet_frag_wq]
   28 [kauditd]
   29 [khungtaskd]
   30 [oom_reaper]
   31 [kworker/R-writeback]
   32 [kcompactd0]
   33 [khugepaged]
   34 [kworker/R-kblockd]
   35 [kworker/R-edac-poller]
   36 [kworker/R-devfreq_wq]
   37 [watchdogd]
   38 [kworker/u4:2-writeback]
   39 [kworker/0:1H-kverityd]
   40 [kswapd0]
   41 [kworker/u5:0-blk_crypto_wq]
   42 [kworker/R-nvme-wq]
   43 [kworker/R-nvme-reset-wq]
   44 [kworker/R-nvme-delete-wq]
   45 [kworker/R-vfio-irqfd-cleanup]
   46 [kworker/R-uas]
   47 [kworker/R-dm_bufio_cache]
   48 [kworker/R-mld]
   49 [kworker/R-ipv6_addrconf]
   50 [kworker/R-kstrp]
   52 [kworker/0:2-events]
   53 [hwrng]
   55 [khvcd]
   59 [jbd2/vdd1-8]
   60 [kworker/R-ext4-rsv-conversion]
   61 [kworker/R-kdmflush/254:0]
   62 [kworker/R-kdmflush/254:1]
   63 [kworker/R-kdmflush/254:2]
   64 [kworker/R-kdmflush/254:3]
   65 [kworker/R-kdmflush/254:4]
   66 [erofs_worker/0]
   69 init
   70 ueventd
  127 [kworker/R-kdmflush/254:9]
  133 [kworker/R-kdmflush/254:15]
  135 [kworker/R-kdmflush/254:17]
  136 [kworker/R-kdmflush/254:18]
  137 [kworker/R-kdmflush/254:19]
  138 [kworker/R-kdmflush/254:20]
  140 [kworker/R-kdmflush/254:22]
  141 [kworker/R-kdmflush/254:23]
  142 [kworker/R-kdmflush/254:24]
  143 [kworker/R-kdmflush/254:25]
  144 [kworker/R-kdmflush/254:26]
  145 [kworker/R-kdmflush/254:27]
  146 [kworker/R-kdmflush/254:28]
  147 [kworker/R-kdmflush/254:29]
  148 [kworker/R-kdmflush/254:30]
  150 [kworker/R-kdmflush/254:32]
  152 [kworker/R-kdmflush/254:34]
  153 [kworker/R-kdmflush/254:35]
  154 [kworker/R-kdmflush/254:36]
  155 [kworker/R-kdmflush/254:37]
  157 [kworker/R-kdmflush/254:39]
  158 [kworker/R-kdmflush/254:40]
  159 [kworker/R-kdmflush/254:41]
  160 [kworker/R-kdmflush/254:42]
  161 [kworker/R-kdmflush/254:43]
  163 [kworker/R-kdmflush/254:45]
  165 [kworker/R-kdmflush/254:47]
  167 [kworker/R-kdmflush/254:49]
  169 [kworker/R-kdmflush/254:51]
  171 [kworker/R-kdmflush/254:53]
  177 [kworker/R-ext4-rsv-conversion]
  178 [kworker/R-ext4-rsv-conversion]
  179 [kworker/R-ext4-rsv-conversion]
  180 [kworker/R-ext4-rsv-conversion]
  181 [kworker/R-ext4-rsv-conversion]
  186 [kworker/R-cfg80211]
  187 [sugov:0]
  188 prng_seeder
  190 [irq/35-goldfish_pipe_dprctd]
  191 logd
  192 lmkd
  193 servicemanager
  194 hwservicemanager
  195 [psimon]
  196 qemu-props
  202 vold
  203 [kworker/R-usbip_event]
  204 [kworker/0:3-virtio_vsock]
  206 [kworker/R-kdmflush/254:54]
  215 android.system.suspend-service
  216 keystore2
  217 android.hardware.security.keymint-service
  218 android.hardware.gatekeeper-service.nonsecure
  224 [kworker/R-update_hdmi_ctrls_wq]
  225 [kworker/R-update_svid_ctrls_wq]
  226 [kworker/u4:3-loop41]
  236 [kworker/R-blk_crypto_wq]
  237 [kworker/u5:1-fscrypt_read_queue]
  241 [jbd2/dm-54-8]
  242 [kworker/R-ext4-rsv-conversion]
  246 tombstoned
  302 [kworker/u5:2-fscrypt_read_queue]
  353 [kworker/R-kverityd]
  354 [kworker/R-ext4-rsv-conversion]
  355 [kworker/R-ext4-rsv-conversion]
  356 [kworker/R-kverityd]
  357 [kworker/R-kverityd]
  358 [kworker/R-kverityd]
  359 [kworker/R-kverityd]
  360 [kworker/R-ext4-rsv-conversion]
  361 [kworker/R-ext4-rsv-conversion]
  362 [kworker/0:2H-kverityd]
  363 [kworker/0:3H-kverityd]
  364 [kworker/R-kverityd]
  365 [kworker/0:4H-kverityd]
  366 [kworker/R-ext4-rsv-conversion]
  367 [kworker/u4:4-loop30]
  368 [kworker/R-kverityd]
  369 [kworker/R-ext4-rsv-conversion]
  370 [kworker/R-ext4-rsv-conversion]
  371 [kworker/R-ext4-rsv-conversion]
  372 [kworker/R-kverityd]
  373 [kworker/R-kverityd]
  374 [kworker/R-kverityd]
  375 [kworker/R-kverityd]
  376 [kworker/R-kverityd]
  377 [kworker/R-kverityd]
  378 [kworker/R-kverityd]
  379 [kworker/R-ext4-rsv-conversion]
  380 [kworker/R-ext4-rsv-conversion]
  381 [kworker/R-ext4-rsv-conversion]
  382 [kworker/R-ext4-rsv-conversion]
  383 [kworker/R-kverityd]
  384 [kworker/R-kverityd]
  385 [kworker/R-ext4-rsv-conversion]
  386 [kworker/R-kverityd]
  387 [kworker/R-kverityd]
  388 [kworker/R-kverityd]
  389 [kworker/R-kverityd]
  390 [kworker/u4:5-loop43]
  391 [kworker/0:5H-kverityd]
  392 [kworker/0:6H-kverityd]
  393 [kworker/0:7H-kverityd]
  394 [kworker/0:8H-kverityd]
  395 [kworker/0:9H-kverityd]
  396 [kworker/0:10H-kverityd]
  397 [kworker/R-ext4-rsv-conversion]
  398 [kworker/R-ext4-rsv-conversion]
  399 [kworker/R-ext4-rsv-conversion]
  400 [kworker/R-kverityd]
  401 [kworker/R-kverityd]
  402 [kworker/R-ext4-rsv-conversion]
  403 [kworker/R-kverityd]
  404 [kworker/R-ext4-rsv-conversion]
  405 [kworker/R-ext4-rsv-conversion]
  406 [kworker/R-ext4-rsv-conversion]
  407 [kworker/R-ext4-rsv-conversion]
  408 [kworker/R-kverityd]
  409 [kworker/R-ext4-rsv-conversion]
  410 [kworker/R-ext4-rsv-conversion]
  411 [kworker/R-kverityd]
  412 [kworker/R-ext4-rsv-conversion]
  413 [kworker/R-ext4-rsv-conversion]
  414 [kworker/R-kverityd]
  415 [kworker/R-ext4-rsv-conversion]
  416 [kworker/R-kverityd]
  417 [kworker/R-kverityd]
  418 [kworker/u4:6-kvfree_rcu_reclaim]
  419 [kworker/R-ext4-rsv-conversion]
  420 [kworker/R-kverityd]
  421 [kworker/R-kverityd]
  422 [kworker/R-ext4-rsv-conversion]
  423 [kworker/R-ext4-rsv-conversion]
  424 [kworker/R-ext4-rsv-conversion]
  425 [kworker/R-ext4-rsv-conversion]
  426 [kworker/R-ext4-rsv-conversion]
  427 [kworker/R-ext4-rsv-conversion]
  428 [kworker/R-ext4-rsv-conversion]
  429 [kworker/R-ext4-rsv-conversion]
  430 [kworker/R-ext4-rsv-conversion]
  431 [kworker/R-ext4-rsv-conversion]
  432 [kworker/R-ext4-rsv-conversion]
  433 [kworker/R-ext4-rsv-conversion]
  434 [kworker/R-ext4-rsv-conversion]
  435 [kworker/R-ext4-rsv-conversion]
  436 [kworker/R-ext4-rsv-conversion]
  437 [kworker/R-ext4-rsv-conversion]
  438 [kworker/R-ext4-rsv-conversion]
  439 [kworker/R-ext4-rsv-conversion]
  440 [kworker/R-ext4-rsv-conversion]
  441 [kworker/R-ext4-rsv-conversion]
  442 [kworker/R-ext4-rsv-conversion]
  443 [kworker/R-ext4-rsv-conversion]
  468 netd
  469 statsd
  470 zygote64
  474 android.hidl.allocator@1.0-service
  476 android.hardware.audio.service
  477 android.hardware.camera.provider@2.7-service-google
  480 android.hardware.health-service.example
  481 android.hardware.media.c2@1.0-service-goldfish
  482 iptables-restore
  483 ip6tables-restore
  485 android.hardware.radio-service.ranchu
  486 android.hardware.sensors-service.multihal
  487 android.hardware.usb-service.example
  489 android.hardware.wifi-service
  491 android.hardware.bluetooth-service.default
  492 android.hardware.graphics.composer3-service.ranchu
  493 android.hardware.identity-service.example
  494 android.hardware.lights-service.example
  495 android.hardware.authsecret-service.example
  496 android.hardware.cas-service.example
  497 android.hardware.contexthub-service.example
  510 android.hardware.neuralnetworks-service-sample-all
  511 android.hardware.neuralnetworks-service-sample-limited
  515 android.hardware.neuralnetworks-shim-service-sample
  520 android.hardware.power-service.example
  521 android.hardware.power.stats-service.example
  522 android.hardware.rebootescrow-service.default
  525 android.hardware.thermal-service.example
  526 android.hardware.threadnetwork-service
  527 android.hardware.vibrator-service.example
  529 android.hardware.drm-service.widevine
  530 audioserver
  535 credstore
  536 gpuservice
  538 surfaceflinger
  540 adbd
  541 android.hardware.graphics.allocator-service.ranchu
  542 android.hardware.camera.provider.ranchu
  544 android.hardware.uwb-service
  561 mdnsd
  563 drmserver
  566 traced_probes
  567 traced
  568 bt_vhci_forwarder
  569 cameraserver
  572 incidentd
  574 installd
  575 media.extractor
  577 media.metrics
  580 mediaserver
  583 storaged
  585 wificond
  586 media.swcodec
  587 gatekeeperd
  671 system_server
  677 [kworker/0:11H-kverityd]
  678 [kworker/0:12H-kverityd]
  679 [kworker/0:13H-kverityd]
  680 [kworker/0:14H-kverityd]
  681 [kworker/0:15H-kverityd]
  682 [kworker/0:16H-kverityd]
  683 [kworker/0:17H-kverityd]
  684 [kworker/0:18H-kverityd]
  685 [kworker/0:19H-kverityd]
  686 [kworker/0:20H-kverityd]
  687 [kworker/0:21H-kverityd]
  688 [kworker/0:22H-kverityd]
  689 [kworker/0:23H-kverityd]
  690 [kworker/0:24H-kblockd]
  691 [kworker/0:25H-kverityd]
  692 [kworker/0:26H-kverityd]
  695 [kworker/0:27H-kverityd]
  696 [kworker/0:28H-kverityd]
  698 [kworker/0:29H-kverityd]
  699 [kworker/0:30H-kverityd]
  802 [vivid-000-tch-cap]
  884 android.hardware.biometrics.fingerprint-service.ranchu
  909 ot-daemon
  911 ot-rcp
  917 wpa_supplicant
  932 com.android.systemui
  997 android.hardware.gnss-service.ranchu
 1007 com.android.networkstack.process
 1023 webview_zygote
 1039 com.google.android.bluetooth
 1048 com.android.se
 1063 com.android.phone
 1076 com.google.android.apps.nexuslauncher
 1088 com.google.android.ext.services
 1237 com.google.android.gms.persistent
 1325 com.google.android.permissioncontroller
 1425 com.android.devicelockcontroller
 1441 com.google.android.inputmethod.latin
 1454 com.google.android.providers.media.module
 1467 com.google.android.googlequicksearchbox:interactor
 1481 com.google.android.as
 1502 com.google.android.apps.messaging:rcs
 1503 abb
 1529 com.android.emulator.multidisplay
 1568 com.google.android.gms
 1612 android.process.acore
 1635 android.process.media
 1781 com.google.android.dialer
 1895 com.android.vending
 1959 com.google.android.apps.wallpaper
 1969 com.google.android.googlequicksearchbox:search
 2005 com.google.android.webview:webview_service
 2072 com.google.android.apps.wellbeing
 2317 com.android.traceur
 2325 com.google.android.googlequicksearchbox:googleapp
 2353 com.android.vending:background
 2460 com.google.android.apps.messaging
 2556 com.google.android.as.oss
 2629 com.android.imsserviceentitlement
 2687 com.google.android.cellbroadcastreceiver
 2741 com.google.android.gms.unstable
 2762 com.android.vending:quick_launch
 2865 com.android.keychain
 2914 com.android.vending:instant_app_installer
 2928 com.google.android.onetimeinitializer
 3001 com.android.camera2
 3021 com.android.devicediagnostics
 3034 com.android.dynsystem
 3051 com.android.dynsystem:dynsystem
 3055 com.android.managedprovisioning
 3077 com.android.chrome
 3110 com.android.providers.calendar
 3145 com.android.shell
 3171 com.google.android.apps.safetyhub
 3313 com.google.android.configupdater
 3389 com.android.chrome_zygote
 3411 com.android.chrome:sandboxed_process0:org.chromium.content.app.SandboxedProcessService0:0
 3426 com.google.android.adservices.api
 3435 com.google.android.federatedcompute
 3451 com.google.android.healthconnect.controller
 3473 com.google.android.ondevicepersonalization.services
 3500 com.google.android.packageinstaller
 3514 ps
