Num       RefCount Protocol Flags    Type St Inode Path
0000000000000000: 00000002 00000000 00000000 0002 03 13888
0000000000000000: 00000003 00000000 00000000 0001 03 11943
0000000000000000: 00000002 00000000 00000000 0002 03 17947
0000000000000000: 00000002 00000000 00000000 0002 03 16361
0000000000000000: 00000002 00000000 00010000 0001 01  3204 /dev/socket/prng_seeder
0000000000000000: 00000003 00000000 00000000 0005 03 16525
0000000000000000: 00000003 00000000 00000000 0005 03 12039
0000000000000000: 00000003 00000000 00000000 0005 03 10810
0000000000000000: 00000002 00000000 00000000 0002 03  7371
0000000000000000: 00000003 00000000 00000000 0001 03 11951
0000000000000000: 00000002 00000000 00000000 0002 03  8378
0000000000000000: 00000003 00000000 00000000 0001 03 16892
0000000000000000: 00000003 00000000 00000000 0005 03 13431 @jdwp-control
0000000000000000: 00000002 00000000 00000000 0002 03 11544
0000000000000000: 00000003 00000000 00000000 0001 03 18162
0000000000000000: 00000003 00000000 00000000 0001 03 11851 /dev/socket/traced_producer
0000000000000000: 00000003 00000000 00000000 0001 03 10767 /dev/socket/traced_producer
0000000000000000: 00000002 00000000 00000000 0002 01  9928 /data/system/unsolzygotesocket
0000000000000000: 00000003 00000000 00000000 0005 03 11652
0000000000000000: 00000002 00000000 00000000 0002 03 17702
0000000000000000: 00000002 00000000 00000000 0002 03 16780
0000000000000000: 00000003 00000000 00000000 0005 03 13676
0000000000000000: 00000003 00000000 00000000 0005 03 11737
0000000000000000: 00000003 00000000 00000000 0005 03 13846
0000000000000000: 00000003 00000000 00000000 0005 03 12060
0000000000000000: 00000002 00000000 00000000 0002 03  7518
0000000000000000: 00000003 00000000 00000000 0005 03 13085
0000000000000000: 00000002 00000000 00000000 0002 03 15774
0000000000000000: 00000003 00000000 00000000 0001 03 11939
0000000000000000: 00000003 00000000 00000000 0005 03 11303
0000000000000000: 00000003 00000000 00000000 0001 03 18157
0000000000000000: 00000002 00000000 00000000 0002 03 17650
0000000000000000: 00000002 00000000 00000000 0002 03 16465
0000000000000000: 00000003 00000000 00000000 0005 03 14859
0000000000000000: 00000002 00000000 00000000 0002 03 12021
0000000000000000: 00000002 00000000 00000000 0002 01  9812
0000000000000000: 00000003 00000000 00000000 0005 03 13016
0000000000000000: 00000002 00000000 00010000 0001 01  3315 /dev/socket/logd
0000000000000000: 00000002 00000000 00000000 0002 03 11713
0000000000000000: 00000002 00000000 00010000 0005 01  3317 /dev/socket/logdr
0000000000000000: 00000081 00000000 00000000 0002 03  3319 /dev/socket/logdw
0000000000000000: 00000002 00000000 00000000 0002 03 16709
0000000000000000: 00000003 00000000 00000000 0005 03 11786
0000000000000000: 00000002 00000000 00010000 0005 01  3333 /dev/socket/lmkd
0000000000000000: 00000003 00000000 00000000 0001 03 18246
0000000000000000: 00000002 00000000 00000000 0002 03  9642
0000000000000000: 00000003 00000000 00000000 0001 03  3275
0000000000000000: 00000002 00000000 00000000 0002 03 11585
0000000000000000: 00000002 00000000 00000000 0002 03  8767
0000000000000000: 00000003 00000000 00000000 0001 03 17390 @com.android.internal.os.AppZygoteInit/cf5b3b26-b842-44a3-b41f-1c30abf05cb8
0000000000000000: 00000002 00000000 00000000 0005 03 17774
0000000000000000: 00000003 00000000 00000000 0005 03 13797
0000000000000000: 00000003 00000000 00000000 0001 03 12268 /dev/socket/traced_producer
0000000000000000: 00000003 00000000 00000000 0005 03 12000
0000000000000000: 00000002 00000000 00000000 0002 03  7631
0000000000000000: 00000003 00000000 00000000 0001 03 13983 /dev/socket/traced_producer
0000000000000000: 00000002 00000000 00000000 0002 03 13711
0000000000000000: 00000003 00000000 00000000 0005 03 13430
0000000000000000: 00000003 00000000 00000000 0005 03 10741
0000000000000000: 00000003 00000000 00000000 0001 03 18149
0000000000000000: 00000002 00000000 00000000 0002 01 11516
0000000000000000: 00000003 00000000 00000000 0005 03 11999
0000000000000000: 00000002 00000000 00000000 0002 03 14095
0000000000000000: 00000003 00000000 00000000 0001 03 11910
0000000000000000: 00000003 00000000 00000000 0005 03 11667
0000000000000000: 00000003 00000000 00000000 0005 03 13800
0000000000000000: 00000003 00000000 00000000 0001 03 12267
0000000000000000: 00000003 00000000 00000000 0005 03 12005
0000000000000000: 00000002 00000000 00000000 0002 03 11762
0000000000000000: 00000002 00000000 00000000 0002 03  7831
0000000000000000: 00000002 00000000 00000000 0002 03 11499
0000000000000000: 00000003 00000000 00000000 0001 03 13822 /dev/socket/traced_producer
0000000000000000: 00000003 00000000 00000000 0001 03 18248
0000000000000000: 00000003 00000000 00000000 0005 03 16643
0000000000000000: 00000003 00000000 00000000 0005 03 11302
0000000000000000: 00000002 00000000 00000000 0002 03 17603
0000000000000000: 00000002 00000000 00000000 0002 03 13047
0000000000000000: 00000003 00000000 00000000 0001 03 11646 /dev/socket/traced_producer
0000000000000000: 00000003 00000000 00000000 0005 03 14792 @jdwp-control
0000000000000000: 00000003 00000000 00000000 0005 03 17812
0000000000000000: 00000003 00000000 00000000 0001 03 17389
0000000000000000: 00000003 00000000 00000000 0005 03 13776
0000000000000000: 00000003 00000000 00000000 0005 03 12037
0000000000000000: 00000002 00000000 00000000 0002 03 11323
0000000000000000: 00000002 00000000 00000000 0002 03  8277
0000000000000000: 00000003 00000000 00000000 0005 03 12951
0000000000000000: 00000003 00000000 00000000 0005 03 13818
0000000000000000: 00000002 00000000 00000000 0002 03 16340
0000000000000000: 00000003 00000000 00000000 0001 03 11920
0000000000000000: 00000003 00000000 00000000 0005 03 11234
0000000000000000: 00000003 00000000 00000000 0005 03 10777 /dev/socket/lmkd
0000000000000000: 00000003 00000000 00000000 0005 03 18195
0000000000000000: 00000003 00000000 00000000 0001 03 12911
0000000000000000: 00000002 00000000 00000000 0002 03 11605
0000000000000000: 00000003 00000000 00000000 0005 03 12949
0000000000000000: 00000003 00000000 00000000 0005 03 12035
0000000000000000: 00000002 00000000 00000000 0002 03  8240
0000000000000000: 00000002 00000000 00000000 0002 03 13544
0000000000000000: 00000002 00000000 00000000 0002 03  8577
0000000000000000: 00000002 00000000 00000000 0002 03 17712
0000000000000000: 00000002 00000000 00000000 0002 03 16317
0000000000000000: 00000003 00000000 00000000 0005 03 14789
0000000000000000: 00000003 00000000 00000000 0001 03 11576 @com.android.internal.os.WebViewZygoteInit/9f96d56a-6f9a-4797-a5f9-d74d6bf6e996
0000000000000000: 00000002 00000000 00000000 0002 03  9834
0000000000000000: 00000002 00000000 00000000 0002 03 13836
0000000000000000: 00000003 00000000 00000000 0001 03 18249
0000000000000000: 00000003 00000000 00000000 0005 03 12243
0000000000000000: 00000002 00000000 00000000 0002 03  6490
0000000000000000: 00000003 00000000 00000000 0005 03 11953
0000000000000000: 00000002 00000000 00000000 0002 03  3418
0000000000000000: 00000003 00000000 00000000 0005 03 18111 @jdwp-control
0000000000000000: 00000003 00000000 00000000 0005 03 17973
0000000000000000: 00000003 00000000 00000000 0005 03 17190
0000000000000000: 00000002 00000000 00000000 0002 03 18127
0000000000000000: 00000003 00000000 00000000 0001 03  6590
0000000000000000: 00000003 00000000 00000000 0005 03 12743
0000000000000000: 00000002 00000000 00000000 0002 03  6746
0000000000000000: 00000003 00000000 00000000 0005 03 15093
0000000000000000: 00000002 00000000 00000000 0002 03 13814
0000000000000000: 00000003 00000000 00000000 0001 03 11033
0000000000000000: 00000002 00000000 00010000 0005 01  4358 /dev/socket/tombstoned_crash
0000000000000000: 00000002 00000000 00000000 0002 03 18073
0000000000000000: 00000002 00000000 00010000 0005 01  4359 /dev/socket/tombstoned_intercept
0000000000000000: 00000002 00000000 00000000 0002 03 18193
0000000000000000: 00000003 00000000 00000000 0005 03 11702
0000000000000000: 00000002 00000000 00010000 0001 01 11328 /data/system/ndebugsocket
0000000000000000: 00000002 00000000 00000000 0002 03  4406
0000000000000000: 00000002 00000000 00010000 0005 01  4360 /dev/socket/tombstoned_java_trace
0000000000000000: 00000002 00000000 00000000 0002 03  6691
0000000000000000: 00000003 00000000 00000000 0005 03 13429
0000000000000000: 00000002 00000000 00010000 0001 01  5308 /dev/socket/dnsproxyd
0000000000000000: 00000003 00000000 00000000 0005 03 18108
0000000000000000: 00000003 00000000 00000000 0001 03 11281 /dev/socket/zygote
0000000000000000: 00000002 00000000 00000000 0001 01  5309 /dev/socket/mdns
0000000000000000: 00000003 00000000 00000000 0005 03 14221
0000000000000000: 00000002 00000000 00000000 0002 03 12825
0000000000000000: 00000002 00000000 00010000 0001 01  5310 /dev/socket/fwmarkd
0000000000000000: 00000003 00000000 00000000 0005 03 12294
0000000000000000: 00000002 00000000 00000000 0002 03 11967
0000000000000000: 00000002 00000000 00000000 0002 03  6851
0000000000000000: 00000023 00000000 00000000 0002 03  5322 /dev/socket/statsdw
0000000000000000: 00000003 00000000 00000000 0005 03 13362
0000000000000000: 00000002 00000000 00010000 0001 01  5337 /dev/socket/zygote
0000000000000000: 00000002 00000000 00010000 0001 01  5343 /dev/socket/usap_pool_primary
0000000000000000: 00000002 00000000 00000000 0002 03 15339
0000000000000000: 00000002 00000000 00000000 0002 03 14464
0000000000000000: 00000003 00000000 00000000 0005 03 12270
0000000000000000: 00000002 00000000 00000000 0002 03 11865
0000000000000000: 00000002 00000000 00010000 0005 01  7526 /dev/socket/adbd
0000000000000000: 00000002 00000000 00000000 0002 03  7174
0000000000000000: 00000002 00000000 00000000 0002 03 12801
0000000000000000: 00000003 00000000 00000000 0001 03 11032
0000000000000000: 00000003 00000000 00000000 0005 03 17978
0000000000000000: 00000002 00000000 00010000 0001 01  7895 /dev/socket/mdnsd
0000000000000000: 00000003 00000000 00000000 0005 03 10813
0000000000000000: 00000002 00000000 00010000 0001 01  8082 /dev/socket/traced_consumer
0000000000000000: 00000002 00000000 00010000 0001 01  8083 /dev/socket/traced_producer
0000000000000000: 00000002 00000000 00010000 0001 01 11097 /dev/socket/ot-daemon/thread-wpan.sock
0000000000000000: 00000002 00000000 00000000 0002 03 18188
0000000000000000: 00000003 00000000 00000000 0005 03 11941
0000000000000000: 00000002 00000000 00000000 0002 01 11192 /dev/socket/wpa_wlan0
0000000000000000: 00000002 00000000 00000000 0002 03 17577
0000000000000000: 00000002 00000000 00000000 0002 03 16662
0000000000000000: 00000003 00000000 00000000 0005 03 12208
0000000000000000: 00000002 00000000 00000000 0002 03  4251
0000000000000000: 00000003 00000000 00000000 0005 03 10818
0000000000000000: 00000002 00000000 00000000 0002 03  9489
0000000000000000: 00000003 00000000 00000000 0005 03 12264
0000000000000000: 00000002 00000000 00000000 0002 03  6959
0000000000000000: 00000003 00000000 00000000 0001 03 11944
0000000000000000: 00000003 00000000 00000000 0005 03 17977
0000000000000000: 00000003 00000000 00000000 0005 03 11042
0000000000000000: 00000002 00000000 00000000 0002 03 13423
0000000000000000: 00000003 00000000 00000000 0001 03  7835
0000000000000000: 00000003 00000000 00000000 0005 03 15092
0000000000000000: 00000003 00000000 00000000 0001 03  9842 /dev/socket/traced_producer
0000000000000000: 00000002 00000000 00000000 0002 03  9516
0000000000000000: 00000002 00000000 00000000 0002 03 18078
0000000000000000: 00000002 00000000 00000000 0002 03 14582
0000000000000000: 00000003 00000000 00000000 0005 03 12205
0000000000000000: 00000003 00000000 00000000 0005 03 11870
0000000000000000: 00000003 00000000 00000000 0005 03  1286
0000000000000000: 00000003 00000000 00000000 0005 03 17974
0000000000000000: 00000003 00000000 00000000 0005 03 14164
0000000000000000: 00000002 00000000 00000000 0002 03  9525
0000000000000000: 00000003 00000000 00000000 0001 03  9494 /dev/socket/traced_producer
0000000000000000: 00000002 00000000 00000000 0002 03  7122
0000000000000000: 00000003 00000000 00000000 0005 03 12293
0000000000000000: 00000003 00000000 00000000 0005 03 11947
0000000000000000: 00000002 00000000 00000000 0002 01 17376
0000000000000000: 00000003 00000000 00000000 0005 03 12215
0000000000000000: 00000002 00000000 00000000 0002 03 11029
0000000000000000: 00000003 00000000 00000000 0005 03 13331
0000000000000000: 00000003 00000000 00000000 0005 03 17998
0000000000000000: 00000003 00000000 00000000 0001 03  9754 /dev/socket/mdnsd
0000000000000000: 00000002 00000000 00000000 0002 03  7247
0000000000000000: 00000002 00000000 00000000 0002 03  3799
0000000000000000: 00000002 00000000 00000000 0002 03 16848
0000000000000000: 00000003 00000000 00000000 0005 03 12746 @jdwp-control
0000000000000000: 00000002 00000000 00000000 0002 03 11144
0000000000000000: 00000002 00000000 00000000 0002 03 15526
0000000000000000: 00000002 00000000 00000000 0002 03 15432
0000000000000000: 00000003 00000000 00000000 0005 03 12066
0000000000000000: 00000003 00000000 00000000 0005 03 11690
0000000000000000: 00000002 00000000 00000000 0002 03  6588
0000000000000000: 00000003 00000000 00000000 0005 03 11998
0000000000000000: 00000003 00000000 00000000 0001 03 11484 /dev/socket/traced_producer
0000000000000000: 00000002 00000000 00000000 0002 03  9483
0000000000000000: 00000002 00000000 00000000 0002 03  7156
0000000000000000: 00000003 00000000 00000000 0005 03 12742
0000000000000000: 00000003 00000000 00000000 0005 03  1268
0000000000000000: 00000003 00000000 00000000 0005 03 10812
0000000000000000: 00000002 00000000 00000000 0002 03 18105
0000000000000000: 00000003 00000000 00000000 0005 03 18170
0000000000000000: 00000002 00000000 00000000 0002 03 17557
0000000000000000: 00000002 00000000 00000000 0002 03 16124
0000000000000000: 00000002 00000000 00000000 0002 03  5466
0000000000000000: 00000003 00000000 00000000 0005 03 16526
0000000000000000: 00000003 00000000 00000000 0005 03 12040
0000000000000000: 00000002 00000000 00000000 0002 03  9236
0000000000000000: 00000002 00000000 00000000 0002 03  7601
0000000000000000: 00000003 00000000 00000000 0001 03 11950
0000000000000000: 00000003 00000000 00000000 0001 03 16634 /dev/socket/traced_producer
0000000000000000: 00000002 00000000 00000000 0002 03 11640
0000000000000000: 00000003 00000000 00000000 0001 03 18247
0000000000000000: 00000003 00000000 00000000 0001 03  3274
0000000000000000: 00000002 00000000 00000000 0002 03 15826
0000000000000000: 00000002 00000000 00000000 0002 03  9620
0000000000000000: 00000002 00000000 00000000 0002 03 17581
0000000000000000: 00000003 00000000 00000000 0005 03 11790
0000000000000000: 00000003 00000000 00000000 0001 03 13821
0000000000000000: 00000003 00000000 00000000 0005 03 13796
0000000000000000: 00000003 00000000 00000000 0005 03 12061
0000000000000000: 00000003 00000000 00000000 0005 03 13817
0000000000000000: 00000002 00000000 00000000 0001 03 18244
0000000000000000: 00000002 00000000 00000000 0002 03 17695
0000000000000000: 00000003 00000000 00000000 0005 03 14791
0000000000000000: 00000003 00000000 00000000 0001 03 11575
0000000000000000: 00000003 00000000 00000000 0005 03 14858
0000000000000000: 00000002 00000000 00000000 0002 03 13862
0000000000000000: 00000002 00000000 00000000 0002 03 12984
0000000000000000: 00000002 00000000 00000000 0002 03  9838
0000000000000000: 00000003 00000000 00000000 0005 03 17996
0000000000000000: 00000003 00000000 00000000 0005 03 13799
0000000000000000: 00000003 00000000 00000000 0005 03 12004
0000000000000000: 00000003 00000000 00000000 0005 03 11305 @jdwp-control
0000000000000000: 00000002 00000000 00000000 0002 03  7696
0000000000000000: 00000003 00000000 00000000 0005 03 18171
0000000000000000: 00000002 00000000 00000000 0002 03 12943
0000000000000000: 00000003 00000000 00000000 0005 03 11785
0000000000000000: 00000003 00000000 00000000 0005 03 13675
0000000000000000: 00000003 00000000 00000000 0001 03 13982
0000000000000000: 00000002 00000000 00000000 0002 03 18197
0000000000000000: 00000003 00000000 00000000 0001 03 18148
0000000000000000: 00000003 00000000 00000000 0005 03 17811
0000000000000000: 00000002 00000000 00000000 0002 03 15677
0000000000000000: 00000003 00000000 00000000 0005 03 13775
0000000000000000: 00000003 00000000 00000000 0005 03 12036
0000000000000000: 00000002 00000000 00000000 0002 03  7997
0000000000000000: 00000003 00000000 00000000 0001 03 11911
0000000000000000: 00000003 00000000 00000000 0005 03 11233
0000000000000000: 00000002 00000000 00000000 0002 03 15853
0000000000000000: 00000003 00000000 00000000 0005 03 13486
0000000000000000: 00000002 00000000 00000000 0002 03 13030
0000000000000000: 00000002 00000000 00000000 0002 03 10795
0000000000000000: 00000003 00000000 00000000 0001 03 11483
0000000000000000: 00000002 00000000 00010000 0001 01  1270 /dev/socket/property_service_for_system
0000000000000000: 00000003 00000000 00000000 0005 03 16632
0000000000000000: 00000002 00000000 00010000 0001 01  1273 /dev/socket/property_service
0000000000000000: 00000003 00000000 00000000 0001 03 18158 /dev/socket/traced_producer
0000000000000000: 00000003 00000000 00000000 0005 03 11736
0000000000000000: 00000002 00000000 00000000 0002 03 17617
0000000000000000: 00000003 00000000 00000000 0005 03 13825
0000000000000000: 00000002 00000000 00000000 0002 03 12009
0000000000000000: 00000003 00000000 00000000 0001 03 11938
0000000000000000: 00000003 00000000 00000000 0005 03 13801
0000000000000000: 00000002 00000000 00000000 0002 03 11237
0000000000000000: 00000002 00000000 00000000 0002 03  7876
0000000000000000: 00000003 00000000 00000000 0005 03 13845
0000000000000000: 00000003 00000000 00000000 0005 03 13084
0000000000000000: 00000003 00000000 00000000 0005 03 10776
0000000000000000: 00000003 00000000 00000000 0001 03 12912
0000000000000000: 00000003 00000000 00000000 0001 03 18163 /dev/socket/traced_producer
0000000000000000: 00000003 00000000 00000000 0001 03 10766
0000000000000000: 00000002 00000000 00000000 0002 03 17862
0000000000000000: 00000003 00000000 00000000 0001 03 11850
0000000000000000: 00000002 00000000 00000000 0002 03 16775
0000000000000000: 00000003 00000000 00000000 0005 03 11789
0000000000000000: 00000003 00000000 00000000 0005 03 13015
0000000000000000: 00000003 00000000 00000000 0005 03 10740
0000000000000000: 00000003 00000000 00000000 0005 03 17953
0000000000000000: 00000002 00000000 00000000 0002 03 15718
0000000000000000: 00000003 00000000 00000000 0001 03 12473
0000000000000000: 00000003 00000000 00000000 0005 03 12038
0000000000000000: 00000002 00000000 00000000 0002 03 11299
0000000000000000: 00000002 00000000 00000000 0002 03  7370
0000000000000000: 00000002 00000000 00000000 0002 03 11480
0000000000000000: 00000003 00000000 00000000 0001 03 16893 /dev/socket/traced_producer
0000000000000000: 00000003 00000000 00000000 0005 03 13824
0000000000000000: 00000003 00000000 00000000 0005 03 13485
0000000000000000: 00000003 00000000 00000000 0001 03 11645
0000000000000000: 00000003 00000000 00000000 0005 03 12952 @jdwp-control
0000000000000000: 00000003 00000000 00000000 0001 03 12472
0000000000000000: 00000002 00000000 00000000 0002 03 11559
0000000000000000: 00000003 00000000 00000000 0005 03 13798
0000000000000000: 00000003 00000000 00000000 0005 03 12001
0000000000000000: 00000002 00000000 00000000 0002 03  8750
0000000000000000: 00000002 00000000 00000000 0002 03  7721
0000000000000000: 00000003 00000000 00000000 0005 03 11304
0000000000000000: 00000003 00000000 00000000 0005 03 16644
0000000000000000: 00000003 00000000 00000000 0001 03 11919
0000000000000000: 00000003 00000000 00000000 0005 03 14790
0000000000000000: 00000002 00000000 00000000 0002 03 14786
0000000000000000: 00000003 00000000 00000000 0005 03 11653
0000000000000000: 00000003 00000000 00000000 0001 03 16633
0000000000000000: 00000003 00000000 00000000 0005 03 12950
0000000000000000: 00000003 00000000 00000000 0005 03 10809
0000000000000000: 00000002 00000000 00000000 0002 03  8315
0000000000000000: 00000003 00000000 00000000 0005 03 10819
0000000000000000: 00000002 00000000 00000000 0002 03 13176
0000000000000000: 00000003 00000000 00000000 0001 03  6725
0000000000000000: 00000003 00000000 00000000 0005 03  1287
0000000000000000: 00000002 00000000 00000000 0002 03  6747
0000000000000000: 00000003 00000000 00000000 0005 03 18110
0000000000000000: 00000003 00000000 00000000 0001 03  9752 /dev/socket/traced_producer
0000000000000000: 00000003 00000000 00000000 0005 03 18194
0000000000000000: 00000002 00000000 00000000 0002 03 17564
0000000000000000: 00000002 00000000 00000000 0002 03 15435
0000000000000000: 00000003 00000000 00000000 0005 03 16631
0000000000000000: 00000003 00000000 00000000 0005 03 11952
0000000000000000: 00000003 00000000 00000000 0005 03 12271 /dev/socket/adbd
0000000000000000: 00000003 00000000 00000000 0005 03 10811
0000000000000000: 00000002 00000000 00000000 0002 03 12941
0000000000000000: 00000003 00000000 00000000 0001 03  9841
0000000000000000: 00000002 00000000 00000000 0002 03  6862
0000000000000000: 00000002 00000000 00000000 0002 03 13141
0000000000000000: 00000003 00000000 00000000 0005 03 12244
0000000000000000: 00000002 00000000 00000000 0002 03 14962
0000000000000000: 00000002 00000000 00000000 0002 03 14215
0000000000000000: 00000002 00000000 00000000 0002 03  5550
0000000000000000: 00000002 00000000 00000000 0002 03 16868
0000000000000000: 00000003 00000000 00000000 0005 03 13428
0000000000000000: 00000003 00000000 00000000 0005 03 12265
0000000000000000: 00000002 00000000 00000000 0002 03 11934
0000000000000000: 00000002 00000000 00000000 0002 03  7105
0000000000000000: 00000002 00000000 00000000 0002 03 16401
0000000000000000: 00000003 00000000 00000000 0001 03 11280
0000000000000000: 00000002 00000000 00000000 0002 03 17100
0000000000000000: 00000002 00000000 00000000 0002 03 16896
0000000000000000: 00000002 00000000 00000000 0002 03 15494
0000000000000000: 00000002 00000000 00000000 0002 03 15349
0000000000000000: 00000003 00000000 00000000 0005 03 12206
0000000000000000: 00000002 00000000 00000000 0002 03  4253
0000000000000000: 00000003 00000000 00000000 0005 03 11691
0000000000000000: 00000003 00000000 00000000 0005 03 17189
0000000000000000: 00000003 00000000 00000000 0005 03 14222
0000000000000000: 00000002 00000000 00000000 0002 03 18179
0000000000000000: 00000003 00000000 00000000 0001 03  9493
0000000000000000: 00000002 00000000 00000000 0002 03  7198
0000000000000000: 00000003 00000000 00000000 0001 03  7834
0000000000000000: 00000002 00000000 00000000 0002 03 16414
0000000000000000: 00000003 00000000 00000000 0005 03 11162
0000000000000000: 00000002 00000000 00000000 0002 03 17964
0000000000000000: 00000003 00000000 00000000 0005 03 13332
0000000000000000: 00000002 00000000 00000000 0002 03  3482
0000000000000000: 00000002 00000000 00000000 0002 03 12777
0000000000000000: 00000002 00000000 00000000 0002 03 16116
0000000000000000: 00000003 00000000 00000000 0005 03 12065
0000000000000000: 00000002 00000000 00000000 0002 03  3934
0000000000000000: 00000002 00000000 00000000 0002 03 12739
0000000000000000: 00000002 00000000 00000000 0002 03  6245
0000000000000000: 00000002 00000000 00000000 0002 01  3276
0000000000000000: 00000002 00000000 00000000 0002 03 16650
0000000000000000: 00000002 00000000 00000000 0005 03 13306
0000000000000000: 00000002 00000000 00000000 0002 03 11132
0000000000000000: 00000003 00000000 00000000 0005 03 17954
0000000000000000: 00000002 00000000 00000000 0002 03  7135
0000000000000000: 00000003 00000000 00000000 0005 03 18090
0000000000000000: 00000002 00000000 00000000 0002 03  9524
0000000000000000: 00000003 00000000 00000000 0001 03  9498 /dev/socket/traced_producer
0000000000000000: 00000003 00000000 00000000 0005 03 17976 @jdwp-control
0000000000000000: 00000002 00000000 00000000 0002 03 15437
0000000000000000: 00000002 00000000 00000000 0002 03 14478
0000000000000000: 00000003 00000000 00000000 0005 03 11869
0000000000000000: 00000002 00000000 00000000 0002 03  6584
0000000000000000: 00000002 00000000 00000000 0002 03  6601
0000000000000000: 00000003 00000000 00000000 0005 03 12745
0000000000000000: 00000003 00000000 00000000 0005 03 11041
0000000000000000: 00000003 00000000 00000000 0001 03  6589
0000000000000000: 00000003 00000000 00000000 0005 03 17999
0000000000000000: 00000002 00000000 00000000 0002 03  9526
0000000000000000: 00000002 00000000 00000000 0002 03 12128
0000000000000000: 00000003 00000000 00000000 0001 03  9497
0000000000000000: 00000002 00000000 00000000 0002 03  7323
0000000000000000: 00000003 00000000 00000000 0005 03 11946
0000000000000000: 00000002 00000000 00000000 0002 03  3825
0000000000000000: 00000003 00000000 00000000 0005 03 13361
0000000000000000: 00000003 00000000 00000000 0005 03 12214
0000000000000000: 00000002 00000000 00000000 0002 03 12682
0000000000000000: 00000003 00000000 00000000 0005 03 11668
0000000000000000: 00000003 00000000 00000000 0001 03  9751
0000000000000000: 00000002 00000000 00000000 0002 03  7095
0000000000000000: 00000003 00000000 00000000 0001 03  6724
0000000000000000: 00000003 00000000 00000000 0005 03 18091
0000000000000000: 00000003 00000000 00000000 0005 03 17972
0000000000000000: 00000003 00000000 00000000 0005 03 14163
0000000000000000: 00000003 00000000 00000000 0005 03 10814
0000000000000000: 00000002 00000000 00000000 0002 03 15133
0000000000000000: 00000003 00000000 00000000 0005 03 12207
0000000000000000: 00000002 00000000 00000000 0002 03 17570
0000000000000000: 00000003 00000000 00000000 0005 03 11940
0000000000000000: 00000003 00000000 00000000 0005 03 11701
0000000000000000: 00000003 00000000 00000000 0005 03 18109
0000000000000000: 00000002 00000000 00000000 0002 03 13413
0000000000000000: 00000003 00000000 00000000 0005 03  1269
0000000000000000: 00000003 00000000 00000000 0005 03 17995
0000000000000000: 00000003 00000000 00000000 0005 03 11163
0000000000000000: 00000003 00000000 00000000 0001 03  7945
0000000000000000: 00000002 00000000 00010000 0001 01 18117 @webview_devtools_remote_3535
0000000000000000: 00000002 00000000 00010000 0001 01 11518 @com.android.internal.os.WebViewZygoteInit/9f96d56a-6f9a-4797-a5f9-d74d6bf6e996
0000000000000000: 00000002 00000000 00010000 0001 01 15143 @stetho_com.google.android.apps.messaging_devtools_remote
0000000000000000: 00000002 00000000 00010000 0001 01 13411 @stetho_com.google.android.apps.messaging:rcs_devtools_remote
0000000000000000: 00000002 00000000 00010000 0001 01 17381 @com.android.internal.os.AppZygoteInit/cf5b3b26-b842-44a3-b41f-1c30abf05cb8
0000000000000000: 00000002 00000000 00010000 0005 01  7899 @jdwp-control
