  PID NAME                       
    1 init
    2 [kthreadd]
    3 [pool_workqueue_release]
    4 [kworker/R-kvfree_rcu_reclaim]
    5 [kworker/R-rcu_gp]
    6 [kworker/R-sync_wq]
    7 [kworker/R-slub_flushwq]
    8 [kworker/R-netns]
    9 [kworker/0:0-virtio_vsock]
   10 [kworker/0:0H-kverityd]
   11 [kworker/0:1-pm]
   12 [kworker/u4:0-loop22]
   13 [kworker/R-mm_percpu_wq]
   14 [kworker/u4:1-loop45]
   15 [rcu_tasks_kthread]
   16 [rcu_tasks_trace_kthread]
   17 [ksoftirqd/0]
   18 [rcu_preempt]
   19 [rcuog/0]
   20 [rcuop/0]
   21 [rcub/0]
   22 [rcu_exp_par_gp_kthread_worker/0]
   23 [rcu_exp_gp_kthread_worker]
   24 [migration/0]
   25 [idle_inject/0]
   26 [cpuhp/0]
   27 [kworker/R-inet_frag_wq]
   28 [kauditd]
   29 [khungtaskd]
   30 [oom_reaper]
   31 [kworker/R-writeback]
   32 [kcompactd0]
   33 [khugepaged]
   34 [kworker/R-kblockd]
   35 [kworker/R-edac-poller]
   36 [kworker/R-devfreq_wq]
   37 [watchdogd]
   38 [kworker/u4:2-loop37]
   39 [kworker/0:1H-kverityd]
   40 [kswapd0]
   41 [kworker/u5:0-fscrypt_read_queue]
   42 [kworker/R-nvme-wq]
   43 [kworker/R-nvme-reset-wq]
   44 [kworker/R-nvme-delete-wq]
   45 [kworker/R-vfio-irqfd-cleanup]
   46 [kworker/R-uas]
   47 [kworker/R-dm_bufio_cache]
   48 [kworker/R-mld]
   49 [kworker/R-ipv6_addrconf]
   50 [kworker/R-kstrp]
   52 [kworker/0:2-events]
   53 [hwrng]
   55 [khvcd]
   59 [jbd2/vdd1-8]
   60 [kworker/R-ext4-rsv-conversion]
   61 [kworker/R-kdmflush/254:0]
   62 [kworker/R-kdmflush/254:1]
   63 [kworker/R-kdmflush/254:2]
   64 [kworker/R-kdmflush/254:3]
   65 [kworker/R-kdmflush/254:4]
   66 [erofs_worker/0]
   69 init
   70 ueventd
  127 [kworker/R-kdmflush/254:9]
  133 [kworker/R-kdmflush/254:15]
  135 [kworker/R-kdmflush/254:17]
  136 [kworker/R-kdmflush/254:18]
  137 [kworker/R-kdmflush/254:19]
  138 [kworker/R-kdmflush/254:20]
  140 [kworker/R-kdmflush/254:22]
  141 [kworker/R-kdmflush/254:23]
  142 [kworker/R-kdmflush/254:24]
  143 [kworker/R-kdmflush/254:25]
  144 [kworker/R-kdmflush/254:26]
  145 [kworker/R-kdmflush/254:27]
  146 [kworker/R-kdmflush/254:28]
  147 [kworker/R-kdmflush/254:29]
  148 [kworker/R-kdmflush/254:30]
  150 [kworker/R-kdmflush/254:32]
  152 [kworker/R-kdmflush/254:34]
  153 [kworker/R-kdmflush/254:35]
  154 [kworker/R-kdmflush/254:36]
  155 [kworker/R-kdmflush/254:37]
  157 [kworker/R-kdmflush/254:39]
  158 [kworker/R-kdmflush/254:40]
  159 [kworker/R-kdmflush/254:41]
  160 [kworker/R-kdmflush/254:42]
  161 [kworker/R-kdmflush/254:43]
  163 [kworker/R-kdmflush/254:45]
  165 [kworker/R-kdmflush/254:47]
  167 [kworker/R-kdmflush/254:49]
  169 [kworker/R-kdmflush/254:51]
  171 [kworker/R-kdmflush/254:53]
  177 [kworker/R-ext4-rsv-conversion]
  178 [kworker/R-ext4-rsv-conversion]
  179 [kworker/R-ext4-rsv-conversion]
  180 [kworker/R-ext4-rsv-conversion]
  181 [kworker/R-ext4-rsv-conversion]
  186 [kworker/R-cfg80211]
  187 [sugov:0]
  188 [irq/35-goldfish_pipe_dprctd]
  189 prng_seeder
  191 logd
  192 lmkd
  193 servicemanager
  194 hwservicemanager
  195 qemu-props
  196 [psimon]
  199 [kworker/R-usbip_event]
  203 [kworker/0:3-kdmflush/254:54]
  204 vold
  206 [kworker/R-kdmflush/254:54]
  214 [kworker/R-update_hdmi_ctrls_wq]
  215 [kworker/R-update_svid_ctrls_wq]
  218 android.system.suspend-service
  219 keystore2
  221 android.hardware.security.keymint-service
  223 android.hardware.gatekeeper-service.nonsecure
  226 [kworker/u4:3-loop24]
  235 [kworker/R-blk_crypto_wq]
  237 [kworker/u5:1-fscrypt_read_queue]
  241 [jbd2/dm-54-8]
  242 [kworker/R-ext4-rsv-conversion]
  246 tombstoned
  302 [kworker/u5:2-blk_crypto_wq]
  353 [kworker/R-kverityd]
  354 [kworker/R-ext4-rsv-conversion]
  355 [kworker/R-ext4-rsv-conversion]
  356 [kworker/R-ext4-rsv-conversion]
  357 [kworker/R-kverityd]
  358 [kworker/R-kverityd]
  359 [kworker/R-kverityd]
  360 [kworker/R-kverityd]
  361 [kworker/R-kverityd]
  362 [kworker/R-kverityd]
  363 [kworker/R-kverityd]
  364 [kworker/R-kverityd]
  365 [kworker/R-ext4-rsv-conversion]
  366 [kworker/R-ext4-rsv-conversion]
  367 [kworker/R-kverityd]
  368 [kworker/R-kverityd]
  369 [kworker/R-kverityd]
  370 [kworker/R-kverityd]
  371 [kworker/R-kverityd]
  372 [kworker/R-kverityd]
  373 [kworker/R-ext4-rsv-conversion]
  374 [kworker/R-ext4-rsv-conversion]
  375 [kworker/R-kverityd]
  376 [kworker/R-ext4-rsv-conversion]
  377 [kworker/R-ext4-rsv-conversion]
  378 [kworker/R-kverityd]
  379 [kworker/R-kverityd]
  380 [kworker/R-kverityd]
  381 [kworker/R-kverityd]
  382 [kworker/R-kverityd]
  383 [kworker/R-ext4-rsv-conversion]
  384 [kworker/R-ext4-rsv-conversion]
  385 [kworker/R-ext4-rsv-conversion]
  386 [kworker/R-kverityd]
  387 [kworker/R-kverityd]
  388 [kworker/0:2H-kblockd]
  389 [kworker/R-kverityd]
  390 [kworker/0:3H-kverityd]
  391 [kworker/R-ext4-rsv-conversion]
  392 [kworker/R-ext4-rsv-conversion]
  393 [kworker/u4:4-loop15]
  394 [kworker/0:4H-kverityd]
  395 [kworker/0:5H-kverityd]
  396 [kworker/R-kverityd]
  397 [kworker/R-ext4-rsv-conversion]
  398 [kworker/R-kverityd]
  399 [kworker/R-kverityd]
  400 [kworker/R-ext4-rsv-conversion]
  401 [kworker/R-kverityd]
  402 [kworker/R-kverityd]
  403 [kworker/R-kverityd]
  404 [kworker/R-ext4-rsv-conversion]
  405 [kworker/R-ext4-rsv-conversion]
  406 [kworker/R-ext4-rsv-conversion]
  407 [kworker/R-ext4-rsv-conversion]
  408 [kworker/R-ext4-rsv-conversion]
  409 [kworker/R-ext4-rsv-conversion]
  410 [kworker/R-ext4-rsv-conversion]
  411 [kworker/R-ext4-rsv-conversion]
  412 [kworker/R-ext4-rsv-conversion]
  413 [kworker/R-ext4-rsv-conversion]
  414 [kworker/R-ext4-rsv-conversion]
  415 [kworker/R-ext4-rsv-conversion]
  416 [kworker/R-ext4-rsv-conversion]
  417 [kworker/R-ext4-rsv-conversion]
  418 [kworker/R-ext4-rsv-conversion]
  419 [kworker/R-ext4-rsv-conversion]
  420 [kworker/u4:5-loop49]
  421 [kworker/R-ext4-rsv-conversion]
  422 [kworker/R-ext4-rsv-conversion]
  423 [kworker/R-ext4-rsv-conversion]
  424 [kworker/R-ext4-rsv-conversion]
  425 [kworker/R-ext4-rsv-conversion]
  426 [kworker/R-ext4-rsv-conversion]
  427 [kworker/R-ext4-rsv-conversion]
  428 [kworker/R-ext4-rsv-conversion]
  429 [kworker/R-ext4-rsv-conversion]
  430 [kworker/R-ext4-rsv-conversion]
  431 [kworker/R-ext4-rsv-conversion]
  432 [kworker/R-ext4-rsv-conversion]
  433 [kworker/R-ext4-rsv-conversion]
  434 [kworker/R-ext4-rsv-conversion]
  435 [kworker/R-ext4-rsv-conversion]
  436 [kworker/R-ext4-rsv-conversion]
  437 [kworker/R-ext4-rsv-conversion]
  463 netd
  464 statsd
  465 zygote64
  467 android.hidl.allocator@1.0-service
  473 android.hardware.audio.service
  474 android.hardware.camera.provider@2.7-service-google
  475 android.hardware.health-service.example
  476 android.hardware.media.c2@1.0-service-goldfish
  477 android.hardware.radio-service.ranchu
  478 android.hardware.sensors-service.multihal
  479 android.hardware.usb-service.example
  480 android.hardware.wifi-service
  483 android.hardware.bluetooth-service.default
  484 android.hardware.graphics.composer3-service.ranchu
  485 iptables-restore
  486 ip6tables-restore
  488 android.hardware.identity-service.example
  489 android.hardware.lights-service.example
  490 android.hardware.authsecret-service.example
  491 android.hardware.cas-service.example
  497 android.hardware.contexthub-service.example
  498 android.hardware.neuralnetworks-service-sample-all
  501 android.hardware.neuralnetworks-service-sample-limited
  504 android.hardware.neuralnetworks-shim-service-sample
  508 android.hardware.power-service.example
  509 android.hardware.power.stats-service.example
  518 android.hardware.rebootescrow-service.default
  520 android.hardware.thermal-service.example
  521 android.hardware.threadnetwork-service
  523 android.hardware.vibrator-service.example
  524 android.hardware.drm-service.widevine
  527 audioserver
  528 credstore
  531 gpuservice
  533 surfaceflinger
  535 adbd
  536 android.hardware.graphics.allocator-service.ranchu
  537 android.hardware.camera.provider.ranchu
  539 android.hardware.uwb-service
  550 drmserver
  551 traced_probes
  554 traced
  555 bt_vhci_forwarder
  563 cameraserver
  567 incidentd
  568 installd
  569 media.extractor
  570 media.metrics
  572 mediaserver
  573 storaged
  579 wificond
  580 media.swcodec
  581 mdnsd
  582 gatekeeperd
  635 [kworker/u4:6-loop6]
  636 [kworker/u4:7-writeback]
  668 system_server
  774 [vivid-000-tch-cap]
  865 android.hardware.biometrics.fingerprint-service.ranchu
  887 ot-daemon
  888 ot-rcp
  896 wpa_supplicant
  910 com.android.systemui
  969 android.hardware.gnss-service.ranchu
  982 webview_zygote
 1002 com.android.networkstack.process
 1015 com.google.android.bluetooth
 1032 com.android.se
 1046 com.android.phone
 1056 com.google.android.apps.nexuslauncher
 1094 com.google.android.ext.services
 1141 com.google.android.cellbroadcastreceiver
 1196 com.android.settings
 1251 com.google.android.gms.persistent
 1334 com.google.android.permissioncontroller
 1352 com.google.android.dialer
 1425 com.google.android.inputmethod.latin
 1483 abb
 1495 com.google.android.gms
 1506 com.google.android.providers.media.module
 1519 com.google.android.googlequicksearchbox:interactor
 1533 com.google.android.as
 1552 com.google.android.apps.messaging:rcs
 1579 com.android.emulator.multidisplay
 1635 com.android.printspooler
 1648 android.process.acore
 1665 com.android.devicelockcontroller
 1731 artd
 1737 android.process.media
 1747 com.android.keychain
 1894 com.android.localtransport
 1904 com.android.imsserviceentitlement
 1948 com.google.android.apps.messaging
 2036 com.google.android.webview:webview_service
 2121 com.android.carrierdefaultapp
 2188 com.android.vending
 2228 com.google.android.as.oss
 2334 com.google.android.apps.wallpaper
 2352 com.google.android.googlequicksearchbox:search
 2381 com.google.android.apps.wellbeing
 2598 com.android.traceur
 2650 com.google.android.onetimeinitializer
 2660 com.android.vending:background
 2679 com.android.camera2
 2704 com.android.devicediagnostics
 2741 com.android.dynsystem
 2786 com.android.dynsystem:dynsystem
 2798 com.android.managedprovisioning
 2837 com.google.android.googlequicksearchbox:googleapp
 2845 com.android.providers.calendar
 2846 com.google.android.gms.unstable
 2917 com.android.shell
 2988 com.google.android.apps.safetyhub
 3100 com.google.android.configupdater
 3162 com.google.android.federatedcompute
 3185 com.google.android.healthconnect.controller
 3207 com.google.android.ondevicepersonalization.services
 3222 com.google.android.packageinstaller
 3243 com.google.android.partnersetup
 3273 com.android.chrome
 3324 com.google.android.projection.gearhead:car
 3424 com.google.android.rkpdapp
 3454 com.google.android.settings.intelligence
 3539 com.android.chrome_zygote
 3597 com.android.chrome:sandboxed_process0:org.chromium.content.app.SandboxedProcessService0:0
 3606 com.google.android.tts
 3617 com.google.android.adservices.api
 3663 ps
