Activity Resolver Table:
  Non-Data Actions:
      android.intent.action.MAIN:
        b0ce03d com.example.hybridguard.featureapp/.MainActivity filter cfc4032
          Action: "android.intent.action.MAIN"
          Category: "android.intent.category.LAUNCHER"

Receiver Resolver Table:
  Non-Data Actions:
      android.intent.action.BATTERY_OKAY:
        cec4339 com.example.hybridguard.featureapp/androidx.work.impl.background.systemalarm.ConstraintProxy$BatteryNotLowProxy filter 42a2d7e
          Action: "android.intent.action.BATTERY_OKAY"
          Action: "android.intent.action.BATTERY_LOW"
      android.intent.action.ACTION_POWER_DISCONNECTED:
        ba2c183 com.example.hybridguard.featureapp/androidx.work.impl.background.systemalarm.ConstraintProxy$BatteryChargingProxy filter 9947f00
          Action: "android.intent.action.ACTION_POWER_DISCONNECTED"
          Action: "android.intent.action.ACTION_POWER_CONNECTED"
      androidx.profileinstaller.action.SAVE_PROFILE:
        bdb52ad com.example.hybridguard.featureapp/androidx.profileinstaller.ProfileInstallReceiver filter 845a830
          Action: "androidx.profileinstaller.action.SAVE_PROFILE"
      android.intent.action.DEVICE_STORAGE_LOW:
        d45f2df com.example.hybridguard.featureapp/androidx.work.impl.background.systemalarm.ConstraintProxy$StorageNotLowProxy filter e428b2c
          Action: "android.intent.action.DEVICE_STORAGE_LOW"
          Action: "android.intent.action.DEVICE_STORAGE_OK"
      android.net.conn.CONNECTIVITY_CHANGE:
        8c4d9f5 com.example.hybridguard.featureapp/androidx.work.impl.background.systemalarm.ConstraintProxy$NetworkStateProxy filter eb7a38a
          Action: "android.net.conn.CONNECTIVITY_CHANGE"
      android.intent.action.DEVICE_STORAGE_OK:
        d45f2df com.example.hybridguard.featureapp/androidx.work.impl.background.systemalarm.ConstraintProxy$StorageNotLowProxy filter e428b2c
          Action: "android.intent.action.DEVICE_STORAGE_LOW"
          Action: "android.intent.action.DEVICE_STORAGE_OK"
      androidx.profileinstaller.action.INSTALL_PROFILE:
        bdb52ad com.example.hybridguard.featureapp/androidx.profileinstaller.ProfileInstallReceiver filter e6119e2
          Action: "androidx.profileinstaller.action.INSTALL_PROFILE"
      android.intent.action.BATTERY_LOW:
        cec4339 com.example.hybridguard.featureapp/androidx.work.impl.background.systemalarm.ConstraintProxy$BatteryNotLowProxy filter 42a2d7e
          Action: "android.intent.action.BATTERY_OKAY"
          Action: "android.intent.action.BATTERY_LOW"
      android.intent.action.TIMEZONE_CHANGED:
        ec0ddfb com.example.hybridguard.featureapp/androidx.work.impl.background.systemalarm.RescheduleReceiver filter 6e32e18
          Action: "android.intent.action.TIMEZONE_CHANGED"
          Action: "android.intent.action.TIME_SET"
          Action: "android.intent.action.BOOT_COMPLETED"
      android.intent.action.TIME_SET:
        ec0ddfb com.example.hybridguard.featureapp/androidx.work.impl.background.systemalarm.RescheduleReceiver filter 6e32e18
          Action: "android.intent.action.TIMEZONE_CHANGED"
          Action: "android.intent.action.TIME_SET"
          Action: "android.intent.action.BOOT_COMPLETED"
      androidx.profileinstaller.action.SKIP_FILE:
        bdb52ad com.example.hybridguard.featureapp/androidx.profileinstaller.ProfileInstallReceiver filter c071173
          Action: "androidx.profileinstaller.action.SKIP_FILE"
      androidx.profileinstaller.action.BENCHMARK_OPERATION:
        bdb52ad com.example.hybridguard.featureapp/androidx.profileinstaller.ProfileInstallReceiver filter 4076ca9
          Action: "androidx.profileinstaller.action.BENCHMARK_OPERATION"
      android.intent.action.BOOT_COMPLETED:
        ec0ddfb com.example.hybridguard.featureapp/androidx.work.impl.background.systemalarm.RescheduleReceiver filter 6e32e18
          Action: "android.intent.action.TIMEZONE_CHANGED"
          Action: "android.intent.action.TIME_SET"
          Action: "android.intent.action.BOOT_COMPLETED"
      android.intent.action.ACTION_POWER_CONNECTED:
        ba2c183 com.example.hybridguard.featureapp/androidx.work.impl.background.systemalarm.ConstraintProxy$BatteryChargingProxy filter 9947f00
          Action: "android.intent.action.ACTION_POWER_DISCONNECTED"
          Action: "android.intent.action.ACTION_POWER_CONNECTED"
      androidx.work.diagnostics.REQUEST_DIAGNOSTICS:
        d355ed7 com.example.hybridguard.featureapp/androidx.work.impl.diagnostics.DiagnosticsReceiver filter 3e913c4
          Action: "androidx.work.diagnostics.REQUEST_DIAGNOSTICS"
      androidx.work.impl.background.systemalarm.UpdateProxies:
        5562071 com.example.hybridguard.featureapp/androidx.work.impl.background.systemalarm.ConstraintProxyUpdateReceiver filter bf46e56
          Action: "androidx.work.impl.background.systemalarm.UpdateProxies"

Domain verification status:

Permissions:
  Permission [com.example.hybridguard.featureapp.DYNAMIC_RECEIVER_NOT_EXPORTED_PERMISSION] (562bb4a):
    sourcePackage=com.example.hybridguard.featureapp
    uid=10224 gids=[] type=0 prot=signature
    perm=PermissionInfo{5567abb com.example.hybridguard.featureapp.DYNAMIC_RECEIVER_NOT_EXPORTED_PERMISSION}
    flags=0x0

Registered ContentProviders:
  com.example.hybridguard.featureapp/androidx.startup.InitializationProvider:
    Provider{6d96bd8 com.example.hybridguard.featureapp/androidx.startup.InitializationProvider}

ContentProvider Authorities:
  [com.example.hybridguard.featureapp.androidx-startup]:
    Provider{6d96bd8 com.example.hybridguard.featureapp/androidx.startup.InitializationProvider}
      applicationInfo=ApplicationInfo{a7eeb31 com.example.hybridguard.featureapp}

Key Set Manager:
  [com.example.hybridguard.featureapp]
      Signing KeySets: 63

Packages:
  Package [com.example.hybridguard.featureapp] (17e528f):
    appId=10224
    pkg=Package{98ae91c com.example.hybridguard.featureapp}
    codePath=/data/app/~~tlcnlmZVJJz3zwOk8L-8cA==/com.example.hybridguard.featureapp--evkRv8PCa7Cjs_CYJAYPw==
    resourcePath=/data/app/~~tlcnlmZVJJz3zwOk8L-8cA==/com.example.hybridguard.featureapp--evkRv8PCa7Cjs_CYJAYPw==
    legacyNativeLibraryDir=/data/app/~~tlcnlmZVJJz3zwOk8L-8cA==/com.example.hybridguard.featureapp--evkRv8PCa7Cjs_CYJAYPw==/lib
    extractNativeLibs=true
    primaryCpuAbi=null
    secondaryCpuAbi=null
    cpuAbiOverride=null
    versionCode=13 minSdk=21 targetSdk=36
    minExtensionVersions=[]
    versionName=1.6.6-expanded-v2.2-webgl2-probe
    hiddenApiEnforcementPolicy=2
    usesNonSdkApi=false
    splits=[base]
    apkSigningVersion=2
    flags=[ DEBUGGABLE HAS_CODE ALLOW_CLEAR_USER_DATA ]
    privateFlags=[ PRIVATE_FLAG_ACTIVITIES_RESIZE_MODE_RESIZEABLE_VIA_SDK_VERSION ALLOW_AUDIO_PLAYBACK_CAPTURE PARTIALLY_DIRECT_BOOT_AWARE PRIVATE_FLAG_ALLOW_NATIVE_HEAP_POINTER_TAGGING ]
    forceQueryable=false
    pageSizeCompat=0
    queriesIntents=[Intent { act=android.intent.action.VIEW cat=[android.intent.category.BROWSABLE] dat=https:/... }, Intent { act=android.intent.action.MAIN cat=[android.intent.category.APP_BROWSER] }]
    scannedAsStoppedSystemApp=false
    supportsScreens=[small, medium, large, xlarge, resizeable, anyDensity]
    timeStamp=2026-10-01 14:37:41
    lastUpdateTime=2026-10-01 14:37:42
    installerPackageName=null
    installerPackageUid=-1
    initiatingPackageName=com.android.shell
    originatingPackageName=null
    packageSource=1
    appMetadataFilePath=null
    appMetadataSource=0
    signatures=PackageSignatures{ad3f925 version:2, signatures:[b936dc11], past signatures:[]}
    installPermissionsFixed=false
    pkgFlags=[ DEBUGGABLE HAS_CODE ALLOW_CLEAR_USER_DATA ]
    privatePkgFlags=[ PRIVATE_FLAG_ACTIVITIES_RESIZE_MODE_RESIZEABLE_VIA_SDK_VERSION ALLOW_AUDIO_PLAYBACK_CAPTURE PARTIALLY_DIRECT_BOOT_AWARE PRIVATE_FLAG_ALLOW_NATIVE_HEAP_POINTER_TAGGING ]
    apexModuleName=null
    declared permissions:
      com.example.hybridguard.featureapp.DYNAMIC_RECEIVER_NOT_EXPORTED_PERMISSION: prot=signature
    requested permissions:
      android.permission.FOREGROUND_SERVICE
      android.permission.RECEIVE_BOOT_COMPLETED
      com.example.hybridguard.featureapp.DYNAMIC_RECEIVER_NOT_EXPORTED_PERMISSION
      android.permission.INTERNET
      android.permission.ACCESS_NETWORK_STATE
      android.permission.WAKE_LOCK
    install permissions:
      android.permission.FOREGROUND_SERVICE: granted=true
      android.permission.RECEIVE_BOOT_COMPLETED: granted=true
      com.example.hybridguard.featureapp.DYNAMIC_RECEIVER_NOT_EXPORTED_PERMISSION: granted=true
      android.permission.INTERNET: granted=true
      android.permission.ACCESS_NETWORK_STATE: granted=true
      android.permission.WAKE_LOCK: granted=true
    User 0: ceDataInode=360586 deDataInode=58021 installed=true hidden=false suspended=false distractionFlags=0 stopped=true notLaunched=false enabled=0 instant=false virtual=false quarantined=false
      installReason=0
      dataDir=/data/user/0/com.example.hybridguard.featureapp
      firstInstallTime=2026-09-30 19:52:26
      uninstallReason=0
      overlay paths:
        /product/overlay/NavigationBarModeGestural/NavigationBarModeGesturalOverlay.apk
        /data/resource-cache/com.android.systemui-neutral-UXuX.frro
        /data/resource-cache/com.android.systemui-accent-oYGV.frro
        /data/resource-cache/com.android.systemui-dynamic-mEhj.frro
      legacy overlay paths:
        /product/overlay/NavigationBarModeGestural/NavigationBarModeGesturalOverlay.apk
      gids=[3003]
      runtime permissions:
      enabledComponents:
        androidx.work.impl.background.systemalarm.RescheduleReceiver
        androidx.work.impl.background.systemjob.SystemJobService

Queries:
  system apps queryable: false
  queries via forceQueryable:
  queries via package name:
  queries via component:
    com.google.android.as:
      com.example.hybridguard.featureapp
    com.google.android.settings.intelligence:
      com.example.hybridguard.featureapp
    com.google.android.apps.accessibility.voiceaccess:
      com.example.hybridguard.featureapp
    com.example.hybridguard.featureapp:
      com.google.android.googlequicksearchbox
      com.android.chrome
      com.google.android.apps.docs
  queryable via interaction:
    User 0:
  queryable via uses-library:

Dexopt state:
  [com.example.hybridguard.featureapp]
    path: /data/app/~~tlcnlmZVJJz3zwOk8L-8cA==/com.example.hybridguard.featureapp--evkRv8PCa7Cjs_CYJAYPw==/base.apk
      arm64: [status=run-from-apk] [reason=unknown] [primary-abi]
        [location is error]
