  PID NAME                       
    1 init
    2 [kthreadd]
    3 [pool_workqueue_release]
    4 [kworker/R-kvfree_rcu_reclaim]
    5 [kworker/R-rcu_gp]
    6 [kworker/R-sync_wq]
    7 [kworker/R-slub_flushwq]
    8 [kworker/R-netns]
    9 [kworker/0:0-events]
   10 [kworker/0:0H-kverityd]
   11 [kworker/0:1-events]
   12 [kworker/u4:0-loop15]
   13 [kworker/R-mm_percpu_wq]
   14 [kworker/u4:1-loop32]
   15 [rcu_tasks_kthread]
   16 [rcu_tasks_trace_kthread]
   17 [ksoftirqd/0]
   18 [rcu_preempt]
   19 [rcuog/0]
   20 [rcuop/0]
   21 [rcub/0]
   22 [rcu_exp_par_gp_kthread_worker/0]
   23 [rcu_exp_gp_kthread_worker]
   24 [migration/0]
   25 [idle_inject/0]
   26 [cpuhp/0]
   27 [kworker/R-inet_frag_wq]
   28 [kauditd]
   29 [khungtaskd]
   30 [oom_reaper]
   31 [kworker/R-writeback]
   32 [kcompactd0]
   33 [khugepaged]
   34 [kworker/R-kblockd]
   35 [kworker/R-edac-poller]
   36 [kworker/R-devfreq_wq]
   37 [watchdogd]
   38 [kworker/u4:2-loop36]
   39 [kworker/0:1H-kverityd]
   40 [kswapd0]
   41 [kworker/u5:0-fscrypt_read_queue]
   42 [kworker/R-nvme-wq]
   43 [kworker/R-nvme-reset-wq]
   44 [kworker/R-nvme-delete-wq]
   45 [kworker/R-vfio-irqfd-cleanup]
   46 [kworker/R-uas]
   47 [kworker/R-dm_bufio_cache]
   48 [kworker/R-mld]
   49 [kworker/R-ipv6_addrconf]
   50 [kworker/R-kstrp]
   52 [kworker/0:2-events]
   53 [hwrng]
   55 [khvcd]
   59 [jbd2/vdd1-8]
   60 [kworker/R-ext4-rsv-conversion]
   61 [kworker/R-kdmflush/254:0]
   62 [kworker/R-kdmflush/254:1]
   63 [kworker/R-kdmflush/254:2]
   64 [kworker/R-kdmflush/254:3]
   65 [kworker/R-kdmflush/254:4]
   66 [erofs_worker/0]
   69 init
   70 ueventd
  123 [kworker/R-kdmflush/254:5]
  124 [kworker/R-kdmflush/254:6]
  125 [kworker/R-kdmflush/254:7]
  126 [kworker/R-kdmflush/254:8]
  127 [kworker/R-kdmflush/254:9]
  128 [kworker/R-kdmflush/254:10]
  129 [kworker/R-kdmflush/254:11]
  130 [kworker/R-kdmflush/254:12]
  131 [kworker/R-kdmflush/254:13]
  132 [kworker/R-kdmflush/254:14]
  133 [kworker/R-kdmflush/254:15]
  134 [kworker/R-kdmflush/254:16]
  135 [kworker/R-kdmflush/254:17]
  136 [kworker/R-kdmflush/254:18]
  137 [kworker/R-kdmflush/254:19]
  138 [kworker/R-kdmflush/254:20]
  139 [kworker/R-kdmflush/254:21]
  140 [kworker/R-kdmflush/254:22]
  141 [kworker/R-kdmflush/254:23]
  142 [kworker/R-kdmflush/254:24]
  143 [kworker/R-kdmflush/254:25]
  144 [kworker/R-kdmflush/254:26]
  145 [kworker/R-kdmflush/254:27]
  146 [kworker/R-kdmflush/254:28]
  147 [kworker/R-kdmflush/254:29]
  148 [kworker/R-kdmflush/254:30]
  149 [kworker/R-kdmflush/254:31]
  150 [kworker/R-kdmflush/254:32]
  151 [kworker/R-kdmflush/254:33]
  152 [kworker/R-kdmflush/254:34]
  153 [kworker/R-kdmflush/254:35]
  154 [kworker/R-kdmflush/254:36]
  155 [kworker/R-kdmflush/254:37]
  156 [kworker/R-kdmflush/254:38]
  157 [kworker/R-kdmflush/254:39]
  158 [kworker/R-kdmflush/254:40]
  159 [kworker/R-kdmflush/254:41]
  160 [kworker/R-kdmflush/254:42]
  161 [kworker/R-kdmflush/254:43]
  162 [kworker/R-kdmflush/254:44]
  163 [kworker/R-kdmflush/254:45]
  164 [kworker/R-kdmflush/254:46]
  165 [kworker/R-kdmflush/254:47]
  166 [kworker/R-kdmflush/254:48]
  167 [kworker/R-kdmflush/254:49]
  168 [kworker/R-kdmflush/254:50]
  169 [kworker/R-kdmflush/254:51]
  170 [kworker/R-kdmflush/254:52]
  171 [kworker/R-kdmflush/254:53]
  177 [kworker/R-ext4-rsv-conversion]
  178 [kworker/R-ext4-rsv-conversion]
  179 [kworker/R-ext4-rsv-conversion]
  180 [kworker/R-ext4-rsv-conversion]
  181 [kworker/u4:3-loop15]
  182 [kworker/R-ext4-rsv-conversion]
  187 [kworker/R-cfg80211]
  188 [sugov:0]
  189 prng_seeder
  190 [irq/35-goldfish_pipe_dprctd]
  192 [kworker/0:3-virtio_vsock]
  193 logd
  194 lmkd
  195 servicemanager
  196 hwservicemanager
  197 [psimon]
  198 qemu-props
  204 [kworker/R-usbip_event]
  205 vold
  207 [kworker/R-kdmflush/254:54]
  216 [kworker/R-update_hdmi_ctrls_wq]
  217 [kworker/R-update_svid_ctrls_wq]
  219 android.system.suspend-service
  220 keystore2
  221 android.hardware.security.keymint-service
  222 android.hardware.gatekeeper-service.nonsecure
  239 [kworker/R-blk_crypto_wq]
  240 [kworker/u5:1-fscrypt_read_queue]
  244 [jbd2/dm-54-8]
  245 [kworker/R-ext4-rsv-conversion]
  249 tombstoned
  254 apexd
  305 [kworker/u5:2-blk_crypto_wq]
  356 [kworker/R-ext4-rsv-conversion]
  357 [kworker/R-ext4-rsv-conversion]
  358 [kworker/R-kverityd]
  359 [kworker/R-kverityd]
  360 [kworker/R-kverityd]
  361 [kworker/R-ext4-rsv-conversion]
  362 [kworker/R-ext4-rsv-conversion]
  363 [kworker/R-ext4-rsv-conversion]
  364 [kworker/R-kverityd]
  365 [kworker/R-kverityd]
  366 [kworker/R-kverityd]
  367 [kworker/R-kverityd]
  368 [kworker/R-kverityd]
  369 [kworker/R-kverityd]
  370 [kworker/R-kverityd]
  371 [kworker/R-kverityd]
  372 [kworker/R-kverityd]
  373 [kworker/R-kverityd]
  374 [kworker/R-kverityd]
  375 [kworker/R-kverityd]
  376 [kworker/R-kverityd]
  377 [kworker/R-kverityd]
  378 [kworker/R-kverityd]
  379 [kworker/R-kverityd]
  380 [kworker/R-kverityd]
  381 [kworker/R-kverityd]
  382 [kworker/0:2H-kverityd]
  383 [kworker/R-kverityd]
  384 [kworker/R-kverityd]
  385 [kworker/0:3H-kverityd]
  386 [kworker/0:4H-kverityd]
  387 [kworker/u4:4-loop43]
  388 [kworker/0:5H-kverityd]
  389 [kworker/R-ext4-rsv-conversion]
  390 [kworker/0:6H-kverityd]
  391 [kworker/R-ext4-rsv-conversion]
  392 [kworker/0:7H-kverityd]
  393 [kworker/0:8H-kverityd]
  394 [kworker/0:9H-kverityd]
  395 [kworker/R-ext4-rsv-conversion]
  396 [kworker/R-ext4-rsv-conversion]
  397 [kworker/R-kverityd]
  398 [kworker/R-kverityd]
  399 [kworker/R-kverityd]
  400 [kworker/R-kverityd]
  401 [kworker/R-kverityd]
  402 [kworker/R-kverityd]
  403 [kworker/R-kverityd]
  404 [kworker/R-ext4-rsv-conversion]
  405 [kworker/R-ext4-rsv-conversion]
  406 [kworker/R-ext4-rsv-conversion]
  407 [kworker/R-ext4-rsv-conversion]
  408 [kworker/R-ext4-rsv-conversion]
  409 [kworker/R-ext4-rsv-conversion]
  410 [kworker/u4:5-loop49]
  411 [kworker/R-ext4-rsv-conversion]
  412 [kworker/R-ext4-rsv-conversion]
  413 [kworker/R-ext4-rsv-conversion]
  414 [kworker/R-ext4-rsv-conversion]
  415 [kworker/R-ext4-rsv-conversion]
  416 [kworker/R-ext4-rsv-conversion]
  417 [kworker/R-ext4-rsv-conversion]
  418 [kworker/R-ext4-rsv-conversion]
  419 [kworker/R-ext4-rsv-conversion]
  420 [kworker/R-ext4-rsv-conversion]
  421 [kworker/R-ext4-rsv-conversion]
  422 [kworker/R-ext4-rsv-conversion]
  423 [kworker/R-ext4-rsv-conversion]
  424 [kworker/R-ext4-rsv-conversion]
  425 [kworker/R-ext4-rsv-conversion]
  426 [kworker/R-ext4-rsv-conversion]
  427 [kworker/R-ext4-rsv-conversion]
  428 [kworker/R-ext4-rsv-conversion]
  429 [kworker/R-ext4-rsv-conversion]
  430 [kworker/R-ext4-rsv-conversion]
  431 [kworker/R-ext4-rsv-conversion]
  432 [kworker/R-ext4-rsv-conversion]
  433 [kworker/R-ext4-rsv-conversion]
  434 [kworker/R-ext4-rsv-conversion]
  435 [kworker/R-ext4-rsv-conversion]
  436 [kworker/R-ext4-rsv-conversion]
  437 [kworker/u4:6-loop37]
  438 [kworker/R-ext4-rsv-conversion]
  439 [kworker/R-ext4-rsv-conversion]
  440 [kworker/R-ext4-rsv-conversion]
  441 [kworker/R-ext4-rsv-conversion]
  442 [kworker/R-ext4-rsv-conversion]
  443 [kworker/R-ext4-rsv-conversion]
  444 [kworker/R-ext4-rsv-conversion]
  445 [kworker/R-ext4-rsv-conversion]
  471 netd
  472 statsd
  473 zygote64
  480 android.hidl.allocator@1.0-service
  481 android.hardware.audio.service
  482 android.hardware.camera.provider@2.7-service-google
  483 android.hardware.health-service.example
  484 android.hardware.media.c2@1.0-service-goldfish
  485 android.hardware.radio-service.ranchu
  486 android.hardware.sensors-service.multihal
  487 iptables-restore
  488 ip6tables-restore
  490 android.hardware.usb-service.example
  491 android.hardware.wifi-service
  492 android.hardware.bluetooth-service.default
  493 android.hardware.graphics.composer3-service.ranchu
  495 android.hardware.identity-service.example
  497 android.hardware.lights-service.example
  500 android.hardware.authsecret-service.example
  505 android.hardware.cas-service.example
  506 android.hardware.contexthub-service.example
  507 android.hardware.neuralnetworks-service-sample-all
  508 android.hardware.neuralnetworks-service-sample-limited
  514 android.hardware.neuralnetworks-shim-service-sample
  517 android.hardware.power-service.example
  524 android.hardware.power.stats-service.example
  528 android.hardware.rebootescrow-service.default
  529 android.hardware.thermal-service.example
  530 android.hardware.threadnetwork-service
  531 android.hardware.vibrator-service.example
  532 android.hardware.drm-service.widevine
  534 audioserver
  537 credstore
  538 gpuservice
  542 surfaceflinger
  544 adbd
  546 android.hardware.graphics.allocator-service.ranchu
  547 android.hardware.camera.provider.ranchu
  553 android.hardware.uwb-service
  568 mdnsd
  569 drmserver
  570 traced_probes
  571 traced
  572 bt_vhci_forwarder
  574 cameraserver
  577 idmap2d
  578 incidentd
  580 installd
  581 media.extractor
  582 media.metrics
  583 mediaserver
  584 storaged
  589 wificond
  590 media.swcodec
  591 gatekeeperd
  672 system_server
  678 [kworker/0:10H-kverityd]
  679 [kworker/0:11H-kverityd]
  680 [kworker/0:12H-kblockd]
  681 [kworker/0:13H-kverityd]
  682 [kworker/0:14H]
  784 [vivid-000-tch-cap]
  866 android.hardware.biometrics.fingerprint-service.ranchu
  891 ot-daemon
  894 ot-rcp
  904 wpa_supplicant
  916 com.android.systemui
  974 android.hardware.gnss-service.ranchu
  992 webview_zygote
 1003 com.android.networkstack.process
 1015 com.google.android.bluetooth
 1026 com.android.se
 1035 com.android.phone
 1046 com.google.android.apps.nexuslauncher
 1064 com.google.android.ext.services
 1141 com.android.settings
 1199 com.google.android.gms.persistent
 1307 com.google.android.permissioncontroller
 1329 com.google.android.cellbroadcastreceiver
 1385 com.google.android.inputmethod.latin
 1427 com.android.devicelockcontroller
 1441 com.google.android.providers.media.module
 1444 com.google.android.googlequicksearchbox:interactor
 1472 com.google.android.as
 1488 com.google.android.apps.messaging:rcs
 1511 com.android.emulator.multidisplay
 1521 abb
 1547 com.google.android.gms
 1587 com.android.printspooler
 1604 android.process.acore
 1627 android.process.media
 1667 artd
 1720 com.android.keychain
 1779 com.google.android.apps.wellbeing
 1828 sh
 1831 cmd
 1863 ps
