Num       RefCount Protocol Flags    Type St Inode Path
0000000000000000: 00000003 00000000 00000000 0005 03 14523
0000000000000000: 00000002 00000000 00000000 0002 03 11818
0000000000000000: 00000003 00000000 00000000 0005 03 15052
0000000000000000: 00000002 00000000 00000000 0002 03 18783
0000000000000000: 00000003 00000000 00000000 0005 03 11681
0000000000000000: 00000002 00000000 00000000 0002 03  4405
0000000000000000: 00000003 00000000 00000000 0005 03 23757
0000000000000000: 00000002 00000000 00000000 0002 03 20344
0000000000000000: 00000003 00000000 00000000 0001 03 11248 /dev/socket/zygote
0000000000000000: 00000003 00000000 00000000 0005 03 11771
0000000000000000: 00000003 00000000 00000000 0001 03 23763
0000000000000000: 00000002 00000000 00000000 0002 03 19946
0000000000000000: 00000002 00000000 00000000 0002 03 16994
0000000000000000: 00000002 00000000 00000000 0002 03 16938
0000000000000000: 00000003 00000000 00000000 0005 03 10764
0000000000000000: 00000003 00000000 00000000 0005 03 12107
0000000000000000: 00000003 00000000 00000000 0005 03 13732
0000000000000000: 00000002 00000000 00000000 0002 01  9924 /data/system/unsolzygotesocket
0000000000000000: 00000003 00000000 00000000 0005 03 17162
0000000000000000: 00000002 00000000 00000000 0002 03 11842
0000000000000000: 00000002 00000000 00010000 0001 01  3204 /dev/socket/prng_seeder
0000000000000000: 00000002 00000000 00000000 0002 03 19860
0000000000000000: 00000002 00000000 00000000 0002 03 14289
0000000000000000: 00000002 00000000 00000000 0002 03 11684
0000000000000000: 00000003 00000000 00000000 0001 03 23705 /dev/socket/traced_producer
0000000000000000: 00000002 00000000 00000000 0002 03 19205
0000000000000000: 00000003 00000000 00000000 0005 03 11726
0000000000000000: 00000002 00000000 00000000 0005 03 23424
0000000000000000: 00000002 00000000 00000000 0002 03 16432
0000000000000000: 00000003 00000000 00000000 0005 03 11011
0000000000000000: 00000003 00000000 00000000 0005 03 11670
0000000000000000: 00000002 00000000 00000000 0002 03 21897
0000000000000000: 00000003 00000000 00000000 0005 03 17387
0000000000000000: 00000003 00000000 00000000 0005 03 13713
0000000000000000: 00000002 00000000 00000000 0002 03 15341
0000000000000000: 00000003 00000000 00000000 0005 03 10763
0000000000000000: 00000003 00000000 00000000 0005 03 12079
0000000000000000: 00000003 00000000 00000000 0005 03 12021
0000000000000000: 00000002 00000000 00000000 0002 03 19811
0000000000000000: 00000003 00000000 00000000 0005 03 15004
0000000000000000: 00000002 00000000 00010000 0001 01  3313 /dev/socket/logd
0000000000000000: 00000003 00000000 00000000 0001 03 23771
0000000000000000: 00000002 00000000 00010000 0005 01  3315 /dev/socket/logdr
0000000000000000: 00000003 00000000 00000000 0005 03 17386
0000000000000000: 00000088 00000000 00000000 0002 03  3317 /dev/socket/logdw
0000000000000000: 00000002 00000000 00000000 0002 03 18751
0000000000000000: 00000003 00000000 00000000 0005 03 14273
0000000000000000: 00000002 00000000 00000000 0002 03  6411
0000000000000000: 00000002 00000000 00010000 0005 01  3331 /dev/socket/lmkd
0000000000000000: 00000003 00000000 00000000 0005 03 13731
0000000000000000: 00000002 00000000 00000000 0002 03 11882
0000000000000000: 00000002 00000000 00000000 0002 03 17103
0000000000000000: 00000003 00000000 00000000 0005 03 12076
0000000000000000: 00000002 00000000 00000000 0002 03 15218
0000000000000000: 00000003 00000000 00000000 0005 03 10761
0000000000000000: 00000003 00000000 00000000 0001 03 23764
0000000000000000: 00000002 00000000 00000000 0002 03 11616
0000000000000000: 00000002 00000000 00000000 0002 03 19478
0000000000000000: 00000003 00000000 00000000 0005 03 15011
0000000000000000: 00000002 00000000 00000000 0002 03 19180
0000000000000000: 00000003 00000000 00000000 0005 03 23565
0000000000000000: 00000002 00000000 00000000 0002 03 18913
0000000000000000: 00000002 00000000 00000000 0002 03 13591
0000000000000000: 00000003 00000000 00000000 0005 03 12080
0000000000000000: 00000003 00000000 00000000 0005 03 23521
0000000000000000: 00000003 00000000 00000000 0005 03 14995
0000000000000000: 00000002 00000000 00000000 0002 03 11777
0000000000000000: 00000002 00000000 00000000 0002 03  6267
0000000000000000: 00000003 00000000 00000000 0005 03 11671
0000000000000000: 00000003 00000000 00000000 0005 03 16616
0000000000000000: 00000003 00000000 00000000 0005 03 23561
0000000000000000: 00000003 00000000 00000000 0005 03 17390 @jdwp-control
0000000000000000: 00000002 00000000 00000000 0002 03 19414
0000000000000000: 00000003 00000000 00000000 0005 03 12106
0000000000000000: 00000003 00000000 00000000 0005 03 11014
0000000000000000: 00000002 00000000 00000000 0002 03 15706
0000000000000000: 00000003 00000000 00000000 0005 03 14996
0000000000000000: 00000002 00000000 00000000 0002 03 19880
0000000000000000: 00000002 00000000 00000000 0002 03 17646
0000000000000000: 00000003 00000000 00000000 0005 03 14298
0000000000000000: 00000002 00000000 00000000 0002 03 12016
0000000000000000: 00000003 00000000 00000000 0005 03 11682
0000000000000000: 00000003 00000000 00000000 0005 03 12022
0000000000000000: 00000002 00000000 00000000 0002 03 17382
0000000000000000: 00000002 00000000 00000000 0002 03 13708
0000000000000000: 00000003 00000000 00000000 0005 03 12077
0000000000000000: 00000003 00000000 00000000 0005 03 17270
0000000000000000: 00000003 00000000 00000000 0001 03 23770
0000000000000000: 00000003 00000000 00000000 0005 03 11010
0000000000000000: 00000002 00000000 00000000 0002 03  9484
0000000000000000: 00000002 00000000 00000000 0002 03 20169
0000000000000000: 00000003 00000000 00000000 0005 03 16617
0000000000000000: 00000003 00000000 00000000 0005 03 15585
0000000000000000: 00000003 00000000 00000000 0001 03 11247
0000000000000000: 00000003 00000000 00000000 0005 03 12149
0000000000000000: 00000002 00000000 00000000 0002 03 18506
0000000000000000: 00000002 00000000 00000000 0002 03 14259
0000000000000000: 00000003 00000000 00000000 0001 03 23704
0000000000000000: 00000003 00000000 00000000 0005 03 23522 @jdwp-control
0000000000000000: 00000003 00000000 00000000 0005 03 23421
0000000000000000: 00000003 00000000 00000000 0005 03 15010
0000000000000000: 00000002 00000000 00000000 0002 03 14265
0000000000000000: 00000003 00000000 00000000 0005 03 23758
0000000000000000: 00000002 00000000 00000000 0002 03  3934
0000000000000000: 00000003 00000000 00000000 0005 03 23497
0000000000000000: 00000002 00000000 00000000 0002 03 11118
0000000000000000: 00000003 00000000 00000000 0005 03 12420
0000000000000000: 00000003 00000000 00000000 0005 03 12406
0000000000000000: 00000002 00000000 00000000 0002 03  7641
0000000000000000: 00000002 00000000 00000000 0002 03 18369
0000000000000000: 00000002 00000000 00000000 0002 03 12981
0000000000000000: 00000003 00000000 00000000 0005 03 11262
0000000000000000: 00000003 00000000 00000000 0005 03 14661
0000000000000000: 00000003 00000000 00000000 0005 03 14101
0000000000000000: 00000003 00000000 00000000 0001 03 12035
0000000000000000: 00000003 00000000 00000000 0005 03 11263
0000000000000000: 00000003 00000000 00000000 0005 03 11265 @jdwp-control
0000000000000000: 00000003 00000000 00000000 0001 03  6413
0000000000000000: 00000003 00000000 00000000 0001 03  9489 /dev/socket/traced_producer
0000000000000000: 00000003 00000000 00000000 0001 03 11478
0000000000000000: 00000002 00000000 00000000 0002 03  6689
0000000000000000: 00000003 00000000 00000000 0005 03  1268
0000000000000000: 00000002 00000000 00000000 0002 03 15881
0000000000000000: 00000003 00000000 00000000 0001 03 15404 /dev/socket/traced_producer
0000000000000000: 00000002 00000000 00010000 0005 01  4356 /dev/socket/tombstoned_crash
0000000000000000: 00000002 00000000 00000000 0002 03 18388
0000000000000000: 00000002 00000000 00000000 0002 03 13083
0000000000000000: 00000002 00000000 00000000 0002 01 11473
0000000000000000: 00000002 00000000 00010000 0005 01  4357 /dev/socket/tombstoned_intercept
0000000000000000: 00000003 00000000 00000000 0005 03 12368
0000000000000000: 00000002 00000000 00010000 0001 01 11288 /data/system/ndebugsocket
0000000000000000: 00000002 00000000 00010000 0005 01  4358 /dev/socket/tombstoned_java_trace
0000000000000000: 00000003 00000000 00000000 0005 03 12228
0000000000000000: 00000003 00000000 00000000 0005 03 10709
0000000000000000: 00000002 00000000 00000000 0002 03 15420
0000000000000000: 00000002 00000000 00000000 0002 03 13752
0000000000000000: 00000003 00000000 00000000 0001 03 11976
0000000000000000: 00000002 00000000 00010000 0001 01  5306 /dev/socket/dnsproxyd
0000000000000000: 00000002 00000000 00000000 0001 01  5307 /dev/socket/mdns
0000000000000000: 00000003 00000000 00000000 0001 03 19441 /dev/socket/traced_producer
0000000000000000: 00000002 00000000 00010000 0001 01  5308 /dev/socket/fwmarkd
0000000000000000: 00000003 00000000 00000000 0001 03  9823 /dev/socket/mdnsd
0000000000000000: 00000002 00000000 00000000 0002 03  8531
0000000000000000: 0000003C 00000000 00000000 0002 03  5320 /dev/socket/statsdw
0000000000000000: 00000002 00000000 00010000 0001 01  5335 /dev/socket/zygote
0000000000000000: 00000003 00000000 00000000 0001 03  6816
0000000000000000: 00000002 00000000 00010000 0001 01  5336 /dev/socket/usap_pool_primary
0000000000000000: 00000003 00000000 00000000 0005 03 12331
0000000000000000: 00000002 00000000 00000000 0002 03 13178
0000000000000000: 00000003 00000000 00000000 0001 03 15403
0000000000000000: 00000002 00000000 00000000 0002 03 11603
0000000000000000: 00000003 00000000 00000000 0005 03 11264
0000000000000000: 00000002 00000000 00010000 0005 01  7548 /dev/socket/adbd
0000000000000000: 00000003 00000000 00000000 0001 03 18841
0000000000000000: 00000002 00000000 00000000 0002 03 15975
0000000000000000: 00000002 00000000 00010000 0001 01  8047 /dev/socket/traced_consumer
0000000000000000: 00000002 00000000 00000000 0002 03 15391
0000000000000000: 00000002 00000000 00000000 0002 03 13840
0000000000000000: 00000003 00000000 00000000 0001 03 12003
0000000000000000: 00000002 00000000 00000000 0002 03  9640
0000000000000000: 00000002 00000000 00010000 0001 01  8048 /dev/socket/traced_producer
0000000000000000: 00000002 00000000 00000000 0002 03  7150
0000000000000000: 00000002 00000000 00010000 0001 01  8590 /dev/socket/mdnsd
0000000000000000: 00000003 00000000 00000000 0001 03  7865
0000000000000000: 00000002 00000000 00010000 0001 01 11071 /dev/socket/ot-daemon/thread-wpan.sock
0000000000000000: 00000002 00000000 00000000 0002 03  8228
0000000000000000: 00000002 00000000 00000000 0002 03 19799
0000000000000000: 00000002 00000000 00000000 0002 01 11162 /dev/socket/wpa_wlan0
0000000000000000: 00000003 00000000 00000000 0001 03 12034
0000000000000000: 00000003 00000000 00000000 0001 03 23716 /dev/socket/traced_producer
0000000000000000: 00000003 00000000 00000000 0001 03 12960
0000000000000000: 00000003 00000000 00000000 0001 03  9496
0000000000000000: 00000003 00000000 00000000 0005 03 13152
0000000000000000: 00000003 00000000 00000000 0005 03 11586
0000000000000000: 00000002 00000000 00000000 0002 03 16357
0000000000000000: 00000002 00000000 00000000 0002 03 15838
0000000000000000: 00000002 00000000 00000000 0002 03 13766
0000000000000000: 00000002 00000000 00000000 0002 03 12223
0000000000000000: 00000002 00000000 00000000 0002 03  7140
0000000000000000: 00000003 00000000 00000000 0001 03 11909 /dev/socket/traced_producer
0000000000000000: 00000003 00000000 00000000 0005 03  1286
0000000000000000: 00000002 00000000 00000000 0002 03  9643
0000000000000000: 00000002 00000000 00000000 0002 03  7193
0000000000000000: 00000003 00000000 00000000 0001 03 23723
0000000000000000: 00000003 00000000 00000000 0005 03 17988
0000000000000000: 00000002 00000000 00000000 0002 03 15852
0000000000000000: 00000003 00000000 00000000 0001 03 14973
0000000000000000: 00000002 00000000 00000000 0002 03 11259
0000000000000000: 00000003 00000000 00000000 0001 03  9748 /dev/socket/traced_producer
0000000000000000: 00000003 00000000 00000000 0005 03 12405
0000000000000000: 00000002 00000000 00000000 0002 03 13050
0000000000000000: 00000003 00000000 00000000 0005 03 14662
0000000000000000: 00000002 00000000 00000000 0005 03 13749
0000000000000000: 00000002 00000000 00000000 0002 03  6662
0000000000000000: 00000003 00000000 00000000 0005 03 12316
0000000000000000: 00000003 00000000 00000000 0001 03 11458
0000000000000000: 00000002 00000000 00000000 0002 03  7386
0000000000000000: 00000002 00000000 00000000 0002 03 14659
0000000000000000: 00000002 00000000 00000000 0002 03 13753
0000000000000000: 00000002 00000000 00000000 0002 01  9752
0000000000000000: 00000002 00000000 00000000 0002 03  7327
0000000000000000: 00000003 00000000 00000000 0001 03 11479 @com.android.internal.os.WebViewZygoteInit/dcf148dd-f65d-4143-a6e1-ae20b5368f8d
0000000000000000: 00000003 00000000 00000000 0001 03 23726
0000000000000000: 00000003 00000000 00000000 0001 03  9488
0000000000000000: 00000002 00000000 00000000 0002 03  9175
0000000000000000: 00000003 00000000 00000000 0005 03 23666
0000000000000000: 00000002 00000000 00000000 0002 01 18035
0000000000000000: 00000002 00000000 00000000 0002 03 13149
0000000000000000: 00000003 00000000 00000000 0005 03 12341
0000000000000000: 00000002 00000000 00000000 0002 03 11527
0000000000000000: 00000003 00000000 00000000 0001 03 12363
0000000000000000: 00000003 00000000 00000000 0005 03 12315
0000000000000000: 00000002 00000000 00000000 0002 03  7328
0000000000000000: 00000003 00000000 00000000 0005 03 18630
0000000000000000: 00000003 00000000 00000000 0001 03 17272
0000000000000000: 00000002 00000000 00000000 0002 03 16048
0000000000000000: 00000002 00000000 00000000 0002 03  8270
0000000000000000: 00000002 00000000 00000000 0002 03 13308
0000000000000000: 00000003 00000000 00000000 0001 03  9839 /dev/socket/traced_producer
0000000000000000: 00000003 00000000 00000000 0001 03 11971
0000000000000000: 00000003 00000000 00000000 0005 03 23496
0000000000000000: 00000002 00000000 00000000 0002 03  7143
0000000000000000: 00000003 00000000 00000000 0005 03 14581
0000000000000000: 00000003 00000000 00000000 0005 03 10663
0000000000000000: 00000002 00000000 00000000 0002 03  6646
0000000000000000: 00000003 00000000 00000000 0001 03 12471
0000000000000000: 00000003 00000000 00000000 0005 03 12150
0000000000000000: 00000003 00000000 00000000 0001 03 12018
0000000000000000: 00000002 00000000 00000000 0002 03  7602
0000000000000000: 00000002 00000000 00000000 0002 03 23590
0000000000000000: 00000003 00000000 00000000 0005 03 12455
0000000000000000: 00000002 00000000 00000000 0002 03 14097
0000000000000000: 00000002 00000000 00000000 0002 03  6798
0000000000000000: 00000003 00000000 00000000 0005 03  1269
0000000000000000: 00000002 00000000 00000000 0002 03 12193
0000000000000000: 00000003 00000000 00000000 0001 03 12470
0000000000000000: 00000002 00000000 00000000 0002 03  7878
0000000000000000: 00000003 00000000 00000000 0001 03 10691 /dev/socket/traced_producer
0000000000000000: 00000002 00000000 00000000 0002 03 18403
0000000000000000: 00000003 00000000 00000000 0005 03 12330
0000000000000000: 00000002 00000000 00000000 0002 03 11577
0000000000000000: 00000002 00000000 00000000 0002 03 23732
0000000000000000: 00000003 00000000 00000000 0005 03 15003
0000000000000000: 00000003 00000000 00000000 0005 03 12103
0000000000000000: 00000003 00000000 00000000 0001 03 21125
0000000000000000: 00000003 00000000 00000000 0005 03 10769
0000000000000000: 00000002 00000000 00000000 0002 03 17709
0000000000000000: 00000003 00000000 00000000 0005 03 12036
0000000000000000: 00000003 00000000 00000000 0005 03 17163
0000000000000000: 00000003 00000000 00000000 0005 03 15276
0000000000000000: 00000003 00000000 00000000 0005 03 13712
0000000000000000: 00000002 00000000 00000000 0002 03 19823
0000000000000000: 00000003 00000000 00000000 0005 03 11647
0000000000000000: 00000002 00000000 00000000 0002 03  6245
0000000000000000: 00000003 00000000 00000000 0005 03 14998
0000000000000000: 00000003 00000000 00000000 0001 03 23715
0000000000000000: 00000003 00000000 00000000 0005 03 23494
0000000000000000: 00000002 00000000 00000000 0002 03  9551
0000000000000000: 00000002 00000000 00000000 0002 03 17070
0000000000000000: 00000003 00000000 00000000 0005 03 12005
0000000000000000: 00000002 00000000 00000000 0002 03 17650
0000000000000000: 00000003 00000000 00000000 0005 03 12108
0000000000000000: 00000003 00000000 00000000 0005 03 10762
0000000000000000: 00000003 00000000 00000000 0005 03 13351
0000000000000000: 00000003 00000000 00000000 0005 03 23731
0000000000000000: 00000002 00000000 00000000 0002 03 11707
0000000000000000: 00000002 00000000 00000000 0002 03 21109
0000000000000000: 00000002 00000000 00000000 0002 03  4253
0000000000000000: 00000002 00000000 00000000 0002 03 15594
0000000000000000: 00000002 00000000 00000000 0002 03 13605
0000000000000000: 00000003 00000000 00000000 0005 03 12317
0000000000000000: 00000002 00000000 00000000 0002 03 17284
0000000000000000: 00000003 00000000 00000000 0005 03 11747
0000000000000000: 00000003 00000000 00000000 0001 03 23695
0000000000000000: 00000003 00000000 00000000 0005 03 23422
0000000000000000: 00000002 00000000 00000000 0002 03 18899
0000000000000000: 00000003 00000000 00000000 0005 03 11648
0000000000000000: 00000002 00000000 00000000 0002 03  5438
0000000000000000: 00000003 00000000 00000000 0005 03 23730
0000000000000000: 00000003 00000000 00000000 0005 03 15053
0000000000000000: 00000002 00000000 00000000 0002 03 10982
0000000000000000: 00000002 00000000 00000000 0002 03 16962
0000000000000000: 00000002 00000000 00000000 0002 03 14201
0000000000000000: 00000002 00000000 00000000 0002 03 13354
0000000000000000: 00000003 00000000 00000000 0005 03 12105
0000000000000000: 00000003 00000000 00000000 0005 03 11015
0000000000000000: 00000003 00000000 00000000 0001 03 21126 /dev/socket/traced_producer
0000000000000000: 00000003 00000000 00000000 0005 03 17271
0000000000000000: 00000002 00000000 00000000 0002 03 14420
0000000000000000: 00000003 00000000 00000000 0005 03 23707
0000000000000000: 00000002 00000000 00000000 0002 03 21948
0000000000000000: 00000002 00000000 00000000 0002 03 17420
0000000000000000: 00000003 00000000 00000000 0005 03 12037
0000000000000000: 00000003 00000000 00000000 0005 03 23520
0000000000000000: 00000003 00000000 00000000 0001 03  3280
0000000000000000: 00000002 00000000 00000000 0002 03 11936
0000000000000000: 00000002 00000000 00010000 0001 01  1270 /dev/socket/property_service_for_system
0000000000000000: 00000003 00000000 00000000 0005 03 17388
0000000000000000: 00000003 00000000 00000000 0005 03 15277
0000000000000000: 00000002 00000000 00010000 0001 01  1273 /dev/socket/property_service
0000000000000000: 00000003 00000000 00000000 0005 03 15586
0000000000000000: 00000002 00000000 00000000 0002 03 23498
0000000000000000: 00000002 00000000 00000000 0002 03 18816
0000000000000000: 00000002 00000000 00000000 0002 03 17025
0000000000000000: 00000002 00000000 00000000 0002 03  4255
0000000000000000: 00000003 00000000 00000000 0005 03 14522
0000000000000000: 00000003 00000000 00000000 0001 03 23762
0000000000000000: 00000002 00000000 00000000 0002 03 19018
0000000000000000: 00000002 00000000 00000000 0002 03 13327
0000000000000000: 00000003 00000000 00000000 0005 03 10770
0000000000000000: 00000003 00000000 00000000 0005 03 12074
0000000000000000: 00000003 00000000 00000000 0005 03 13352
0000000000000000: 00000003 00000000 00000000 0005 03 23560
0000000000000000: 00000002 00000000 00000000 0002 03 12042
0000000000000000: 00000003 00000000 00000000 0005 03 14274
0000000000000000: 00000002 00000000 00000000 0002 03 18777
0000000000000000: 00000003 00000000 00000000 0005 03 23495
0000000000000000: 00000002 00000000 00000000 0002 03  9499
0000000000000000: 00000003 00000000 00000000 0005 03 11772
0000000000000000: 00000003 00000000 00000000 0005 03 11727
0000000000000000: 00000003 00000000 00000000 0001 03 23694
0000000000000000: 00000002 00000000 00000000 0002 03 16076
0000000000000000: 00000003 00000000 00000000 0005 03 10765
0000000000000000: 00000003 00000000 00000000 0005 03 23708
0000000000000000: 00000002 00000000 00000000 0002 03  5708
0000000000000000: 00000002 00000000 00000000 0002 03 11891
0000000000000000: 00000002 00000000 00000000 0002 03 11106
0000000000000000: 00000002 00000000 00000000 0002 03 19913
0000000000000000: 00000002 00000000 00000000 0002 03  9555
0000000000000000: 00000002 00000000 00000000 0002 03 18441
0000000000000000: 00000002 00000000 00000000 0002 03 16952
0000000000000000: 00000003 00000000 00000000 0005 03 12075
0000000000000000: 00000003 00000000 00000000 0005 03 11748
0000000000000000: 00000003 00000000 00000000 0005 03 14297
0000000000000000: 00000002 00000000 00000000 0002 03 21982
0000000000000000: 00000002 00000000 00000000 0002 03  5703
0000000000000000: 00000003 00000000 00000000 0005 03 14997
0000000000000000: 00000003 00000000 00000000 0001 03  3279
0000000000000000: 00000002 00000000 00000000 0002 03 19544
0000000000000000: 00000002 00000000 00000000 0002 03 16837
0000000000000000: 00000003 00000000 00000000 0005 03 12104
0000000000000000: 00000003 00000000 00000000 0005 03 12004
0000000000000000: 00000002 00000000 00000000 0002 03 13654
0000000000000000: 00000002 00000000 00000000 0002 03 15239
0000000000000000: 00000002 00000000 00000000 0002 03  9305
0000000000000000: 00000003 00000000 00000000 0001 03 11642 /dev/socket/traced_producer
0000000000000000: 00000002 00000000 00000000 0002 03 15448
0000000000000000: 00000003 00000000 00000000 0001 03 18842 /dev/socket/traced_producer
0000000000000000: 00000002 00000000 00000000 0002 03 16530
0000000000000000: 00000003 00000000 00000000 0005 03 13154
0000000000000000: 00000003 00000000 00000000 0001 03  9838
0000000000000000: 00000002 00000000 00000000 0002 03  8865
0000000000000000: 00000002 00000000 00000000 0002 03  7166
0000000000000000: 00000003 00000000 00000000 0005 03 18629
0000000000000000: 00000003 00000000 00000000 0001 03 17273 /dev/socket/traced_producer
0000000000000000: 00000002 00000000 00000000 0002 03 11500
0000000000000000: 00000003 00000000 00000000 0005 03 14580
0000000000000000: 00000003 00000000 00000000 0005 03 10760
0000000000000000: 00000002 00000000 00000000 0002 01  3281
0000000000000000: 00000003 00000000 00000000 0001 03 21114
0000000000000000: 00000003 00000000 00000000 0005 03 12227
0000000000000000: 00000002 00000000 00000000 0002 03  8123
0000000000000000: 00000003 00000000 00000000 0001 03  6817
0000000000000000: 00000002 00000000 00000000 0002 03 14959
0000000000000000: 00000002 00000000 00000000 0002 03 14106
0000000000000000: 00000003 00000000 00000000 0001 03 11908
0000000000000000: 00000002 00000000 00000000 0002 03  9830
0000000000000000: 00000002 00000000 00000000 0002 03  6697
0000000000000000: 00000003 00000000 00000000 0001 03 12959
0000000000000000: 00000003 00000000 00000000 0001 03 23722
0000000000000000: 00000002 00000000 00000000 0002 03 18834
0000000000000000: 00000003 00000000 00000000 0005 03 11585
0000000000000000: 00000002 00000000 00000000 0002 03 13035
0000000000000000: 00000003 00000000 00000000 0005 03 12318
0000000000000000: 00000003 00000000 00000000 0005 03 11229
0000000000000000: 00000003 00000000 00000000 0001 03 23761
0000000000000000: 00000003 00000000 00000000 0001 03  6412
0000000000000000: 00000003 00000000 00000000 0001 03 19440
0000000000000000: 00000003 00000000 00000000 0001 03 10983
0000000000000000: 00000002 00000000 00000000 0002 03  8785
0000000000000000: 00000003 00000000 00000000 0005 03 23566
0000000000000000: 00000002 00000000 00000000 0002 03 12416
0000000000000000: 00000002 00000000 00000000 0002 03 16350
0000000000000000: 00000003 00000000 00000000 0001 03 11970
0000000000000000: 00000002 00000000 00000000 0002 03 10721
0000000000000000: 00000003 00000000 00000000 0005 03 14102
0000000000000000: 00000003 00000000 00000000 0001 03 11459 /dev/socket/traced_producer
0000000000000000: 00000002 00000000 00000000 0002 03  3496
0000000000000000: 00000003 00000000 00000000 0005 03 12164
0000000000000000: 00000002 00000000 00000000 0002 03  7607
0000000000000000: 00000002 00000000 00000000 0002 03 11449
0000000000000000: 00000003 00000000 00000000 0005 03 14104 @jdwp-control
0000000000000000: 00000003 00000000 00000000 0005 03 10710 /dev/socket/lmkd
0000000000000000: 00000003 00000000 00000000 0001 03  9497 /dev/socket/traced_producer
0000000000000000: 00000002 00000000 00000000 0002 03 20640
0000000000000000: 00000002 00000000 00000000 0002 03 15921
0000000000000000: 00000003 00000000 00000000 0001 03 14974 /dev/socket/traced_producer
0000000000000000: 00000003 00000000 00000000 0005 03 11551
0000000000000000: 00000003 00000000 00000000 0005 03 23519
0000000000000000: 00000002 00000000 00000000 0002 03 16344
0000000000000000: 00000003 00000000 00000000 0001 03 12017
0000000000000000: 00000002 00000000 00000000 0002 03  7218
0000000000000000: 00000003 00000000 00000000 0005 03 12421
0000000000000000: 00000003 00000000 00000000 0001 03  7864
0000000000000000: 00000002 00000000 00000000 0002 03  7528
0000000000000000: 00000003 00000000 00000000 0001 03 12364 /dev/socket/traced_producer
0000000000000000: 00000002 00000000 00000000 0002 03  3438
0000000000000000: 00000002 00000000 00000000 0002 03 13021
0000000000000000: 00000003 00000000 00000000 0005 03 12340
0000000000000000: 00000003 00000000 00000000 0005 03 12367
0000000000000000: 00000002 00000000 00000000 0002 03 23582
0000000000000000: 00000002 00000000 00000000 0002 03 11698
0000000000000000: 00000003 00000000 00000000 0001 03 18047 @com.android.internal.os.AppZygoteInit/755d7664-7507-4698-beed-9fee3560cfc9
0000000000000000: 00000003 00000000 00000000 0005 03 13155 @jdwp-control
0000000000000000: 00000002 00000000 00000000 0002 03  3506
0000000000000000: 00000003 00000000 00000000 0005 03 23667
0000000000000000: 00000003 00000000 00000000 0005 03 12165
0000000000000000: 00000002 00000000 00000000 0002 03  7861
0000000000000000: 00000002 00000000 00000000 0002 03  6894
0000000000000000: 00000002 00000000 00000000 0002 03 16032
0000000000000000: 00000003 00000000 00000000 0001 03 10984
0000000000000000: 00000002 00000000 00000000 0002 03 18370
0000000000000000: 00000002 00000000 00000000 0002 03 11295
0000000000000000: 00000003 00000000 00000000 0005 03 12419
0000000000000000: 00000003 00000000 00000000 0005 03 12226
0000000000000000: 00000002 00000000 00000000 0002 03  8029
0000000000000000: 00000003 00000000 00000000 0001 03 21115 /dev/socket/traced_producer
0000000000000000: 00000003 00000000 00000000 0001 03 10690
0000000000000000: 00000003 00000000 00000000 0001 03 11975
0000000000000000: 00000002 00000000 00000000 0002 03  6832
0000000000000000: 00000003 00000000 00000000 0005 03  1287
0000000000000000: 00000002 00000000 00000000 0002 03 14967
0000000000000000: 00000002 00000000 00000000 0002 03  9836
0000000000000000: 00000002 00000000 00000000 0002 03 11201
0000000000000000: 00000003 00000000 00000000 0001 03 17418 /dev/socket/traced_producer
0000000000000000: 00000002 00000000 00000000 0002 03 16704
0000000000000000: 00000003 00000000 00000000 0001 03  8613
0000000000000000: 00000003 00000000 00000000 0005 03 12457 /dev/socket/adbd
0000000000000000: 00000003 00000000 00000000 0005 03 11230
0000000000000000: 00000002 00000000 00000000 0002 03  3493
0000000000000000: 00000003 00000000 00000000 0005 03 14100
0000000000000000: 00000003 00000000 00000000 0005 03 12358
0000000000000000: 00000003 00000000 00000000 0005 03 17989
0000000000000000: 00000002 00000000 00000000 0002 03 15885
0000000000000000: 00000002 00000000 00000000 0002 03 14730
0000000000000000: 00000003 00000000 00000000 0005 03 12422 @jdwp-control
0000000000000000: 00000003 00000000 00000000 0005 03 11552
0000000000000000: 00000003 00000000 00000000 0001 03  9747
0000000000000000: 00000002 00000000 00000000 0002 03  9635
0000000000000000: 00000003 00000000 00000000 0001 03 23727
0000000000000000: 00000003 00000000 00000000 0001 03 12002
0000000000000000: 00000002 00000000 00000000 0002 03  7088
0000000000000000: 00000003 00000000 00000000 0001 03 18046
0000000000000000: 00000003 00000000 00000000 0005 03 10664
0000000000000000: 00000002 00000000 00000000 0002 03  8203
0000000000000000: 00000002 00000000 00000000 0002 03 23507
0000000000000000: 00000003 00000000 00000000 0005 03 12357
0000000000000000: 00000003 00000000 00000000 0001 03 17417
0000000000000000: 00000002 00000000 00000000 0002 03  8350
0000000000000000: 00000002 00000000 00000000 0002 03 15833
0000000000000000: 00000002 00000000 00000000 0002 03 13767
0000000000000000: 00000003 00000000 00000000 0005 03 12229 @jdwp-control
0000000000000000: 00000003 00000000 00000000 0005 03 13153
0000000000000000: 00000003 00000000 00000000 0001 03 11641
0000000000000000: 00000002 00000000 00000000 0002 03  7207
0000000000000000: 00000002 00000000 00000000 0002 03 16973
0000000000000000: 00000002 00000000 00010000 0001 01 23674 @webview_devtools_remote_4841
0000000000000000: 00000002 00000000 00010000 0001 01 14490 @stetho_com.google.android.apps.messaging_devtools_remote
0000000000000000: 00000002 00000000 00010000 0001 01 13740 @stetho_com.google.android.apps.messaging:rcs_devtools_remote
0000000000000000: 00000002 00000000 00010000 0005 01  8129 @jdwp-control
0000000000000000: 00000002 00000000 00010000 0001 01 11475 @com.android.internal.os.WebViewZygoteInit/dcf148dd-f65d-4143-a6e1-ae20b5368f8d
0000000000000000: 00000002 00000000 00010000 0001 01 18040 @com.android.internal.os.AppZygoteInit/755d7664-7507-4698-beed-9fee3560cfc9
