Num       RefCount Protocol Flags    Type St Inode Path
0000000000000000: 00000002 00000000 00000000 0002 03 15964
0000000000000000: 00000002 00000000 00000000 0002 03 11550
0000000000000000: 00000003 00000000 00000000 0005 03 10982
0000000000000000: 00000002 00000000 00000000 0002 03 16793
0000000000000000: 00000003 00000000 00000000 0001 03 11492
0000000000000000: 00000003 00000000 00000000 0001 03 16743
0000000000000000: 00000002 00000000 00000000 0005 03 13588
0000000000000000: 00000003 00000000 00000000 0001 03 11946
0000000000000000: 00000002 00000000 00000000 0002 03 11874
0000000000000000: 00000002 00000000 00000000 0002 03 15939
0000000000000000: 00000003 00000000 00000000 0005 03 12240
0000000000000000: 00000003 00000000 00000000 0001 03  9494 /dev/socket/traced_producer
0000000000000000: 00000002 00000000 00000000 0002 03 13614
0000000000000000: 00000002 00000000 00000000 0002 03 13526
0000000000000000: 00000002 00000000 00000000 0002 01  9922 /data/system/unsolzygotesocket
0000000000000000: 00000002 00000000 00000000 0002 03  7864
0000000000000000: 00000003 00000000 00000000 0001 03  3270
0000000000000000: 00000003 00000000 00000000 0005 03 10736
0000000000000000: 00000002 00000000 00000000 0002 03  9492
0000000000000000: 00000002 00000000 00010000 0001 01  3202 /dev/socket/prng_seeder
0000000000000000: 00000003 00000000 00000000 0005 03 16648
0000000000000000: 00000003 00000000 00000000 0005 03 12323
0000000000000000: 00000002 00000000 00000000 0002 03 14005
0000000000000000: 00000003 00000000 00000000 0005 03 16440
0000000000000000: 00000003 00000000 00000000 0001 03 12353 /dev/socket/traced_producer
0000000000000000: 00000003 00000000 00000000 0005 03 12202
0000000000000000: 00000002 00000000 00000000 0002 03 11814
0000000000000000: 00000003 00000000 00000000 0001 03 10667
0000000000000000: 00000003 00000000 00000000 0001 03  7868
0000000000000000: 00000003 00000000 00000000 0001 03 11980
0000000000000000: 00000002 00000000 00000000 0002 03 13447
0000000000000000: 00000002 00000000 00000000 0002 03 15708
0000000000000000: 00000003 00000000 00000000 0005 03 14376
0000000000000000: 00000002 00000000 00000000 0002 03 13554
0000000000000000: 00000002 00000000 00000000 0002 03  7513
0000000000000000: 00000003 00000000 00000000 0005 03 11999
0000000000000000: 00000003 00000000 00000000 0005 03 10737
0000000000000000: 00000002 00000000 00000000 0002 03 13994
0000000000000000: 00000003 00000000 00000000 0001 03 12031
0000000000000000: 00000003 00000000 00000000 0001 03  6546
0000000000000000: 00000003 00000000 00000000 0001 03  9847 /dev/socket/traced_producer
0000000000000000: 00000002 00000000 00010000 0001 01  3311 /dev/socket/logd
0000000000000000: 00000003 00000000 00000000 0005 03 16766
0000000000000000: 00000003 00000000 00000000 0005 03 12346
0000000000000000: 00000002 00000000 00010000 0005 01  3313 /dev/socket/logdr
0000000000000000: 00000003 00000000 00000000 0005 03 14120
0000000000000000: 00000002 00000000 00000000 0002 03 11564
0000000000000000: 0000007D 00000000 00000000 0002 03  3315 /dev/socket/logdw
0000000000000000: 00000003 00000000 00000000 0005 03 13132 @jdwp-control
0000000000000000: 00000002 00000000 00010000 0005 01  3329 /dev/socket/lmkd
0000000000000000: 00000003 00000000 00000000 0001 03 11954
0000000000000000: 00000002 00000000 00000000 0002 03 16538
0000000000000000: 00000003 00000000 00000000 0001 03 16834
0000000000000000: 00000003 00000000 00000000 0001 03 16742
0000000000000000: 00000003 00000000 00000000 0005 03 16400
0000000000000000: 00000003 00000000 00000000 0005 03 13260
0000000000000000: 00000003 00000000 00000000 0001 03  9497
0000000000000000: 00000003 00000000 00000000 0005 03 16649
0000000000000000: 00000003 00000000 00000000 0005 03 12328
0000000000000000: 00000003 00000000 00000000 0005 03 12373 @jdwp-control
0000000000000000: 00000002 00000000 00000000 0002 03 14094
0000000000000000: 00000003 00000000 00000000 0005 03 12334
0000000000000000: 00000003 00000000 00000000 0001 03 12407
0000000000000000: 00000003 00000000 00000000 0001 03 10973
0000000000000000: 00000003 00000000 00000000 0001 03  6774
0000000000000000: 00000003 00000000 00000000 0001 03 16836
0000000000000000: 00000002 00000000 00000000 0002 03 15883
0000000000000000: 00000002 00000000 00000000 0002 03 15869
0000000000000000: 00000002 00000000 00000000 0002 03 13552
0000000000000000: 00000003 00000000 00000000 0005 03 10733
0000000000000000: 00000002 00000000 00000000 0002 03  7975
0000000000000000: 00000003 00000000 00000000 0005 03 12205 @jdwp-control
0000000000000000: 00000003 00000000 00000000 0005 03 11793
0000000000000000: 00000002 00000000 00000000 0002 03 16639
0000000000000000: 00000002 00000000 00000000 0002 03  9485
0000000000000000: 00000003 00000000 00000000 0001 03 11242
0000000000000000: 00000002 00000000 00000000 0002 03 14084
0000000000000000: 00000003 00000000 00000000 0005 03 12347
0000000000000000: 00000003 00000000 00000000 0005 03 11523
0000000000000000: 00000003 00000000 00000000 0001 03 16835
0000000000000000: 00000003 00000000 00000000 0005 03 13538
0000000000000000: 00000003 00000000 00000000 0005 03 13814
0000000000000000: 00000003 00000000 00000000 0005 03 12239
0000000000000000: 00000002 00000000 00000000 0002 03 15723
0000000000000000: 00000003 00000000 00000000 0005 03 14182
0000000000000000: 00000003 00000000 00000000 0005 03 10983
0000000000000000: 00000002 00000000 00000000 0002 03  7617
0000000000000000: 00000002 00000000 00000000 0002 03 16779
0000000000000000: 00000003 00000000 00000000 0001 03 16759
0000000000000000: 00000003 00000000 00000000 0005 03 16415
0000000000000000: 00000002 00000000 00000000 0002 03 15031
0000000000000000: 00000003 00000000 00000000 0005 03 13261
0000000000000000: 00000003 00000000 00000000 0001 03 10668 /dev/socket/traced_producer
0000000000000000: 00000003 00000000 00000000 0005 03 12329
0000000000000000: 00000002 00000000 00000000 0002 03 16770
0000000000000000: 00000003 00000000 00000000 0005 03 14121
0000000000000000: 00000002 00000000 00000000 0002 03 11616
0000000000000000: 00000003 00000000 00000000 0001 03 11582
0000000000000000: 00000003 00000000 00000000 0005 03 10742
0000000000000000: 00000002 00000000 00000000 0002 03  8198
0000000000000000: 00000002 00000000 00000000 0002 03 13599
0000000000000000: 00000003 00000000 00000000 0001 03 11955
0000000000000000: 00000003 00000000 00000000 0005 03 11794
0000000000000000: 00000003 00000000 00000000 0005 03 16503
0000000000000000: 00000002 00000000 00000000 0002 03 14178
0000000000000000: 00000003 00000000 00000000 0005 03 13333
0000000000000000: 00000002 00000000 00000000 0002 03 10972
0000000000000000: 00000003 00000000 00000000 0001 03  9747 /dev/socket/traced_producer
0000000000000000: 00000003 00000000 00000000 0001 03 12352
0000000000000000: 00000003 00000000 00000000 0005 03 12229
0000000000000000: 00000002 00000000 00000000 0002 03 11839
0000000000000000: 00000003 00000000 00000000 0001 03  7867
0000000000000000: 00000003 00000000 00000000 0005 03 12370
0000000000000000: 00000003 00000000 00000000 0005 03 13973
0000000000000000: 00000002 00000000 00000000 0002 03 11518
0000000000000000: 00000002 00000000 00000000 0002 03 13555
0000000000000000: 00000003 00000000 00000000 0001 03  3271
0000000000000000: 00000002 00000000 00000000 0002 03  7650
0000000000000000: 00000003 00000000 00000000 0005 03 11766
0000000000000000: 00000003 00000000 00000000 0005 03 10698
0000000000000000: 00000002 00000000 00000000 0002 03  3407
0000000000000000: 00000003 00000000 00000000 0001 03 14140 /dev/socket/traced_producer
0000000000000000: 00000002 00000000 00000000 0002 03  6877
0000000000000000: 00000003 00000000 00000000 0005 03 12120
0000000000000000: 00000003 00000000 00000000 0005 03 11658
0000000000000000: 00000002 00000000 00000000 0002 03 15175
0000000000000000: 00000002 00000000 00000000 0002 03  6354
0000000000000000: 00000003 00000000 00000000 0005 03 14142
0000000000000000: 00000003 00000000 00000000 0005 03 13130
0000000000000000: 00000002 00000000 00010000 0005 01  4354 /dev/socket/tombstoned_crash
0000000000000000: 00000002 00000000 00000000 0002 03 15042
0000000000000000: 00000002 00000000 00010000 0005 01  4355 /dev/socket/tombstoned_intercept
0000000000000000: 00000002 00000000 00010000 0001 01 11301 /data/system/ndebugsocket
0000000000000000: 00000002 00000000 00010000 0005 01  4356 /dev/socket/tombstoned_java_trace
0000000000000000: 00000003 00000000 00000000 0005 03 12116
0000000000000000: 00000002 00000000 00000000 0002 03 11256
0000000000000000: 00000002 00000000 00000000 0002 03  7170
0000000000000000: 00000002 00000000 00010000 0001 01  5304 /dev/socket/dnsproxyd
0000000000000000: 00000002 00000000 00000000 0002 03 15405
0000000000000000: 00000002 00000000 00000000 0002 03  9828
0000000000000000: 00000002 00000000 00000000 0002 03  8762
0000000000000000: 00000002 00000000 00000000 0001 01  5305 /dev/socket/mdns
0000000000000000: 00000002 00000000 00000000 0002 03  4251
0000000000000000: 00000003 00000000 00000000 0005 03  1269
0000000000000000: 00000002 00000000 00010000 0001 01  5306 /dev/socket/fwmarkd
0000000000000000: 00000002 00000000 00000000 0002 03 11701
0000000000000000: 00000021 00000000 00000000 0002 03  5318 /dev/socket/statsdw
0000000000000000: 00000002 00000000 00000000 0002 03  6848
0000000000000000: 00000002 00000000 00010000 0001 01  5333 /dev/socket/zygote
0000000000000000: 00000003 00000000 00000000 0005 03 12142
0000000000000000: 00000003 00000000 00000000 0005 03 11628
0000000000000000: 00000002 00000000 00010000 0001 01  5334 /dev/socket/usap_pool_primary
0000000000000000: 00000002 00000000 00000000 0002 03 16394
0000000000000000: 00000003 00000000 00000000 0005 03 12374
0000000000000000: 00000002 00000000 00000000 0002 03  9834
0000000000000000: 00000002 00000000 00010000 0005 01  7526 /dev/socket/adbd
0000000000000000: 00000002 00000000 00000000 0002 03 15363
0000000000000000: 00000002 00000000 00010000 0001 01  7972 /dev/socket/mdnsd
0000000000000000: 00000002 00000000 00000000 0002 03  6258
0000000000000000: 00000002 00000000 00010000 0001 01  8018 /dev/socket/traced_consumer
0000000000000000: 00000003 00000000 00000000 0005 03 12114
0000000000000000: 00000003 00000000 00000000 0005 03 11661
0000000000000000: 00000002 00000000 00000000 0002 03 11178
0000000000000000: 00000002 00000000 00010000 0001 01  8019 /dev/socket/traced_producer
0000000000000000: 00000002 00000000 00000000 0002 03  3490
0000000000000000: 00000003 00000000 00000000 0001 03 16760 /dev/socket/traced_producer
0000000000000000: 00000002 00000000 00010000 0001 01 11040 /dev/socket/ot-daemon/thread-wpan.sock
0000000000000000: 00000003 00000000 00000000 0005 03 13815
0000000000000000: 00000002 00000000 00000000 0002 03 13149
0000000000000000: 00000002 00000000 00000000 0002 01 11139 /dev/socket/wpa_wlan0
0000000000000000: 00000003 00000000 00000000 0005 03 16497
0000000000000000: 00000002 00000000 00000000 0002 03 15443
0000000000000000: 00000003 00000000 00000000 0005 03 13817 @jdwp-control
0000000000000000: 00000002 00000000 00000000 0002 03 13257
0000000000000000: 00000003 00000000 00000000 0005 03 11259
0000000000000000: 00000003 00000000 00000000 0005 03  1286
0000000000000000: 00000002 00000000 00000000 0002 03  9645
0000000000000000: 00000002 00000000 00000000 0002 03 15118
0000000000000000: 00000002 00000000 00000000 0002 03 12935
0000000000000000: 00000002 00000000 00000000 0002 03  7235
0000000000000000: 00000003 00000000 00000000 0005 03 12034
0000000000000000: 00000003 00000000 00000000 0005 03 11592
0000000000000000: 00000003 00000000 00000000 0005 03 10699 /dev/socket/lmkd
0000000000000000: 00000002 00000000 00000000 0002 03 14998
0000000000000000: 00000002 00000000 00000000 0002 03  5580
0000000000000000: 00000003 00000000 00000000 0005 03 12404
0000000000000000: 00000003 00000000 00000000 0001 03 13024
0000000000000000: 00000002 00000000 00000000 0002 03  7047
0000000000000000: 00000003 00000000 00000000 0005 03 12940
0000000000000000: 00000002 00000000 00000000 0002 03 15390
0000000000000000: 00000002 00000000 00000000 0002 03  8728
0000000000000000: 00000002 00000000 00000000 0002 03  3921
0000000000000000: 00000003 00000000 00000000 0005 03 11662
0000000000000000: 00000003 00000000 00000000 0005 03  1268
0000000000000000: 00000002 00000000 00000000 0002 03  7200
0000000000000000: 00000003 00000000 00000000 0001 03 14139
0000000000000000: 00000003 00000000 00000000 0005 03 12113
0000000000000000: 00000003 00000000 00000000 0005 03 10658
0000000000000000: 00000002 00000000 00000000 0002 03 15068
0000000000000000: 00000003 00000000 00000000 0005 03 13816
0000000000000000: 00000003 00000000 00000000 0005 03 14138
0000000000000000: 00000003 00000000 00000000 0005 03 11225
0000000000000000: 00000002 00000000 00000000 0002 03  6121
0000000000000000: 00000002 00000000 00000000 0005 03 16162
0000000000000000: 00000003 00000000 00000000 0005 03 12375 /dev/socket/adbd
0000000000000000: 00000003 00000000 00000000 0005 03 12119
0000000000000000: 00000003 00000000 00000000 0005 03 11659
0000000000000000: 00000002 00000000 00000000 0002 03  7154
0000000000000000: 00000002 00000000 00000000 0002 03  3504
0000000000000000: 00000003 00000000 00000000 0005 03 11761
0000000000000000: 00000003 00000000 00000000 0005 03 10659
0000000000000000: 00000003 00000000 00000000 0005 03 12313
0000000000000000: 00000003 00000000 00000000 0005 03 16827
0000000000000000: 00000003 00000000 00000000 0005 03 14125
0000000000000000: 00000003 00000000 00000000 0001 03 16840
0000000000000000: 00000003 00000000 00000000 0005 03 12204
0000000000000000: 00000003 00000000 00000000 0001 03  9498 /dev/socket/traced_producer
0000000000000000: 00000002 00000000 00000000 0002 03 13271
0000000000000000: 00000003 00000000 00000000 0005 03 12024
0000000000000000: 00000003 00000000 00000000 0005 03 14123
0000000000000000: 00000002 00000000 00000000 0002 03 11484
0000000000000000: 00000003 00000000 00000000 0005 03 16504
0000000000000000: 00000003 00000000 00000000 0001 03 11409 /dev/socket/traced_producer
0000000000000000: 00000003 00000000 00000000 0005 03 16826
0000000000000000: 00000003 00000000 00000000 0001 03 16756 /dev/socket/traced_producer
0000000000000000: 00000003 00000000 00000000 0005 03 13334
0000000000000000: 00000003 00000000 00000000 0005 03 13131
0000000000000000: 00000003 00000000 00000000 0001 03 11908 /dev/socket/traced_producer
0000000000000000: 00000002 00000000 00000000 0002 03 11835
0000000000000000: 00000003 00000000 00000000 0001 03 10974
0000000000000000: 00000002 00000000 00000000 0002 03 15838
0000000000000000: 00000003 00000000 00000000 0005 03 14236
0000000000000000: 00000002 00000000 00000000 0002 03 13810
0000000000000000: 00000002 00000000 00000000 0002 03 12199
0000000000000000: 00000003 00000000 00000000 0005 03 10986
0000000000000000: 00000003 00000000 00000000 0005 03 13974
0000000000000000: 00000003 00000000 00000000 0001 03 11979
0000000000000000: 00000003 00000000 00000000 0001 03 12023
0000000000000000: 00000002 00000000 00000000 0002 03 12009
0000000000000000: 00000003 00000000 00000000 0001 03  9746
0000000000000000: 00000003 00000000 00000000 0001 03 16837
0000000000000000: 00000003 00000000 00000000 0005 03 13930
0000000000000000: 00000003 00000000 00000000 0005 03 12230
0000000000000000: 00000003 00000000 00000000 0005 03 16414
0000000000000000: 00000003 00000000 00000000 0001 03  6773
0000000000000000: 00000002 00000000 00000000 0002 03 16573
0000000000000000: 00000003 00000000 00000000 0005 03 14122
0000000000000000: 00000002 00000000 00000000 0002 03  9483
0000000000000000: 00000002 00000000 00000000 0002 03 12367
0000000000000000: 00000003 00000000 00000000 0001 03 11493 @com.android.internal.os.WebViewZygoteInit/e73eaad1-fff1-4af3-877c-229fdb12cfb8
0000000000000000: 00000002 00000000 00000000 0002 03  7961
0000000000000000: 00000003 00000000 00000000 0005 03 10734
0000000000000000: 00000002 00000000 00000000 0002 03 13668
0000000000000000: 00000003 00000000 00000000 0005 03 12312
0000000000000000: 00000003 00000000 00000000 0001 03  8007
0000000000000000: 00000003 00000000 00000000 0001 03 16755
0000000000000000: 00000002 00000000 00000000 0002 03 15906
0000000000000000: 00000003 00000000 00000000 0001 03  9491
0000000000000000: 00000003 00000000 00000000 0005 03 16767
0000000000000000: 00000003 00000000 00000000 0005 03 11524
0000000000000000: 00000003 00000000 00000000 0001 03 11408
0000000000000000: 00000002 00000000 00000000 0002 03 16432
0000000000000000: 00000002 00000000 00000000 0002 03 13687
0000000000000000: 00000003 00000000 00000000 0005 03 12000
0000000000000000: 00000002 00000000 00000000 0002 03  7565
0000000000000000: 00000003 00000000 00000000 0005 03 10987
0000000000000000: 00000002 00000000 00010000 0001 01  1270 /dev/socket/property_service_for_system
0000000000000000: 00000002 00000000 00000000 0002 03 13769
0000000000000000: 00000002 00000000 00000000 0002 03  7338
0000000000000000: 00000002 00000000 00010000 0001 01  1273 /dev/socket/property_service
0000000000000000: 00000002 00000000 00000000 0002 03 11540
0000000000000000: 00000002 00000000 00000000 0002 03 14079
0000000000000000: 00000003 00000000 00000000 0005 03 12335
0000000000000000: 00000003 00000000 00000000 0001 03 12032
0000000000000000: 00000002 00000000 00000000 0002 03 11911
0000000000000000: 00000003 00000000 00000000 0001 03  9845
0000000000000000: 00000003 00000000 00000000 0005 03 16439
0000000000000000: 00000002 00000000 00000000 0002 03 15546
0000000000000000: 00000003 00000000 00000000 0005 03 13537
0000000000000000: 00000003 00000000 00000000 0005 03 12310
0000000000000000: 00000002 00000000 00000000 0002 03 11087
0000000000000000: 00000002 00000000 00000000 0002 03 16411
0000000000000000: 00000003 00000000 00000000 0005 03 14183
0000000000000000: 00000002 00000000 00000000 0002 03 13295
0000000000000000: 00000003 00000000 00000000 0005 03 10735
0000000000000000: 00000002 00000000 00000000 0002 03  8154
0000000000000000: 00000003 00000000 00000000 0001 03 11243 /dev/socket/zygote
0000000000000000: 00000003 00000000 00000000 0005 03 13931
0000000000000000: 00000002 00000000 00000000 0002 03  9550
0000000000000000: 00000003 00000000 00000000 0005 03 13622
0000000000000000: 00000003 00000000 00000000 0005 03 12322
0000000000000000: 00000003 00000000 00000000 0005 03 16792
0000000000000000: 00000003 00000000 00000000 0001 03 16841
0000000000000000: 00000003 00000000 00000000 0001 03 12408
0000000000000000: 00000002 00000000 00000000 0002 03 12021
0000000000000000: 00000003 00000000 00000000 0001 03  9755 /dev/socket/mdnsd
0000000000000000: 00000003 00000000 00000000 0001 03  6545
0000000000000000: 00000003 00000000 00000000 0001 03 11583 /dev/socket/traced_producer
0000000000000000: 00000002 00000000 00000000 0002 03 15707
0000000000000000: 00000003 00000000 00000000 0005 03 14235
0000000000000000: 00000002 00000000 00000000 0002 03 13350
0000000000000000: 00000002 00000000 00000000 0002 03  7463
0000000000000000: 00000003 00000000 00000000 0005 03 16791
0000000000000000: 00000003 00000000 00000000 0001 03 11907
0000000000000000: 00000003 00000000 00000000 0005 03 13623
0000000000000000: 00000003 00000000 00000000 0005 03 12311
0000000000000000: 00000002 00000000 00000000 0002 03 11075
0000000000000000: 00000002 00000000 00000000 0002 03 16384
0000000000000000: 00000003 00000000 00000000 0005 03 12371
0000000000000000: 00000003 00000000 00000000 0005 03 11591
0000000000000000: 00000002 00000000 00000000 0002 03  9295
0000000000000000: 00000002 00000000 00000000 0002 03 13317
0000000000000000: 00000003 00000000 00000000 0005 03 10741
0000000000000000: 00000002 00000000 00000000 0002 03  7809
0000000000000000: 00000003 00000000 00000000 0005 03 16401
0000000000000000: 00000002 00000000 00000000 0002 03 14216
0000000000000000: 00000003 00000000 00000000 0005 03 12203
0000000000000000: 00000003 00000000 00000000 0001 03 12022
0000000000000000: 00000002 00000000 00000000 0002 03 11951
0000000000000000: 00000003 00000000 00000000 0001 03 11947
0000000000000000: 00000002 00000000 00000000 0002 03 13963
0000000000000000: 00000003 00000000 00000000 0005 03 12372
0000000000000000: 00000002 00000000 00000000 0002 03  8404
0000000000000000: 00000002 00000000 00000000 0002 03  6542
0000000000000000: 00000003 00000000 00000000 0005 03 12939
0000000000000000: 00000003 00000000 00000000 0005 03 11260
0000000000000000: 00000003 00000000 00000000 0005 03  1287
0000000000000000: 00000003 00000000 00000000 0005 03 14126
0000000000000000: 00000002 00000000 00000000 0002 03 13928
0000000000000000: 00000003 00000000 00000000 0005 03 12033
0000000000000000: 00000002 00000000 00000000 0002 03  9179
0000000000000000: 00000002 00000000 00000000 0002 03  5423
0000000000000000: 00000003 00000000 00000000 0005 03 14137
0000000000000000: 00000003 00000000 00000000 0005 03 11760
0000000000000000: 00000002 00000000 00000000 0002 03 13126
0000000000000000: 00000003 00000000 00000000 0005 03 10732
0000000000000000: 00000003 00000000 00000000 0005 03 12117
0000000000000000: 00000002 00000000 00000000 0002 03  7185
0000000000000000: 00000003 00000000 00000000 0005 03 16496
0000000000000000: 00000002 00000000 00000000 0002 03 15980
0000000000000000: 00000002 00000000 00000000 0002 01 11469
0000000000000000: 00000002 00000000 00000000 0002 03  8249
0000000000000000: 00000003 00000000 00000000 0005 03 11261
0000000000000000: 00000002 00000000 00000000 0002 01  3272
0000000000000000: 00000003 00000000 00000000 0005 03 12145
0000000000000000: 00000003 00000000 00000000 0005 03 16441
0000000000000000: 00000002 00000000 00000000 0002 03  7173
0000000000000000: 00000002 00000000 00000000 0002 03 10713
0000000000000000: 00000002 00000000 00000000 0002 03 16546
0000000000000000: 00000002 00000000 00000000 0002 03  4403
0000000000000000: 00000003 00000000 00000000 0005 03 16442 @jdwp-control
0000000000000000: 00000003 00000000 00000000 0005 03 12143
0000000000000000: 00000003 00000000 00000000 0005 03 11627
0000000000000000: 00000002 00000000 00000000 0002 03  6755
0000000000000000: 00000003 00000000 00000000 0005 03 14777
0000000000000000: 00000003 00000000 00000000 0001 03 14386 /dev/socket/traced_producer
0000000000000000: 00000002 00000000 00000000 0002 03 11448
0000000000000000: 00000002 00000000 00000000 0002 03  6746
0000000000000000: 00000002 00000000 00000000 0002 03 12922
0000000000000000: 00000003 00000000 00000000 0005 03 12140
0000000000000000: 00000003 00000000 00000000 0001 03 13023
0000000000000000: 00000003 00000000 00000000 0005 03 11767
0000000000000000: 00000002 00000000 00000000 0002 03  7324
0000000000000000: 00000002 00000000 00000000 0002 03  6575
0000000000000000: 00000003 00000000 00000000 0005 03 14776
0000000000000000: 00000003 00000000 00000000 0005 03 14377
0000000000000000: 00000003 00000000 00000000 0005 03 14143
0000000000000000: 00000003 00000000 00000000 0005 03 13129
0000000000000000: 00000002 00000000 00000000 0002 03 11643
0000000000000000: 00000002 00000000 00000000 0002 03  9640
0000000000000000: 00000002 00000000 00000000 0002 03 16476
0000000000000000: 00000003 00000000 00000000 0005 03 12146
0000000000000000: 00000002 00000000 00000000 0002 03 11288
0000000000000000: 00000002 00000000 00000000 0002 03  7282
0000000000000000: 00000002 00000000 00000000 0002 03  8314
0000000000000000: 00000002 00000000 00000000 0002 03 14775
0000000000000000: 00000002 00000000 00000000 0002 03 11673
0000000000000000: 00000002 00000000 00000000 0002 01  9750
0000000000000000: 00000002 00000000 00000000 0002 03  4253
0000000000000000: 00000003 00000000 00000000 0005 03 12405
0000000000000000: 00000003 00000000 00000000 0001 03 14385
0000000000000000: 00000002 00000000 00000000 0002 03  6777
0000000000000000: 00000002 00000000 00000000 0002 03  3501
0000000000000000: 00000002 00000000 00000000 0002 03 13062
0000000000000000: 00000002 00000000 00000000 0002 03  9629
0000000000000000: 00000002 00000000 00000000 0002 03 15317
0000000000000000: 00000003 00000000 00000000 0005 03 11224
0000000000000000: 00000003 00000000 00000000 0005 03 12141
0000000000000000: 00000003 00000000 00000000 0005 03 12025
0000000000000000: 00000002 00000000 00000000 0002 03  7161
0000000000000000: 00000002 00000000 00000000 0002 03 13045
0000000000000000: 00000002 00000000 00000000 0002 03 16498
0000000000000000: 00000003 00000000 00000000 0005 03 11262 @jdwp-control
0000000000000000: 00000002 00000000 00000000 0002 03 15522
0000000000000000: 00000002 00000000 00000000 0002 03 14464
0000000000000000: 00000002 00000000 00010000 0001 01 16714 @webview_devtools_remote_3062
0000000000000000: 00000002 00000000 00010000 0001 01 11471 @com.android.internal.os.WebViewZygoteInit/e73eaad1-fff1-4af3-877c-229fdb12cfb8
0000000000000000: 00000002 00000000 00010000 0001 01 13988 @stetho_com.google.android.apps.messaging_devtools_remote
0000000000000000: 00000002 00000000 00010000 0001 01 13602 @stetho_com.google.android.apps.messaging:rcs_devtools_remote
0000000000000000: 00000002 00000000 00010000 0005 01  7968 @jdwp-control
