  PID NAME                       
    1 init
    2 [kthreadd]
    3 [pool_workqueue_release]
    4 [kworker/R-kvfree_rcu_reclaim]
    5 [kworker/R-rcu_gp]
    6 [kworker/R-sync_wq]
    7 [kworker/R-slub_flushwq]
    8 [kworker/R-netns]
    9 [kworker/0:0-virtio_vsock]
   10 [kworker/0:0H-kverityd]
   11 [kworker/0:1-cgroup_bpf_destroy]
   12 [kworker/u4:0-loop37]
   13 [kworker/R-mm_percpu_wq]
   14 [kworker/u4:1-loop37]
   15 [rcu_tasks_kthread]
   16 [rcu_tasks_trace_kthread]
   17 [ksoftirqd/0]
   18 [rcu_preempt]
   19 [rcuog/0]
   20 [rcuop/0]
   21 [rcub/0]
   22 [rcu_exp_par_gp_kthread_worker/0]
   23 [rcu_exp_gp_kthread_worker]
   24 [migration/0]
   25 [idle_inject/0]
   26 [cpuhp/0]
   27 [kworker/R-inet_frag_wq]
   28 [kauditd]
   29 [khungtaskd]
   30 [oom_reaper]
   31 [kworker/R-writeback]
   32 [kcompactd0]
   33 [khugepaged]
   34 [kworker/R-kblockd]
   35 [kworker/R-edac-poller]
   36 [kworker/R-devfreq_wq]
   37 [watchdogd]
   38 [kworker/u4:2-loop40]
   39 [kworker/0:1H-kverityd]
   40 [kswapd0]
   41 [kworker/u5:0-hci0]
   42 [kworker/R-nvme-wq]
   43 [kworker/R-nvme-reset-wq]
   44 [kworker/R-nvme-delete-wq]
   45 [kworker/R-vfio-irqfd-cleanup]
   46 [kworker/R-uas]
   47 [kworker/R-dm_bufio_cache]
   48 [kworker/R-mld]
   49 [kworker/R-ipv6_addrconf]
   50 [kworker/R-kstrp]
   52 [kworker/0:2-events]
   53 [hwrng]
   55 [khvcd]
   59 [jbd2/vdd1-8]
   60 [kworker/R-ext4-rsv-conversion]
   61 [kworker/R-kdmflush/254:0]
   62 [kworker/R-kdmflush/254:1]
   63 [kworker/R-kdmflush/254:2]
   64 [kworker/R-kdmflush/254:3]
   65 [kworker/R-kdmflush/254:4]
   66 [erofs_worker/0]
   69 init
   70 ueventd
  123 [kworker/R-kdmflush/254:5]
  124 [kworker/R-kdmflush/254:6]
  125 [kworker/R-kdmflush/254:7]
  126 [kworker/R-kdmflush/254:8]
  127 [kworker/R-kdmflush/254:9]
  128 [kworker/R-kdmflush/254:10]
  129 [kworker/R-kdmflush/254:11]
  130 [kworker/R-kdmflush/254:12]
  131 [kworker/R-kdmflush/254:13]
  132 [kworker/R-kdmflush/254:14]
  133 [kworker/R-kdmflush/254:15]
  134 [kworker/R-kdmflush/254:16]
  135 [kworker/R-kdmflush/254:17]
  136 [kworker/R-kdmflush/254:18]
  137 [kworker/R-kdmflush/254:19]
  138 [kworker/R-kdmflush/254:20]
  139 [kworker/R-kdmflush/254:21]
  140 [kworker/R-kdmflush/254:22]
  141 [kworker/R-kdmflush/254:23]
  142 [kworker/R-kdmflush/254:24]
  143 [kworker/R-kdmflush/254:25]
  144 [kworker/R-kdmflush/254:26]
  145 [kworker/R-kdmflush/254:27]
  146 [kworker/R-kdmflush/254:28]
  147 [kworker/R-kdmflush/254:29]
  148 [kworker/R-kdmflush/254:30]
  149 [kworker/R-kdmflush/254:31]
  150 [kworker/R-kdmflush/254:32]
  151 [kworker/R-kdmflush/254:33]
  152 [kworker/R-kdmflush/254:34]
  153 [kworker/R-kdmflush/254:35]
  154 [kworker/R-kdmflush/254:36]
  155 [kworker/R-kdmflush/254:37]
  156 [kworker/R-kdmflush/254:38]
  157 [kworker/R-kdmflush/254:39]
  158 [kworker/R-kdmflush/254:40]
  159 [kworker/R-kdmflush/254:41]
  160 [kworker/R-kdmflush/254:42]
  161 [kworker/R-kdmflush/254:43]
  162 [kworker/R-kdmflush/254:44]
  163 [kworker/R-kdmflush/254:45]
  164 [kworker/R-kdmflush/254:46]
  165 [kworker/R-kdmflush/254:47]
  166 [kworker/R-kdmflush/254:48]
  167 [kworker/R-kdmflush/254:49]
  168 [kworker/R-kdmflush/254:50]
  169 [kworker/R-kdmflush/254:51]
  170 [kworker/R-kdmflush/254:52]
  171 [kworker/R-kdmflush/254:53]
  177 [kworker/R-ext4-rsv-conversion]
  178 [kworker/R-ext4-rsv-conversion]
  179 [kworker/R-ext4-rsv-conversion]
  180 [kworker/R-ext4-rsv-conversion]
  181 [kworker/R-ext4-rsv-conversion]
  186 [kworker/R-cfg80211]
  187 [sugov:0]
  188 prng_seeder
  190 [irq/35-goldfish_pipe_dprctd]
  191 logd
  192 lmkd
  193 servicemanager
  194 hwservicemanager
  195 [psimon]
  199 qemu-props
  202 [kworker/0:3-virtio_vsock]
  203 vold
  204 [kworker/R-usbip_event]
  206 [kworker/R-kdmflush/254:54]
  215 [kworker/R-update_hdmi_ctrls_wq]
  216 [kworker/R-update_svid_ctrls_wq]
  218 android.system.suspend-service
  219 keystore2
  221 android.hardware.security.keymint-service
  222 android.hardware.gatekeeper-service.nonsecure
  235 [kworker/R-blk_crypto_wq]
  236 [kworker/u5:1-hci0]
  240 [jbd2/dm-54-8]
  241 [kworker/R-ext4-rsv-conversion]
  245 tombstoned
  250 apexd
  301 [kworker/u5:2-fscrypt_read_queue]
  352 [kworker/R-kverityd]
  353 [kworker/R-kverityd]
  354 [kworker/R-kverityd]
  355 [kworker/R-kverityd]
  356 [kworker/R-kverityd]
  357 [kworker/R-ext4-rsv-conversion]
  358 [kworker/R-ext4-rsv-conversion]
  359 [kworker/R-kverityd]
  360 [kworker/R-kverityd]
  361 [kworker/R-ext4-rsv-conversion]
  362 [kworker/u4:3-loop39]
  363 [kworker/R-kverityd]
  364 [kworker/R-ext4-rsv-conversion]
  365 [kworker/R-ext4-rsv-conversion]
  366 [kworker/R-ext4-rsv-conversion]
  367 [kworker/u4:4-loop43]
  368 [kworker/R-kverityd]
  369 [kworker/R-ext4-rsv-conversion]
  370 [kworker/R-kverityd]
  371 [kworker/R-ext4-rsv-conversion]
  372 [kworker/R-kverityd]
  373 [kworker/R-kverityd]
  374 [kworker/R-kverityd]
  375 [kworker/R-kverityd]
  376 [kworker/R-kverityd]
  377 [kworker/R-kverityd]
  378 [kworker/R-kverityd]
  379 [kworker/R-ext4-rsv-conversion]
  380 [kworker/R-kverityd]
  381 [kworker/R-kverityd]
  382 [kworker/0:2H-kverityd]
  383 [kworker/R-kverityd]
  384 [kworker/0:3H-kverityd]
  385 [kworker/R-ext4-rsv-conversion]
  386 [kworker/R-kverityd]
  387 [kworker/R-ext4-rsv-conversion]
  388 [kworker/R-kverityd]
  389 [kworker/0:4H-kverityd]
  390 [kworker/u4:5-loop47]
  391 [kworker/0:5H-kverityd]
  392 [kworker/0:6H-kverityd]
  393 [kworker/0:7H-kverityd]
  394 [kworker/0:8H-kverityd]
  395 [kworker/R-ext4-rsv-conversion]
  396 [kworker/R-ext4-rsv-conversion]
  397 [kworker/R-ext4-rsv-conversion]
  398 [kworker/R-ext4-rsv-conversion]
  399 [kworker/R-kverityd]
  400 [kworker/R-ext4-rsv-conversion]
  401 [kworker/R-kverityd]
  402 [kworker/R-kverityd]
  403 [kworker/R-ext4-rsv-conversion]
  404 [kworker/R-kverityd]
  405 [kworker/R-kverityd]
  406 [kworker/R-ext4-rsv-conversion]
  407 [kworker/R-ext4-rsv-conversion]
  408 [kworker/R-ext4-rsv-conversion]
  409 [kworker/R-ext4-rsv-conversion]
  410 [kworker/R-kverityd]
  411 [kworker/R-ext4-rsv-conversion]
  412 [kworker/R-kverityd]
  413 [kworker/R-kverityd]
  414 [kworker/R-ext4-rsv-conversion]
  415 [kworker/R-ext4-rsv-conversion]
  416 [kworker/R-ext4-rsv-conversion]
  417 [kworker/R-ext4-rsv-conversion]
  418 [kworker/R-ext4-rsv-conversion]
  419 [kworker/R-ext4-rsv-conversion]
  420 [kworker/R-ext4-rsv-conversion]
  421 [kworker/R-ext4-rsv-conversion]
  422 [kworker/R-ext4-rsv-conversion]
  423 [kworker/R-ext4-rsv-conversion]
  424 [kworker/R-ext4-rsv-conversion]
  425 [kworker/R-ext4-rsv-conversion]
  426 [kworker/R-ext4-rsv-conversion]
  427 [kworker/R-ext4-rsv-conversion]
  428 [kworker/u4:6-loop47]
  429 [kworker/u4:7-loop37]
  430 [kworker/R-ext4-rsv-conversion]
  431 [kworker/R-ext4-rsv-conversion]
  432 [kworker/R-ext4-rsv-conversion]
  433 [kworker/R-ext4-rsv-conversion]
  434 [kworker/R-ext4-rsv-conversion]
  435 [kworker/R-ext4-rsv-conversion]
  436 [kworker/R-ext4-rsv-conversion]
  437 [kworker/R-ext4-rsv-conversion]
  438 [kworker/R-ext4-rsv-conversion]
  439 [kworker/R-ext4-rsv-conversion]
  440 [kworker/R-ext4-rsv-conversion]
  441 [kworker/R-ext4-rsv-conversion]
  442 [kworker/R-ext4-rsv-conversion]
  468 netd
  469 statsd
  470 zygote64
  472 android.hidl.allocator@1.0-service
  478 android.hardware.audio.service
  479 android.hardware.camera.provider@2.7-service-google
  480 android.hardware.health-service.example
  481 android.hardware.media.c2@1.0-service-goldfish
  482 android.hardware.radio-service.ranchu
  483 android.hardware.sensors-service.multihal
  484 android.hardware.usb-service.example
  485 android.hardware.wifi-service
  486 android.hardware.bluetooth-service.default
  487 android.hardware.graphics.composer3-service.ranchu
  488 android.hardware.identity-service.example
  489 android.hardware.lights-service.example
  490 android.hardware.authsecret-service.example
  491 android.hardware.cas-service.example
  492 iptables-restore
  494 android.hardware.contexthub-service.example
  495 ip6tables-restore
  503 android.hardware.neuralnetworks-service-sample-all
  506 android.hardware.neuralnetworks-service-sample-limited
  507 android.hardware.neuralnetworks-shim-service-sample
  508 android.hardware.power-service.example
  509 android.hardware.power.stats-service.example
  510 android.hardware.rebootescrow-service.default
  511 android.hardware.thermal-service.example
  513 android.hardware.threadnetwork-service
  515 android.hardware.vibrator-service.example
  516 android.hardware.drm-service.widevine
  517 audioserver
  523 credstore
  525 gpuservice
  531 surfaceflinger
  538 adbd
  540 android.hardware.graphics.allocator-service.ranchu
  541 android.hardware.camera.provider.ranchu
  542 android.hardware.uwb-service
  561 mdnsd
  565 drmserver
  566 traced_probes
  567 traced
  568 bt_vhci_forwarder
  569 cameraserver
  572 idmap2d
  573 incidentd
  574 installd
  576 media.extractor
  577 media.metrics
  579 mediaserver
  581 storaged
  584 wificond
  585 media.swcodec
  587 gatekeeperd
  670 system_server
  676 [kworker/u5:3-fscrypt_read_queue]
  677 [kworker/0:9H-kverityd]
  678 [kworker/0:10H-kverityd]
  679 [kworker/0:11H-kverityd]
  680 [kworker/0:12H-kblockd]
  681 [kworker/0:13H-kverityd]
  682 [kworker/0:14H-kverityd]
  683 [kworker/0:15H-kverityd]
  684 [kworker/0:16H-kverityd]
  685 [kworker/0:17H-kverityd]
  686 [kworker/0:18H-kverityd]
  782 [vivid-000-tch-cap]
  865 android.hardware.biometrics.fingerprint-service.ranchu
  894 ot-daemon
  895 ot-rcp
  903 wpa_supplicant
  916 com.android.systemui
  977 android.hardware.gnss-service.ranchu
  989 webview_zygote
 1002 com.android.networkstack.process
 1016 com.google.android.bluetooth
 1027 com.android.se
 1040 com.android.phone
 1041 com.google.android.apps.nexuslauncher
 1062 com.google.android.ext.services
 1136 com.android.settings
 1175 com.google.android.permissioncontroller
 1240 com.google.android.gms.persistent
 1324 com.google.android.cellbroadcastreceiver
 1387 com.google.android.inputmethod.latin
 1401 com.android.devicelockcontroller
 1442 com.google.android.gms
 1454 com.google.android.providers.media.module
 1465 com.google.android.googlequicksearchbox:interactor
 1479 com.google.android.as
 1496 com.google.android.apps.messaging:rcs
 1513 com.android.emulator.multidisplay
 1556 com.google.android.settings.intelligence
 1573 com.android.printspooler
 1598 abb
 1619 com.google.android.apps.wellbeing
 1647 android.process.acore
 1674 android.process.media
 1718 artd
 1807 com.android.keychain
 1831 sh
 1833 cmd
 1880 <pre-initialized>
 1900 <pre-initialized>
 1911 ps
