Num       RefCount Protocol Flags    Type St Inode Path
0000000000000000: 00000003 00000000 00000000 0001 03 11899
0000000000000000: 00000002 00000000 00000000 0002 03  4256
0000000000000000: 00000003 00000000 00000000 0005 03 11652
0000000000000000: 00000003 00000000 00000000 0005 03 14041
0000000000000000: 00000003 00000000 00000000 0005 03 13970
0000000000000000: 00000003 00000000 00000000 0005 03 12199
0000000000000000: 00000003 00000000 00000000 0001 03 11259
0000000000000000: 00000002 00000000 00000000 0002 03  7095
0000000000000000: 00000003 00000000 00000000 0005 03 14045
0000000000000000: 00000002 00000000 00010000 0001 01  3204 /dev/socket/prng_seeder
0000000000000000: 00000003 00000000 00000000 0001 03 14586
0000000000000000: 00000003 00000000 00000000 0005 03 11772
0000000000000000: 00000003 00000000 00000000 0001 03 14501
0000000000000000: 00000002 00000000 00000000 0002 03 14060
0000000000000000: 00000003 00000000 00000000 0001 03 11926
0000000000000000: 00000002 00000000 00000000 0002 01 11479
0000000000000000: 00000002 00000000 00000000 0002 01  9924 /data/system/unsolzygotesocket
0000000000000000: 00000002 00000000 00000000 0002 03  6061
0000000000000000: 00000003 00000000 00000000 0001 03 14579
0000000000000000: 00000003 00000000 00000000 0001 03 11461
0000000000000000: 00000003 00000000 00000000 0005 03 13893
0000000000000000: 00000003 00000000 00000000 0005 03 12214
0000000000000000: 00000002 00000000 00000000 0002 03 10744
0000000000000000: 00000003 00000000 00000000 0005 03 11664
0000000000000000: 00000003 00000000 00000000 0001 03  9501 /dev/socket/traced_producer
0000000000000000: 00000002 00000000 00000000 0002 03 14448
0000000000000000: 00000003 00000000 00000000 0005 03 13983
0000000000000000: 00000003 00000000 00000000 0001 03 14343 /dev/socket/traced_producer
0000000000000000: 00000002 00000000 00000000 0002 03 11521
0000000000000000: 00000003 00000000 00000000 0005 03 14370
0000000000000000: 00000003 00000000 00000000 0001 03 12369
0000000000000000: 00000003 00000000 00000000 0001 03 11541 @com.android.internal.os.WebViewZygoteInit/17c2b003-c9af-4fd0-9d05-a528ec73e62d
0000000000000000: 00000002 00000000 00000000 0002 03  8260
0000000000000000: 00000002 00000000 00000000 0002 03  6150
0000000000000000: 00000003 00000000 00000000 0005 03 14206
0000000000000000: 00000003 00000000 00000000 0005 03 11707
0000000000000000: 00000002 00000000 00000000 0002 03 13539
0000000000000000: 00000002 00000000 00010000 0001 01  3313 /dev/socket/logd
0000000000000000: 00000003 00000000 00000000 0005 03 13949
0000000000000000: 00000003 00000000 00000000 0005 03 12063
0000000000000000: 00000003 00000000 00000000 0001 03 10932
0000000000000000: 00000002 00000000 00000000 0002 01  9749
0000000000000000: 00000002 00000000 00000000 0002 03  6784
0000000000000000: 00000003 00000000 00000000 0001 03  6097
0000000000000000: 00000002 00000000 00010000 0005 01  3315 /dev/socket/logdr
0000000000000000: 0000006D 00000000 00000000 0002 03  3317 /dev/socket/logdw
0000000000000000: 00000002 00000000 00000000 0002 03 14019
0000000000000000: 00000002 00000000 00000000 0002 03 12742
0000000000000000: 00000002 00000000 00010000 0005 01  3331 /dev/socket/lmkd
0000000000000000: 00000003 00000000 00000000 0001 03 14321
0000000000000000: 00000003 00000000 00000000 0001 03 12236 /dev/socket/traced_producer
0000000000000000: 00000003 00000000 00000000 0001 03 11613
0000000000000000: 00000002 00000000 00000000 0002 03 11459
0000000000000000: 00000002 00000000 00000000 0002 03  6095
0000000000000000: 00000003 00000000 00000000 0005 03 14450
0000000000000000: 00000003 00000000 00000000 0005 03 11678
0000000000000000: 00000003 00000000 00000000 0001 03  7191
0000000000000000: 00000002 00000000 00000000 0002 03  7136
0000000000000000: 00000003 00000000 00000000 0005 03 14149
0000000000000000: 00000003 00000000 00000000 0001 03 13044
0000000000000000: 00000003 00000000 00000000 0005 03 14040
0000000000000000: 00000003 00000000 00000000 0005 03 12198
0000000000000000: 00000003 00000000 00000000 0001 03 11260 /dev/socket/zygote
0000000000000000: 00000003 00000000 00000000 0001 03  7862
0000000000000000: 00000002 00000000 00000000 0002 03  7175
0000000000000000: 00000002 00000000 00000000 0002 03  9568
0000000000000000: 00000003 00000000 00000000 0005 03 11755
0000000000000000: 00000003 00000000 00000000 0005 03 14044
0000000000000000: 00000003 00000000 00000000 0001 03 14500
0000000000000000: 00000003 00000000 00000000 0005 03 14451
0000000000000000: 00000002 00000000 00000000 0002 03 11537
0000000000000000: 00000002 00000000 00000000 0002 03  5436
0000000000000000: 00000002 00000000 00000000 0002 03  8261
0000000000000000: 00000003 00000000 00000000 0005 03 13858
0000000000000000: 00000003 00000000 00000000 0005 03 14575
0000000000000000: 00000003 00000000 00000000 0005 03 14148
0000000000000000: 00000002 00000000 00000000 0002 03  9642
0000000000000000: 00000003 00000000 00000000 0001 03  9494
0000000000000000: 00000003 00000000 00000000 0005 03 13982
0000000000000000: 00000003 00000000 00000000 0005 03 13948
0000000000000000: 00000002 00000000 00000000 0002 03 13614
0000000000000000: 00000002 00000000 00000000 0002 03  7140
0000000000000000: 00000002 00000000 00000000 0002 03 14492
0000000000000000: 00000003 00000000 00000000 0005 03 12059
0000000000000000: 00000003 00000000 00000000 0001 03 14356 /dev/socket/traced_producer
0000000000000000: 00000003 00000000 00000000 0001 03 11927
0000000000000000: 00000002 00000000 00000000 0002 03 11576
0000000000000000: 00000003 00000000 00000000 0005 03 13969
0000000000000000: 00000002 00000000 00000000 0002 03 14465
0000000000000000: 00000003 00000000 00000000 0005 03 14052
0000000000000000: 00000002 00000000 00000000 0002 03 13753
0000000000000000: 00000003 00000000 00000000 0001 03 13043
0000000000000000: 00000003 00000000 00000000 0005 03 12208
0000000000000000: 00000003 00000000 00000000 0001 03 10933 /dev/socket/traced_producer
0000000000000000: 00000002 00000000 00000000 0002 03  6786
0000000000000000: 00000003 00000000 00000000 0005 03 11663
0000000000000000: 00000003 00000000 00000000 0001 03 14320
0000000000000000: 00000003 00000000 00000000 0001 03 11831 /dev/socket/traced_producer
0000000000000000: 00000002 00000000 00000000 0002 03 11493
0000000000000000: 00000002 00000000 00000000 0001 03 13438
0000000000000000: 00000002 00000000 00000000 0002 03 11669
0000000000000000: 00000002 00000000 00000000 0002 03  5797
0000000000000000: 00000002 00000000 00000000 0002 03 14459
0000000000000000: 00000003 00000000 00000000 0005 03 11773
0000000000000000: 00000002 00000000 00000000 0005 03 11666
0000000000000000: 00000002 00000000 00000000 0002 03  9652
0000000000000000: 00000003 00000000 00000000 0001 03 14510
0000000000000000: 00000002 00000000 00000000 0002 03 13729
0000000000000000: 00000002 00000000 00000000 0002 03  7107
0000000000000000: 00000003 00000000 00000000 0001 03  6096
0000000000000000: 00000002 00000000 00000000 0002 03 13925
0000000000000000: 00000003 00000000 00000000 0001 03 11830
0000000000000000: 00000003 00000000 00000000 0001 03 14502
0000000000000000: 00000002 00000000 00000000 0002 03 11934
0000000000000000: 00000002 00000000 00000000 0002 03 13512
0000000000000000: 00000003 00000000 00000000 0005 03 13345
0000000000000000: 00000003 00000000 00000000 0005 03 12027
0000000000000000: 00000002 00000000 00000000 0002 03 11216
0000000000000000: 00000003 00000000 00000000 0005 03 12264 @jdwp-control
0000000000000000: 00000002 00000000 00000000 0002 03  7309
0000000000000000: 00000003 00000000 00000000 0005 03  1286
0000000000000000: 00000002 00000000 00010000 0005 01  4356 /dev/socket/tombstoned_crash
0000000000000000: 00000002 00000000 00010000 0005 01  4357 /dev/socket/tombstoned_intercept
0000000000000000: 00000002 00000000 00010000 0001 01 11306 /data/system/ndebugsocket
0000000000000000: 00000002 00000000 00010000 0005 01  4358 /dev/socket/tombstoned_java_trace
0000000000000000: 00000003 00000000 00000000 0005 03 12263
0000000000000000: 00000002 00000000 00000000 0002 03  3479
0000000000000000: 00000003 00000000 00000000 0005 03 13290
0000000000000000: 00000003 00000000 00000000 0005 03 12035
0000000000000000: 00000002 00000000 00000000 0002 03  9485
0000000000000000: 00000002 00000000 00010000 0001 01  5306 /dev/socket/dnsproxyd
0000000000000000: 00000003 00000000 00000000 0005 03 11942
0000000000000000: 00000002 00000000 00000000 0001 01  5307 /dev/socket/mdns
0000000000000000: 00000002 00000000 00010000 0001 01  5308 /dev/socket/fwmarkd
0000000000000000: 00000003 00000000 00000000 0005 03 10763
0000000000000000: 00000002 00000000 00000000 0002 03  7859
0000000000000000: 0000000F 00000000 00000000 0002 03  5320 /dev/socket/statsdw
0000000000000000: 00000002 00000000 00000000 0002 03 13375
0000000000000000: 00000003 00000000 00000000 0005 03 11653
0000000000000000: 00000002 00000000 00010000 0001 01  5335 /dev/socket/zygote
0000000000000000: 00000003 00000000 00000000 0005 03 12228
0000000000000000: 00000002 00000000 00010000 0001 01  5336 /dev/socket/usap_pool_primary
0000000000000000: 00000002 00000000 00010000 0005 01  7524 /dev/socket/adbd
0000000000000000: 00000003 00000000 00000000 0005 03 14354
0000000000000000: 00000003 00000000 00000000 0005 03 10766
0000000000000000: 00000002 00000000 00010000 0001 01  7946 /dev/socket/mdnsd
0000000000000000: 00000002 00000000 00000000 0002 03 12854
0000000000000000: 00000003 00000000 00000000 0005 03 11997
0000000000000000: 00000002 00000000 00010000 0001 01  8105 /dev/socket/traced_consumer
0000000000000000: 00000003 00000000 00000000 0005 03 12262
0000000000000000: 00000002 00000000 00010000 0001 01  8106 /dev/socket/traced_producer
0000000000000000: 00000003 00000000 00000000 0005 03 12841
0000000000000000: 00000002 00000000 00010000 0001 01 11071 /dev/socket/ot-daemon/thread-wpan.sock
0000000000000000: 00000002 00000000 00000000 0002 01 11172 /dev/socket/wpa_wlan0
0000000000000000: 00000002 00000000 00000000 0002 03 11108
0000000000000000: 00000002 00000000 00000000 0002 03  7931
0000000000000000: 00000003 00000000 00000000 0005 03 13483
0000000000000000: 00000003 00000000 00000000 0005 03 12037
0000000000000000: 00000003 00000000 00000000 0005 03 12215
0000000000000000: 00000003 00000000 00000000 0005 03  1268
0000000000000000: 00000002 00000000 00000000 0002 03 13102
0000000000000000: 00000003 00000000 00000000 0005 03 11929
0000000000000000: 00000003 00000000 00000000 0005 03  1269
0000000000000000: 00000003 00000000 00000000 0005 03 13346
0000000000000000: 00000003 00000000 00000000 0005 03 10767
0000000000000000: 00000002 00000000 00000000 0002 03  7424
0000000000000000: 00000003 00000000 00000000 0005 03 11283
0000000000000000: 00000003 00000000 00000000 0005 03 12261
0000000000000000: 00000002 00000000 00000000 0002 03 12011
0000000000000000: 00000002 00000000 00000000 0002 03  7929
0000000000000000: 00000003 00000000 00000000 0005 03 11943
0000000000000000: 00000003 00000000 00000000 0005 03 11284 @jdwp-control
0000000000000000: 00000003 00000000 00000000 0005 03 10772
0000000000000000: 00000003 00000000 00000000 0005 03 12036
0000000000000000: 00000002 00000000 00000000 0002 03 13186
0000000000000000: 00000003 00000000 00000000 0005 03 12247
0000000000000000: 00000003 00000000 00000000 0005 03 12912
0000000000000000: 00000002 00000000 00000000 0002 03  3810
0000000000000000: 00000003 00000000 00000000 0005 03 10765
0000000000000000: 00000002 00000000 00000000 0002 03  7818
0000000000000000: 00000002 00000000 00000000 0002 03 12257
0000000000000000: 00000003 00000000 00000000 0005 03 12034
0000000000000000: 00000002 00000000 00000000 0002 03 12935
0000000000000000: 00000003 00000000 00000000 0005 03 11939
0000000000000000: 00000002 00000000 00000000 0002 03 11278
0000000000000000: 00000003 00000000 00000000 0005 03  1287
0000000000000000: 00000002 00000000 00000000 0002 03 13306
0000000000000000: 00000003 00000000 00000000 0005 03 12913
0000000000000000: 00000003 00000000 00000000 0005 03 11191
0000000000000000: 00000002 00000000 00000000 0002 03 11120
0000000000000000: 00000003 00000000 00000000 0001 03 11936
0000000000000000: 00000002 00000000 00000000 0002 03  7170
0000000000000000: 00000002 00000000 00000000 0002 03 14483
0000000000000000: 00000003 00000000 00000000 0005 03 14311
0000000000000000: 00000002 00000000 00000000 0002 03 13886
0000000000000000: 00000003 00000000 00000000 0005 03 11996
0000000000000000: 00000003 00000000 00000000 0005 03 11620
0000000000000000: 00000003 00000000 00000000 0001 03 14316
0000000000000000: 00000003 00000000 00000000 0001 03 11940
0000000000000000: 00000003 00000000 00000000 0001 03 11900
0000000000000000: 00000003 00000000 00000000 0001 03  3273
0000000000000000: 00000002 00000000 00000000 0002 03 13900
0000000000000000: 00000002 00000000 00000000 0002 03 12086
0000000000000000: 00000002 00000000 00000000 0002 03  8716
0000000000000000: 00000003 00000000 00000000 0005 03 13898
0000000000000000: 00000002 00000000 00000000 0002 03 13854
0000000000000000: 00000003 00000000 00000000 0005 03 12207
0000000000000000: 00000003 00000000 00000000 0001 03  9754
0000000000000000: 00000003 00000000 00000000 0001 03  7986
0000000000000000: 00000002 00000000 00000000 0002 03  7250
0000000000000000: 00000003 00000000 00000000 0005 03 14352
0000000000000000: 00000003 00000000 00000000 0005 03 14051
0000000000000000: 00000003 00000000 00000000 0001 03 14317 /dev/socket/traced_producer
0000000000000000: 00000003 00000000 00000000 0001 03 11937
0000000000000000: 00000002 00000000 00000000 0002 03  4254
0000000000000000: 00000003 00000000 00000000 0001 03 12368
0000000000000000: 00000002 00000000 00000000 0002 03 11563
0000000000000000: 00000003 00000000 00000000 0005 03 14365
0000000000000000: 00000003 00000000 00000000 0005 03 10705
0000000000000000: 00000002 00000000 00000000 0002 03  8348
0000000000000000: 00000003 00000000 00000000 0005 03 14312
0000000000000000: 00000003 00000000 00000000 0005 03 14353
0000000000000000: 00000003 00000000 00000000 0001 03  9495 /dev/socket/traced_producer
0000000000000000: 00000003 00000000 00000000 0001 03 14058 /dev/socket/traced_producer
0000000000000000: 00000003 00000000 00000000 0005 03 12196
0000000000000000: 00000002 00000000 00000000 0002 03 13937
0000000000000000: 00000002 00000000 00000000 0002 03  8580
0000000000000000: 00000003 00000000 00000000 0001 03 14581
0000000000000000: 00000002 00000000 00000000 0002 03 11604
0000000000000000: 00000003 00000000 00000000 0005 03 14535
0000000000000000: 00000003 00000000 00000000 0005 03 10729
0000000000000000: 00000002 00000000 00000000 0002 03  4405
0000000000000000: 00000003 00000000 00000000 0005 03 11754
0000000000000000: 00000003 00000000 00000000 0005 03 14351
0000000000000000: 00000003 00000000 00000000 0005 03 13897
0000000000000000: 00000003 00000000 00000000 0005 03 12197
0000000000000000: 00000003 00000000 00000000 0001 03  9843 /dev/socket/traced_producer
0000000000000000: 00000002 00000000 00000000 0002 03  9830
0000000000000000: 00000002 00000000 00000000 0002 03  7189
0000000000000000: 00000003 00000000 00000000 0005 03 13859
0000000000000000: 00000003 00000000 00000000 0001 03 11905
0000000000000000: 00000002 00000000 00000000 0002 03  5712
0000000000000000: 00000002 00000000 00000000 0001 03 13440
0000000000000000: 00000003 00000000 00000000 0001 03 11462 /dev/socket/traced_producer
0000000000000000: 00000002 00000000 00010000 0001 01  1270 /dev/socket/property_service_for_system
0000000000000000: 00000003 00000000 00000000 0001 03 14342
0000000000000000: 00000003 00000000 00000000 0005 03 13895 @jdwp-control
0000000000000000: 00000002 00000000 00010000 0001 01  1273 /dev/socket/property_service
0000000000000000: 00000003 00000000 00000000 0001 03 11614 /dev/socket/traced_producer
0000000000000000: 00000002 00000000 00000000 0002 03  9224
0000000000000000: 00000003 00000000 00000000 0001 03 14585
0000000000000000: 00000003 00000000 00000000 0001 03  7863
0000000000000000: 00000002 00000000 00000000 0002 03  6614
0000000000000000: 00000003 00000000 00000000 0001 03  9842
0000000000000000: 00000003 00000000 00000000 0005 03 13860 @jdwp-control
0000000000000000: 00000002 00000000 00000000 0002 03 14478
0000000000000000: 00000003 00000000 00000000 0005 03 11639
0000000000000000: 00000003 00000000 00000000 0005 03 10730 /dev/socket/lmkd
0000000000000000: 00000003 00000000 00000000 0005 03 14536
0000000000000000: 00000003 00000000 00000000 0001 03 14355
0000000000000000: 00000003 00000000 00000000 0001 03 12235
0000000000000000: 00000002 00000000 00000000 0002 03  3932
0000000000000000: 00000003 00000000 00000000 0005 03 13857
0000000000000000: 00000003 00000000 00000000 0001 03 11540
0000000000000000: 00000003 00000000 00000000 0005 03 10762
0000000000000000: 00000002 00000000 00000000 0002 03  8783
0000000000000000: 00000003 00000000 00000000 0005 03 13892
0000000000000000: 00000003 00000000 00000000 0005 03 12064
0000000000000000: 00000003 00000000 00000000 0001 03  9763 /dev/socket/mdnsd
0000000000000000: 00000003 00000000 00000000 0001 03  7192
0000000000000000: 00000002 00000000 00000000 0002 03  6664
0000000000000000: 00000003 00000000 00000000 0005 03 11708
0000000000000000: 00000003 00000000 00000000 0005 03 11638
0000000000000000: 00000003 00000000 00000000 0005 03 14576
0000000000000000: 00000002 00000000 00000000 0002 03 12806
0000000000000000: 00000003 00000000 00000000 0005 03 10706
0000000000000000: 00000003 00000000 00000000 0005 03 13887
0000000000000000: 00000003 00000000 00000000 0001 03 14582
0000000000000000: 00000003 00000000 00000000 0001 03 14580
0000000000000000: 00000003 00000000 00000000 0005 03 14371
0000000000000000: 00000003 00000000 00000000 0001 03 11904
0000000000000000: 00000003 00000000 00000000 0005 03 14205
0000000000000000: 00000003 00000000 00000000 0005 03 11679
0000000000000000: 00000003 00000000 00000000 0001 03 14057
0000000000000000: 00000003 00000000 00000000 0001 03 11005
0000000000000000: 00000002 00000000 00000000 0002 03  8241
0000000000000000: 00000003 00000000 00000000 0005 03 13894
0000000000000000: 00000003 00000000 00000000 0001 03  9500
0000000000000000: 00000002 00000000 00000000 0005 03 13516
0000000000000000: 00000002 00000000 00000000 0002 03 12491
0000000000000000: 00000002 00000000 00000000 0002 03  9227
0000000000000000: 00000002 00000000 00000000 0002 03 14224
0000000000000000: 00000003 00000000 00000000 0001 03  3272
0000000000000000: 00000003 00000000 00000000 0001 03 14503
0000000000000000: 00000003 00000000 00000000 0005 03 14366
0000000000000000: 00000003 00000000 00000000 0001 03 11941
0000000000000000: 00000002 00000000 00000000 0002 03 11718
0000000000000000: 00000003 00000000 00000000 0005 03 11621
0000000000000000: 00000002 00000000 00000000 0002 03  9834
0000000000000000: 00000003 00000000 00000000 0001 03 14509
0000000000000000: 00000003 00000000 00000000 0001 03 11004
0000000000000000: 00000003 00000000 00000000 0001 03  9755 /dev/socket/traced_producer
0000000000000000: 00000002 00000000 00000000 0002 03  6949
0000000000000000: 00000002 00000000 00000000 0002 03 12764
0000000000000000: 00000003 00000000 00000000 0005 03 11854
0000000000000000: 00000003 00000000 00000000 0005 03 13291
0000000000000000: 00000003 00000000 00000000 0005 03 12001
0000000000000000: 00000002 00000000 00000000 0002 03  7572
0000000000000000: 00000003 00000000 00000000 0005 03 11015
0000000000000000: 00000003 00000000 00000000 0005 03 12839
0000000000000000: 00000003 00000000 00000000 0005 03 12028
0000000000000000: 00000002 00000000 00000000 0002 03 12961
0000000000000000: 00000003 00000000 00000000 0005 03 11938
0000000000000000: 00000002 00000000 00000000 0002 03  9498
0000000000000000: 00000003 00000000 00000000 0005 03 10771
0000000000000000: 00000003 00000000 00000000 0005 03 12248 /dev/socket/adbd
0000000000000000: 00000002 00000000 00000000 0002 03 13148
0000000000000000: 00000002 00000000 00000000 0002 03  9489
0000000000000000: 00000002 00000000 00000000 0002 03  7546
0000000000000000: 00000003 00000000 00000000 0005 03 11855
0000000000000000: 00000003 00000000 00000000 0005 03 13156
0000000000000000: 00000003 00000000 00000000 0005 03 12002
0000000000000000: 00000003 00000000 00000000 0005 03 12238
0000000000000000: 00000002 00000000 00000000 0002 03 11002
0000000000000000: 00000002 00000000 00000000 0002 03  7427
0000000000000000: 00000003 00000000 00000000 0005 03 13155
0000000000000000: 00000002 00000000 00000000 0002 03 13116
0000000000000000: 00000003 00000000 00000000 0005 03 11928
0000000000000000: 00000003 00000000 00000000 0005 03 13119
0000000000000000: 00000003 00000000 00000000 0005 03 11282
0000000000000000: 00000002 00000000 00000000 0002 03 12009
0000000000000000: 00000002 00000000 00000000 0002 01  3274
0000000000000000: 00000003 00000000 00000000 0005 03 11190
0000000000000000: 00000002 00000000 00000000 0002 03  3813
0000000000000000: 00000003 00000000 00000000 0005 03 13120
0000000000000000: 00000002 00000000 00000000 0002 03 12836
0000000000000000: 00000003 00000000 00000000 0005 03 11089
0000000000000000: 00000002 00000000 00000000 0002 03 11820
0000000000000000: 00000003 00000000 00000000 0005 03 12229
0000000000000000: 00000002 00000000 00000000 0002 03  6545
0000000000000000: 00000002 00000000 00000000 0002 03 13065
0000000000000000: 00000003 00000000 00000000 0005 03 11998
0000000000000000: 00000002 00000000 00000000 0002 03 11303
0000000000000000: 00000003 00000000 00000000 0005 03 11088
0000000000000000: 00000002 00000000 00000000 0002 03  7812
0000000000000000: 00000003 00000000 00000000 0005 03 12840
0000000000000000: 00000002 00000000 00000000 0002 03  6474
0000000000000000: 00000002 00000000 00000000 0002 03 11956
0000000000000000: 00000003 00000000 00000000 0005 03 12239
0000000000000000: 00000003 00000000 00000000 0005 03 10764
0000000000000000: 00000003 00000000 00000000 0005 03 13888
0000000000000000: 00000003 00000000 00000000 0005 03 12058
0000000000000000: 00000002 00000000 00000000 0002 03  9490
0000000000000000: 00000002 00000000 00000000 0002 03 11839
0000000000000000: 00000003 00000000 00000000 0005 03 11281
0000000000000000: 00000002 00000000 00000000 0002 03  3407
0000000000000000: 00000003 00000000 00000000 0005 03 12842 @jdwp-control
0000000000000000: 00000003 00000000 00000000 0005 03 11016
0000000000000000: 00000002 00000000 00000000 0002 03  7625
0000000000000000: 00000003 00000000 00000000 0005 03 13482
0000000000000000: 00000002 00000000 00000000 0002 03 12782
0000000000000000: 00000003 00000000 00000000 0005 03 11999
0000000000000000: 00000002 00000000 00010000 0001 01 11790 @com.android.internal.telephony
0000000000000000: 00000002 00000000 00010000 0001 01 14232 @webview_devtools_remote_2004
0000000000000000: 00000002 00000000 00010000 0001 01 11482 @com.android.internal.os.WebViewZygoteInit/17c2b003-c9af-4fd0-9d05-a528ec73e62d
0000000000000000: 00000002 00000000 00010000 0001 01 13331 @stetho_com.google.android.apps.messaging:rcs_devtools_remote
0000000000000000: 00000002 00000000 00010000 0005 01  7938 @jdwp-control
