  PID NAME                       
    1 init
    2 [kthreadd]
    3 [pool_workqueue_release]
    4 [kworker/R-kvfree_rcu_reclaim]
    5 [kworker/R-rcu_gp]
    6 [kworker/R-sync_wq]
    7 [kworker/R-slub_flushwq]
    8 [kworker/R-netns]
    9 [kworker/0:0-events]
   10 [kworker/0:0H-kverityd]
   11 [kworker/0:1-events]
   12 [kworker/u4:0-loop32]
   13 [kworker/R-mm_percpu_wq]
   14 [kworker/u4:1-loop49]
   15 [rcu_tasks_kthread]
   16 [rcu_tasks_trace_kthread]
   17 [ksoftirqd/0]
   18 [rcu_preempt]
   19 [rcuog/0]
   20 [rcuop/0]
   21 [rcub/0]
   22 [rcu_exp_par_gp_kthread_worker/0]
   23 [rcu_exp_gp_kthread_worker]
   24 [migration/0]
   25 [idle_inject/0]
   26 [cpuhp/0]
   27 [kworker/R-inet_frag_wq]
   28 [kauditd]
   29 [khungtaskd]
   30 [oom_reaper]
   31 [kworker/R-writeback]
   32 [kcompactd0]
   33 [khugepaged]
   34 [kworker/R-kblockd]
   35 [kworker/R-edac-poller]
   36 [kworker/R-devfreq_wq]
   37 [watchdogd]
   38 [kworker/u4:2-ext4-rsv-conversion]
   39 [kworker/0:1H-kverityd]
   40 [kswapd0]
   41 [kworker/u5:0-blk_crypto_wq]
   42 [kworker/R-nvme-wq]
   43 [kworker/R-nvme-reset-wq]
   44 [kworker/R-nvme-delete-wq]
   45 [kworker/R-vfio-irqfd-cleanup]
   46 [kworker/R-uas]
   47 [kworker/R-dm_bufio_cache]
   48 [kworker/R-mld]
   49 [kworker/R-ipv6_addrconf]
   50 [kworker/R-kstrp]
   52 [kworker/0:2-cgroup_bpf_destroy]
   53 [hwrng]
   55 [khvcd]
   59 [jbd2/vdd1-8]
   60 [kworker/R-ext4-rsv-conversion]
   61 [kworker/R-kdmflush/254:0]
   62 [kworker/R-kdmflush/254:1]
   63 [kworker/R-kdmflush/254:2]
   64 [kworker/R-kdmflush/254:3]
   65 [kworker/R-kdmflush/254:4]
   66 [erofs_worker/0]
   69 init
   70 ueventd
  127 [kworker/R-kdmflush/254:9]
  133 [kworker/R-kdmflush/254:15]
  135 [kworker/R-kdmflush/254:17]
  136 [kworker/R-kdmflush/254:18]
  137 [kworker/R-kdmflush/254:19]
  138 [kworker/R-kdmflush/254:20]
  140 [kworker/R-kdmflush/254:22]
  141 [kworker/R-kdmflush/254:23]
  142 [kworker/R-kdmflush/254:24]
  143 [kworker/R-kdmflush/254:25]
  144 [kworker/R-kdmflush/254:26]
  145 [kworker/R-kdmflush/254:27]
  146 [kworker/R-kdmflush/254:28]
  147 [kworker/R-kdmflush/254:29]
  148 [kworker/R-kdmflush/254:30]
  150 [kworker/R-kdmflush/254:32]
  152 [kworker/R-kdmflush/254:34]
  153 [kworker/R-kdmflush/254:35]
  154 [kworker/R-kdmflush/254:36]
  155 [kworker/R-kdmflush/254:37]
  157 [kworker/R-kdmflush/254:39]
  158 [kworker/R-kdmflush/254:40]
  159 [kworker/R-kdmflush/254:41]
  160 [kworker/R-kdmflush/254:42]
  161 [kworker/R-kdmflush/254:43]
  163 [kworker/R-kdmflush/254:45]
  165 [kworker/R-kdmflush/254:47]
  167 [kworker/R-kdmflush/254:49]
  169 [kworker/R-kdmflush/254:51]
  171 [kworker/R-kdmflush/254:53]
  177 [kworker/R-ext4-rsv-conversion]
  178 [kworker/R-ext4-rsv-conversion]
  179 [kworker/R-ext4-rsv-conversion]
  180 [kworker/R-ext4-rsv-conversion]
  181 [kworker/R-ext4-rsv-conversion]
  186 [kworker/R-cfg80211]
  187 [sugov:0]
  188 [irq/35-goldfish_pipe_dprctd]
  189 prng_seeder
  191 logd
  192 lmkd
  193 servicemanager
  194 hwservicemanager
  195 [psimon]
  196 qemu-props
  202 [kworker/R-usbip_event]
  203 [kworker/0:3-virtio_vsock]
  204 vold
  206 [kworker/R-kdmflush/254:54]
  212 android.system.suspend-service
  213 keystore2
  215 [kworker/R-update_hdmi_ctrls_wq]
  217 android.hardware.security.keymint-service
  220 android.hardware.gatekeeper-service.nonsecure
  222 [kworker/R-update_svid_ctrls_wq]
  225 [kworker/u4:3-loop51]
  234 [kworker/R-blk_crypto_wq]
  235 [kworker/u5:1-fscrypt_read_queue]
  239 [jbd2/dm-54-8]
  240 [kworker/R-ext4-rsv-conversion]
  244 tombstoned
  301 [kworker/u5:2-hci0]
  351 [kworker/R-kverityd]
  352 [kworker/R-ext4-rsv-conversion]
  353 [kworker/R-kverityd]
  354 [kworker/R-kverityd]
  355 [kworker/R-kverityd]
  356 [kworker/R-kverityd]
  357 [kworker/R-kverityd]
  358 [kworker/0:2H-kverityd]
  359 [kworker/R-ext4-rsv-conversion]
  360 [kworker/0:3H-kverityd]
  361 [kworker/R-kverityd]
  362 [kworker/R-kverityd]
  363 [kworker/R-kverityd]
  364 [kworker/R-kverityd]
  365 [kworker/R-kverityd]
  366 [kworker/R-ext4-rsv-conversion]
  367 [kworker/R-kverityd]
  368 [kworker/R-kverityd]
  369 [kworker/R-kverityd]
  370 [kworker/R-kverityd]
  371 [kworker/R-ext4-rsv-conversion]
  372 [kworker/R-kverityd]
  373 [kworker/R-ext4-rsv-conversion]
  374 [kworker/R-ext4-rsv-conversion]
  375 [kworker/R-ext4-rsv-conversion]
  376 [kworker/R-kverityd]
  377 [kworker/R-ext4-rsv-conversion]
  378 [kworker/R-kverityd]
  379 [kworker/R-ext4-rsv-conversion]
  380 [kworker/R-ext4-rsv-conversion]
  381 [kworker/R-kverityd]
  382 [kworker/R-kverityd]
  383 [kworker/R-ext4-rsv-conversion]
  384 [kworker/R-ext4-rsv-conversion]
  385 [kworker/R-kverityd]
  386 [kworker/R-kverityd]
  387 [kworker/R-kverityd]
  388 [kworker/R-ext4-rsv-conversion]
  389 [kworker/R-kverityd]
  390 [kworker/R-ext4-rsv-conversion]
  391 [kworker/R-kverityd]
  392 [kworker/R-kverityd]
  393 [kworker/R-ext4-rsv-conversion]
  394 [kworker/R-ext4-rsv-conversion]
  395 [kworker/R-ext4-rsv-conversion]
  396 [kworker/R-ext4-rsv-conversion]
  397 [kworker/R-ext4-rsv-conversion]
  398 [kworker/R-ext4-rsv-conversion]
  399 [kworker/R-ext4-rsv-conversion]
  400 [kworker/R-kverityd]
  401 [kworker/R-ext4-rsv-conversion]
  402 [kworker/R-kverityd]
  403 [kworker/R-kverityd]
  404 [kworker/R-kverityd]
  405 [kworker/R-ext4-rsv-conversion]
  406 [kworker/u4:4-kvfree_rcu_reclaim]
  407 [kworker/R-ext4-rsv-conversion]
  408 [kworker/R-ext4-rsv-conversion]
  409 [kworker/R-ext4-rsv-conversion]
  410 [kworker/R-ext4-rsv-conversion]
  411 [kworker/R-ext4-rsv-conversion]
  412 [kworker/R-ext4-rsv-conversion]
  413 [kworker/R-ext4-rsv-conversion]
  414 [kworker/R-ext4-rsv-conversion]
  415 [kworker/R-ext4-rsv-conversion]
  416 [kworker/R-ext4-rsv-conversion]
  417 [kworker/R-ext4-rsv-conversion]
  418 [kworker/R-ext4-rsv-conversion]
  419 [kworker/R-ext4-rsv-conversion]
  420 [kworker/R-ext4-rsv-conversion]
  421 [kworker/R-ext4-rsv-conversion]
  422 [kworker/R-ext4-rsv-conversion]
  423 [kworker/R-ext4-rsv-conversion]
  424 [kworker/R-ext4-rsv-conversion]
  425 [kworker/R-ext4-rsv-conversion]
  426 [kworker/R-ext4-rsv-conversion]
  427 [kworker/R-ext4-rsv-conversion]
  428 [kworker/R-ext4-rsv-conversion]
  429 [kworker/R-ext4-rsv-conversion]
  430 [kworker/R-ext4-rsv-conversion]
  431 [kworker/R-ext4-rsv-conversion]
  432 [kworker/R-ext4-rsv-conversion]
  458 netd
  459 statsd
  460 zygote64
  467 android.hidl.allocator@1.0-service
  468 android.hardware.audio.service
  469 android.hardware.camera.provider@2.7-service-google
  470 android.hardware.health-service.example
  471 android.hardware.media.c2@1.0-service-goldfish
  472 android.hardware.radio-service.ranchu
  473 android.hardware.sensors-service.multihal
  474 android.hardware.usb-service.example
  475 android.hardware.wifi-service
  476 iptables-restore
  477 ip6tables-restore
  479 android.hardware.bluetooth-service.default
  480 android.hardware.graphics.composer3-service.ranchu
  481 android.hardware.identity-service.example
  483 android.hardware.lights-service.example
  484 android.hardware.authsecret-service.example
  485 android.hardware.cas-service.example
  486 android.hardware.contexthub-service.example
  490 android.hardware.neuralnetworks-service-sample-all
  493 android.hardware.neuralnetworks-service-sample-limited
  496 android.hardware.neuralnetworks-shim-service-sample
  503 android.hardware.power-service.example
  504 android.hardware.power.stats-service.example
  505 android.hardware.rebootescrow-service.default
  513 android.hardware.thermal-service.example
  516 android.hardware.threadnetwork-service
  517 android.hardware.vibrator-service.example
  518 android.hardware.drm-service.widevine
  519 audioserver
  521 credstore
  522 gpuservice
  526 surfaceflinger
  528 adbd
  529 android.hardware.graphics.allocator-service.ranchu
  530 android.hardware.camera.provider.ranchu
  534 android.hardware.uwb-service
  552 mdnsd
  553 drmserver
  554 traced_probes
  555 traced
  558 bt_vhci_forwarder
  560 cameraserver
  562 incidentd
  565 installd
  566 media.extractor
  568 media.metrics
  570 mediaserver
  571 storaged
  572 wificond
  573 media.swcodec
  574 gatekeeperd
  662 system_server
  668 [kworker/0:4H-kverityd]
  669 [kworker/0:5H-kverityd]
  670 [kworker/0:6H-kverityd]
  671 [kworker/0:7H-kverityd]
  672 [kworker/0:8H-kverityd]
  673 [kworker/0:9H-kverityd]
  674 [kworker/0:10H-kverityd]
  675 [kworker/0:11H-kverityd]
  676 [kworker/0:12H-kverityd]
  677 [kworker/0:13H-kverityd]
  678 [kworker/0:14H-kverityd]
  679 [kworker/0:15H-kverityd]
  681 [kworker/0:16H-kverityd]
  682 [kworker/0:17H-kverityd]
  683 [kworker/0:18H-kverityd]
  685 [kworker/0:19H-kverityd]
  686 [kworker/0:20H-kverityd]
  687 [kworker/0:21H-kverityd]
  688 [kworker/0:22H-kverityd]
  690 [kworker/0:23H-kverityd]
  691 [kworker/0:24H-kverityd]
  692 [kworker/0:25H-kverityd]
  693 [kworker/0:26H-kverityd]
  694 [kworker/0:27H-kverityd]
  695 [kworker/0:28H-kverityd]
  696 [kworker/0:29H-kverityd]
  697 [kworker/0:30H-kverityd]
  698 [kworker/0:31H-kverityd]
  699 [kworker/0:32H-kverityd]
  700 [kworker/0:33H-kverityd]
  701 [kworker/0:34H-kverityd]
  702 [kworker/0:35H-kverityd]
  703 [kworker/0:36H-kverityd]
  704 [kworker/0:37H]
  705 [kworker/0:38H-kblockd]
  800 [vivid-000-tch-cap]
  895 android.hardware.biometrics.fingerprint-service.ranchu
  914 ot-daemon
  915 ot-rcp
  922 wpa_supplicant
  939 com.android.systemui
  999 android.hardware.gnss-service.ranchu
 1010 webview_zygote
 1027 com.android.networkstack.process
 1054 com.google.android.bluetooth
 1064 com.android.se
 1079 com.android.phone
 1092 com.google.android.apps.nexuslauncher
 1118 com.google.android.ext.services
 1238 com.google.android.gms.persistent
 1310 com.google.android.permissioncontroller
 1325 com.google.android.cellbroadcastreceiver
 1404 com.google.android.dialer
 1445 com.google.android.inputmethod.latin
 1502 com.android.devicelockcontroller
 1529 abb
 1538 com.google.android.gms
 1541 com.google.android.apps.wellbeing
 1544 com.google.android.providers.media.module
 1567 com.google.android.googlequicksearchbox:interactor
 1585 com.google.android.as
 1612 com.google.android.apps.messaging:rcs
 1630 com.android.emulator.multidisplay
 1665 com.android.printspooler
 1714 android.process.acore
 1785 artd
 1841 com.android.keychain
 1848 android.process.media
 1872 com.android.localtransport
 2032 com.android.vending
 2098 com.android.imsserviceentitlement
 2111 com.google.android.webview:webview_service
 2203 com.google.android.googlequicksearchbox:search
 2216 com.google.android.apps.wallpaper
 2224 com.google.android.apps.messaging
 2442 com.android.traceur
 2467 com.android.vending:background
 2512 com.google.android.onetimeinitializer
 2548 com.android.camera2
 2591 com.android.devicediagnostics
 2654 com.google.android.as.oss
 2682 com.android.dynsystem
 2720 com.android.dynsystem:dynsystem
 2724 com.android.managedprovisioning
 2745 com.google.android.googlequicksearchbox:googleapp
 2770 com.android.providers.calendar
 2821 com.google.android.gms.unstable
 2839 com.android.shell
 2863 com.google.android.apps.safetyhub
 2963 com.android.chrome
 2994 ps
