Num       RefCount Protocol Flags    Type St Inode Path
0000000000000000: 00000002 00000000 00000000 0002 03 11069
0000000000000000: 00000002 00000000 00000000 0002 03 15007
0000000000000000: 00000003 00000000 00000000 0005 03 12249
0000000000000000: 00000002 00000000 00000000 0002 03  6499
0000000000000000: 00000003 00000000 00000000 0001 03 11565 @com.android.internal.os.WebViewZygoteInit/c48bb2b1-c432-49c9-814c-e9d586668412
0000000000000000: 00000003 00000000 00000000 0001 03  9502
0000000000000000: 00000003 00000000 00000000 0001 03  9771 /dev/socket/mdnsd
0000000000000000: 00000003 00000000 00000000 0001 03 16921
0000000000000000: 00000003 00000000 00000000 0005 03 16382
0000000000000000: 00000002 00000000 00000000 0002 03 15762
0000000000000000: 00000002 00000000 00000000 0002 03 11650
0000000000000000: 00000003 00000000 00000000 0001 03 17100
0000000000000000: 00000003 00000000 00000000 0005 03 13298
0000000000000000: 00000003 00000000 00000000 0005 03 11720
0000000000000000: 00000002 00000000 00000000 0002 03  7678
0000000000000000: 00000003 00000000 00000000 0005 03 14112
0000000000000000: 00000002 00000000 00000000 0002 01  9927 /data/system/unsolzygotesocket
0000000000000000: 00000002 00000000 00000000 0002 03  9187
0000000000000000: 00000002 00000000 00000000 0002 03 11184
0000000000000000: 00000002 00000000 00010000 0001 01  3206 /dev/socket/prng_seeder
0000000000000000: 00000003 00000000 00000000 0005 03 11607
0000000000000000: 00000003 00000000 00000000 0001 03 11542 /dev/socket/traced_producer
0000000000000000: 00000003 00000000 00000000 0001 03  9849
0000000000000000: 00000003 00000000 00000000 0001 03 16951 /dev/socket/traced_producer
0000000000000000: 00000003 00000000 00000000 0005 03 16524
0000000000000000: 00000002 00000000 00000000 0002 03 15960
0000000000000000: 00000003 00000000 00000000 0005 03 13824
0000000000000000: 00000003 00000000 00000000 0001 03 17103
0000000000000000: 00000003 00000000 00000000 0005 03 15026
0000000000000000: 00000003 00000000 00000000 0005 03 12373
0000000000000000: 00000002 00000000 00000000 0002 03 12155
0000000000000000: 00000002 00000000 00000000 0002 03 13807
0000000000000000: 00000003 00000000 00000000 0001 03 11071
0000000000000000: 00000002 00000000 00000000 0002 03 15000
0000000000000000: 00000003 00000000 00000000 0005 03 12286
0000000000000000: 00000003 00000000 00000000 0005 03 11766
0000000000000000: 00000003 00000000 00000000 0005 03 10838
0000000000000000: 00000002 00000000 00010000 0001 01  3315 /dev/socket/logd
0000000000000000: 00000003 00000000 00000000 0005 03 16525
0000000000000000: 00000002 00000000 00000000 0002 03 15777
0000000000000000: 00000002 00000000 00000000 0002 03 11634
0000000000000000: 00000002 00000000 00010000 0005 01  3317 /dev/socket/logdr
0000000000000000: 00000003 00000000 00000000 0005 03 12473 /dev/socket/adbd
0000000000000000: 00000003 00000000 00000000 0001 03 12047
0000000000000000: 00000002 00000000 00000000 0002 03  6431
0000000000000000: 0000007B 00000000 00000000 0002 03  3319 /dev/socket/logdw
0000000000000000: 00000003 00000000 00000000 0005 03 16498
0000000000000000: 00000002 00000000 00010000 0005 01  3333 /dev/socket/lmkd
0000000000000000: 00000003 00000000 00000000 0005 03 12247
0000000000000000: 00000003 00000000 00000000 0001 03  9496 /dev/socket/traced_producer
0000000000000000: 00000002 00000000 00000000 0002 03  8617
0000000000000000: 00000002 00000000 00000000 0002 03 13694
0000000000000000: 00000003 00000000 00000000 0005 03 13843
0000000000000000: 00000003 00000000 00000000 0005 03 11084
0000000000000000: 00000003 00000000 00000000 0005 03 14855
0000000000000000: 00000002 00000000 00000000 0002 03  8168
0000000000000000: 00000003 00000000 00000000 0005 03 16551
0000000000000000: 00000002 00000000 00000000 0002 03  9555
0000000000000000: 00000003 00000000 00000000 0001 03 16931
0000000000000000: 00000003 00000000 00000000 0005 03 13814
0000000000000000: 00000003 00000000 00000000 0001 03 12518
0000000000000000: 00000003 00000000 00000000 0005 03 16548
0000000000000000: 00000003 00000000 00000000 0001 03 16484
0000000000000000: 00000002 00000000 00000000 0002 03 16041
0000000000000000: 00000002 00000000 00000000 0002 03 14107
0000000000000000: 00000003 00000000 00000000 0005 03 12251
0000000000000000: 00000003 00000000 00000000 0001 03 11340 /dev/socket/zygote
0000000000000000: 00000003 00000000 00000000 0005 03 16510
0000000000000000: 00000003 00000000 00000000 0005 03 11611
0000000000000000: 00000003 00000000 00000000 0005 03 15112
0000000000000000: 00000003 00000000 00000000 0001 03 12448 /dev/socket/traced_producer
0000000000000000: 00000003 00000000 00000000 0005 03 13818
0000000000000000: 00000003 00000000 00000000 0005 03 10832
0000000000000000: 00000002 00000000 00000000 0002 03  7535
0000000000000000: 00000002 00000000 00000000 0002 03 11586
0000000000000000: 00000003 00000000 00000000 0005 03 12234
0000000000000000: 00000003 00000000 00000000 0001 03  3275
0000000000000000: 00000003 00000000 00000000 0001 03 13054
0000000000000000: 00000002 00000000 00000000 0002 03 11754
0000000000000000: 00000002 00000000 00000000 0002 03  4256
0000000000000000: 00000002 00000000 00000000 0002 03 13797
0000000000000000: 00000003 00000000 00000000 0005 03 12376 @jdwp-control
0000000000000000: 00000003 00000000 00000000 0001 03 12040
0000000000000000: 00000003 00000000 00000000 0001 03 10766 /dev/socket/traced_producer
0000000000000000: 00000002 00000000 00000000 0002 03 16695
0000000000000000: 00000003 00000000 00000000 0001 03 14988
0000000000000000: 00000003 00000000 00000000 0005 03 12407
0000000000000000: 00000003 00000000 00000000 0005 03 10833
0000000000000000: 00000003 00000000 00000000 0005 03 13815
0000000000000000: 00000003 00000000 00000000 0001 03 12052
0000000000000000: 00000002 00000000 00000000 0002 03  9305
0000000000000000: 00000003 00000000 00000000 0005 03 11758
0000000000000000: 00000002 00000000 00000000 0002 03  7516
0000000000000000: 00000003 00000000 00000000 0001 03  9758
0000000000000000: 00000003 00000000 00000000 0005 03 16508
0000000000000000: 00000003 00000000 00000000 0005 03 16527 @jdwp-control
0000000000000000: 00000002 00000000 00000000 0002 03 15125
0000000000000000: 00000002 00000000 00000000 0002 03  5433
0000000000000000: 00000003 00000000 00000000 0005 03 12409
0000000000000000: 00000003 00000000 00000000 0001 03  3274
0000000000000000: 00000003 00000000 00000000 0001 03 16485 /dev/socket/traced_producer
0000000000000000: 00000003 00000000 00000000 0005 03 11079
0000000000000000: 00000002 00000000 00000000 0002 03  7833
0000000000000000: 00000003 00000000 00000000 0001 03 16920
0000000000000000: 00000002 00000000 00000000 0002 03 13687
0000000000000000: 00000003 00000000 00000000 0005 03 13299 @jdwp-control
0000000000000000: 00000003 00000000 00000000 0001 03 11940 /dev/socket/traced_producer
0000000000000000: 00000003 00000000 00000000 0001 03 11712
0000000000000000: 00000002 00000000 00000000 0002 03 16855
0000000000000000: 00000003 00000000 00000000 0005 03 16787
0000000000000000: 00000003 00000000 00000000 0005 03 12243
0000000000000000: 00000002 00000000 00000000 0002 03 14093
0000000000000000: 00000003 00000000 00000000 0001 03 13820
0000000000000000: 00000002 00000000 00000000 0002 03  8315
0000000000000000: 00000002 00000000 00000000 0002 03  5644
0000000000000000: 00000002 00000000 00000000 0002 03 14670
0000000000000000: 00000002 00000000 00000000 0002 03 11388
0000000000000000: 00000003 00000000 00000000 0001 03  6517
0000000000000000: 00000003 00000000 00000000 0005 03 16974
0000000000000000: 00000003 00000000 00000000 0005 03 13643
0000000000000000: 00000002 00000000 00000000 0002 03 11948
0000000000000000: 00000002 00000000 00000000 0002 03 14170
0000000000000000: 00000003 00000000 00000000 0005 03 12467
0000000000000000: 00000002 00000000 00000000 0002 03  7197
0000000000000000: 00000003 00000000 00000000 0005 03 14694 @jdwp-control
0000000000000000: 00000002 00000000 00000000 0002 03 13123
0000000000000000: 00000002 00000000 00000000 0002 03  9638
0000000000000000: 00000003 00000000 00000000 0005 03  1269
0000000000000000: 00000002 00000000 00010000 0005 01  4357 /dev/socket/tombstoned_crash
0000000000000000: 00000003 00000000 00000000 0005 03 13296
0000000000000000: 00000003 00000000 00000000 0005 03 10700
0000000000000000: 00000002 00000000 00010000 0005 01  4358 /dev/socket/tombstoned_intercept
0000000000000000: 00000002 00000000 00000000 0002 03 14282
0000000000000000: 00000002 00000000 00010000 0001 01 11381 /data/system/ndebugsocket
0000000000000000: 00000003 00000000 00000000 0001 03  7868
0000000000000000: 00000002 00000000 00010000 0005 01  4359 /dev/socket/tombstoned_java_trace
0000000000000000: 00000002 00000000 00000000 0002 03 16521
0000000000000000: 00000002 00000000 00000000 0002 03  6848
0000000000000000: 00000003 00000000 00000000 0005 03 16956
0000000000000000: 00000002 00000000 00000000 0002 03 13616
0000000000000000: 00000002 00000000 00010000 0001 01  5307 /dev/socket/dnsproxyd
0000000000000000: 00000002 00000000 00000000 0002 03 15466
0000000000000000: 00000002 00000000 00000000 0001 01  5308 /dev/socket/mdns
0000000000000000: 00000003 00000000 00000000 0005 03 11303
0000000000000000: 00000002 00000000 00010000 0001 01  5309 /dev/socket/fwmarkd
0000000000000000: 00000003 00000000 00000000 0005 03 12469 @jdwp-control
0000000000000000: 00000024 00000000 00000000 0002 03  5321 /dev/socket/statsdw
0000000000000000: 00000003 00000000 00000000 0005 03 13408
0000000000000000: 00000002 00000000 00010000 0001 01  5336 /dev/socket/zygote
0000000000000000: 00000002 00000000 00000000 0002 03 16108
0000000000000000: 00000003 00000000 00000000 0005 03 12466
0000000000000000: 00000002 00000000 00000000 0002 03  7280
0000000000000000: 00000002 00000000 00010000 0001 01  5337 /dev/socket/usap_pool_primary
0000000000000000: 00000003 00000000 00000000 0001 03 12000
0000000000000000: 00000002 00000000 00000000 0002 03  9641
0000000000000000: 00000002 00000000 00010000 0005 01  7507 /dev/socket/adbd
0000000000000000: 00000003 00000000 00000000 0005 03 11356
0000000000000000: 00000002 00000000 00010000 0001 01  7936 /dev/socket/mdnsd
0000000000000000: 00000003 00000000 00000000 0005 03 12050
0000000000000000: 00000002 00000000 00010000 0001 01  8042 /dev/socket/traced_consumer
0000000000000000: 00000003 00000000 00000000 0005 03 12425
0000000000000000: 00000003 00000000 00000000 0005 03 11789
0000000000000000: 00000002 00000000 00010000 0001 01  8043 /dev/socket/traced_producer
0000000000000000: 00000002 00000000 00000000 0002 03  7111
0000000000000000: 00000002 00000000 00000000 0005 03 13481
0000000000000000: 00000002 00000000 00010000 0001 01 11137 /dev/socket/ot-daemon/thread-wpan.sock
0000000000000000: 00000002 00000000 00000000 0002 01 11236 /dev/socket/wpa_wlan0
0000000000000000: 00000003 00000000 00000000 0001 03  9503 /dev/socket/traced_producer
0000000000000000: 00000002 00000000 00000000 0002 03 11943
0000000000000000: 00000003 00000000 00000000 0005 03 16144
0000000000000000: 00000002 00000000 00000000 0002 03 13103
0000000000000000: 00000002 00000000 00000000 0002 01 11558
0000000000000000: 00000003 00000000 00000000 0005 03 16483
0000000000000000: 00000003 00000000 00000000 0005 03  1286
0000000000000000: 00000003 00000000 00000000 0005 03 12056
0000000000000000: 00000002 00000000 00000000 0002 03 13155
0000000000000000: 00000003 00000000 00000000 0005 03 14689
0000000000000000: 00000002 00000000 00000000 0002 03  9837
0000000000000000: 00000003 00000000 00000000 0005 03 17063
0000000000000000: 00000003 00000000 00000000 0005 03 13656
0000000000000000: 00000002 00000000 00000000 0002 03 15527
0000000000000000: 00000003 00000000 00000000 0005 03 12451
0000000000000000: 00000002 00000000 00000000 0002 03  3511
0000000000000000: 00000003 00000000 00000000 0005 03 16786
0000000000000000: 00000002 00000000 00000000 0002 03  7137
0000000000000000: 00000002 00000000 00000000 0002 03 13452
0000000000000000: 00000003 00000000 00000000 0005 03 12042
0000000000000000: 00000002 00000000 00000000 0002 03 11821
0000000000000000: 00000003 00000000 00000000 0005 03 12930
0000000000000000: 00000003 00000000 00000000 0001 03  7947
0000000000000000: 00000002 00000000 00000000 0002 03 14334
0000000000000000: 00000003 00000000 00000000 0005 03 12410
0000000000000000: 00000002 00000000 00000000 0002 03 11351
0000000000000000: 00000002 00000000 00000000 0002 03  6774
0000000000000000: 00000002 00000000 00000000 0002 03  3481
0000000000000000: 00000002 00000000 00000000 0002 03 13293
0000000000000000: 00000003 00000000 00000000 0005 03 11354
0000000000000000: 00000002 00000000 00000000 0002 03 16087
0000000000000000: 00000003 00000000 00000000 0005 03 11870
0000000000000000: 00000003 00000000 00000000 0005 03 10797 /dev/socket/lmkd
0000000000000000: 00000002 00000000 00000000 0002 03 15560
0000000000000000: 00000003 00000000 00000000 0005 03 12417
0000000000000000: 00000003 00000000 00000000 0001 03  6860
0000000000000000: 00000002 00000000 00000000 0002 03  6725
0000000000000000: 00000002 00000000 00000000 0002 03 15192
0000000000000000: 00000003 00000000 00000000 0005 03 16492
0000000000000000: 00000003 00000000 00000000 0005 03 16459
0000000000000000: 00000003 00000000 00000000 0005 03 11767
0000000000000000: 00000002 00000000 00000000 0002 03 13083
0000000000000000: 00000002 00000000 00000000 0002 03  9833
0000000000000000: 00000002 00000000 00000000 0002 03 13319
0000000000000000: 00000003 00000000 00000000 0005 03 17064
0000000000000000: 00000002 00000000 00000000 0002 03 16124
0000000000000000: 00000003 00000000 00000000 0005 03 11768
0000000000000000: 00000002 00000000 00000000 0002 03  3421
0000000000000000: 00000003 00000000 00000000 0005 03 16547
0000000000000000: 00000003 00000000 00000000 0001 03 16950
0000000000000000: 00000002 00000000 00000000 0002 03 15961
0000000000000000: 00000002 00000000 00000000 0002 03 11697
0000000000000000: 00000003 00000000 00000000 0005 03 12299
0000000000000000: 00000002 00000000 00000000 0002 03  8076
0000000000000000: 00000003 00000000 00000000 0005 03 13819
0000000000000000: 00000003 00000000 00000000 0005 03 11083
0000000000000000: 00000003 00000000 00000000 0005 03 12246
0000000000000000: 00000002 00000000 00000000 0002 03  4247
0000000000000000: 00000002 00000000 00000000 0002 03 16367
0000000000000000: 00000002 00000000 00000000 0002 03  8630
0000000000000000: 00000003 00000000 00000000 0001 03 12041
0000000000000000: 00000003 00000000 00000000 0001 03 12001
0000000000000000: 00000002 00000000 00000000 0002 03 13793
0000000000000000: 00000002 00000000 00000000 0002 03  9491
0000000000000000: 00000003 00000000 00000000 0005 03 13812
0000000000000000: 00000003 00000000 00000000 0005 03 14111
0000000000000000: 00000003 00000000 00000000 0001 03 17099
0000000000000000: 00000003 00000000 00000000 0005 03 15111
0000000000000000: 00000002 00000000 00000000 0002 03  7623
0000000000000000: 00000002 00000000 00000000 0002 03 16686
0000000000000000: 00000002 00000000 00000000 0002 03 12369
0000000000000000: 00000002 00000000 00000000 0002 03  8254
0000000000000000: 00000002 00000000 00000000 0002 03 11172
0000000000000000: 00000002 00000000 00000000 0002 03  4389
0000000000000000: 00000003 00000000 00000000 0001 03 17104
0000000000000000: 00000003 00000000 00000000 0005 03 16493
0000000000000000: 00000003 00000000 00000000 0005 03 14856
0000000000000000: 00000003 00000000 00000000 0005 03 12298
0000000000000000: 00000003 00000000 00000000 0005 03 11759
0000000000000000: 00000002 00000000 00000000 0002 03  7512
0000000000000000: 00000003 00000000 00000000 0001 03 14989 /dev/socket/traced_producer
0000000000000000: 00000003 00000000 00000000 0005 03 13823
0000000000000000: 00000002 00000000 00000000 0002 03 12122
0000000000000000: 00000003 00000000 00000000 0005 03 11080
0000000000000000: 00000003 00000000 00000000 0001 03 13821 /dev/socket/traced_producer
0000000000000000: 00000003 00000000 00000000 0005 03 16509
0000000000000000: 00000003 00000000 00000000 0001 03 12048
0000000000000000: 00000003 00000000 00000000 0005 03 11610
0000000000000000: 00000002 00000000 00000000 0002 03 16735
0000000000000000: 00000003 00000000 00000000 0001 03  9759 /dev/socket/traced_producer
0000000000000000: 00000003 00000000 00000000 0001 03 16570 /dev/socket/traced_producer
0000000000000000: 00000003 00000000 00000000 0005 03 13842
0000000000000000: 00000003 00000000 00000000 0001 03 12053
0000000000000000: 00000003 00000000 00000000 0005 03 10834
0000000000000000: 00000003 00000000 00000000 0005 03 15025
0000000000000000: 00000003 00000000 00000000 0005 03 12408
0000000000000000: 00000002 00000000 00000000 0002 03  7863
0000000000000000: 00000002 00000000 00000000 0002 03 16833
0000000000000000: 00000002 00000000 00000000 0002 03 13713
0000000000000000: 00000003 00000000 00000000 0005 03 12244
0000000000000000: 00000003 00000000 00000000 0001 03 11939
0000000000000000: 00000003 00000000 00000000 0005 03 11608
0000000000000000: 00000003 00000000 00000000 0001 03 11713 /dev/socket/traced_producer
0000000000000000: 00000002 00000000 00000000 0002 03  8507
0000000000000000: 00000002 00000000 00000000 0002 03  3934
0000000000000000: 00000002 00000000 00010000 0001 01  1270 /dev/socket/property_service_for_system
0000000000000000: 00000002 00000000 00010000 0001 01  1273 /dev/socket/property_service
0000000000000000: 00000002 00000000 00000000 0002 03 13680
0000000000000000: 00000003 00000000 00000000 0001 03 13053
0000000000000000: 00000003 00000000 00000000 0005 03 12232
0000000000000000: 00000002 00000000 00000000 0002 03 16572
0000000000000000: 00000003 00000000 00000000 0005 03 16499
0000000000000000: 00000002 00000000 00000000 0002 03 13798
0000000000000000: 00000003 00000000 00000000 0001 03 11564
0000000000000000: 00000003 00000000 00000000 0001 03 10765
0000000000000000: 00000003 00000000 00000000 0001 03 17098
0000000000000000: 00000003 00000000 00000000 0005 03 14009
0000000000000000: 00000003 00000000 00000000 0005 03 10839
0000000000000000: 00000002 00000000 00000000 0002 03  7901
0000000000000000: 00000003 00000000 00000000 0005 03 12287
0000000000000000: 00000002 00000000 00000000 0002 03 15638
0000000000000000: 00000003 00000000 00000000 0005 03 12250
0000000000000000: 00000003 00000000 00000000 0001 03  9850 /dev/socket/traced_producer
0000000000000000: 00000002 00000000 00000000 0002 03  5847
0000000000000000: 00000003 00000000 00000000 0001 03 11541
0000000000000000: 00000002 00000000 00000000 0002 03 16674
0000000000000000: 00000003 00000000 00000000 0001 03 16932 /dev/socket/traced_producer
0000000000000000: 00000002 00000000 00000000 0002 03 16069
0000000000000000: 00000003 00000000 00000000 0005 03 12374
0000000000000000: 00000002 00000000 00000000 0002 03  9492
0000000000000000: 00000003 00000000 00000000 0005 03 13816
0000000000000000: 00000003 00000000 00000000 0005 03 10830
0000000000000000: 00000003 00000000 00000000 0001 03 16569
0000000000000000: 00000003 00000000 00000000 0005 03 11721
0000000000000000: 00000002 00000000 00000000 0002 03  7604
0000000000000000: 00000003 00000000 00000000 0001 03 11070
0000000000000000: 00000002 00000000 00000000 0002 03 15145
0000000000000000: 00000003 00000000 00000000 0005 03 12233
0000000000000000: 00000002 00000000 00000000 0002 03 12086
0000000000000000: 00000003 00000000 00000000 0001 03  9495
0000000000000000: 00000003 00000000 00000000 0005 03 16511
0000000000000000: 00000003 00000000 00000000 0005 03 10831
0000000000000000: 00000002 00000000 00000000 0002 03  7601
0000000000000000: 00000003 00000000 00000000 0005 03 12375
0000000000000000: 00000003 00000000 00000000 0005 03 13811
0000000000000000: 00000003 00000000 00000000 0001 03 12517
0000000000000000: 00000003 00000000 00000000 0005 03 16552
0000000000000000: 00000002 00000000 00000000 0002 03  9501
0000000000000000: 00000002 00000000 00000000 0002 03 13688
0000000000000000: 00000003 00000000 00000000 0001 03 11339
0000000000000000: 00000002 00000000 00000000 0002 03 14998
0000000000000000: 00000003 00000000 00000000 0005 03 12235
0000000000000000: 00000002 00000000 00000000 0002 03  6350
0000000000000000: 00000003 00000000 00000000 0001 03 17097
0000000000000000: 00000003 00000000 00000000 0005 03 16526
0000000000000000: 00000002 00000000 00000000 0002 03 16500
0000000000000000: 00000002 00000000 00000000 0002 03 11630
0000000000000000: 00000003 00000000 00000000 0005 03 14008
0000000000000000: 00000003 00000000 00000000 0001 03 12447
0000000000000000: 00000003 00000000 00000000 0005 03 16482
0000000000000000: 00000003 00000000 00000000 0005 03 16143
0000000000000000: 00000003 00000000 00000000 0005 03  1287
0000000000000000: 00000003 00000000 00000000 0005 03 14690
0000000000000000: 00000003 00000000 00000000 0005 03 13657
0000000000000000: 00000003 00000000 00000000 0001 03 11991
0000000000000000: 00000002 00000000 00000000 0002 03 16164
0000000000000000: 00000003 00000000 00000000 0005 03 10796
0000000000000000: 00000003 00000000 00000000 0005 03 16975
0000000000000000: 00000003 00000000 00000000 0005 03 13644
0000000000000000: 00000003 00000000 00000000 0005 03 11788
0000000000000000: 00000003 00000000 00000000 0005 03 13297
0000000000000000: 00000002 00000000 00000000 0002 03  6813
0000000000000000: 00000002 00000000 00000000 0002 03 13467
0000000000000000: 00000003 00000000 00000000 0005 03 16458
0000000000000000: 00000003 00000000 00000000 0005 03 12055
0000000000000000: 00000002 00000000 00000000 0002 03  9650
0000000000000000: 00000003 00000000 00000000 0001 03 11992
0000000000000000: 00000002 00000000 00000000 0002 03 11275
0000000000000000: 00000003 00000000 00000000 0005 03 12472
0000000000000000: 00000002 00000000 00000000 0002 03  7146
0000000000000000: 00000002 00000000 00000000 0002 03 13221
0000000000000000: 00000003 00000000 00000000 0005 03 14166
0000000000000000: 00000002 00000000 00000000 0002 03 16775
0000000000000000: 00000002 00000000 00000000 0002 03 13634
0000000000000000: 00000003 00000000 00000000 0005 03 16957
0000000000000000: 00000002 00000000 00000000 0002 03  6509
0000000000000000: 00000003 00000000 00000000 0005 03 12450
0000000000000000: 00000002 00000000 00000000 0002 03  7242
0000000000000000: 00000002 00000000 00000000 0002 03 11540
0000000000000000: 00000003 00000000 00000000 0001 03  7867
0000000000000000: 00000002 00000000 00000000 0002 03 15359
0000000000000000: 00000003 00000000 00000000 0005 03 10829
0000000000000000: 00000003 00000000 00000000 0005 03 11355
0000000000000000: 00000002 00000000 00000000 0002 01  9734
0000000000000000: 00000002 00000000 00000000 0002 03 12966
0000000000000000: 00000002 00000000 00000000 0002 03 15603
0000000000000000: 00000002 00000000 00000000 0002 03 14652
0000000000000000: 00000003 00000000 00000000 0005 03 12468
0000000000000000: 00000002 00000000 00000000 0002 03 12020
0000000000000000: 00000002 00000000 00000000 0002 03  7177
0000000000000000: 00000003 00000000 00000000 0005 03 13409
0000000000000000: 00000002 00000000 00000000 0002 01  3276
0000000000000000: 00000003 00000000 00000000 0005 03 11769
0000000000000000: 00000003 00000000 00000000 0001 03  6859
0000000000000000: 00000002 00000000 00000000 0002 03 14290
0000000000000000: 00000003 00000000 00000000 0001 03  6516
0000000000000000: 00000003 00000000 00000000 0005 03 12927
0000000000000000: 00000003 00000000 00000000 0005 03 10699
0000000000000000: 00000003 00000000 00000000 0005 03 13817
0000000000000000: 00000002 00000000 00000000 0002 03 16469
0000000000000000: 00000003 00000000 00000000 0005 03 11357 @jdwp-control
0000000000000000: 00000002 00000000 00000000 0002 03 15373
0000000000000000: 00000003 00000000 00000000 0005 03 12043
0000000000000000: 00000002 00000000 00000000 0002 03 17065
0000000000000000: 00000003 00000000 00000000 0005 03  1268
0000000000000000: 00000002 00000000 00000000 0002 03 14683
0000000000000000: 00000003 00000000 00000000 0005 03 14693
0000000000000000: 00000003 00000000 00000000 0005 03 12418
0000000000000000: 00000002 00000000 00000000 0002 03  8251
0000000000000000: 00000002 00000000 00000000 0002 03  6669
0000000000000000: 00000003 00000000 00000000 0005 03 14167
0000000000000000: 00000003 00000000 00000000 0005 03 12252
0000000000000000: 00000003 00000000 00000000 0005 03 11304
0000000000000000: 00000002 00000000 00000000 0002 03 13139
0000000000000000: 00000002 00000000 00000000 0002 03 10815
0000000000000000: 00000002 00000000 00000000 0002 03  3505
0000000000000000: 00000003 00000000 00000000 0005 03 16381
0000000000000000: 00000003 00000000 00000000 0005 03 12424
0000000000000000: 00000002 00000000 00000000 0002 03 14330
0000000000000000: 00000002 00000000 00000000 0002 03  7300
0000000000000000: 00000003 00000000 00000000 0005 03 12928
0000000000000000: 00000002 00000000 00000000 0002 03 11667
0000000000000000: 00000003 00000000 00000000 0005 03 12051
0000000000000000: 00000002 00000000 00000000 0002 03 14144
0000000000000000: 00000002 00000000 00000000 0002 03 11916
0000000000000000: 00000003 00000000 00000000 0005 03 11869
0000000000000000: 00000002 00000000 00000000 0002 03  6938
0000000000000000: 00000003 00000000 00000000 0005 03 12931
0000000000000000: 00000002 00000000 00000000 0002 03 16864
0000000000000000: 00000002 00000000 00000000 0002 03 13405
0000000000000000: 00000002 00000000 00000000 0002 03 12463
0000000000000000: 00000002 00000000 00010000 0001 01 16839 @webview_devtools_remote_3032
0000000000000000: 00000002 00000000 00010000 0001 01 15122 @stetho_com.google.android.apps.messaging_devtools_remote
0000000000000000: 00000002 00000000 00010000 0001 01 13799 @stetho_com.google.android.apps.messaging:rcs_devtools_remote
0000000000000000: 00000002 00000000 00010000 0001 01 11561 @com.android.internal.os.WebViewZygoteInit/c48bb2b1-c432-49c9-814c-e9d586668412
0000000000000000: 00000002 00000000 00010000 0005 01  7930 @jdwp-control
