INFO         | Android emulator version 36.4.9.0 (build_id 14788078) (CL:N/A)
INFO         | Graphics backend: gfxstream
INFO         | Found systemPath /Users/xavier/Library/Android/sdk/system-images/android-36.1/google_apis_playstore/arm64-v8a/
WARNING      | Please update the emulator to one that supports the feature(s): VulkanVirtualQueue
INFO         | Guest GLES Driver: Auto (ext controls)
INFO         | emuglConfig_init: vulkan_mode_selected:host gles_mode_selected:host
INFO         | Checking system compatibility:
INFO         |   Checking: hasSufficientDiskSpace
INFO         |      Ok: Disk space requirements to run avd: `Codex_Webdriver_Raw_API36_1` are met
INFO         |   Checking: hasSufficientHwGpu
INFO         |      Ok: Hardware GPU requirements to run avd: `Codex_Webdriver_Raw_API36_1` are passed
INFO         |   Checking: hasSufficientSystem
INFO         |      Ok: System requirements to run avd: `Codex_Webdriver_Raw_API36_1` are met
INFO         | Storing crashdata in: /tmp/android-xavier/emu-crash-36.4.9.db, detection is enabled for process: 11886
INFO         | Initializing gfxstream backend
INFO         | android_startOpenglesRenderer: gpu info
INFO         | 
INFO         | Setting ICD filenames for the loader = /Users/xavier/Library/Android/sdk/emulator/lib64/vulkan/MoltenVK_icd.json
INFO         | SharedLibrary::open for [/Users/xavier/Library/Android/sdk/emulator/qemu/darwin-aarch64/lib64/vulkan/libvulkan.dylib]
INFO         | Added library: /Users/xavier/Library/Android/sdk/emulator/qemu/darwin-aarch64/lib64/vulkan/libvulkan.dylib
INFO         | Enabling Vulkan portability.
INFO         | Selecting Vulkan device: Apple M4, Version: 1.1.323
INFO         | Initializing VkEmulation features:
INFO         |     glInteropSupported: false
INFO         |     useDeferredCommands: true
INFO         |     createResourceWithRequirements: true
INFO         |     useVulkanComposition: false
INFO         |     useVulkanNativeSwapchain: false
INFO         |     enable guestRenderDoc: false
INFO         |     ASTC LDR emulation mode: Gpu
INFO         |     enable ETC2 emulation: true
INFO         |     enable Ycbcr emulation: false
INFO         |     guestVulkanOnly: false
INFO         |     useDedicatedAllocations: false
INFO         | Graphics Adapter Vendor Google (Apple)
INFO         | Graphics Adapter Android Emulator OpenGL ES Translator (Apple M4)
INFO         | Graphics API Version OpenGL ES 3.0 (4.1 Metal - 89.4)
INFO         | Graphics API Extensions GL_OES_EGL_sync GL_OES_EGL_image GL_OES_EGL_image_external GL_OES_depth24 GL_OES_depth32 GL_OES_element_index_uint GL_OES_texture_float GL_OES_texture_float_linear GL_OES_compressed_paletted_texture GL_OES_compressed_ETC1_RGB8_texture GL_OES_depth_texture GL_OES_texture_npot GL_OES_rgb8_rgba8 GL_EXT_color_buffer_float GL_EXT_color_buffer_half_float GL_EXT_texture_format_BGRA8888 GL_APPLE_texture_format_BGRA8888 
INFO         | Graphics Device Extensions N/A
INFO         | Disabling sparse binding feature support
INFO         | Sending adb public key [QAAAADPI2RQFjZkKv+7wkOLGy6uGDQD9Xc7LFgzGfj0TRO/4P+3B33hGHIWIldLmpjN8xIkN2xfvU3BaFXkeJ5RIFj75vciPVup1f9VRPoa3AMUc7LKcWq05CSI3kigU1VCvsT3aST5YC4SG2Rhx2t7Rizao9BrXs3cu3YyHNOcolux6xQUuo8hJDLX8w1IQxsGz37P6RigYv2cre8KFk/LzQzwmehGBgSnAR94LaK19YLBZBbB8gE9WfcgZsGXeR9B9Cjcl3XJrLVFDoZhw5oOGcteZzl7Fy1SGy1NKOXyVQQyeY4Ys44qKcrP3e/aAJWuYIAwvv1whD2NTbG82amecqWLhjxreSlDPnA5LO5idxJRMPJc2myyv+3vgyMixwCByo1utsqnBxDIIr5aBNZ+1OFU85/9VwU9uVfJrbqBtlyweCr+WoJT5+CPhxbW67sCnG2K8CJlxXfkGVJ0XHxzujuo0c5VaDVeo3AVC1KsHbr3LzArZxEPB+wwtv91/UAtsQcrTToY6JVsWFZNNLiQ2uRKy7ncQ8eds0SjrhkknspJ2fREbxaIna8hW/s55BDh8vAdwnV8vcTOlZAzQOBN5e6MKmI+Hb3MZGdMqRJtE1+hh7mRH3yL2so51lRWi+F5Yqnmy/513OHC7KHFUWRaxZjVG4BSkpHBTYwfYeD8h8DA6kVd5CAEAAQA= xavier@unknown]
INFO         | Userspace boot properties:
INFO         |   androidboot.boot_devices=a003600.virtio_mmio
INFO         |   androidboot.dalvik.vm.heapsize=512m
INFO         |   androidboot.debug.hwui.renderer=skiagl
INFO         |   androidboot.debug.sf.nobootanimation=1
INFO         |   androidboot.hardware=ranchu
INFO         |   androidboot.hardware.gltransport=pipe
INFO         |   androidboot.hardware.vulkan=ranchu
INFO         |   androidboot.logcat=*:V
INFO         |   androidboot.opengles.version=196608
INFO         |   androidboot.qemu=1
INFO         |   androidboot.qemu.adb.pubkey=QAAAADPI2RQFjZkKv+7wkOLGy6uGDQD9Xc7LFgzGfj0TRO/4P+3B33hGHIWIldLmpjN8xIkN2xfvU3BaFXkeJ5RIFj75vciPVup1f9VRPoa3AMUc7LKcWq05CSI3kigU1VCvsT3aST5YC4SG2Rhx2t7Rizao9BrXs3cu3YyHNOcolux6xQUuo8hJDLX8w1IQxsGz37P6RigYv2cre8KFk/LzQzwmehGBgSnAR94LaK19YLBZBbB8gE9WfcgZsGXeR9B9Cjcl3XJrLVFDoZhw5oOGcteZzl7Fy1SGy1NKOXyVQQyeY4Ys44qKcrP3e/aAJWuYIAwvv1whD2NTbG82amecqWLhjxreSlDPnA5LO5idxJRMPJc2myyv+3vgyMixwCByo1utsqnBxDIIr5aBNZ+1OFU85/9VwU9uVfJrbqBtlyweCr+WoJT5+CPhxbW67sCnG2K8CJlxXfkGVJ0XHxzujuo0c5VaDVeo3AVC1KsHbr3LzArZxEPB+wwtv91/UAtsQcrTToY6JVsWFZNNLiQ2uRKy7ncQ8eds0SjrhkknspJ2fREbxaIna8hW/s55BDh8vAdwnV8vcTOlZAzQOBN5e6MKmI+Hb3MZGdMqRJtE1+hh7mRH3yL2so51lRWi+F5Yqnmy/513OHC7KHFUWRaxZjVG4BSkpHBTYwfYeD8h8DA6kVd5CAEAAQA= xavier@unknown
INFO         |   androidboot.qemu.avd_name=Codex_Webdriver_Raw_API36_1
INFO         |   androidboot.qemu.camera_hq_edge_processing=0
INFO         |   androidboot.qemu.camera_protocol_ver=1
INFO         |   androidboot.qemu.cpuvulkan.version=4202496
INFO         |   androidboot.qemu.gltransport.drawFlushInterval=800
INFO         |   androidboot.qemu.gltransport.name=pipe
INFO         |   androidboot.qemu.hwcodec.avcdec=2
INFO         |   androidboot.qemu.hwcodec.hevcdec=2
INFO         |   androidboot.qemu.hwcodec.vpxdec=2
INFO         |   androidboot.qemu.settings.system.screen_off_timeout=2147483647
INFO         |   androidboot.qemu.skin=1080x2400
INFO         |   androidboot.qemu.virtiowifi=1
INFO         |   androidboot.qemu.vsync=60
INFO         |   androidboot.serialno=EMULATOR36X4X9X0
INFO         |   androidboot.vbmeta.digest=ad488d287a40d2a1b51348f0b86e7545b016163b9793e4ba3491d16b4c8a5e18
INFO         |   androidboot.vbmeta.hash_alg=sha256
INFO         |   androidboot.vbmeta.size=6720
INFO         |   androidboot.veritymode=enforcing
INFO         | Monitoring duration of emulator setup.
WARNING      | Requested adb port (5671) is outside the recommended range [5555,5586]. ADB may not function properly for the emulator. See -help-port for details.
INFO         | Setting display: 0 configuration to: 1080x2400, dpi: 420x420 
INFO         | setDisplayActiveConfig 0
INFO         | Activated packet streamer for uwb emulation
INFO         | Activated packet streamer for bluetooth emulation
INFO         | Boot completed in 11385 ms
INFO         | Increasing screen off timeout, logcat buffer size to 2M.
INFO         | Created VkInstance:0x120e9aa00 for application:'' engine:''.
INFO         | Destroyed VkInstance:0x120e9aa00 for application:'' engine:''.
INFO         | Created VkInstance:0x120d84000 for application:'' engine:''.
INFO         | Destroyed VkInstance:0x120d84000 for application:'' engine:''.
INFO         | Created VkInstance:0x120ee4c00 for application:'' engine:''.
INFO         | Destroyed VkInstance:0x120ee4c00 for application:'' engine:''.
INFO         | Wait for emulator (pid 11886) 20 seconds to shutdown gracefully before kill;you can set environment variable ANDROID_EMULATOR_WAIT_TIME_BEFORE_KILL(in seconds) to change the default value (20 seconds)

USER_INFO    | Snapshots have been disabled by the user, save request is ignored.
INFO         | Saving snapshot 'default_boot' using 0 ms
WARNING      | Emulator client has not yet been configured.. Call configure me first!
