Activity Resolver Table:
  Non-Data Actions:
      android.intent.action.MAIN:
        1bae7a com.example.hybridguard.featureapp/.MainActivity filter 1e989b2
          Action: "android.intent.action.MAIN"
          Category: "android.intent.category.LAUNCHER"

Receiver Resolver Table:
  Non-Data Actions:
      android.intent.action.BATTERY_OKAY:
        74ea62b com.example.hybridguard.featureapp/androidx.work.impl.background.systemalarm.ConstraintProxy$BatteryNotLowProxy filter 1ea480
          Action: "android.intent.action.BATTERY_OKAY"
          Action: "android.intent.action.BATTERY_LOW"
      android.intent.action.ACTION_POWER_DISCONNECTED:
        3600a88 com.example.hybridguard.featureapp/androidx.work.impl.background.systemalarm.ConstraintProxy$BatteryChargingProxy filter a100d03
          Action: "android.intent.action.ACTION_POWER_CONNECTED"
          Action: "android.intent.action.ACTION_POWER_DISCONNECTED"
      androidx.profileinstaller.action.SAVE_PROFILE:
        4a1c21 com.example.hybridguard.featureapp/androidx.profileinstaller.ProfileInstallReceiver filter 4dc8398
          Action: "androidx.profileinstaller.action.SAVE_PROFILE"
      android.intent.action.DEVICE_STORAGE_LOW:
        6a63846 com.example.hybridguard.featureapp/androidx.work.impl.background.systemalarm.ConstraintProxy$StorageNotLowProxy filter e2b3ab9
          Action: "android.intent.action.DEVICE_STORAGE_LOW"
          Action: "android.intent.action.DEVICE_STORAGE_OK"
      android.net.conn.CONNECTIVITY_CHANGE:
        60f7a07 com.example.hybridguard.featureapp/androidx.work.impl.background.systemalarm.ConstraintProxy$NetworkStateProxy filter 8628efe
          Action: "android.net.conn.CONNECTIVITY_CHANGE"
      android.intent.action.DEVICE_STORAGE_OK:
        6a63846 com.example.hybridguard.featureapp/androidx.work.impl.background.systemalarm.ConstraintProxy$StorageNotLowProxy filter e2b3ab9
          Action: "android.intent.action.DEVICE_STORAGE_LOW"
          Action: "android.intent.action.DEVICE_STORAGE_OK"
      androidx.profileinstaller.action.INSTALL_PROFILE:
        4a1c21 com.example.hybridguard.featureapp/androidx.profileinstaller.ProfileInstallReceiver filter 7d49d0a
          Action: "androidx.profileinstaller.action.INSTALL_PROFILE"
      android.intent.action.BATTERY_LOW:
        74ea62b com.example.hybridguard.featureapp/androidx.work.impl.background.systemalarm.ConstraintProxy$BatteryNotLowProxy filter 1ea480
          Action: "android.intent.action.BATTERY_OKAY"
          Action: "android.intent.action.BATTERY_LOW"
      android.intent.action.TIMEZONE_CHANGED:
        42f4734 com.example.hybridguard.featureapp/androidx.work.impl.background.systemalarm.RescheduleReceiver filter ffc765f
          Action: "android.intent.action.BOOT_COMPLETED"
          Action: "android.intent.action.TIME_SET"
          Action: "android.intent.action.TIMEZONE_CHANGED"
      android.intent.action.TIME_SET:
        42f4734 com.example.hybridguard.featureapp/androidx.work.impl.background.systemalarm.RescheduleReceiver filter ffc765f
          Action: "android.intent.action.BOOT_COMPLETED"
          Action: "android.intent.action.TIME_SET"
          Action: "android.intent.action.TIMEZONE_CHANGED"
      androidx.profileinstaller.action.SKIP_FILE:
        4a1c21 com.example.hybridguard.featureapp/androidx.profileinstaller.ProfileInstallReceiver filter d1c197b
          Action: "androidx.profileinstaller.action.SKIP_FILE"
      androidx.profileinstaller.action.BENCHMARK_OPERATION:
        4a1c21 com.example.hybridguard.featureapp/androidx.profileinstaller.ProfileInstallReceiver filter 18c87f1
          Action: "androidx.profileinstaller.action.BENCHMARK_OPERATION"
      android.intent.action.BOOT_COMPLETED:
        42f4734 com.example.hybridguard.featureapp/androidx.work.impl.background.systemalarm.RescheduleReceiver filter ffc765f
          Action: "android.intent.action.BOOT_COMPLETED"
          Action: "android.intent.action.TIME_SET"
          Action: "android.intent.action.TIMEZONE_CHANGED"
      android.intent.action.ACTION_POWER_CONNECTED:
        3600a88 com.example.hybridguard.featureapp/androidx.work.impl.background.systemalarm.ConstraintProxy$BatteryChargingProxy filter a100d03
          Action: "android.intent.action.ACTION_POWER_CONNECTED"
          Action: "android.intent.action.ACTION_POWER_DISCONNECTED"
      androidx.work.diagnostics.REQUEST_DIAGNOSTICS:
        60b595d com.example.hybridguard.featureapp/androidx.work.impl.diagnostics.DiagnosticsReceiver filter 7bbc975
          Action: "androidx.work.diagnostics.REQUEST_DIAGNOSTICS"
      androidx.work.impl.background.systemalarm.UpdateProxies:
        2fd92d2 com.example.hybridguard.featureapp/androidx.work.impl.background.systemalarm.ConstraintProxyUpdateReceiver filter 70988ac
          Action: "androidx.work.impl.background.systemalarm.UpdateProxies"

Permissions:
  Permission [com.example.hybridguard.featureapp.DYNAMIC_RECEIVER_NOT_EXPORTED_PERMISSION] (91fafa3):
    sourcePackage=com.example.hybridguard.featureapp
    uid=10144 gids=null type=0 prot=signature
    perm=Permission{513a2a0 com.example.hybridguard.featureapp.DYNAMIC_RECEIVER_NOT_EXPORTED_PERMISSION}
    packageSetting=PackageSetting{ca92e59 com.example.hybridguard.featureapp/10144}

Registered ContentProviders:
  com.example.hybridguard.featureapp/androidx.startup.InitializationProvider:
    Provider{1fe0a1e com.example.hybridguard.featureapp/androidx.startup.InitializationProvider}

ContentProvider Authorities:
  [com.example.hybridguard.featureapp.androidx-startup]:
    Provider{1fe0a1e com.example.hybridguard.featureapp/androidx.startup.InitializationProvider}
      applicationInfo=ApplicationInfo{173a2ff com.example.hybridguard.featureapp}

Key Set Manager:
  [com.example.hybridguard.featureapp]
      Signing KeySets: 29

Packages:
  Package [com.example.hybridguard.featureapp] (ca92e59):
    userId=10144
    pkg=Package{a2048cc com.example.hybridguard.featureapp}
    codePath=/data/app/com.example.hybridguard.featureapp-3fDSHnPO_al9W_YKa-TQtQ==
    resourcePath=/data/app/com.example.hybridguard.featureapp-3fDSHnPO_al9W_YKa-TQtQ==
    legacyNativeLibraryDir=/data/app/com.example.hybridguard.featureapp-3fDSHnPO_al9W_YKa-TQtQ==/lib
    primaryCpuAbi=null
    secondaryCpuAbi=null
    versionCode=13 minSdk=21 targetSdk=36
    versionName=1.6.6-expanded-v2.2-webgl2-probe
    splits=[base]
    apkSigningVersion=2
    applicationInfo=ApplicationInfo{173a2ff com.example.hybridguard.featureapp}
    flags=[ DEBUGGABLE HAS_CODE ALLOW_CLEAR_USER_DATA ]
    privateFlags=[ PRIVATE_FLAG_ACTIVITIES_RESIZE_MODE_RESIZEABLE_VIA_SDK_VERSION ALLOW_AUDIO_PLAYBACK_CAPTURE PARTIALLY_DIRECT_BOOT_AWARE ]
    dataDir=/data/user/0/com.example.hybridguard.featureapp
    supportsScreens=[small, medium, large, xlarge, resizeable, anyDensity]
    timeStamp=2026-10-01 14:32:41
    firstInstallTime=2026-09-30 21:32:58
    lastUpdateTime=2026-10-01 14:32:41
    signatures=PackageSignatures{fb55715 version:2, signatures:[b936dc11], past signatures:[]}
    installPermissionsFixed=true
    pkgFlags=[ DEBUGGABLE HAS_CODE ALLOW_CLEAR_USER_DATA ]
    declared permissions:
      com.example.hybridguard.featureapp.DYNAMIC_RECEIVER_NOT_EXPORTED_PERMISSION: prot=signature, INSTALLED
    requested permissions:
      android.permission.INTERNET
      android.permission.ACCESS_NETWORK_STATE
      android.permission.WAKE_LOCK
      android.permission.RECEIVE_BOOT_COMPLETED
      android.permission.FOREGROUND_SERVICE
      com.example.hybridguard.featureapp.DYNAMIC_RECEIVER_NOT_EXPORTED_PERMISSION
    install permissions:
      android.permission.FOREGROUND_SERVICE: granted=true
      android.permission.RECEIVE_BOOT_COMPLETED: granted=true
      com.example.hybridguard.featureapp.DYNAMIC_RECEIVER_NOT_EXPORTED_PERMISSION: granted=true
      android.permission.INTERNET: granted=true
      android.permission.ACCESS_NETWORK_STATE: granted=true
      android.permission.WAKE_LOCK: granted=true
    User 0: ceDataInode=132081 installed=true hidden=false suspended=false stopped=false notLaunched=false enabled=0 instant=false virtual=false
      gids=[3003]
      runtime permissions:
      enabledComponents:
        androidx.work.impl.background.systemalarm.RescheduleReceiver
        androidx.work.impl.background.systemjob.SystemJobService

Package Changes:
  Sequence number=1
  User 0:
    seq=0, package=com.example.hybridguard.featureapp


Dexopt state:
  [com.example.hybridguard.featureapp]
    path: /data/app/com.example.hybridguard.featureapp-3fDSHnPO_al9W_YKa-TQtQ==/base.apk
      arm64: [status=run-from-apk] [reason=unknown]


Compiler stats:
  [com.example.hybridguard.featureapp]
    (No recorded stats)

Active APEX packages:


Inactive APEX packages:


Factory APEX packages:


  APEX session state:
