START cdp-r1-clean_pre
ACCEPT cdp-r1-clean_pre 3045193b-ab2b-4502-9069-6d0b82ef07dd
START cdp-r1-attack
ACCEPT cdp-r1-attack 86704df4-7cf8-4d45-b965-019b8e544059
START cdp-r1-clean_post
ACCEPT cdp-r1-clean_post c2369011-0425-4488-9bba-d221e8869909
START cdp-r2-clean_pre
ACCEPT cdp-r2-clean_pre 5968068c-efe8-46f1-8090-350cd34ab703
START cdp-r2-attack
ACCEPT cdp-r2-attack 1641cadf-9824-481f-a732-75b8494ef045
START cdp-r2-clean_post
ACCEPT cdp-r2-clean_post 30432ac9-8e6b-4dc1-b771-4580ba50cdd0
START cdp-r3-clean_pre
ACCEPT cdp-r3-clean_pre a5c24e78-d570-4054-9438-737d01ac09df
START cdp-r3-attack
ACCEPT cdp-r3-attack f5d86f35-f2cc-4657-b4da-530c56c936f2
START cdp-r3-clean_post
ACCEPT cdp-r3-clean_post 9561e383-d766-4492-aa69-b7c5d7a9a138
START playwright-r1-clean_pre
ACCEPT playwright-r1-clean_pre 7a6a055a-1d91-4712-9311-0acb20e19498
START playwright-r1-attack
ACCEPT playwright-r1-attack defa3963-d242-486b-a7d8-b692b1d59284
START playwright-r1-clean_post
ACCEPT playwright-r1-clean_post 9e6bba25-1a85-43e0-9775-1464e60692d0
START playwright-r2-clean_pre
ACCEPT playwright-r2-clean_pre 955a27db-a550-4941-a863-318d5567017d
START playwright-r2-attack
ACCEPT playwright-r2-attack 02af887e-8096-4807-9d1d-19a4566d3a04
START playwright-r2-clean_post
ACCEPT playwright-r2-clean_post 4776bbdc-4c0f-4839-9154-ceb7f4e03731
START playwright-r3-clean_pre
ACCEPT playwright-r3-clean_pre 6091413d-901c-4ac4-846b-a9b651a78123
START playwright-r3-attack
ACCEPT playwright-r3-attack 2592b316-3b0e-4efe-b26c-7f2fbfe7c194
START playwright-r3-clean_post
ACCEPT playwright-r3-clean_post b9b4baba-b150-40cb-bdd4-ec29fdd6bb99
START puppeteer-r1-clean_pre
ACCEPT puppeteer-r1-clean_pre a27901a7-2f8c-4691-ad7f-6b9e8dfd677e
START puppeteer-r1-attack
ACCEPT puppeteer-r1-attack 10e090ac-d319-4c42-97e9-ed75a1a48608
START puppeteer-r1-clean_post
ACCEPT puppeteer-r1-clean_post bb3a3361-9ff6-4569-b970-b45bba809117
START puppeteer-r2-clean_pre
ACCEPT puppeteer-r2-clean_pre 8d10e287-479c-4114-becc-26596c81f1f4
START puppeteer-r2-attack
ACCEPT puppeteer-r2-attack d37404db-96ce-4b5d-8dd5-a6addf7cbe7b
START puppeteer-r2-clean_post
ACCEPT puppeteer-r2-clean_post ca5d1f08-b3e5-4db9-bf88-82165789d330
START puppeteer-r3-clean_pre
ACCEPT puppeteer-r3-clean_pre 9019d623-0d38-4bf0-8c4d-a962a206cb44
START puppeteer-r3-attack
ACCEPT puppeteer-r3-attack b1e76dba-a068-4d2f-8084-ebe95ecffa16
START puppeteer-r3-clean_post
ACCEPT puppeteer-r3-clean_post 78b83a5a-7826-49f3-9ddc-422577bd4189
START stealth-r1-clean_pre
ACCEPT stealth-r1-clean_pre 897abfa1-2d61-4e99-976d-a5b7a97eb206
START stealth-r1-attack
ACCEPT stealth-r1-attack 560cb7a3-e3ed-4053-9f85-ed9f6992b391
START stealth-r1-clean_post
ACCEPT stealth-r1-clean_post 215b74c6-e51a-4d57-9e23-52a92d617e9d
START stealth-r2-clean_pre
ACCEPT stealth-r2-clean_pre d6cabc90-34fb-4d00-86cb-1786dd9569e4
START stealth-r2-attack
ACCEPT stealth-r2-attack a66484ac-22fe-4dd3-a05b-0e776bdd21e5
START stealth-r2-clean_post
ACCEPT stealth-r2-clean_post 9b49062e-f735-4ab4-8fb5-842fee775bc1
START stealth-r3-clean_pre
ACCEPT stealth-r3-clean_pre db57f706-70ab-47f0-8592-4c13f4a5cc23
START stealth-r3-attack
ACCEPT stealth-r3-attack c6cefb73-2deb-4d64-9f86-9d9ee04e841a
START stealth-r3-clean_post
ACCEPT stealth-r3-clean_post f2a5c349-2000-4c0b-b054-8bb727ba9457
START cdp_ua_only_v1-r1-clean_pre
ACCEPT cdp_ua_only_v1-r1-clean_pre 802aa1f5-47b5-43a1-94b4-37347f3cc72e
START cdp_ua_only_v1-r1-attack
ACCEPT cdp_ua_only_v1-r1-attack c593b309-b111-41d8-8b42-517430794674
START cdp_ua_only_v1-r1-clean_post
ACCEPT cdp_ua_only_v1-r1-clean_post b01d10cb-8f61-470d-b0ac-0b3470dbaf08
START cdp_ua_only_v1-r2-clean_pre
ACCEPT cdp_ua_only_v1-r2-clean_pre 73406623-a3ed-40ee-8def-5a5a1f7ec3e8
START cdp_ua_only_v1-r2-attack
ACCEPT cdp_ua_only_v1-r2-attack e915f664-e191-4a97-8ac5-2e7520d877ff
START cdp_ua_only_v1-r2-clean_post
ACCEPT cdp_ua_only_v1-r2-clean_post c824d393-7fef-43e2-a75c-28763e776d40
START cdp_ua_only_v1-r3-clean_pre
ACCEPT cdp_ua_only_v1-r3-clean_pre ea99d973-4604-41ff-9d80-7b9b8ed5800b
START cdp_ua_only_v1-r3-attack
ACCEPT cdp_ua_only_v1-r3-attack 0b8fa2d9-3553-4d4b-9d68-cb2a24d3dbd0
START cdp_ua_only_v1-r3-clean_post
ACCEPT cdp_ua_only_v1-r3-clean_post 45fd5511-d18c-402f-b5c7-5ac1484c1324
START cdp_platform_only_v1-r1-clean_pre
ACCEPT cdp_platform_only_v1-r1-clean_pre 737e5fb4-f903-4714-9cb4-e0a40332bfb6
START cdp_platform_only_v1-r1-attack
ACCEPT cdp_platform_only_v1-r1-attack bf9fbf7e-3b44-4408-9a75-734171ea563b
START cdp_platform_only_v1-r1-clean_post
ACCEPT cdp_platform_only_v1-r1-clean_post 898c546b-a29d-464a-93c9-f39a56c87240
START cdp_platform_only_v1-r2-clean_pre
ACCEPT cdp_platform_only_v1-r2-clean_pre aab984c3-850a-4d80-8a85-b9f155ab867c
START cdp_platform_only_v1-r2-attack
ACCEPT cdp_platform_only_v1-r2-attack d651d0f2-42e3-443d-bfbe-cbda4698df38
START cdp_platform_only_v1-r2-clean_post
ACCEPT cdp_platform_only_v1-r2-clean_post 83199603-a92d-4123-aed3-825b8f355048
START cdp_platform_only_v1-r3-clean_pre
ACCEPT cdp_platform_only_v1-r3-clean_pre 051fc602-9d6d-42df-9ea3-cbdc2d6b23b3
START cdp_platform_only_v1-r3-attack
ACCEPT cdp_platform_only_v1-r3-attack af4fb203-8cec-43c6-9e37-d5041240b60b
START cdp_platform_only_v1-r3-clean_post
ACCEPT cdp_platform_only_v1-r3-clean_post 77d9eea6-5dd8-4647-874f-a4858189b27b
START cdp_ua_platform_desktop_v1-r1-clean_pre
ACCEPT cdp_ua_platform_desktop_v1-r1-clean_pre 4cdd656d-3c75-497e-bae8-fc0ca7ce02d2
START cdp_ua_platform_desktop_v1-r1-attack
ACCEPT cdp_ua_platform_desktop_v1-r1-attack 06364f55-ec37-4b25-b779-f9ed78c8ecf3
START cdp_ua_platform_desktop_v1-r1-clean_post
ACCEPT cdp_ua_platform_desktop_v1-r1-clean_post 18a11d28-d335-415f-b6ca-cdc8b3a74836
START cdp_ua_platform_desktop_v1-r2-clean_pre
ACCEPT cdp_ua_platform_desktop_v1-r2-clean_pre 86b23c42-a622-4077-a70e-b21963719501
START cdp_ua_platform_desktop_v1-r2-attack
ACCEPT cdp_ua_platform_desktop_v1-r2-attack 52be4f4c-8e89-4080-9c61-25701739702f
START cdp_ua_platform_desktop_v1-r2-clean_post
ACCEPT cdp_ua_platform_desktop_v1-r2-clean_post bb28d72b-d5ef-4cde-b293-2e44a122686d
START cdp_ua_platform_desktop_v1-r3-clean_pre
ACCEPT cdp_ua_platform_desktop_v1-r3-clean_pre 86afedab-6744-4cf8-abd2-975d2e4cfdc5
START cdp_ua_platform_desktop_v1-r3-attack
ACCEPT cdp_ua_platform_desktop_v1-r3-attack c70fe016-e4ba-4dcf-8885-3576c640a99e
START cdp_ua_platform_desktop_v1-r3-clean_post
ACCEPT cdp_ua_platform_desktop_v1-r3-clean_post 119db0b8-ed55-4c60-b6cf-e26072a5c736
START cdp_resource_pair_v1-r1-clean_pre
ACCEPT cdp_resource_pair_v1-r1-clean_pre 0d7559f7-1ef5-43db-9c9c-f56c385faa4e
START cdp_resource_pair_v1-r1-attack
ACCEPT cdp_resource_pair_v1-r1-attack b8dc3968-1001-4e65-9b6a-166fd080776b
START cdp_resource_pair_v1-r1-clean_post
ACCEPT cdp_resource_pair_v1-r1-clean_post f21cc5cc-194c-4bdc-a02a-ed047dc943a7
START cdp_resource_pair_v1-r2-clean_pre
ACCEPT cdp_resource_pair_v1-r2-clean_pre efda3855-6c97-4172-b9a5-22cbf1166877
START cdp_resource_pair_v1-r2-attack
ACCEPT cdp_resource_pair_v1-r2-attack c0b2a6e7-8da0-43f0-9b08-1fd5a5f984bf
START cdp_resource_pair_v1-r2-clean_post
ACCEPT cdp_resource_pair_v1-r2-clean_post 2830241d-fd3f-429c-a10d-11f9851e2cee
START cdp_resource_pair_v1-r3-clean_pre
ACCEPT cdp_resource_pair_v1-r3-clean_pre c8a511ce-dcf0-4a54-b59c-803fe97ea5ec
START cdp_resource_pair_v1-r3-attack
ACCEPT cdp_resource_pair_v1-r3-attack 1a7ad58e-6217-47da-8cac-fd10ab1ff750
START cdp_resource_pair_v1-r3-clean_post
ACCEPT cdp_resource_pair_v1-r3-clean_post 3e429e8a-b871-409e-ba47-242c3af7ae49
START cdp_timezone_only_v1-r1-clean_pre
ACCEPT cdp_timezone_only_v1-r1-clean_pre dd2b0813-b64e-4678-835d-41244c3ad982
START cdp_timezone_only_v1-r1-attack
Traceback (most recent call last):
  File "/Users/xavier/毕业设计/RBA-Cross-Device-Fingerprint/deliverables/rule_semantics_raw_only_expansion_v1/run_expansion.py", line 136, in <module>
    campaign.collect(step)
    ~~~~~~~~~~~~~~~~^^^^^^
  File "/Users/xavier/毕业设计/RBA-Cross-Device-Fingerprint/deliverables/rule_semantics_raw_only_expansion_v1/run_expansion.py", line 96, in collect
    super().collect(step)
    ~~~~~~~~~~~~~~~^^^^^^
  File "/Users/xavier/毕业设计/RBA-Cross-Device-Fingerprint/deliverables/featureapp_webdriver_runtime_v1/run_local_campaign.py", line 219, in collect
    evidence = self.run_injection(step, step_dir)
  File "/Users/xavier/毕业设计/RBA-Cross-Device-Fingerprint/deliverables/rule_semantics_raw_only_expansion_v1/run_expansion.py", line 64, in run_injection
    receipt = super().run_injection(step,step_dir)
  File "/Users/xavier/毕业设计/RBA-Cross-Device-Fingerprint/deliverables/featureapp_webdriver_runtime_v1/run_local_campaign.py", line 186, in run_injection
    raise RuntimeError(f"Low-level runner did not observe its declared profile: {result.get('status')}")
RuntimeError: Low-level runner did not observe its declared profile: ROLLBACK_FAILED
