START cdp-r1-clean_pre
ACCEPT cdp-r1-clean_pre ee05367f-db1c-44a3-b45d-4d79b0561dcd
START cdp-r1-attack
ACCEPT cdp-r1-attack b7e211d9-af27-4175-80ec-eb328ad6e023
START cdp-r1-clean_post
ACCEPT cdp-r1-clean_post 7b5813cb-cf9b-4288-8b1a-c082545857ed
START cdp-r2-clean_pre
ACCEPT cdp-r2-clean_pre aff59555-f194-4b29-9057-c228a6ab9573
START cdp-r2-attack
ACCEPT cdp-r2-attack dd30cfe8-6758-489b-a0aa-82037cd4687a
START cdp-r2-clean_post
ACCEPT cdp-r2-clean_post 96573856-f6d6-41eb-b939-84d74d9f3b81
START cdp-r3-clean_pre
ACCEPT cdp-r3-clean_pre 575d5de5-d163-4f3f-a0d7-1debc60435c6
START cdp-r3-attack
ACCEPT cdp-r3-attack cc3508de-e1ee-41a4-8e5a-f681d0b60b60
START cdp-r3-clean_post
ACCEPT cdp-r3-clean_post 03fe05d6-ac5a-473d-84ef-199aa91eebfb
START playwright-r1-clean_pre
ACCEPT playwright-r1-clean_pre bb1801fd-12a3-45a6-a441-73b3fad42819
START playwright-r1-attack
ACCEPT playwright-r1-attack 13c1a3ba-efb7-49cb-9c3b-78b62152067e
START playwright-r1-clean_post
ACCEPT playwright-r1-clean_post 0832c959-b0eb-4572-bc02-550b68425d5e
START playwright-r2-clean_pre
ACCEPT playwright-r2-clean_pre 3f77ed5a-f624-4d0c-b115-c5114c8495e3
START playwright-r2-attack
ACCEPT playwright-r2-attack 139db550-f6cb-46f3-970e-bf5e0d2331d9
START playwright-r2-clean_post
ACCEPT playwright-r2-clean_post b4023157-ec51-45c1-9aa7-d2b0531a4bfe
START playwright-r3-clean_pre
ACCEPT playwright-r3-clean_pre 069829f1-93c5-4169-b258-d5f6ff5afb72
START playwright-r3-attack
ACCEPT playwright-r3-attack fb9c7abd-041e-40fd-863c-2eac77fbe68f
START playwright-r3-clean_post
ACCEPT playwright-r3-clean_post ef08a9e2-41f4-4233-91bb-f65d3e005658
START puppeteer-r1-clean_pre
ACCEPT puppeteer-r1-clean_pre 5ca0514b-d6f2-40ea-b4b8-5d9e9981f04d
START puppeteer-r1-attack
ACCEPT puppeteer-r1-attack 1075c34f-7a60-46c1-9539-e3b639dcbe8c
START puppeteer-r1-clean_post
ACCEPT puppeteer-r1-clean_post 32f2596d-6a7b-4004-9545-a21472a1313d
START puppeteer-r2-clean_pre
ACCEPT puppeteer-r2-clean_pre 94501cc5-6abd-408d-a4fe-6bc745d97d35
START puppeteer-r2-attack
ACCEPT puppeteer-r2-attack aa34cfd5-3c73-4fd4-8524-5e74c42fa5a0
START puppeteer-r2-clean_post
ACCEPT puppeteer-r2-clean_post aa6f16bb-3963-4c81-8e04-8ad1b9d649e2
START puppeteer-r3-clean_pre
ACCEPT puppeteer-r3-clean_pre 8926b9ca-96b1-4051-bd16-8f6cddddd9a8
START puppeteer-r3-attack
ACCEPT puppeteer-r3-attack 85560072-49b3-433a-9852-f5bf97ce0aeb
START puppeteer-r3-clean_post
ACCEPT puppeteer-r3-clean_post ff502dfe-cf05-4b1c-b195-499da909c57f
START stealth-r1-clean_pre
ACCEPT stealth-r1-clean_pre d61dd88a-2886-483d-92e3-025e373f428f
START stealth-r1-attack
ACCEPT stealth-r1-attack 6e3ef6e9-8b0e-4147-9d7e-cbea27ae2b58
START stealth-r1-clean_post
ACCEPT stealth-r1-clean_post eb0ca575-a8a9-47e4-a54f-d796e15cbcf8
START stealth-r2-clean_pre
ACCEPT stealth-r2-clean_pre c18d6215-fd81-453c-b7ae-b0949d14561d
START stealth-r2-attack
ACCEPT stealth-r2-attack e7ba84a7-1558-4ee7-b8a1-c3b9e82be973
START stealth-r2-clean_post
ACCEPT stealth-r2-clean_post 4ecd659d-0f03-4d7b-9697-77772b2a87f6
START stealth-r3-clean_pre
ACCEPT stealth-r3-clean_pre 06422ca1-d744-48b9-9c48-d6b028eb4472
START stealth-r3-attack
ACCEPT stealth-r3-attack 5c9ee412-cb98-4c1e-8a75-5fba80262d54
START stealth-r3-clean_post
ACCEPT stealth-r3-clean_post 49901f43-ee5c-4ac1-b11c-7732bb1319c0
START cdp_ua_only_v1-r1-clean_pre
ACCEPT cdp_ua_only_v1-r1-clean_pre 655bf49d-f82b-4852-8b98-91ad963203fa
START cdp_ua_only_v1-r1-attack
ACCEPT cdp_ua_only_v1-r1-attack 945745fb-85c3-40dd-98a5-194823f66f42
START cdp_ua_only_v1-r1-clean_post
ACCEPT cdp_ua_only_v1-r1-clean_post eb21f497-06d4-44df-9ed2-8ce051da204b
START cdp_ua_only_v1-r2-clean_pre
ACCEPT cdp_ua_only_v1-r2-clean_pre 068b3267-1932-4b48-9364-1dc966bae40b
START cdp_ua_only_v1-r2-attack
ACCEPT cdp_ua_only_v1-r2-attack dd25d67d-a279-41e6-85e0-91f3485d6ce1
START cdp_ua_only_v1-r2-clean_post
ACCEPT cdp_ua_only_v1-r2-clean_post 9e795dc0-4834-46b2-a729-65c3607d931f
START cdp_ua_only_v1-r3-clean_pre
ACCEPT cdp_ua_only_v1-r3-clean_pre 94817eda-b7a9-4e05-8f90-4efd30c36909
START cdp_ua_only_v1-r3-attack
ACCEPT cdp_ua_only_v1-r3-attack a633cf03-9538-4d9e-ab2c-78626c16f35c
START cdp_ua_only_v1-r3-clean_post
ACCEPT cdp_ua_only_v1-r3-clean_post 6d38333c-0b58-4367-8300-54d0b30afb85
START cdp_platform_only_v1-r1-clean_pre
ACCEPT cdp_platform_only_v1-r1-clean_pre 5eb17e38-277a-492e-bac9-98d6fdd186dd
START cdp_platform_only_v1-r1-attack
ACCEPT cdp_platform_only_v1-r1-attack 1fb25324-89b3-427b-936f-b457663a2249
START cdp_platform_only_v1-r1-clean_post
ACCEPT cdp_platform_only_v1-r1-clean_post ad5819cf-d540-4a09-bdd1-21cf0ec02ebf
START cdp_platform_only_v1-r2-clean_pre
ACCEPT cdp_platform_only_v1-r2-clean_pre 4314b9ae-da18-486d-9b76-c6c33cb3b1ed
START cdp_platform_only_v1-r2-attack
ACCEPT cdp_platform_only_v1-r2-attack 2584a01b-cd7a-48fb-b2a2-fe865256beeb
START cdp_platform_only_v1-r2-clean_post
ACCEPT cdp_platform_only_v1-r2-clean_post 8d3f1aea-f625-4d3c-8321-d1d070a1254b
START cdp_platform_only_v1-r3-clean_pre
ACCEPT cdp_platform_only_v1-r3-clean_pre 0ea8ba0c-fef1-403f-a4fa-f660366289f1
START cdp_platform_only_v1-r3-attack
ACCEPT cdp_platform_only_v1-r3-attack e10510b4-fbd7-427a-af37-a49524676cb8
START cdp_platform_only_v1-r3-clean_post
ACCEPT cdp_platform_only_v1-r3-clean_post d4df8452-682d-4256-8804-c3574c32ec1c
START cdp_ua_platform_desktop_v1-r1-clean_pre
ACCEPT cdp_ua_platform_desktop_v1-r1-clean_pre 78cf3858-8358-496e-bd26-059ef8255abf
START cdp_ua_platform_desktop_v1-r1-attack
ACCEPT cdp_ua_platform_desktop_v1-r1-attack 5d5004b3-d2da-45d6-b470-71881c603da5
START cdp_ua_platform_desktop_v1-r1-clean_post
ACCEPT cdp_ua_platform_desktop_v1-r1-clean_post ff96340f-0421-429b-a027-fb28fdd3eacd
START cdp_ua_platform_desktop_v1-r2-clean_pre
ACCEPT cdp_ua_platform_desktop_v1-r2-clean_pre f335b6f7-e636-4ec3-bf65-fd5337dd7cd4
START cdp_ua_platform_desktop_v1-r2-attack
ACCEPT cdp_ua_platform_desktop_v1-r2-attack abecaaf8-8919-4303-a15c-c2447a8ed4b1
START cdp_ua_platform_desktop_v1-r2-clean_post
ACCEPT cdp_ua_platform_desktop_v1-r2-clean_post c59eecf9-777f-477e-ba12-975156dfa935
START cdp_ua_platform_desktop_v1-r3-clean_pre
ACCEPT cdp_ua_platform_desktop_v1-r3-clean_pre cba48351-1271-4a94-84be-d55f3cd9a8e6
START cdp_ua_platform_desktop_v1-r3-attack
ACCEPT cdp_ua_platform_desktop_v1-r3-attack 38c76d77-c262-41ae-8944-cc309fb043b3
START cdp_ua_platform_desktop_v1-r3-clean_post
ACCEPT cdp_ua_platform_desktop_v1-r3-clean_post b9852ee6-5778-4d7d-b0d8-146861b30877
START cdp_resource_pair_v1-r1-clean_pre
ACCEPT cdp_resource_pair_v1-r1-clean_pre 06de4726-c77b-4292-b5e7-2780bc6f1e9f
START cdp_resource_pair_v1-r1-attack
ACCEPT cdp_resource_pair_v1-r1-attack 7d2215b3-6edd-4308-b543-6a79dfd84b5f
START cdp_resource_pair_v1-r1-clean_post
ACCEPT cdp_resource_pair_v1-r1-clean_post 46ad4f75-7666-4de2-b2ab-6c97e2bc8f9f
START cdp_resource_pair_v1-r2-clean_pre
ACCEPT cdp_resource_pair_v1-r2-clean_pre 60363206-f5cd-45fd-8644-32deeb212606
START cdp_resource_pair_v1-r2-attack
ACCEPT cdp_resource_pair_v1-r2-attack bae7e8bf-ad39-44cd-a982-7f8c34dbdbe7
START cdp_resource_pair_v1-r2-clean_post
ACCEPT cdp_resource_pair_v1-r2-clean_post 6f4b74b4-02f1-43a7-85b4-c8608bf04fbc
START cdp_resource_pair_v1-r3-clean_pre
ACCEPT cdp_resource_pair_v1-r3-clean_pre 2897ec91-9898-4496-8fb0-3f343b5deb8a
START cdp_resource_pair_v1-r3-attack
ACCEPT cdp_resource_pair_v1-r3-attack de9796f0-0c5b-4683-ae7b-c1726aaf0642
START cdp_resource_pair_v1-r3-clean_post
ACCEPT cdp_resource_pair_v1-r3-clean_post da7fd15a-d7f6-4319-85a1-bb10a05936ed
START cdp_timezone_only_v1-r1-clean_pre
ACCEPT cdp_timezone_only_v1-r1-clean_pre 70abeff4-77ca-4ca7-b7db-f8a162c96e3d
START cdp_timezone_only_v1-r1-attack
Traceback (most recent call last):
  File "/Users/xavier/毕业设计/RBA-Cross-Device-Fingerprint/deliverables/rule_semantics_raw_only_expansion_v1/run_expansion.py", line 127, in <module>
    campaign.collect(step)
    ~~~~~~~~~~~~~~~~^^^^^^
  File "/Users/xavier/毕业设计/RBA-Cross-Device-Fingerprint/deliverables/rule_semantics_raw_only_expansion_v1/run_expansion.py", line 87, in collect
    super().collect(step)
    ~~~~~~~~~~~~~~~^^^^^^
  File "/Users/xavier/毕业设计/RBA-Cross-Device-Fingerprint/deliverables/featureapp_webdriver_runtime_v1/run_local_campaign.py", line 219, in collect
    evidence = self.run_injection(step, step_dir)
  File "/Users/xavier/毕业设计/RBA-Cross-Device-Fingerprint/deliverables/rule_semantics_raw_only_expansion_v1/run_expansion.py", line 58, in run_injection
    receipt = super().run_injection(step,step_dir)
  File "/Users/xavier/毕业设计/RBA-Cross-Device-Fingerprint/deliverables/featureapp_webdriver_runtime_v1/run_local_campaign.py", line 186, in run_injection
    raise RuntimeError(f"Low-level runner did not observe its declared profile: {result.get('status')}")
RuntimeError: Low-level runner did not observe its declared profile: ROLLBACK_FAILED
