{
  "status": "COMPLETE",
  "planned_payloads": 20,
  "captured_payloads": 20,
  "fully_observed_177": 20,
  "planned_triplets": 6,
  "complete_triplets": 6,
  "measured_intervention_triplets": 6,
  "restored_triplets": 6,
  "non_target_graphics_unchanged_triplets": 6,
  "paths": [
    {
      "path": "api36_host",
      "operational_status": "COMPLETE",
      "captured": 10,
      "raw_rows": 10,
      "unassigned_raw_lines": [],
      "ordinary_vs_matched_clean": [
        {
          "step": "r1-clean_pre",
          "status": "COMPARABLE",
          "unavailable_fields": [],
          "changed_fields": [],
          "equal": true
        },
        {
          "step": "r1-clean_post",
          "status": "COMPARABLE",
          "unavailable_fields": [],
          "changed_fields": [],
          "equal": true
        },
        {
          "step": "r2-clean_pre",
          "status": "COMPARABLE",
          "unavailable_fields": [],
          "changed_fields": [],
          "equal": true
        },
        {
          "step": "r2-clean_post",
          "status": "COMPARABLE",
          "unavailable_fields": [],
          "changed_fields": [],
          "equal": true
        },
        {
          "step": "r3-clean_pre",
          "status": "COMPARABLE",
          "unavailable_fields": [],
          "changed_fields": [],
          "equal": true
        },
        {
          "step": "r3-clean_post",
          "status": "COMPARABLE",
          "unavailable_fields": [],
          "changed_fields": [],
          "equal": true
        }
      ],
      "error": null
    },
    {
      "path": "api36_swiftshader",
      "operational_status": "COMPLETE",
      "captured": 10,
      "raw_rows": 10,
      "unassigned_raw_lines": [],
      "ordinary_vs_matched_clean": [
        {
          "step": "r1-clean_pre",
          "status": "COMPARABLE",
          "unavailable_fields": [],
          "changed_fields": [],
          "equal": true
        },
        {
          "step": "r1-clean_post",
          "status": "COMPARABLE",
          "unavailable_fields": [],
          "changed_fields": [],
          "equal": true
        },
        {
          "step": "r2-clean_pre",
          "status": "COMPARABLE",
          "unavailable_fields": [],
          "changed_fields": [],
          "equal": true
        },
        {
          "step": "r2-clean_post",
          "status": "COMPARABLE",
          "unavailable_fields": [],
          "changed_fields": [],
          "equal": true
        },
        {
          "step": "r3-clean_pre",
          "status": "COMPARABLE",
          "unavailable_fields": [],
          "changed_fields": [],
          "equal": true
        },
        {
          "step": "r3-clean_post",
          "status": "COMPARABLE",
          "unavailable_fields": [],
          "changed_fields": [],
          "equal": true
        }
      ],
      "error": null
    }
  ],
  "by_phase": {
    "ordinary": {
      "count": 2,
      "graphics_all_observed": 2,
      "webgl2_observed_true": 2,
      "observations": {
        "lexical_web_desktop_backend_marker": {
          "F": 2
        },
        "native_web_renderer_text_unequal": {
          "F": 2
        },
        "native_renderer_alias_equal": {
          "T": 2
        },
        "native_software_token": {
          "F": 1,
          "T": 1
        },
        "web_software_token": {
          "F": 1,
          "T": 1
        }
      },
      "relations": {
        "NW-005": {
          "relation_applicability": {
            "UNKNOWN": 1,
            "NOT_APPLICABLE": 1
          },
          "risk_candidate_eligibility": {
            "UNKNOWN": 1,
            "NOT_APPLICABLE": 1
          }
        },
        "OFFDER-GPU-001": {
          "relation_applicability": {
            "SUPPORTED": 1,
            "NOT_APPLICABLE": 1
          },
          "risk_candidate_eligibility": {
            "NOT_ELIGIBLE": 2
          }
        }
      }
    },
    "clean_pre": {
      "count": 6,
      "graphics_all_observed": 6,
      "webgl2_observed_true": 6,
      "observations": {
        "lexical_web_desktop_backend_marker": {
          "F": 6
        },
        "native_web_renderer_text_unequal": {
          "F": 6
        },
        "native_renderer_alias_equal": {
          "T": 6
        },
        "native_software_token": {
          "F": 3,
          "T": 3
        },
        "web_software_token": {
          "F": 3,
          "T": 3
        }
      },
      "relations": {
        "NW-005": {
          "relation_applicability": {
            "UNKNOWN": 3,
            "NOT_APPLICABLE": 3
          },
          "risk_candidate_eligibility": {
            "UNKNOWN": 3,
            "NOT_APPLICABLE": 3
          }
        },
        "OFFDER-GPU-001": {
          "relation_applicability": {
            "SUPPORTED": 3,
            "NOT_APPLICABLE": 3
          },
          "risk_candidate_eligibility": {
            "NOT_ELIGIBLE": 6
          }
        }
      }
    },
    "attack": {
      "count": 6,
      "graphics_all_observed": 6,
      "webgl2_observed_true": 6,
      "observations": {
        "lexical_web_desktop_backend_marker": {
          "T": 6
        },
        "native_web_renderer_text_unequal": {
          "T": 6
        },
        "native_renderer_alias_equal": {
          "T": 6
        },
        "native_software_token": {
          "F": 3,
          "T": 3
        },
        "web_software_token": {
          "F": 6
        }
      },
      "relations": {
        "NW-005": {
          "relation_applicability": {
            "UNKNOWN": 3,
            "NOT_APPLICABLE": 3
          },
          "risk_candidate_eligibility": {
            "UNKNOWN": 3,
            "NOT_APPLICABLE": 3
          }
        },
        "OFFDER-GPU-001": {
          "relation_applicability": {
            "SUPPORTED": 3,
            "NOT_APPLICABLE": 3
          },
          "risk_candidate_eligibility": {
            "NOT_ELIGIBLE": 6
          }
        }
      }
    },
    "clean_post": {
      "count": 6,
      "graphics_all_observed": 6,
      "webgl2_observed_true": 6,
      "observations": {
        "lexical_web_desktop_backend_marker": {
          "F": 6
        },
        "native_web_renderer_text_unequal": {
          "F": 6
        },
        "native_renderer_alias_equal": {
          "T": 6
        },
        "native_software_token": {
          "F": 3,
          "T": 3
        },
        "web_software_token": {
          "F": 3,
          "T": 3
        }
      },
      "relations": {
        "NW-005": {
          "relation_applicability": {
            "UNKNOWN": 3,
            "NOT_APPLICABLE": 3
          },
          "risk_candidate_eligibility": {
            "UNKNOWN": 3,
            "NOT_APPLICABLE": 3
          }
        },
        "OFFDER-GPU-001": {
          "relation_applicability": {
            "SUPPORTED": 3,
            "NOT_APPLICABLE": 3
          },
          "risk_candidate_eligibility": {
            "NOT_ELIGIBLE": 6
          }
        }
      }
    }
  },
  "new_alert_candidates": 0,
  "model_fits": 0,
  "model_predictions": 0,
  "inference_boundary": "Intervention effects and restoration are measured, not detector TPR, FPR or independent attack truth. No new rule admitted."
}
