START host ordinary
CAPTURED host ordinary
START host r1-clean_pre
CAPTURED host r1-clean_pre
START host r1-attack
CAPTURED host r1-attack
START host r1-clean_post
CAPTURED host r1-clean_post
START host r2-clean_pre
CAPTURED host r2-clean_pre
START host r2-attack
CAPTURED host r2-attack
START host r2-clean_post
CAPTURED host r2-clean_post
START host r3-clean_pre
CAPTURED host r3-clean_pre
START host r3-attack
CAPTURED host r3-attack
START host r3-clean_post
CAPTURED host r3-clean_post
{"gpu": "host", "status": "COMPLETE", "captured": 10, "error": null}
START swiftshader ordinary
CAPTURED swiftshader ordinary
START swiftshader r1-clean_pre
CAPTURED swiftshader r1-clean_pre
START swiftshader r1-attack
CAPTURED swiftshader r1-attack
START swiftshader r1-clean_post
CAPTURED swiftshader r1-clean_post
START swiftshader r2-clean_pre
CAPTURED swiftshader r2-clean_pre
START swiftshader r2-attack
CAPTURED swiftshader r2-attack
START swiftshader r2-clean_post
CAPTURED swiftshader r2-clean_post
START swiftshader r3-clean_pre
CAPTURED swiftshader r3-clean_pre
START swiftshader r3-attack
CAPTURED swiftshader r3-attack
START swiftshader r3-clean_post
CAPTURED swiftshader r3-clean_post
{"gpu": "swiftshader", "status": "COMPLETE", "captured": 10, "error": null}
