START no_attack-r1-clean_pre
ACCEPT no_attack-r1-clean_pre 716b863d-1b7f-4e3e-8a72-a304e826b8de
START no_attack-r1-control_mid
ACCEPT no_attack-r1-control_mid 7de80f62-8c00-43ad-8b48-ba1152020bc7
START no_attack-r1-clean_post
ACCEPT no_attack-r1-clean_post eaf513bb-f4a6-45e2-9d91-bf09bd79ad98
START no_attack-r2-clean_pre
ACCEPT no_attack-r2-clean_pre 37183670-adfe-4690-8edb-d9e31cde6d4e
START no_attack-r2-control_mid
ACCEPT no_attack-r2-control_mid 822b20d7-bb7b-4e45-a5d2-faaf339128c2
START no_attack-r2-clean_post
ACCEPT no_attack-r2-clean_post 317e220b-0c3e-499c-9cd6-7632e1ccd66e
START no_attack-r3-clean_pre
ACCEPT no_attack-r3-clean_pre 12623a4e-183e-4f93-a156-14df8a8007dc
START no_attack-r3-control_mid
ACCEPT no_attack-r3-control_mid fe74dd0a-52eb-4363-b8e1-101f373a23d5
START no_attack-r3-clean_post
ACCEPT no_attack-r3-clean_post 57b39866-1c24-41cf-b24c-bc227f7912f8
START debug_transport_control-r1-clean_pre
ACCEPT debug_transport_control-r1-clean_pre b2b01877-0cc0-4438-bc6a-8174a7a67069
START debug_transport_control-r1-control_mid
ACCEPT debug_transport_control-r1-control_mid 1469af06-3094-468a-a801-7f9e1af21be7
START debug_transport_control-r1-clean_post
ACCEPT debug_transport_control-r1-clean_post 18c33b26-1c5e-4c6a-a83c-c1bd55f9fbbc
START webdriver-r1-clean_pre
ACCEPT webdriver-r1-clean_pre 3543b41f-441f-4876-9db9-f2c5a1126e08
START webdriver-r1-attack
ACCEPT webdriver-r1-attack c7fc6b21-139e-4ff6-b44f-a6de8047152f
START webdriver-r1-clean_post
ACCEPT webdriver-r1-clean_post 86f5a5f6-9493-4922-b23d-58e54e1cfd3e
START webdriver-r2-clean_pre
ACCEPT webdriver-r2-clean_pre 9392c0c8-e954-4691-841f-17283e4f2b17
START webdriver-r2-attack
ACCEPT webdriver-r2-attack 411012bd-5686-45db-bb80-c915747b09bf
START webdriver-r2-clean_post
ACCEPT webdriver-r2-clean_post fd435a4a-005e-4b1b-94dd-6f063be12320
START webdriver-r3-clean_pre
ACCEPT webdriver-r3-clean_pre 85defc1b-b36c-46d8-9ed7-dbbccc6c1845
START webdriver-r3-attack
ACCEPT webdriver-r3-attack 6e1eeff6-1ced-4cf9-802c-36441e8ed5b4
START webdriver-r3-clean_post
ACCEPT webdriver-r3-clean_post 12ed7bf3-4f4c-4961-b20d-bbe29965b4bd
START language-r1-clean_pre
ACCEPT language-r1-clean_pre b8085356-4ae5-4ee2-ab4d-f08fbf37ccac
START language-r1-attack
ACCEPT language-r1-attack 2ac99c8c-ca1a-4e42-a151-9b0a243a780c
START language-r1-clean_post
ACCEPT language-r1-clean_post e218d6fb-2a65-4559-bce3-3493037efc71
START language-r2-clean_pre
ACCEPT language-r2-clean_pre 98a5ad34-1c4d-4b34-9b07-726ed56a683a
START language-r2-attack
ACCEPT language-r2-attack 6f2384ec-a153-4b3c-9744-7ef378e4d88b
START language-r2-clean_post
ACCEPT language-r2-clean_post 0c1dfe49-7c39-4bea-ab36-1f4c8faa5430
START language-r3-clean_pre
ACCEPT language-r3-clean_pre 397bb29c-6af0-45aa-aaca-d487ba1f299c
START language-r3-attack
ACCEPT language-r3-attack 50b32532-fe1f-4c05-babe-f87868e015c4
START language-r3-clean_post
ACCEPT language-r3-clean_post a8cd62b9-341b-4546-ab74-698cb4bc8899
