  PID NAME                       
    1 init
    2 [kthreadd]
    3 [pool_workqueue_release]
    4 [kworker/R-kvfree_rcu_reclaim]
    5 [kworker/R-rcu_gp]
    6 [kworker/R-sync_wq]
    7 [kworker/R-slub_flushwq]
    8 [kworker/R-netns]
    9 [kworker/0:0-events]
   10 [kworker/0:0H-kverityd]
   11 [kworker/0:1-events]
   12 [kworker/u4:0-loop32]
   13 [kworker/R-mm_percpu_wq]
   14 [kworker/u4:1-loop51]
   15 [rcu_tasks_kthread]
   16 [rcu_tasks_trace_kthread]
   17 [ksoftirqd/0]
   18 [rcu_preempt]
   19 [rcuog/0]
   20 [rcuop/0]
   21 [rcub/0]
   22 [rcu_exp_par_gp_kthread_worker/0]
   23 [rcu_exp_gp_kthread_worker]
   24 [migration/0]
   25 [idle_inject/0]
   26 [cpuhp/0]
   27 [kworker/R-inet_frag_wq]
   28 [kauditd]
   29 [khungtaskd]
   30 [oom_reaper]
   31 [kworker/R-writeback]
   32 [kcompactd0]
   33 [khugepaged]
   34 [kworker/R-kblockd]
   35 [kworker/R-edac-poller]
   36 [kworker/R-devfreq_wq]
   37 [watchdogd]
   38 [kworker/u4:2-loop28]
   39 [kworker/0:1H-kverityd]
   40 [kswapd0]
   41 [kworker/u5:0-hci0]
   42 [kworker/R-nvme-wq]
   43 [kworker/R-nvme-reset-wq]
   44 [kworker/R-nvme-delete-wq]
   45 [kworker/R-vfio-irqfd-cleanup]
   46 [kworker/R-uas]
   47 [kworker/R-dm_bufio_cache]
   48 [kworker/R-mld]
   49 [kworker/R-ipv6_addrconf]
   50 [kworker/R-kstrp]
   52 [kworker/0:2-virtio_vsock]
   53 [hwrng]
   55 [khvcd]
   59 [jbd2/vdd1-8]
   60 [kworker/R-ext4-rsv-conversion]
   61 [kworker/R-kdmflush/254:0]
   62 [kworker/R-kdmflush/254:1]
   63 [kworker/R-kdmflush/254:2]
   64 [kworker/R-kdmflush/254:3]
   65 [kworker/R-kdmflush/254:4]
   66 [erofs_worker/0]
   69 init
   70 ueventd
  127 [kworker/R-kdmflush/254:9]
  133 [kworker/R-kdmflush/254:15]
  135 [kworker/R-kdmflush/254:17]
  136 [kworker/R-kdmflush/254:18]
  137 [kworker/R-kdmflush/254:19]
  138 [kworker/R-kdmflush/254:20]
  140 [kworker/R-kdmflush/254:22]
  141 [kworker/R-kdmflush/254:23]
  142 [kworker/R-kdmflush/254:24]
  143 [kworker/R-kdmflush/254:25]
  144 [kworker/R-kdmflush/254:26]
  145 [kworker/R-kdmflush/254:27]
  146 [kworker/R-kdmflush/254:28]
  147 [kworker/R-kdmflush/254:29]
  148 [kworker/R-kdmflush/254:30]
  150 [kworker/R-kdmflush/254:32]
  152 [kworker/R-kdmflush/254:34]
  153 [kworker/R-kdmflush/254:35]
  154 [kworker/R-kdmflush/254:36]
  155 [kworker/R-kdmflush/254:37]
  157 [kworker/R-kdmflush/254:39]
  158 [kworker/R-kdmflush/254:40]
  159 [kworker/R-kdmflush/254:41]
  160 [kworker/R-kdmflush/254:42]
  161 [kworker/R-kdmflush/254:43]
  163 [kworker/R-kdmflush/254:45]
  165 [kworker/R-kdmflush/254:47]
  167 [kworker/R-kdmflush/254:49]
  169 [kworker/R-kdmflush/254:51]
  171 [kworker/R-kdmflush/254:53]
  177 [kworker/R-ext4-rsv-conversion]
  178 [kworker/R-ext4-rsv-conversion]
  179 [kworker/R-ext4-rsv-conversion]
  180 [kworker/R-ext4-rsv-conversion]
  181 [kworker/R-ext4-rsv-conversion]
  186 [kworker/R-cfg80211]
  187 [sugov:0]
  188 [irq/35-goldfish_pipe_dprctd]
  189 prng_seeder
  191 logd
  192 lmkd
  193 servicemanager
  194 hwservicemanager
  195 [psimon]
  196 qemu-props
  202 [kworker/R-usbip_event]
  203 [kworker/0:3-events]
  204 vold
  206 [kworker/R-kdmflush/254:54]
  215 [kworker/R-update_hdmi_ctrls_wq]
  216 [kworker/R-update_svid_ctrls_wq]
  219 android.system.suspend-service
  220 keystore2
  222 android.hardware.security.keymint-service
  224 android.hardware.gatekeeper-service.nonsecure
  227 [kworker/u4:3+loop15]
  235 [kworker/R-blk_crypto_wq]
  238 [kworker/u5:1-hci0]
  242 [jbd2/dm-54-8]
  243 [kworker/R-ext4-rsv-conversion]
  247 tombstoned
  303 [kworker/u5:2-fscrypt_read_queue]
  354 [kworker/R-kverityd]
  355 [kworker/R-kverityd]
  356 [kworker/R-kverityd]
  357 [kworker/R-kverityd]
  358 [kworker/R-ext4-rsv-conversion]
  359 [kworker/R-kverityd]
  360 [kworker/0:2H-kverityd]
  361 [kworker/R-kverityd]
  362 [kworker/R-kverityd]
  363 [kworker/R-kverityd]
  364 [kworker/R-kverityd]
  365 [kworker/R-kverityd]
  366 [kworker/R-kverityd]
  367 [kworker/R-kverityd]
  368 [kworker/R-kverityd]
  369 [kworker/R-kverityd]
  370 [kworker/R-kverityd]
  371 [kworker/R-kverityd]
  372 [kworker/R-kverityd]
  373 [kworker/R-kverityd]
  374 [kworker/R-kverityd]
  375 [kworker/R-kverityd]
  376 [kworker/R-ext4-rsv-conversion]
  377 [kworker/R-ext4-rsv-conversion]
  378 [kworker/R-ext4-rsv-conversion]
  379 [kworker/R-ext4-rsv-conversion]
  380 [kworker/R-ext4-rsv-conversion]
  381 [kworker/R-ext4-rsv-conversion]
  382 [kworker/u4:4-loop49]
  383 [kworker/R-ext4-rsv-conversion]
  384 [kworker/R-ext4-rsv-conversion]
  385 [kworker/R-ext4-rsv-conversion]
  386 [kworker/R-ext4-rsv-conversion]
  387 [kworker/R-ext4-rsv-conversion]
  388 [kworker/R-ext4-rsv-conversion]
  389 [kworker/R-ext4-rsv-conversion]
  390 [kworker/R-ext4-rsv-conversion]
  391 [kworker/R-kverityd]
  392 [kworker/R-kverityd]
  393 [kworker/R-ext4-rsv-conversion]
  394 [kworker/R-kverityd]
  395 [kworker/R-kverityd]
  396 [kworker/R-kverityd]
  397 [kworker/R-kverityd]
  398 [kworker/R-kverityd]
  399 [kworker/R-kverityd]
  400 [kworker/R-kverityd]
  401 [kworker/R-ext4-rsv-conversion]
  402 [kworker/R-ext4-rsv-conversion]
  403 [kworker/R-ext4-rsv-conversion]
  404 [kworker/R-ext4-rsv-conversion]
  405 [kworker/R-ext4-rsv-conversion]
  406 [kworker/R-kverityd]
  407 [kworker/R-ext4-rsv-conversion]
  408 [kworker/R-ext4-rsv-conversion]
  409 [kworker/0:3H-kverityd]
  410 [kworker/0:4H-kverityd]
  411 [kworker/0:5H-kverityd]
  412 [kworker/0:6H-kverityd]
  413 [kworker/R-ext4-rsv-conversion]
  414 [kworker/u4:5-loop28]
  415 [kworker/R-ext4-rsv-conversion]
  416 [kworker/R-ext4-rsv-conversion]
  417 [kworker/R-ext4-rsv-conversion]
  418 [kworker/u4:6-writeback]
  419 [kworker/R-ext4-rsv-conversion]
  420 [kworker/R-ext4-rsv-conversion]
  421 [kworker/R-ext4-rsv-conversion]
  422 [kworker/R-ext4-rsv-conversion]
  423 [kworker/R-ext4-rsv-conversion]
  424 [kworker/R-ext4-rsv-conversion]
  425 [kworker/R-ext4-rsv-conversion]
  426 [kworker/R-ext4-rsv-conversion]
  427 [kworker/R-ext4-rsv-conversion]
  428 [kworker/R-ext4-rsv-conversion]
  429 [kworker/R-ext4-rsv-conversion]
  430 [kworker/R-ext4-rsv-conversion]
  431 [kworker/R-ext4-rsv-conversion]
  432 [kworker/R-ext4-rsv-conversion]
  433 [kworker/R-ext4-rsv-conversion]
  434 [kworker/R-ext4-rsv-conversion]
  435 [kworker/R-ext4-rsv-conversion]
  436 [kworker/R-ext4-rsv-conversion]
  437 [kworker/R-ext4-rsv-conversion]
  438 [kworker/R-ext4-rsv-conversion]
  439 [kworker/R-ext4-rsv-conversion]
  440 [kworker/R-ext4-rsv-conversion]
  466 netd
  467 statsd
  468 zygote64
  470 android.hidl.allocator@1.0-service
  471 android.hardware.audio.service
  477 android.hardware.camera.provider@2.7-service-google
  478 android.hardware.health-service.example
  479 android.hardware.media.c2@1.0-service-goldfish
  480 android.hardware.radio-service.ranchu
  481 android.hardware.sensors-service.multihal
  483 android.hardware.usb-service.example
  484 android.hardware.wifi-service
  486 android.hardware.bluetooth-service.default
  487 android.hardware.graphics.composer3-service.ranchu
  488 android.hardware.identity-service.example
  489 android.hardware.lights-service.example
  490 android.hardware.authsecret-service.example
  491 android.hardware.cas-service.example
  492 iptables-restore
  493 ip6tables-restore
  495 android.hardware.contexthub-service.example
  498 android.hardware.neuralnetworks-service-sample-all
  503 android.hardware.neuralnetworks-service-sample-limited
  507 android.hardware.neuralnetworks-shim-service-sample
  510 android.hardware.power-service.example
  511 android.hardware.power.stats-service.example
  512 android.hardware.rebootescrow-service.default
  513 android.hardware.thermal-service.example
  514 android.hardware.threadnetwork-service
  520 android.hardware.vibrator-service.example
  521 android.hardware.drm-service.widevine
  523 audioserver
  532 credstore
  534 gpuservice
  538 surfaceflinger
  540 adbd
  541 android.hardware.graphics.allocator-service.ranchu
  543 android.hardware.camera.provider.ranchu
  544 android.hardware.uwb-service
  562 mdnsd
  565 drmserver
  566 traced_probes
  567 traced
  569 bt_vhci_forwarder
  571 cameraserver
  577 incidentd
  578 installd
  579 media.extractor
  580 media.metrics
  581 mediaserver
  582 storaged
  587 wificond
  588 media.swcodec
  589 gatekeeperd
  670 [kworker/u5:3-fscrypt_read_queue]
  671 system_server
  677 [kworker/0:7H-kverityd]
  678 [kworker/0:8H-kverityd]
  679 [kworker/0:9H-kverityd]
  680 [kworker/0:10H-kverityd]
  681 [kworker/0:11H]
  781 [vivid-000-tch-cap]
  861 android.hardware.biometrics.fingerprint-service.ranchu
  886 ot-daemon
  888 ot-rcp
  896 wpa_supplicant
  911 com.android.systemui
  972 android.hardware.gnss-service.ranchu
  990 webview_zygote
 1002 com.android.networkstack.process
 1012 com.google.android.bluetooth
 1025 com.android.se
 1038 com.android.phone
 1039 com.google.android.apps.nexuslauncher
 1062 com.google.android.ext.services
 1213 com.google.android.gms.persistent
 1302 com.google.android.permissioncontroller
 1324 com.google.android.cellbroadcastreceiver
 1391 com.google.android.inputmethod.latin
 1425 com.android.devicelockcontroller
 1444 com.google.android.providers.media.module
 1458 com.google.android.googlequicksearchbox:interactor
 1470 com.google.android.as
 1485 com.google.android.apps.messaging:rcs
 1509 com.android.emulator.multidisplay
 1517 abb
 1553 com.google.android.dialer
 1581 com.google.android.gms
 1591 android.process.acore
 1610 com.android.printspooler
 1627 android.process.media
 1680 com.android.keychain
 1686 artd
 1894 com.google.android.apps.wallpaper
 1911 com.google.android.googlequicksearchbox:search
 1919 com.google.android.apps.wellbeing
 1971 com.google.android.apps.messaging
 2060 com.google.android.webview:webview_service
 2109 com.google.android.as.oss
 2155 com.google.android.googlequicksearchbox:googleapp
 2165 com.android.vending
 2470 com.android.imsserviceentitlement
 2513 com.android.vending:background
 2683 com.google.android.gms.unstable
 2805 com.android.traceur
 2834 com.google.android.onetimeinitializer
 2850 com.google.android.tts
 2865 com.android.camera2
 2885 com.android.devicediagnostics
 2951 com.android.dynsystem
 2981 com.android.dynsystem:dynsystem
 2982 com.android.managedprovisioning
 3056 com.android.providers.calendar
 3071 com.android.shell
 3085 com.google.android.apps.safetyhub
 3150 com.google.android.configupdater
 3170 com.google.android.federatedcompute
 3191 com.android.chrome
 3206 ps
