To honour the JVM settings for this build a single-use Daemon process will be forked. For more on this, please refer to https://docs.gradle.org/9.3.1/userguide/gradle_daemon.html#sec:disabling_the_daemon in the Gradle documentation.
Daemon will be stopped at the end of the build 

> Configure project :app
WARNING: The option setting 'android.overridePathCheck=true' is experimental.
The current default is 'false'.

> Task :featureapp:preBuild UP-TO-DATE
> Task :featureapp:preDebugBuild UP-TO-DATE
> Task :featureapp:generateDebugBuildConfig
> Task :featureapp:generateDebugResources
> Task :featureapp:packageDebugResources
> Task :featureapp:processDebugNavigationResources
> Task :featureapp:javaPreCompileDebug
> Task :featureapp:mapDebugSourceSetPaths
> Task :featureapp:checkDebugAarMetadata
> Task :featureapp:compileDebugNavigationResources
> Task :featureapp:parseDebugLocalResources
> Task :featureapp:createDebugCompatibleScreenManifests
> Task :featureapp:extractDeepLinksDebug
> Task :featureapp:generateDebugRFile
> Task :featureapp:processDebugMainManifest
> Task :featureapp:mergeDebugResources
> Task :featureapp:processDebugManifest
> Task :featureapp:preDebugUnitTestBuild UP-TO-DATE
> Task :featureapp:javaPreCompileDebugUnitTest
> Task :featureapp:mergeDebugNativeDebugMetadata NO-SOURCE
> Task :featureapp:generateDebugAssets UP-TO-DATE
> Task :featureapp:mergeDebugAssets
> Task :featureapp:compressDebugAssets
> Task :featureapp:checkDebugDuplicateClasses
> Task :featureapp:desugarDebugFileDependencies
> Task :featureapp:processDebugManifestForPackage
> Task :featureapp:mergeDebugJniLibFolders
> Task :featureapp:mergeLibDexDebug
> Task :featureapp:mergeDebugNativeLibs NO-SOURCE
> Task :featureapp:stripDebugDebugSymbols NO-SOURCE
> Task :featureapp:validateSigningDebug
> Task :featureapp:writeDebugAppMetadata
> Task :featureapp:writeDebugSigningConfigVersions
> Task :featureapp:processDebugResources
> Task :featureapp:mergeExtDexDebug

> Task :featureapp:compileDebugKotlin
w: file:///Users/xavier/%E6%AF%95%E4%B8%9A%E8%AE%BE%E8%AE%A1/RBA-Cross-Device-Fingerprint/android_app/HybridGuard/featureapp/src/main/java/com/example/hybridguard/featureapp/ExpandedFingerprintCollector.kt:118:50 'field scaledDensity: Float' is deprecated. Deprecated in Java.
w: file:///Users/xavier/%E6%AF%95%E4%B8%9A%E8%AE%BE%E8%AE%A1/RBA-Cross-Device-Fingerprint/android_app/HybridGuard/featureapp/src/main/java/com/example/hybridguard/featureapp/ExpandedFingerprintCollector.kt:213:40 'fun getInstallerPackageName(p0: String): String?' is deprecated. Deprecated in Java.
w: file:///Users/xavier/%E6%AF%95%E4%B8%9A%E8%AE%BE%E8%AE%A1/RBA-Cross-Device-Fingerprint/android_app/HybridGuard/featureapp/src/main/java/com/example/hybridguard/featureapp/ExpandedFingerprintCollector.kt:286:32 'val isConnected: Boolean' is deprecated. Deprecated in Java.
w: file:///Users/xavier/%E6%AF%95%E4%B8%9A%E8%AE%BE%E8%AE%A1/RBA-Cross-Device-Fingerprint/android_app/HybridGuard/featureapp/src/main/java/com/example/hybridguard/featureapp/ExpandedFingerprintCollector.kt:298:74 'val isConnected: Boolean' is deprecated. Deprecated in Java.
w: file:///Users/xavier/%E6%AF%95%E4%B8%9A%E8%AE%BE%E8%AE%A1/RBA-Cross-Device-Fingerprint/android_app/HybridGuard/featureapp/src/main/java/com/example/hybridguard/featureapp/ExpandedFingerprintCollector.kt:464:50 'var databaseEnabled: Boolean' is deprecated. Deprecated in Java.
w: file:///Users/xavier/%E6%AF%95%E4%B8%9A%E8%AE%BE%E8%AE%A1/RBA-Cross-Device-Fingerprint/android_app/HybridGuard/featureapp/src/main/java/com/example/hybridguard/featureapp/WebViewProbeControl.kt:4:41 Non-public primary constructor is exposed via the generated 'copy()' method of the 'data' class.

The generated 'copy()' will change its visibility in future releases.

To suppress the warning do one of the following:
- Annotate the data class with the '@ConsistentCopyVisibility' annotation.
- Use the '-Xconsistent-data-class-copy-visibility' compiler flag.
- Annotate the data class with the '@ExposedCopyVisibility' annotation 
  (Discouraged, but can be used to keep binary compatibility).

To learn more, see the documentation of the '@ConsistentCopyVisibility' and '@ExposedCopyVisibility' annotations.

This will become an error in language version 2.3.

> Task :featureapp:compileDebugJavaWithJavac
> Task :featureapp:bundleDebugClassesToCompileJar
> Task :featureapp:processDebugJavaRes
> Task :featureapp:bundleDebugClassesToRuntimeJar
> Task :featureapp:mergeDebugJavaResource
> Task :featureapp:dexBuilderDebug
> Task :featureapp:compileDebugUnitTestKotlin
> Task :featureapp:compileDebugUnitTestJavaWithJavac NO-SOURCE
> Task :featureapp:processDebugUnitTestJavaRes
> Task :featureapp:mergeProjectDexDebug
> Task :featureapp:testDebugUnitTest
> Task :featureapp:packageDebug
> Task :featureapp:createDebugApkListingFileRedirect
> Task :featureapp:assembleDebug

BUILD SUCCESSFUL in 16s
41 actionable tasks: 41 executed
Consider enabling configuration cache to speed up this build: https://docs.gradle.org/9.3.1/userguide/configuration_cache_enabling.html
