  PID NAME                       
    1 init
    2 [kthreadd]
    3 [pool_workqueue_release]
    4 [kworker/R-kvfree_rcu_reclaim]
    5 [kworker/R-rcu_gp]
    6 [kworker/R-sync_wq]
    7 [kworker/R-slub_flushwq]
    8 [kworker/R-netns]
    9 [kworker/0:0-events]
   10 [kworker/0:0H-kverityd]
   11 [kworker/0:1-events]
   12 [kworker/u4:0-loop13]
   13 [kworker/R-mm_percpu_wq]
   14 [kworker/u4:1-loop26]
   15 [rcu_tasks_kthread]
   16 [rcu_tasks_trace_kthread]
   17 [ksoftirqd/0]
   18 [rcu_preempt]
   19 [rcuog/0]
   20 [rcuop/0]
   21 [rcub/0]
   22 [rcu_exp_par_gp_kthread_worker/0]
   23 [rcu_exp_gp_kthread_worker]
   24 [migration/0]
   25 [idle_inject/0]
   26 [cpuhp/0]
   27 [kworker/R-inet_frag_wq]
   28 [kauditd]
   29 [khungtaskd]
   30 [oom_reaper]
   31 [kworker/R-writeback]
   32 [kcompactd0]
   33 [khugepaged]
   34 [kworker/R-kblockd]
   35 [kworker/R-edac-poller]
   36 [kworker/R-devfreq_wq]
   37 [watchdogd]
   38 [kworker/u4:2-writeback]
   39 [kworker/0:1H-kverityd]
   40 [kswapd0]
   41 [kworker/u5:0-fscrypt_read_queue]
   42 [kworker/R-nvme-wq]
   43 [kworker/R-nvme-reset-wq]
   44 [kworker/R-nvme-delete-wq]
   45 [kworker/R-vfio-irqfd-cleanup]
   46 [kworker/R-uas]
   47 [kworker/R-dm_bufio_cache]
   48 [kworker/R-mld]
   49 [kworker/R-ipv6_addrconf]
   50 [kworker/R-kstrp]
   52 [kworker/0:2-virtio_vsock]
   53 [hwrng]
   55 [khvcd]
   59 [jbd2/vdd1-8]
   60 [kworker/R-ext4-rsv-conversion]
   61 [kworker/R-kdmflush/254:0]
   62 [kworker/R-kdmflush/254:1]
   63 [kworker/R-kdmflush/254:2]
   64 [kworker/R-kdmflush/254:3]
   65 [kworker/R-kdmflush/254:4]
   66 [erofs_worker/0]
   69 init
   70 ueventd
  127 [kworker/R-kdmflush/254:9]
  133 [kworker/R-kdmflush/254:15]
  135 [kworker/R-kdmflush/254:17]
  136 [kworker/R-kdmflush/254:18]
  137 [kworker/R-kdmflush/254:19]
  138 [kworker/R-kdmflush/254:20]
  140 [kworker/R-kdmflush/254:22]
  141 [kworker/R-kdmflush/254:23]
  142 [kworker/R-kdmflush/254:24]
  143 [kworker/R-kdmflush/254:25]
  144 [kworker/R-kdmflush/254:26]
  145 [kworker/R-kdmflush/254:27]
  146 [kworker/R-kdmflush/254:28]
  147 [kworker/R-kdmflush/254:29]
  148 [kworker/R-kdmflush/254:30]
  150 [kworker/R-kdmflush/254:32]
  152 [kworker/R-kdmflush/254:34]
  153 [kworker/R-kdmflush/254:35]
  154 [kworker/R-kdmflush/254:36]
  155 [kworker/R-kdmflush/254:37]
  157 [kworker/R-kdmflush/254:39]
  158 [kworker/R-kdmflush/254:40]
  159 [kworker/R-kdmflush/254:41]
  160 [kworker/R-kdmflush/254:42]
  161 [kworker/R-kdmflush/254:43]
  163 [kworker/R-kdmflush/254:45]
  165 [kworker/R-kdmflush/254:47]
  167 [kworker/R-kdmflush/254:49]
  169 [kworker/R-kdmflush/254:51]
  171 [kworker/R-kdmflush/254:53]
  177 [kworker/R-ext4-rsv-conversion]
  178 [kworker/R-ext4-rsv-conversion]
  179 [kworker/R-ext4-rsv-conversion]
  180 [kworker/R-ext4-rsv-conversion]
  181 [kworker/R-ext4-rsv-conversion]
  182 [kworker/u4:3-ext4-rsv-conversion]
  187 [kworker/R-cfg80211]
  188 [sugov:0]
  189 [irq/35-goldfish_pipe_dprctd]
  190 prng_seeder
  192 logd
  193 lmkd
  194 servicemanager
  195 hwservicemanager
  196 [psimon]
  197 qemu-props
  203 [kworker/R-usbip_event]
  204 [kworker/0:3-virtio_vsock]
  205 vold
  207 [kworker/R-kdmflush/254:54]
  212 [kworker/R-update_hdmi_ctrls_wq]
  213 [kworker/R-update_svid_ctrls_wq]
  215 android.system.suspend-service
  216 keystore2
  218 android.hardware.security.keymint-service
  219 android.hardware.gatekeeper-service.nonsecure
  226 [kworker/u4:4-loop15]
  236 [kworker/R-blk_crypto_wq]
  238 [kworker/u5:1-blk_crypto_wq]
  242 [jbd2/dm-54-8]
  243 [kworker/R-ext4-rsv-conversion]
  247 tombstoned
  303 [kworker/u5:2-fscrypt_read_queue]
  354 [kworker/R-kverityd]
  355 [kworker/R-ext4-rsv-conversion]
  356 [kworker/R-kverityd]
  357 [kworker/R-kverityd]
  358 [kworker/R-kverityd]
  359 [kworker/R-kverityd]
  360 [kworker/R-kverityd]
  361 [kworker/R-kverityd]
  362 [kworker/R-ext4-rsv-conversion]
  363 [kworker/R-kverityd]
  364 [kworker/R-ext4-rsv-conversion]
  365 [kworker/R-kverityd]
  366 [kworker/R-kverityd]
  367 [kworker/R-kverityd]
  368 [kworker/0:2H-kverityd]
  369 [kworker/R-kverityd]
  370 [kworker/R-kverityd]
  371 [kworker/R-kverityd]
  372 [kworker/R-ext4-rsv-conversion]
  373 [kworker/R-ext4-rsv-conversion]
  374 [kworker/R-kverityd]
  375 [kworker/R-ext4-rsv-conversion]
  376 [kworker/R-ext4-rsv-conversion]
  377 [kworker/R-kverityd]
  378 [kworker/R-ext4-rsv-conversion]
  379 [kworker/R-kverityd]
  380 [kworker/R-kverityd]
  381 [kworker/R-ext4-rsv-conversion]
  382 [kworker/R-ext4-rsv-conversion]
  383 [kworker/R-kverityd]
  384 [kworker/R-ext4-rsv-conversion]
  385 [kworker/R-ext4-rsv-conversion]
  386 [kworker/R-ext4-rsv-conversion]
  387 [kworker/R-ext4-rsv-conversion]
  388 [kworker/R-ext4-rsv-conversion]
  389 [kworker/R-kverityd]
  390 [kworker/R-ext4-rsv-conversion]
  391 [kworker/R-kverityd]
  392 [kworker/R-kverityd]
  393 [kworker/R-kverityd]
  394 [kworker/0:3H-kblockd]
  395 [kworker/R-ext4-rsv-conversion]
  396 [kworker/0:4H-kverityd]
  397 [kworker/u4:5-loop24]
  398 [kworker/R-ext4-rsv-conversion]
  399 [kworker/R-ext4-rsv-conversion]
  400 [kworker/R-ext4-rsv-conversion]
  401 [kworker/R-ext4-rsv-conversion]
  402 [kworker/R-ext4-rsv-conversion]
  403 [kworker/R-ext4-rsv-conversion]
  404 [kworker/R-kverityd]
  405 [kworker/R-kverityd]
  406 [kworker/R-ext4-rsv-conversion]
  407 [kworker/R-kverityd]
  408 [kworker/R-kverityd]
  409 [kworker/R-ext4-rsv-conversion]
  410 [kworker/R-ext4-rsv-conversion]
  411 [kworker/R-kverityd]
  412 [kworker/R-ext4-rsv-conversion]
  413 [kworker/R-ext4-rsv-conversion]
  414 [kworker/R-kverityd]
  415 [kworker/R-ext4-rsv-conversion]
  416 [kworker/R-kverityd]
  417 [kworker/R-ext4-rsv-conversion]
  418 [kworker/R-ext4-rsv-conversion]
  419 [kworker/R-ext4-rsv-conversion]
  420 [kworker/R-ext4-rsv-conversion]
  421 [kworker/R-ext4-rsv-conversion]
  422 [kworker/R-ext4-rsv-conversion]
  423 [kworker/R-ext4-rsv-conversion]
  424 [kworker/R-ext4-rsv-conversion]
  425 [kworker/R-ext4-rsv-conversion]
  426 [kworker/R-ext4-rsv-conversion]
  427 [kworker/R-ext4-rsv-conversion]
  428 [kworker/R-ext4-rsv-conversion]
  429 [kworker/R-ext4-rsv-conversion]
  430 [kworker/R-ext4-rsv-conversion]
  431 [kworker/R-ext4-rsv-conversion]
  432 [kworker/R-ext4-rsv-conversion]
  433 [kworker/R-ext4-rsv-conversion]
  434 [kworker/R-ext4-rsv-conversion]
  435 [kworker/R-ext4-rsv-conversion]
  436 [kworker/R-ext4-rsv-conversion]
  462 netd
  463 statsd
  464 zygote64
  471 android.hidl.allocator@1.0-service
  472 android.hardware.audio.service
  473 android.hardware.camera.provider@2.7-service-google
  474 android.hardware.health-service.example
  475 android.hardware.media.c2@1.0-service-goldfish
  476 android.hardware.radio-service.ranchu
  477 android.hardware.sensors-service.multihal
  479 android.hardware.usb-service.example
  481 android.hardware.wifi-service
  482 android.hardware.bluetooth-service.default
  483 iptables-restore
  484 ip6tables-restore
  486 android.hardware.graphics.composer3-service.ranchu
  487 android.hardware.identity-service.example
  488 android.hardware.lights-service.example
  489 android.hardware.authsecret-service.example
  490 android.hardware.cas-service.example
  494 android.hardware.contexthub-service.example
  498 android.hardware.neuralnetworks-service-sample-all
  499 android.hardware.neuralnetworks-service-sample-limited
  501 android.hardware.neuralnetworks-shim-service-sample
  507 android.hardware.power-service.example
  508 android.hardware.power.stats-service.example
  515 android.hardware.rebootescrow-service.default
  517 android.hardware.thermal-service.example
  518 android.hardware.threadnetwork-service
  521 android.hardware.vibrator-service.example
  522 android.hardware.drm-service.widevine
  523 audioserver
  524 credstore
  526 gpuservice
  530 surfaceflinger
  533 adbd
  534 android.hardware.graphics.allocator-service.ranchu
  535 android.hardware.camera.provider.ranchu
  536 android.hardware.uwb-service
  549 drmserver
  557 traced_probes
  558 mdnsd
  559 traced
  560 bt_vhci_forwarder
  561 cameraserver
  566 incidentd
  568 installd
  569 media.extractor
  570 media.metrics
  573 mediaserver
  574 storaged
  579 wificond
  580 media.swcodec
  581 gatekeeperd
  665 system_server
  671 [kworker/0:5H]
  770 [vivid-000-tch-cap]
  861 android.hardware.biometrics.fingerprint-service.ranchu
  880 ot-daemon
  881 ot-rcp
  893 wpa_supplicant
  906 com.android.systemui
  963 android.hardware.gnss-service.ranchu
  976 webview_zygote
  996 com.android.networkstack.process
 1008 com.google.android.bluetooth
 1021 com.android.se
 1032 com.android.phone
 1046 com.google.android.apps.nexuslauncher
 1131 com.google.android.permissioncontroller
 1147 com.google.android.cellbroadcastreceiver
 1195 com.android.settings
 1261 com.google.android.gms.persistent
 1351 com.google.android.dialer
 1421 com.google.android.inputmethod.latin
 1473 abb
 1484 com.google.android.providers.media.module
 1541 android.process.acore
 1551 com.google.android.googlequicksearchbox:interactor
 1566 com.google.android.as
 1590 com.google.android.ext.services
 1602 artd
 1625 com.google.android.apps.messaging:rcs
 1632 com.android.printspooler
 1663 com.android.emulator.multidisplay
 1708 com.android.devicelockcontroller
 1740 com.google.android.settings.intelligence
 1757 com.google.android.gms
 1775 com.android.keychain
 1836 com.android.localtransport
 1856 sh
 1858 [cmd]
 1901 com.google.android.webview:webview_service
 2031 com.google.android.apps.messaging
 2136 com.android.vending
 2153 sh
 2155 cmd
 2222 ps
