Num       RefCount Protocol Flags    Type St Inode Path
0000000000000000: 00000002 00000000 00000000 0002 03 13523
0000000000000000: 00000003 00000000 00000000 0005 03 10778
0000000000000000: 00000002 00000000 00000000 0002 03  9343
0000000000000000: 00000002 00000000 00000000 0002 03  6299
0000000000000000: 00000002 00000000 00000000 0002 03  8880
0000000000000000: 00000002 00000000 00000000 0002 03  6722
0000000000000000: 00000002 00000000 00000000 0002 03 18403
0000000000000000: 00000003 00000000 00000000 0001 03  9542 /dev/socket/traced_producer
0000000000000000: 00000003 00000000 00000000 0005 03 17996
0000000000000000: 00000002 00000000 00000000 0002 03 11926
0000000000000000: 00000003 00000000 00000000 0001 03 12067
0000000000000000: 00000002 00000000 00000000 0002 03 12188
0000000000000000: 00000002 00000000 00000000 0002 01  9951 /data/system/unsolzygotesocket
0000000000000000: 00000002 00000000 00000000 0002 03 14181
0000000000000000: 00000003 00000000 00000000 0005 03 12433 /dev/socket/adbd
0000000000000000: 00000003 00000000 00000000 0005 03 11882
0000000000000000: 00000003 00000000 00000000 0001 03 18410
0000000000000000: 00000002 00000000 00010000 0001 01  3206 /dev/socket/prng_seeder
0000000000000000: 00000003 00000000 00000000 0001 03  7877
0000000000000000: 00000002 00000000 00000000 0002 03  6671
0000000000000000: 00000003 00000000 00000000 0005 03 18051
0000000000000000: 00000003 00000000 00000000 0001 03 12068 /dev/socket/traced_producer
0000000000000000: 00000002 00000000 00000000 0002 03  7991
0000000000000000: 00000003 00000000 00000000 0005 03 18362
0000000000000000: 00000003 00000000 00000000 0005 03 11358 @jdwp-control
0000000000000000: 00000003 00000000 00000000 0005 03 11802
0000000000000000: 00000003 00000000 00000000 0001 03  8259 /dev/socket/traced_producer
0000000000000000: 00000002 00000000 00000000 0002 03  5718
0000000000000000: 00000003 00000000 00000000 0001 03 18588
0000000000000000: 00000003 00000000 00000000 0005 03 18422
0000000000000000: 00000003 00000000 00000000 0005 03 12294
0000000000000000: 00000003 00000000 00000000 0001 03 11525
0000000000000000: 00000002 00000000 00000000 0002 03  9650
0000000000000000: 00000003 00000000 00000000 0005 03 16856
0000000000000000: 00000003 00000000 00000000 0005 03 18108
0000000000000000: 00000002 00000000 00010000 0001 01  3315 /dev/socket/logd
0000000000000000: 00000002 00000000 00000000 0002 03 18457
0000000000000000: 00000003 00000000 00000000 0005 03 18013
0000000000000000: 00000003 00000000 00000000 0005 03 10832
0000000000000000: 00000002 00000000 00000000 0002 03  7478
0000000000000000: 00000002 00000000 00010000 0005 01  3317 /dev/socket/logdr
0000000000000000: 00000002 00000000 00000000 0002 03 18131
0000000000000000: 00000065 00000000 00000000 0002 03  3319 /dev/socket/logdw
0000000000000000: 00000002 00000000 00000000 0002 03  8877
0000000000000000: 00000002 00000000 00000000 0002 03  7076
0000000000000000: 00000002 00000000 00010000 0005 01  3333 /dev/socket/lmkd
0000000000000000: 00000002 00000000 00000000 0002 03  9584
0000000000000000: 00000002 00000000 00000000 0002 03 13382
0000000000000000: 00000003 00000000 00000000 0001 03  3279
0000000000000000: 00000003 00000000 00000000 0001 03 13007
0000000000000000: 00000003 00000000 00000000 0005 03 12289
0000000000000000: 00000003 00000000 00000000 0005 03 18078
0000000000000000: 00000003 00000000 00000000 0005 03 18012
0000000000000000: 00000003 00000000 00000000 0005 03 10833
0000000000000000: 00000002 00000000 00000000 0002 03  7589
0000000000000000: 00000003 00000000 00000000 0005 03 12184
0000000000000000: 00000003 00000000 00000000 0001 03 11526 /dev/socket/traced_producer
0000000000000000: 00000003 00000000 00000000 0001 03 18587
0000000000000000: 00000003 00000000 00000000 0005 03 13251
0000000000000000: 00000002 00000000 00000000 0002 01  9811
0000000000000000: 00000002 00000000 00000000 0002 03 11384
0000000000000000: 00000002 00000000 00000000 0002 03  5472
0000000000000000: 00000003 00000000 00000000 0001 03  3278
0000000000000000: 00000002 00000000 00000000 0002 03  6783
0000000000000000: 00000003 00000000 00000000 0005 03 12180
0000000000000000: 00000003 00000000 00000000 0001 03  6522
0000000000000000: 00000002 00000000 00000000 0002 03  8241
0000000000000000: 00000002 00000000 00000000 0002 03 12071
0000000000000000: 00000003 00000000 00000000 0005 03 18079
0000000000000000: 00000003 00000000 00000000 0005 03 17997
0000000000000000: 00000003 00000000 00000000 0001 03 11733 /dev/socket/traced_producer
0000000000000000: 00000002 00000000 00000000 0002 03 11069
0000000000000000: 00000002 00000000 00000000 0002 03  9539
0000000000000000: 00000003 00000000 00000000 0005 03 18112 @jdwp-control
0000000000000000: 00000003 00000000 00000000 0001 03 18388
0000000000000000: 00000003 00000000 00000000 0001 03  6797
0000000000000000: 00000003 00000000 00000000 0005 03 13252 @jdwp-control
0000000000000000: 00000002 00000000 00000000 0002 03  7104
0000000000000000: 00000003 00000000 00000000 0005 03 12295
0000000000000000: 00000003 00000000 00000000 0001 03 11594 @com.android.internal.os.WebViewZygoteInit/e05173c0-66f7-4006-a47c-932995fb64fa
0000000000000000: 00000003 00000000 00000000 0005 03 18076
0000000000000000: 00000002 00000000 00000000 0002 03 11954
0000000000000000: 00000002 00000000 00000000 0002 03  7615
0000000000000000: 00000002 00000000 00000000 0002 03  7067
0000000000000000: 00000003 00000000 00000000 0001 03 18389
0000000000000000: 00000002 00000000 00000000 0002 03  9278
0000000000000000: 00000003 00000000 00000000 0001 03  6523
0000000000000000: 00000002 00000000 00000000 0002 03 18161
0000000000000000: 00000002 00000000 00000000 0002 03 13391
0000000000000000: 00000003 00000000 00000000 0005 03 10831
0000000000000000: 00000002 00000000 00000000 0002 03  4257
0000000000000000: 00000003 00000000 00000000 0001 03 12136
0000000000000000: 00000003 00000000 00000000 0005 03 10779 /dev/socket/lmkd
0000000000000000: 00000003 00000000 00000000 0005 03 18342
0000000000000000: 00000002 00000000 00000000 0002 03  7445
0000000000000000: 00000003 00000000 00000000 0005 03 12179
0000000000000000: 00000002 00000000 00000000 0002 03  7111
0000000000000000: 00000002 00000000 00000000 0002 03 17780
0000000000000000: 00000002 00000000 00000000 0002 01 11585
0000000000000000: 00000003 00000000 00000000 0001 03  9540
0000000000000000: 00000003 00000000 00000000 0005 03 17928 @jdwp-control
0000000000000000: 00000003 00000000 00000000 0005 03 17923
0000000000000000: 00000002 00000000 00000000 0002 03 11189
0000000000000000: 00000003 00000000 00000000 0005 03 18510
0000000000000000: 00000003 00000000 00000000 0005 03 17922
0000000000000000: 00000002 00000000 00000000 0002 03 17695
0000000000000000: 00000003 00000000 00000000 0001 03  9926
0000000000000000: 00000003 00000000 00000000 0005 03  1287
0000000000000000: 00000002 00000000 00010000 0005 01  4358 /dev/socket/tombstoned_crash
0000000000000000: 00000002 00000000 00010000 0005 01  4359 /dev/socket/tombstoned_intercept
0000000000000000: 00000003 00000000 00000000 0005 03 11750
0000000000000000: 00000002 00000000 00010000 0001 01 11412 /data/system/ndebugsocket
0000000000000000: 00000002 00000000 00010000 0005 01  4360 /dev/socket/tombstoned_java_trace
0000000000000000: 00000003 00000000 00000000 0005 03 12340
0000000000000000: 00000003 00000000 00000000 0001 03 12351
0000000000000000: 00000003 00000000 00000000 0005 03 13171
0000000000000000: 00000002 00000000 00010000 0001 01  5308 /dev/socket/dnsproxyd
0000000000000000: 00000002 00000000 00000000 0001 01  5309 /dev/socket/mdns
0000000000000000: 00000002 00000000 00000000 0002 03 11838
0000000000000000: 00000002 00000000 00010000 0001 01  5310 /dev/socket/fwmarkd
0000000000000000: 00000002 00000000 00000000 0002 03 17115
0000000000000000: 00000003 00000000 00000000 0005 03 11628
0000000000000000: 00000003 00000000 00000000 0001 03 11071
0000000000000000: 00000017 00000000 00000000 0002 03  5322 /dev/socket/statsdw
0000000000000000: 00000002 00000000 00000000 0002 03 12911
0000000000000000: 00000003 00000000 00000000 0005 03 11833
0000000000000000: 00000002 00000000 00010000 0001 01  5331 /dev/socket/zygote
0000000000000000: 00000003 00000000 00000000 0005 03 12355
0000000000000000: 00000003 00000000 00000000 0001 03 12352 /dev/socket/traced_producer
0000000000000000: 00000002 00000000 00010000 0001 01  5332 /dev/socket/usap_pool_primary
0000000000000000: 00000003 00000000 00000000 0005 03 17871
0000000000000000: 00000003 00000000 00000000 0005 03 16808
0000000000000000: 00000002 00000000 00000000 0002 03 11292
0000000000000000: 00000003 00000000 00000000 0001 03  9849
0000000000000000: 00000002 00000000 00010000 0005 01  7538 /dev/socket/adbd
0000000000000000: 00000002 00000000 00000000 0002 03 11660
0000000000000000: 00000002 00000000 00010000 0001 01  7997 /dev/socket/mdnsd
0000000000000000: 00000002 00000000 00010000 0001 01  8124 /dev/socket/traced_consumer
0000000000000000: 00000002 00000000 00010000 0001 01  8125 /dev/socket/traced_producer
0000000000000000: 00000003 00000000 00000000 0001 03 12459
0000000000000000: 00000002 00000000 00010000 0001 01 11154 /dev/socket/ot-daemon/thread-wpan.sock
0000000000000000: 00000003 00000000 00000000 0005 03 16886
0000000000000000: 00000003 00000000 00000000 0005 03 16809
0000000000000000: 00000002 00000000 00000000 0002 03 11350
0000000000000000: 00000002 00000000 00000000 0002 01 11253 /dev/socket/wpa_wlan0
0000000000000000: 00000003 00000000 00000000 0005 03 12183
0000000000000000: 00000003 00000000 00000000 0001 03 11339 /dev/socket/zygote
0000000000000000: 00000003 00000000 00000000 0005 03 18433
0000000000000000: 00000002 00000000 00000000 0002 03 17893
0000000000000000: 00000003 00000000 00000000 0005 03  1268
0000000000000000: 00000002 00000000 00000000 0002 03 18458
0000000000000000: 00000002 00000000 00000000 0002 03 14854
0000000000000000: 00000003 00000000 00000000 0005 03 11102
0000000000000000: 00000003 00000000 00000000 0001 03  9850 /dev/socket/traced_producer
0000000000000000: 00000002 00000000 00000000 0002 03 11744
0000000000000000: 00000003 00000000 00000000 0001 03 18481
0000000000000000: 00000002 00000000 00000000 0002 03 13036
0000000000000000: 00000002 00000000 00000000 0002 03  3494
0000000000000000: 00000002 00000000 00000000 0002 03 17978
0000000000000000: 00000003 00000000 00000000 0005 03  1286
0000000000000000: 00000002 00000000 00000000 0002 03 16872
0000000000000000: 00000003 00000000 00000000 0005 03 11101
0000000000000000: 00000003 00000000 00000000 0005 03 17877
0000000000000000: 00000003 00000000 00000000 0005 03 11776
0000000000000000: 00000003 00000000 00000000 0005 03 11803
0000000000000000: 00000003 00000000 00000000 0001 03 18480
0000000000000000: 00000002 00000000 00000000 0002 03 14313
0000000000000000: 00000003 00000000 00000000 0001 03  9927 /dev/socket/traced_producer
0000000000000000: 00000002 00000000 00000000 0002 03 18578
0000000000000000: 00000003 00000000 00000000 0005 03 13155
0000000000000000: 00000003 00000000 00000000 0005 03  1269
0000000000000000: 00000003 00000000 00000000 0001 03 18478
0000000000000000: 00000003 00000000 00000000 0005 03 17881
0000000000000000: 00000003 00000000 00000000 0005 03 17700
0000000000000000: 00000003 00000000 00000000 0005 03 17872
0000000000000000: 00000002 00000000 00000000 0002 03 17114
0000000000000000: 00000003 00000000 00000000 0005 03 11320
0000000000000000: 00000003 00000000 00000000 0005 03 13156
0000000000000000: 00000002 00000000 00000000 0002 03 18464
0000000000000000: 00000003 00000000 00000000 0001 03 18411 /dev/socket/traced_producer
0000000000000000: 00000003 00000000 00000000 0005 03 12337
0000000000000000: 00000002 00000000 00000000 0002 03  6627
0000000000000000: 00000003 00000000 00000000 0005 03 16810
0000000000000000: 00000003 00000000 00000000 0005 03 11775
0000000000000000: 00000003 00000000 00000000 0005 03 18109
0000000000000000: 00000003 00000000 00000000 0005 03 12296
0000000000000000: 00000002 00000000 00000000 0002 03 13699
0000000000000000: 00000002 00000000 00000000 0002 03 11564
0000000000000000: 00000003 00000000 00000000 0005 03 10830
0000000000000000: 00000002 00000000 00000000 0002 03  5699
0000000000000000: 00000002 00000000 00000000 0002 03 18023
0000000000000000: 00000002 00000000 00000000 0002 03  8283
0000000000000000: 00000003 00000000 00000000 0001 03  7878
0000000000000000: 00000002 00000000 00000000 0002 03  7155
0000000000000000: 00000003 00000000 00000000 0005 03 18075
0000000000000000: 00000003 00000000 00000000 0005 03 12288
0000000000000000: 00000003 00000000 00000000 0005 03 11097
0000000000000000: 00000003 00000000 00000000 0005 03 18341
0000000000000000: 00000002 00000000 00000000 0002 03 12013
0000000000000000: 00000002 00000000 00000000 0002 03  7706
0000000000000000: 00000003 00000000 00000000 0001 03 11732
0000000000000000: 00000003 00000000 00000000 0001 03 18583
0000000000000000: 00000002 00000000 00000000 0002 03  9839
0000000000000000: 00000002 00000000 00000000 0002 03  9556
0000000000000000: 00000002 00000000 00000000 0002 03  3925
0000000000000000: 00000002 00000000 00000000 0002 03 13356
0000000000000000: 00000003 00000000 00000000 0001 03  6798
0000000000000000: 00000003 00000000 00000000 0001 03 13006
0000000000000000: 00000002 00000000 00000000 0002 03  7983
0000000000000000: 00000003 00000000 00000000 0001 03 11593
0000000000000000: 00000003 00000000 00000000 0005 03 18110
0000000000000000: 00000002 00000000 00000000 0002 03 11895
0000000000000000: 00000003 00000000 00000000 0005 03 10834
0000000000000000: 00000002 00000000 00000000 0002 03  6817
0000000000000000: 00000002 00000000 00000000 0002 03 17806
0000000000000000: 00000003 00000000 00000000 0005 03 10704
0000000000000000: 00000002 00000000 00000000 0002 03  9550
0000000000000000: 00000002 00000000 00000000 0002 03  6520
0000000000000000: 00000003 00000000 00000000 0005 03 13247
0000000000000000: 00000003 00000000 00000000 0001 03 18582
0000000000000000: 00000003 00000000 00000000 0005 03 11627
0000000000000000: 00000002 00000000 00000000 0002 03  9833
0000000000000000: 00000003 00000000 00000000 0005 03 18052
0000000000000000: 00000003 00000000 00000000 0005 03 18363
0000000000000000: 00000002 00000000 00000000 0002 03  8258
0000000000000000: 00000003 00000000 00000000 0005 03 12334
0000000000000000: 00000002 00000000 00000000 0002 03  8514
0000000000000000: 00000002 00000000 00000000 0002 03  7279
0000000000000000: 00000002 00000000 00000000 0002 03  4406
0000000000000000: 00000002 00000000 00010000 0001 01  1270 /dev/socket/property_service_for_system
0000000000000000: 00000002 00000000 00000000 0002 03  9578
0000000000000000: 00000002 00000000 00010000 0001 01  1273 /dev/socket/property_service
0000000000000000: 00000003 00000000 00000000 0005 03 10829
0000000000000000: 00000002 00000000 00000000 0002 03  6837
0000000000000000: 00000002 00000000 00000000 0002 03  4255
0000000000000000: 00000002 00000000 00000000 0002 03 18237
0000000000000000: 00000003 00000000 00000000 0005 03 17878
0000000000000000: 00000002 00000000 00000000 0002 03  7715
0000000000000000: 00000003 00000000 00000000 0005 03 17866
0000000000000000: 00000003 00000000 00000000 0001 03 12103
0000000000000000: 00000002 00000000 00000000 0002 03 13239
0000000000000000: 00000002 00000000 00000000 0002 03 18247
0000000000000000: 00000003 00000000 00000000 0005 03 12141
0000000000000000: 00000003 00000000 00000000 0001 03 12135
0000000000000000: 00000002 00000000 00000000 0002 03 18037
0000000000000000: 00000002 00000000 00000000 0002 03  8288
0000000000000000: 00000002 00000000 00000000 0002 03  7189
0000000000000000: 00000003 00000000 00000000 0001 03 12102
0000000000000000: 00000003 00000000 00000000 0001 03 18581
0000000000000000: 00000003 00000000 00000000 0005 03 17880
0000000000000000: 00000002 00000000 00000000 0002 03 10815
0000000000000000: 00000002 00000000 00000000 0002 03  7209
0000000000000000: 00000002 00000000 00000000 0002 03 18105
0000000000000000: 00000003 00000000 00000000 0001 03  8027
0000000000000000: 00000002 00000000 00000000 0002 03 11609
0000000000000000: 00000003 00000000 00000000 0001 03 18584
0000000000000000: 00000003 00000000 00000000 0005 03 12297
0000000000000000: 00000003 00000000 00000000 0001 03 12108
0000000000000000: 00000003 00000000 00000000 0005 03 13248
0000000000000000: 00000002 00000000 00000000 0002 03 11911
0000000000000000: 00000003 00000000 00000000 0005 03 17999
0000000000000000: 00000003 00000000 00000000 0005 03 10838
0000000000000000: 00000002 00000000 00000000 0002 03  7489
0000000000000000: 00000003 00000000 00000000 0005 03 12140
0000000000000000: 00000003 00000000 00000000 0001 03  8251
0000000000000000: 00000002 00000000 00000000 0002 03  9546
0000000000000000: 00000002 00000000 00000000 0002 03  7095
0000000000000000: 00000003 00000000 00000000 0005 03 10703
0000000000000000: 00000002 00000000 00000000 0002 03  6495
0000000000000000: 00000003 00000000 00000000 0001 03 12107
0000000000000000: 00000003 00000000 00000000 0005 03 17865
0000000000000000: 00000003 00000000 00000000 0005 03 16855
0000000000000000: 00000003 00000000 00000000 0005 03 17998
0000000000000000: 00000003 00000000 00000000 0005 03 10839
0000000000000000: 00000002 00000000 00000000 0002 03  7874
0000000000000000: 00000002 00000000 00000000 0002 03 13233
0000000000000000: 00000003 00000000 00000000 0005 03 16830
0000000000000000: 00000002 00000000 00000000 0002 03 11699
0000000000000000: 00000003 00000000 00000000 0001 03 11070
0000000000000000: 00000003 00000000 00000000 0005 03 17875
0000000000000000: 00000003 00000000 00000000 0005 03 17927
0000000000000000: 00000002 00000000 00000000 0002 03  3407
0000000000000000: 00000003 00000000 00000000 0001 03 12178
0000000000000000: 00000003 00000000 00000000 0005 03 17970
0000000000000000: 00000003 00000000 00000000 0001 03 18405
0000000000000000: 00000003 00000000 00000000 0005 03 11354
0000000000000000: 00000003 00000000 00000000 0005 03 16885
0000000000000000: 00000003 00000000 00000000 0005 03 16811
0000000000000000: 00000003 00000000 00000000 0005 03 12336
0000000000000000: 00000003 00000000 00000000 0005 03 11881
0000000000000000: 00000003 00000000 00000000 0005 03 11647
0000000000000000: 00000002 00000000 00000000 0002 03 17351
0000000000000000: 00000003 00000000 00000000 0005 03 11357
0000000000000000: 00000003 00000000 00000000 0001 03 11338
0000000000000000: 00000002 00000000 00000000 0002 03 17973
0000000000000000: 00000003 00000000 00000000 0005 03 17971
0000000000000000: 00000002 00000000 00000000 0002 01  3280
0000000000000000: 00000003 00000000 00000000 0001 03 12181
0000000000000000: 00000003 00000000 00000000 0005 03 11840
0000000000000000: 00000003 00000000 00000000 0005 03 11801
0000000000000000: 00000003 00000000 00000000 0001 03 18408 /dev/socket/traced_producer
0000000000000000: 00000002 00000000 00000000 0002 03 15680
0000000000000000: 00000003 00000000 00000000 0005 03 11321
0000000000000000: 00000003 00000000 00000000 0005 03 13170
0000000000000000: 00000003 00000000 00000000 0005 03 12341
0000000000000000: 00000003 00000000 00000000 0005 03 11839
0000000000000000: 00000003 00000000 00000000 0005 03 17876
0000000000000000: 00000003 00000000 00000000 0005 03 11646
0000000000000000: 00000003 00000000 00000000 0005 03 18421
0000000000000000: 00000002 00000000 00000000 0002 03 13153
0000000000000000: 00000003 00000000 00000000 0001 03 12182
0000000000000000: 00000002 00000000 00000000 0002 03  3795
0000000000000000: 00000003 00000000 00000000 0005 03 12432
0000000000000000: 00000002 00000000 00000000 0002 03 18512
0000000000000000: 00000002 00000000 00000000 0002 03 17233
0000000000000000: 00000003 00000000 00000000 0005 03 11353
0000000000000000: 00000003 00000000 00000000 0001 03  9686 /dev/socket/traced_producer
0000000000000000: 00000003 00000000 00000000 0005 03 17698
0000000000000000: 00000003 00000000 00000000 0005 03 11751
0000000000000000: 00000003 00000000 00000000 0005 03 12335
0000000000000000: 00000003 00000000 00000000 0005 03 11832
0000000000000000: 00000003 00000000 00000000 0001 03 12458
0000000000000000: 00000002 00000000 00000000 0002 03  6578
0000000000000000: 00000003 00000000 00000000 0005 03 18432
0000000000000000: 00000003 00000000 00000000 0005 03 17701 @jdwp-control
0000000000000000: 00000003 00000000 00000000 0001 03  9689 /dev/socket/mdnsd
0000000000000000: 00000003 00000000 00000000 0001 03 12177
0000000000000000: 00000002 00000000 00000000 0002 03  3496
0000000000000000: 00000003 00000000 00000000 0005 03 18511
0000000000000000: 00000003 00000000 00000000 0005 03 12354
0000000000000000: 00000002 00000000 00000000 0002 03 11201
0000000000000000: 00000003 00000000 00000000 0005 03 17699
0000000000000000: 00000002 00000000 00000000 0002 03 17178
0000000000000000: 00000002 00000000 00000000 0002 03 11713
0000000000000000: 00000002 00000000 00000000 0002 03 13087
0000000000000000: 00000003 00000000 00000000 0005 03 11804
0000000000000000: 00000003 00000000 00000000 0001 03 18477
0000000000000000: 00000003 00000000 00000000 0005 03 16829
0000000000000000: 00000002 00000000 00000000 0002 03 11643
0000000000000000: 00000003 00000000 00000000 0001 03  9685
0000000000000000: 00000003 00000000 00000000 0005 03 11098
0000000000000000: 00000002 00000000 00010000 0001 01 18088 @com.android.internal.telephony
0000000000000000: 00000002 00000000 00010000 0001 01 18349 @webview_devtools_remote_2013
0000000000000000: 00000002 00000000 00010000 0001 01 18434 @stetho_com.google.android.apps.messaging_devtools_remote
0000000000000000: 00000002 00000000 00010000 0001 01 17661 @stetho_com.google.android.apps.messaging:rcs_devtools_remote
0000000000000000: 00000002 00000000 00010000 0001 01 11588 @com.android.internal.os.WebViewZygoteInit/e05173c0-66f7-4006-a47c-932995fb64fa
0000000000000000: 00000002 00000000 00010000 0005 01  7990 @jdwp-control
