Num       RefCount Protocol Flags    Type St Inode Path
0000000000000000: 00000002 00000000 00010000 0001 01  7947 /dev/socket/logd
0000000000000000: 00000002 00000000 00010000 0005 01  7950 /dev/socket/logdr
0000000000000000: 00000076 00000000 00000000 0002 01  7953 /dev/socket/logdw
0000000000000000: 00000002 00000000 00000000 0002 01 13662 /data/system/unsolzygotesocket
0000000000000000: 00000002 00000000 00010000 0005 01  7962 /dev/socket/lmkd
0000000000000000: 00000002 00000000 00010000 0005 01 11298 /dev/socket/adbd
0000000000000000: 00000002 00000000 00010000 0001 01 14530 /data/system/ndebugsocket
0000000000000000: 00000002 00000000 00010000 0001 01  7469 /dev/socket/property_service
0000000000000000: 00000002 00000000 00010000 0001 01 11334 /dev/socket/traced_consumer
0000000000000000: 00000002 00000000 00010000 0001 01 11336 /dev/socket/traced_producer
0000000000000000: 00000002 00000000 00010000 0001 01 12617 /dev/socket/mdnsd
0000000000000000: 00000002 00000000 00000000 0002 01 14429 /dev/socket/wpa_wlan0
0000000000000000: 00000002 00000000 00010000 0005 01  8810 /dev/socket/tombstoned_crash
0000000000000000: 00000002 00000000 00010000 0005 01  8812 /dev/socket/tombstoned_intercept
0000000000000000: 00000002 00000000 00010000 0005 01  8814 /dev/socket/tombstoned_java_trace
0000000000000000: 00000002 00000000 00010000 0001 01 48442 @com.android.internal.os.AppZygoteInit/2abf7fd2-bb62-40c5-ba6d-a228aa12b1e7
0000000000000000: 00000002 00000000 00010000 0001 01 14846 @com.android.internal.os.WebViewZygoteInit/ebaecc4f-74fe-492d-baae-e6051ef8720e
0000000000000000: 00000002 00000000 00010000 0005 01 12613 @jdwp-control
0000000000000000: 0000000F 00000000 00000000 0002 01  8936 /dev/socket/statsdw
0000000000000000: 00000002 00000000 00010000 0001 01 54402 @webview_devtools_remote_3639
0000000000000000: 00000002 00000000 00010000 0001 01  8944 /dev/socket/dnsproxyd
0000000000000000: 00000002 00000000 00010000 0001 01  8946 /dev/socket/mdns
0000000000000000: 00000002 00000000 00010000 0001 01  8948 /dev/socket/fwmarkd
0000000000000000: 00000002 00000000 00010000 0001 01  8956 /dev/socket/zygote
0000000000000000: 00000002 00000000 00010000 0001 01  8958 /dev/socket/usap_pool_primary
0000000000000000: 00000003 00000000 00000000 0005 03 26572
0000000000000000: 00000003 00000000 00000000 0005 03 17091 @jdwp-control
0000000000000000: 00000003 00000000 00000000 0005 03 12875
0000000000000000: 00000003 00000000 00000000 0005 03 15892
0000000000000000: 00000003 00000000 00000000 0005 03 14208
0000000000000000: 00000003 00000000 00000000 0005 03 34256
0000000000000000: 00000002 00000000 00000000 0002 01 10851
0000000000000000: 00000003 00000000 00000000 0005 03 32026
0000000000000000: 00000003 00000000 00000000 0005 03 25244
0000000000000000: 00000002 00000000 00000000 0002 01 49219
0000000000000000: 00000003 00000000 00000000 0002 01 13104
0000000000000000: 00000003 00000000 00000000 0005 03 11238 /dev/socket/logdr
0000000000000000: 00000003 00000000 00000000 0005 03 15965
0000000000000000: 00000003 00000000 00000000 0005 03 46790
0000000000000000: 00000003 00000000 00000000 0001 03 17044
0000000000000000: 00000003 00000000 00000000 0005 03 12874
0000000000000000: 00000003 00000000 00000000 0005 03 26302
0000000000000000: 00000003 00000000 00000000 0005 03 15015
0000000000000000: 00000003 00000000 00000000 0005 03 14133
0000000000000000: 00000003 00000000 00000000 0005 03 43039 @jdwp-control
0000000000000000: 00000003 00000000 00000000 0001 03 14450
0000000000000000: 00000003 00000000 00000000 0005 03 43420
0000000000000000: 00000003 00000000 00000000 0005 03 14209
0000000000000000: 00000003 00000000 00000000 0001 03 54282
0000000000000000: 00000003 00000000 00000000 0005 03 54129
0000000000000000: 00000003 00000000 00000000 0005 03 25579 @jdwp-control
0000000000000000: 00000002 00000000 00000000 0002 01 10869
0000000000000000: 00000003 00000000 00000000 0005 03 26571
0000000000000000: 00000002 00000000 00000000 0002 01 14080
0000000000000000: 00000002 00000000 00000000 0002 01 11284
0000000000000000: 00000003 00000000 00000000 0005 03 29695
0000000000000000: 00000002 00000000 00000000 0002 01 33759
0000000000000000: 00000003 00000000 00000000 0005 03 26369
0000000000000000: 00000002 00000000 00000000 0002 01 39315
0000000000000000: 00000003 00000000 00000000 0001 03 14307 /dev/socket/mdns
0000000000000000: 00000003 00000000 00000000 0001 03 44495
0000000000000000: 00000002 00000000 00000000 0002 01 11190
0000000000000000: 00000003 00000000 00000000 0001 03 14118 /dev/socket/mdnsd
0000000000000000: 00000003 00000000 00000000 0005 03 15938
0000000000000000: 00000002 00000000 00000000 0002 01 26642
0000000000000000: 00000003 00000000 00000000 0005 03 17096
0000000000000000: 00000002 00000000 00000000 0002 01 12997
0000000000000000: 00000003 00000000 00000000 0005 03 43421 @jdwp-control
0000000000000000: 00000003 00000000 00000000 0002 01 13103
0000000000000000: 00000003 00000000 00000000 0005 03  7467
0000000000000000: 00000002 00000000 00000000 0002 01 11698
0000000000000000: 00000003 00000000 00000000 0001 03 54633
0000000000000000: 00000003 00000000 00000000 0005 03 14519
0000000000000000: 00000003 00000000 00000000 0001 03 46041
0000000000000000: 00000003 00000000 00000000 0005 03 25223
0000000000000000: 00000003 00000000 00000000 0001 03 54586
0000000000000000: 00000003 00000000 00000000 0005 03 44605 @jdwp-control
0000000000000000: 00000003 00000000 00000000 0005 03 32022
0000000000000000: 00000003 00000000 00000000 0005 03 14409
0000000000000000: 00000003 00000000 00000000 0005 03 14088
0000000000000000: 00000002 00000000 00000000 0002 01 13429
0000000000000000: 00000003 00000000 00000000 0005 03 44110
0000000000000000: 00000002 00000000 00000000 0002 01  8094
0000000000000000: 00000003 00000000 00000000 0005 03 39277
0000000000000000: 00000003 00000000 00000000 0005 03 17013
0000000000000000: 00000003 00000000 00000000 0001 03 15944
0000000000000000: 00000002 00000000 00000000 0002 01 12774
0000000000000000: 00000003 00000000 00000000 0005 03 14134 /dev/socket/lmkd
0000000000000000: 00000003 00000000 00000000 0001 03 55463
0000000000000000: 00000003 00000000 00000000 0005 03 34254
0000000000000000: 00000002 00000000 00000000 0002 01 15006
0000000000000000: 00000002 00000000 00000000 0002 01 11174
0000000000000000: 00000003 00000000 00000000 0005 03 14523 @jdwp-control
0000000000000000: 00000002 00000000 00000000 0002 01 32131
0000000000000000: 00000002 00000000 00000000 0002 01 25246
0000000000000000: 00000002 00000000 00000000 0002 01 31293
0000000000000000: 00000003 00000000 00000000 0005 03  7489
0000000000000000: 00000003 00000000 00000000 0005 03 54678
0000000000000000: 00000002 00000000 00000000 0002 01 13423
0000000000000000: 00000002 00000000 00000000 0002 01 11276
0000000000000000: 00000003 00000000 00000000 0001 03 54540
0000000000000000: 00000003 00000000 00000000 0001 03 16101
0000000000000000: 00000003 00000000 00000000 0005 03 26577
0000000000000000: 00000003 00000000 00000000 0005 03 17078
0000000000000000: 00000003 00000000 00000000 0001 03 49146
0000000000000000: 00000002 00000000 00000000 0002 01 27436
0000000000000000: 00000002 00000000 00000000 0002 01 14903
0000000000000000: 00000002 00000000 00000000 0002 01 12710
0000000000000000: 00000002 00000000 00000000 0002 01 10857
0000000000000000: 00000003 00000000 00000000 0005 03 14211
0000000000000000: 00000003 00000000 00000000 0002 01 13105
0000000000000000: 00000002 00000000 00000000 0002 01 29800
0000000000000000: 00000002 00000000 00000000 0002 01  8129
0000000000000000: 00000003 00000000 00000000 0001 03 49802 /dev/socket/traced_consumer
0000000000000000: 00000003 00000000 00000000 0005 03 44604
0000000000000000: 00000002 00000000 00000000 0002 01 25107
0000000000000000: 00000003 00000000 00000000 0005 03 14215
0000000000000000: 00000003 00000000 00000000 0001 03 44494
0000000000000000: 00000002 00000000 00000000 0002 01 34280
0000000000000000: 00000002 00000000 00000000 0002 01 11143
0000000000000000: 00000003 00000000 00000000 0005 03 17014
0000000000000000: 00000003 00000000 00000000 0001 03 15943
0000000000000000: 00000002 00000000 00000000 0002 01 12702
0000000000000000: 00000003 00000000 00000000 0005 03 44111 @jdwp-control
0000000000000000: 00000003 00000000 00000000 0005 03  7488
0000000000000000: 00000003 00000000 00000000 0005 03 14552
0000000000000000: 00000002 00000000 00000000 0002 01 13036
0000000000000000: 00000003 00000000 00000000 0005 03 14518
0000000000000000: 00000003 00000000 00000000 0005 03 33807
0000000000000000: 00000002 00000000 00000000 0002 01 25264
0000000000000000: 00000002 00000000 00000000 0002 01 25593
0000000000000000: 00000003 00000000 00000000 0001 03 14897 @com.android.internal.os.WebViewZygoteInit/ebaecc4f-74fe-492d-baae-e6051ef8720e
0000000000000000: 00000002 00000000 00000000 0002 01 10863
0000000000000000: 00000003 00000000 00000000 0001 03 16102
0000000000000000: 00000003 00000000 00000000 0005 03 26375
0000000000000000: 00000003 00000000 00000000 0005 03 17079
0000000000000000: 00000003 00000000 00000000 0005 03 46210 @jdwp-control
0000000000000000: 00000003 00000000 00000000 0005 03 44109
0000000000000000: 00000002 00000000 00000000 0002 01 24917
0000000000000000: 00000003 00000000 00000000 0001 03 12425
0000000000000000: 00000003 00000000 00000000 0001 03 54391
0000000000000000: 00000002 00000000 00000000 0002 01 29129
0000000000000000: 00000003 00000000 00000000 0001 03 15855
0000000000000000: 00000003 00000000 00000000 0005 03 45838
0000000000000000: 00000002 00000000 00000000 0002 01 24500
0000000000000000: 00000002 00000000 00000000 0002 01 10263
0000000000000000: 00000003 00000000 00000000 0005 03 16652
0000000000000000: 00000003 00000000 00000000 0001 03 54235 /dev/socket/traced_producer
0000000000000000: 00000003 00000000 00000000 0005 03 51276
0000000000000000: 00000002 00000000 00000000 0001 03 39761
0000000000000000: 00000003 00000000 00000000 0005 03 47646 @jdwp-control
0000000000000000: 00000003 00000000 00000000 0005 03 15510
0000000000000000: 00000003 00000000 00000000 0005 03 15036
0000000000000000: 00000003 00000000 00000000 0005 03 29099 @jdwp-control
0000000000000000: 00000002 00000000 00000000 0002 01 24284
0000000000000000: 00000003 00000000 00000000 0001 03 15889
0000000000000000: 00000002 00000000 00000000 0002 01 14569
0000000000000000: 00000002 00000000 00000000 0002 01  8847
0000000000000000: 00000003 00000000 00000000 0005 03 46195
0000000000000000: 00000003 00000000 00000000 0005 03 43038
0000000000000000: 00000003 00000000 00000000 0005 03 34010
0000000000000000: 00000003 00000000 00000000 0005 03 28965
0000000000000000: 00000003 00000000 00000000 0005 03 25013
0000000000000000: 00000002 00000000 00000000 0002 01 24504
0000000000000000: 00000003 00000000 00000000 0005 03 16256
0000000000000000: 00000002 00000000 00000000 0002 01 16203
0000000000000000: 00000003 00000000 00000000 0001 03 54086
0000000000000000: 00000002 00000000 00000000 0002 01 10669
0000000000000000: 00000003 00000000 00000000 0001 03 54231
0000000000000000: 00000002 00000000 00000000 0002 01 24591
0000000000000000: 00000003 00000000 00000000 0005 03 46005
0000000000000000: 00000002 00000000 00000000 0002 01 15190
0000000000000000: 00000002 00000000 00000000 0002 01 14842
0000000000000000: 00000003 00000000 00000000 0005 03 51277
0000000000000000: 00000003 00000000 00000000 0005 03 54281
0000000000000000: 00000003 00000000 00000000 0005 03 28966
0000000000000000: 00000003 00000000 00000000 0005 03 24478 @jdwp-control
0000000000000000: 00000003 00000000 00000000 0005 03 16255
0000000000000000: 00000003 00000000 00000000 0005 03 49262 @jdwp-control
0000000000000000: 00000003 00000000 00000000 0005 03 48072
0000000000000000: 00000003 00000000 00000000 0005 03 31226
0000000000000000: 00000003 00000000 00000000 0005 03 25011
0000000000000000: 00000002 00000000 00000000 0002 01 12645
0000000000000000: 00000003 00000000 00000000 0005 03 29305
0000000000000000: 00000003 00000000 00000000 0005 03 16204
0000000000000000: 00000002 00000000 00000000 0002 01 15824
0000000000000000: 00000003 00000000 00000000 0005 03 14882
0000000000000000: 00000003 00000000 00000000 0005 03 54114
0000000000000000: 00000002 00000000 00000000 0002 01 24590
0000000000000000: 00000003 00000000 00000000 0005 03 47643
0000000000000000: 00000003 00000000 00000000 0005 03 15125
0000000000000000: 00000003 00000000 00000000 0001 03 50301
0000000000000000: 00000003 00000000 00000000 0005 03 16212
0000000000000000: 00000003 00000000 00000000 0001 03 55546
0000000000000000: 00000002 00000000 00000000 0002 01 54107
0000000000000000: 00000002 00000000 00000000 0002 01 10636
0000000000000000: 00000003 00000000 00000000 0001 03 54403
0000000000000000: 00000003 00000000 00000000 0005 03 29519
0000000000000000: 00000003 00000000 00000000 0005 03 16651
0000000000000000: 00000003 00000000 00000000 0005 03 15577
0000000000000000: 00000002 00000000 00000000 0002 01  8215
0000000000000000: 00000003 00000000 00000000 0005 03 48073
0000000000000000: 00000002 00000000 00000000 0002 01 37177
0000000000000000: 00000002 00000000 00000000 0002 01 33864
0000000000000000: 00000003 00000000 00000000 0005 03 25544
0000000000000000: 00000003 00000000 00000000 0005 03 33711
0000000000000000: 00000003 00000000 00000000 0005 03 15126
0000000000000000: 00000003 00000000 00000000 0005 03 14809
0000000000000000: 00000003 00000000 00000000 0001 03 50699
0000000000000000: 00000003 00000000 00000000 0001 03 54228
0000000000000000: 00000003 00000000 00000000 0001 03 50715
0000000000000000: 00000003 00000000 00000000 0005 03 33808
0000000000000000: 00000003 00000000 00000000 0001 03 46728
0000000000000000: 00000002 00000000 00000000 0001 03 39759
0000000000000000: 00000003 00000000 00000000 0005 03 14812 @jdwp-control
0000000000000000: 00000003 00000000 00000000 0005 03 31133
0000000000000000: 00000003 00000000 00000000 0005 03 29689
0000000000000000: 00000003 00000000 00000000 0005 03 25574
0000000000000000: 00000003 00000000 00000000 0005 03 24544
0000000000000000: 00000003 00000000 00000000 0001 03 54582
0000000000000000: 00000003 00000000 00000000 0001 03 46043
0000000000000000: 00000003 00000000 00000000 0005 03 34114
0000000000000000: 00000003 00000000 00000000 0001 03 28520
0000000000000000: 00000003 00000000 00000000 0005 03 16205
0000000000000000: 00000002 00000000 00000000 0002 01 15754
0000000000000000: 00000003 00000000 00000000 0005 03 15561
0000000000000000: 00000002 00000000 00000000 0002 01 10664
0000000000000000: 00000003 00000000 00000000 0005 03 24473
0000000000000000: 00000003 00000000 00000000 0001 03 54277
0000000000000000: 00000003 00000000 00000000 0005 03 54112
0000000000000000: 00000003 00000000 00000000 0005 03 46789
0000000000000000: 00000003 00000000 00000000 0001 03 14774
0000000000000000: 00000002 00000000 00000000 0002 01 15273
0000000000000000: 00000002 00000000 00000000 0002 01 54445
0000000000000000: 00000003 00000000 00000000 0005 03 34117
0000000000000000: 00000003 00000000 00000000 0001 03 54392
0000000000000000: 00000003 00000000 00000000 0005 03 44108
0000000000000000: 00000003 00000000 00000000 0005 03 25575
0000000000000000: 00000003 00000000 00000000 0005 03 24518
0000000000000000: 00000002 00000000 00000000 0002 01 12383
0000000000000000: 00000003 00000000 00000000 0005 03 24471
0000000000000000: 00000002 00000000 00000000 0002 01 29350
0000000000000000: 00000003 00000000 00000000 0005 03 16569
0000000000000000: 00000003 00000000 00000000 0001 03 10677
0000000000000000: 00000003 00000000 00000000 0001 03 46037
0000000000000000: 00000003 00000000 00000000 0005 03 54131
0000000000000000: 00000003 00000000 00000000 0005 03 14811
0000000000000000: 00000002 00000000 00000000 0002 01 15508
0000000000000000: 00000003 00000000 00000000 0001 03 54229
0000000000000000: 00000003 00000000 00000000 0005 03 16142
0000000000000000: 00000002 00000000 00000000 0002 01 10656
0000000000000000: 00000003 00000000 00000000 0005 03 24476 @jdwp-control
0000000000000000: 00000003 00000000 00000000 0005 03 16216
0000000000000000: 00000003 00000000 00000000 0005 03 31134 @jdwp-control
0000000000000000: 00000003 00000000 00000000 0005 03 29309 @jdwp-control
0000000000000000: 00000003 00000000 00000000 0005 03 25545
0000000000000000: 00000003 00000000 00000000 0005 03 17119 @jdwp-control
0000000000000000: 00000002 00000000 00000000 0002 01 14086
0000000000000000: 00000003 00000000 00000000 0005 03 34008
0000000000000000: 00000003 00000000 00000000 0001 03 28382
0000000000000000: 00000003 00000000 00000000 0001 03 50714
0000000000000000: 00000003 00000000 00000000 0005 03 44826 @jdwp-control
0000000000000000: 00000003 00000000 00000000 0001 03 14775
0000000000000000: 00000003 00000000 00000000 0005 03 16215
0000000000000000: 00000003 00000000 00000000 0001 03 54276
0000000000000000: 00000002 00000000 00000000 0002 01 47664
0000000000000000: 00000003 00000000 00000000 0001 03 54583
0000000000000000: 00000003 00000000 00000000 0005 03 49261
0000000000000000: 00000003 00000000 00000000 0001 03 46044
0000000000000000: 00000003 00000000 00000000 0005 03 16257
0000000000000000: 00000003 00000000 00000000 0005 03 16143
0000000000000000: 00000002 00000000 00000000 0002 01 10744
0000000000000000: 00000003 00000000 00000000 0005 03 45837
0000000000000000: 00000003 00000000 00000000 0001 03 28381
0000000000000000: 00000003 00000000 00000000 0005 03 44824
0000000000000000: 00000003 00000000 00000000 0005 03 24803
0000000000000000: 00000003 00000000 00000000 0005 03 16605 @jdwp-control
0000000000000000: 00000002 00000000 00000000 0002 01 15743
0000000000000000: 00000002 00000000 00000000 0002 01 13008
0000000000000000: 00000002 00000000 00000000 0002 01  8133
0000000000000000: 00000003 00000000 00000000 0005 03 14410
0000000000000000: 00000003 00000000 00000000 0005 03 42027 @jdwp-control
0000000000000000: 00000003 00000000 00000000 0001 03 11912
0000000000000000: 00000003 00000000 00000000 0005 03 43415
0000000000000000: 00000002 00000000 00000000 0002 01 13489
0000000000000000: 00000002 00000000 00000000 0002 01 33751
0000000000000000: 00000003 00000000 00000000 0001 03 25059
0000000000000000: 00000003 00000000 00000000 0005 03 39276
0000000000000000: 00000003 00000000 00000000 0001 03 15935
0000000000000000: 00000002 00000000 00000000 0002 01 13480
0000000000000000: 00000002 00000000 00000000 0002 01 12810
0000000000000000: 00000003 00000000 00000000 0005 03 17092
0000000000000000: 00000003 00000000 00000000 0005 03 15571
0000000000000000: 00000003 00000000 00000000 0005 03 14214
0000000000000000: 00000003 00000000 00000000 0001 03 54587 /dev/socket/traced_producer
0000000000000000: 00000003 00000000 00000000 0005 03 32027 @jdwp-control
0000000000000000: 00000003 00000000 00000000 0005 03 25245
0000000000000000: 00000003 00000000 00000000 0005 03 31228 @jdwp-control
0000000000000000: 00000002 00000000 00000000 0002 01 11254
0000000000000000: 00000003 00000000 00000000 0001 03 14306
0000000000000000: 00000003 00000000 00000000 0005 03 26374
0000000000000000: 00000003 00000000 00000000 0005 03 15028 @jdwp-control
0000000000000000: 00000003 00000000 00000000 0001 03 12922 /dev/socket/traced_producer
0000000000000000: 00000003 00000000 00000000 0005 03 26303
0000000000000000: 00000003 00000000 00000000 0005 03 14210
0000000000000000: 00000002 00000000 00000000 0002 01 10825
0000000000000000: 00000003 00000000 00000000 0005 03 29696 @jdwp-control
0000000000000000: 00000002 00000000 00000000 0002 01 13254
0000000000000000: 00000002 00000000 00000000 0002 01 14278
0000000000000000: 00000003 00000000 00000000 0005 03 42025
0000000000000000: 00000003 00000000 00000000 0001 03 44449
0000000000000000: 00000003 00000000 00000000 0005 03 15027
0000000000000000: 00000003 00000000 00000000 0005 03 54130
0000000000000000: 00000002 00000000 00000000 0002 01 42068
0000000000000000: 00000003 00000000 00000000 0005 03 26368
0000000000000000: 00000002 00000000 00000000 0002 01 15939
0000000000000000: 00000003 00000000 00000000 0005 03 12868
0000000000000000: 00000003 00000000 00000000 0005 03 17097
0000000000000000: 00000002 00000000 00000000 0002 01 11855
0000000000000000: 00000003 00000000 00000000 0002 01 13102
0000000000000000: 00000003 00000000 00000000 0001 03 49147 @com.android.internal.os.AppZygoteInit/2abf7fd2-bb62-40c5-ba6d-a228aa12b1e7
0000000000000000: 00000003 00000000 00000000 0005 03 33746 @jdwp-control
0000000000000000: 00000003 00000000 00000000 0001 03 25058
0000000000000000: 00000003 00000000 00000000 0005 03 54128
0000000000000000: 00000003 00000000 00000000 0005 03 17093 /dev/socket/adbd
0000000000000000: 00000002 00000000 00000000 0002 01 25587
0000000000000000: 00000003 00000000 00000000 0001 03 15936
0000000000000000: 00000002 00000000 00000000 0002 01 14205
0000000000000000: 00000003 00000000 00000000 0001 03 11913
0000000000000000: 00000003 00000000 00000000 0005 03 26578 @jdwp-control
0000000000000000: 00000003 00000000 00000000 0001 03 12921
0000000000000000: 00000003 00000000 00000000 0005 03 17090
0000000000000000: 00000002 00000000 00000000 0002 01 48183
0000000000000000: 00000003 00000000 00000000 0005 03 29062
0000000000000000: 00000003 00000000 00000000 0005 03 15891
0000000000000000: 00000003 00000000 00000000 0001 03 55545
0000000000000000: 00000003 00000000 00000000 0005 03 25578
0000000000000000: 00000003 00000000 00000000 0005 03 15031
0000000000000000: 00000002 00000000 00000000 0002 01 10956
0000000000000000: 00000003 00000000 00000000 0001 03 44450
0000000000000000: 00000003 00000000 00000000 0005 03 33806
0000000000000000: 00000003 00000000 00000000 0005 03 49256
0000000000000000: 00000002 00000000 00000000 0002 01 13180
0000000000000000: 00000002 00000000 00000000 0002 01 43060
0000000000000000: 00000003 00000000 00000000 0001 03 54539
0000000000000000: 00000003 00000000 00000000 0005 03 15937
0000000000000000: 00000002 00000000 00000000 0002 01 17094
0000000000000000: 00000002 00000000 00000000 0002 01 12756
0000000000000000: 00000002 00000000 00000000 0002 01 25932
0000000000000000: 00000003 00000000 00000000 0005 03 15030
0000000000000000: 00000003 00000000 00000000 0005 03 14212
0000000000000000: 00000002 00000000 00000000 0002 01 10962
0000000000000000: 00000003 00000000 00000000 0001 03 54634
0000000000000000: 00000003 00000000 00000000 0005 03 14522
0000000000000000: 00000003 00000000 00000000 0005 03 44603
0000000000000000: 00000003 00000000 00000000 0005 03 25014 @jdwp-control
0000000000000000: 00000002 00000000 00000000 0002 01 31233
0000000000000000: 00000003 00000000 00000000 0005 03  7468
0000000000000000: 00000003 00000000 00000000 0005 03 13465
0000000000000000: 00000003 00000000 00000000 0001 03 54283
0000000000000000: 00000003 00000000 00000000 0005 03 34257 @jdwp-control
0000000000000000: 00000002 00000000 00000000 0002 01 10847
0000000000000000: 00000003 00000000 00000000 0001 03 17045 /dev/socket/traced_producer
0000000000000000: 00000002 00000000 00000000 0002 01 12698
0000000000000000: 00000003 00000000 00000000 0005 03 29690
0000000000000000: 00000002 00000000 00000000 0002 01 15977
0000000000000000: 00000003 00000000 00000000 0005 03 14213
0000000000000000: 00000002 00000000 00000000 0002 01 13122
0000000000000000: 00000003 00000000 00000000 0005 03 11237
0000000000000000: 00000003 00000000 00000000 0005 03 33809 @jdwp-control
0000000000000000: 00000003 00000000 00000000 0005 03 44823
0000000000000000: 00000003 00000000 00000000 0005 03 25222
0000000000000000: 00000003 00000000 00000000 0005 03 42024
0000000000000000: 00000003 00000000 00000000 0005 03 34255
0000000000000000: 00000003 00000000 00000000 0005 03 29061
0000000000000000: 00000003 00000000 00000000 0005 03 15014
0000000000000000: 00000003 00000000 00000000 0005 03 14089
0000000000000000: 00000002 00000000 00000000 0002 01 11182
0000000000000000: 00000003 00000000 00000000 0005 03 15966
0000000000000000: 00000003 00000000 00000000 0005 03 24550
0000000000000000: 00000003 00000000 00000000 0005 03 12869
0000000000000000: 00000003 00000000 00000000 0005 03 43416
0000000000000000: 00000002 00000000 00000000 0002 01  8087
0000000000000000: 00000003 00000000 00000000 0005 03 13470
0000000000000000: 00000002 00000000 00000000 0002 01 11646
0000000000000000: 00000003 00000000 00000000 0005 03 42026
0000000000000000: 00000003 00000000 00000000 0001 03 14451 /dev/socket/zygote
0000000000000000: 00000002 00000000 00000000 0002 01 44629
0000000000000000: 00000003 00000000 00000000 0005 03 32023
0000000000000000: 00000003 00000000 00000000 0001 03 50698
0000000000000000: 00000003 00000000 00000000 0001 03 14896
0000000000000000: 00000003 00000000 00000000 0001 03 46040
0000000000000000: 00000003 00000000 00000000 0005 03 15135
0000000000000000: 00000003 00000000 00000000 0005 03 48074 @jdwp-control
0000000000000000: 00000003 00000000 00000000 0005 03 25549 @jdwp-control
0000000000000000: 00000003 00000000 00000000 0005 03 17118
0000000000000000: 00000003 00000000 00000000 0005 03 46830
0000000000000000: 00000003 00000000 00000000 0005 03 34009
0000000000000000: 00000003 00000000 00000000 0005 03 29096
0000000000000000: 00000003 00000000 00000000 0005 03 15572
0000000000000000: 00000002 00000000 00000000 0002 01 14607
0000000000000000: 00000003 00000000 00000000 0001 03 54087 /dev/socket/traced_consumer
0000000000000000: 00000003 00000000 00000000 0005 03 24553
0000000000000000: 00000002 00000000 00000000 0002 01 10410
0000000000000000: 00000003 00000000 00000000 0001 03 54232
0000000000000000: 00000003 00000000 00000000 0005 03 47644
0000000000000000: 00000003 00000000 00000000 0005 03 44825
0000000000000000: 00000003 00000000 00000000 0005 03 15544
0000000000000000: 00000003 00000000 00000000 0005 03 54113
0000000000000000: 00000003 00000000 00000000 0005 03 54289 @jdwp-control
0000000000000000: 00000003 00000000 00000000 0005 03 43036
0000000000000000: 00000003 00000000 00000000 0005 03 29304
0000000000000000: 00000003 00000000 00000000 0005 03 15828
0000000000000000: 00000002 00000000 00000000 0002 01 12625
0000000000000000: 00000002 00000000 00000000 0002 01  8284
0000000000000000: 00000003 00000000 00000000 0005 03 46196
0000000000000000: 00000003 00000000 00000000 0005 03 25548
0000000000000000: 00000003 00000000 00000000 0005 03 24517
0000000000000000: 00000003 00000000 00000000 0001 03 55462
0000000000000000: 00000003 00000000 00000000 0005 03 16570
0000000000000000: 00000003 00000000 00000000 0005 03 54176
0000000000000000: 00000003 00000000 00000000 0001 03 50697
0000000000000000: 00000003 00000000 00000000 0005 03 14810
0000000000000000: 00000003 00000000 00000000 0001 03 46038 /dev/socket/traced_producer
0000000000000000: 00000003 00000000 00000000 0005 03 15136 @jdwp-control
0000000000000000: 00000003 00000000 00000000 0001 03 55461
0000000000000000: 00000003 00000000 00000000 0001 03 49801
0000000000000000: 00000003 00000000 00000000 0005 03 16211
0000000000000000: 00000003 00000000 00000000 0005 03 48175
0000000000000000: 00000002 00000000 00000000 0002 01 43435
0000000000000000: 00000003 00000000 00000000 0005 03 24477
0000000000000000: 00000003 00000000 00000000 0005 03 16254
0000000000000000: 00000003 00000000 00000000 0005 03 14553
0000000000000000: 00000002 00000000 00000000 0002 01 10643
0000000000000000: 00000003 00000000 00000000 0001 03 46727
0000000000000000: 00000003 00000000 00000000 0005 03 24809 @jdwp-control
0000000000000000: 00000002 00000000 00000000 0002 01 24288
0000000000000000: 00000003 00000000 00000000 0005 03 34113
0000000000000000: 00000003 00000000 00000000 0005 03 29097
0000000000000000: 00000003 00000000 00000000 0001 03 28519
0000000000000000: 00000003 00000000 00000000 0001 03 15890
0000000000000000: 00000002 00000000 00000000 0002 01 14604
0000000000000000: 00000003 00000000 00000000 0005 03 47645
0000000000000000: 00000003 00000000 00000000 0005 03 24556
0000000000000000: 00000003 00000000 00000000 0005 03 15543
0000000000000000: 00000003 00000000 00000000 0005 03 52625
0000000000000000: 00000003 00000000 00000000 0001 03 50302
0000000000000000: 00000002 00000000 00000000 0002 01 14890
0000000000000000: 00000003 00000000 00000000 0005 03 48174
0000000000000000: 00000003 00000000 00000000 0005 03 24470
0000000000000000: 00000002 00000000 00000000 0002 01 54006
0000000000000000: 00000002 00000000 00000000 0002 01 49311
0000000000000000: 00000002 00000000 00000000 0002 01 44870
0000000000000000: 00000002 00000000 00000000 0002 01 44128
0000000000000000: 00000003 00000000 00000000 0005 03 31227
0000000000000000: 00000003 00000000 00000000 0005 03 15829
0000000000000000: 00000003 00000000 00000000 0005 03 14554
0000000000000000: 00000003 00000000 00000000 0005 03 13471 @jdwp-control
0000000000000000: 00000002 00000000 00000000 0002 01 12675
0000000000000000: 00000002 00000000 00000000 0002 01  8483
0000000000000000: 00000003 00000000 00000000 0005 03 46209
0000000000000000: 00000003 00000000 00000000 0005 03 39279 @jdwp-control
0000000000000000: 00000002 00000000 00000000 0002 01 16623
0000000000000000: 00000002 00000000 00000000 0002 01 46267
0000000000000000: 00000003 00000000 00000000 0005 03 31225
0000000000000000: 00000003 00000000 00000000 0005 03 16604
0000000000000000: 00000003 00000000 00000000 0001 03 12628
0000000000000000: 00000002 00000000 00000000 0002 01 34135
0000000000000000: 00000003 00000000 00000000 0005 03 28856
0000000000000000: 00000002 00000000 00000000 0002 01 15825
0000000000000000: 00000003 00000000 00000000 0005 03 14883
0000000000000000: 00000002 00000000 00000000 0002 01  8441
0000000000000000: 00000003 00000000 00000000 0005 03 54679
0000000000000000: 00000003 00000000 00000000 0005 03 16156
0000000000000000: 00000002 00000000 00000000 0002 01 10623
0000000000000000: 00000002 00000000 00000000 0002 01 25393
0000000000000000: 00000003 00000000 00000000 0005 03 24808
0000000000000000: 00000003 00000000 00000000 0005 03 16600
0000000000000000: 00000003 00000000 00000000 0005 03 54177
0000000000000000: 00000003 00000000 00000000 0005 03 54115 @jdwp-control
0000000000000000: 00000003 00000000 00000000 0005 03 54420
0000000000000000: 00000003 00000000 00000000 0005 03 49255
0000000000000000: 00000003 00000000 00000000 0005 03 33745
0000000000000000: 00000003 00000000 00000000 0005 03 24554 @jdwp-control
0000000000000000: 00000003 00000000 00000000 0005 03 15562 @jdwp-control
0000000000000000: 00000003 00000000 00000000 0005 03 46831
0000000000000000: 00000003 00000000 00000000 0005 03 34011 @jdwp-control
0000000000000000: 00000003 00000000 00000000 0005 03 29520
0000000000000000: 00000003 00000000 00000000 0005 03 25012
0000000000000000: 00000002 00000000 00000000 0002 01 48439
0000000000000000: 00000003 00000000 00000000 0005 03 43037
0000000000000000: 00000003 00000000 00000000 0005 03 24549
0000000000000000: 00000003 00000000 00000000 0005 03 13464
0000000000000000: 00000003 00000000 00000000 0001 03 49790
0000000000000000: 00000003 00000000 00000000 0005 03 24475
0000000000000000: 00000003 00000000 00000000 0001 03 16104
0000000000000000: 00000002 00000000 00000000 0002 01 10626
0000000000000000: 00000003 00000000 00000000 0005 03 54280
0000000000000000: 00000003 00000000 00000000 0005 03 35587
0000000000000000: 00000003 00000000 00000000 0005 03 33712
0000000000000000: 00000002 00000000 00000000 0002 01 15272
0000000000000000: 00000003 00000000 00000000 0005 03 15037 @jdwp-control
0000000000000000: 00000003 00000000 00000000 0005 03 39278
0000000000000000: 00000003 00000000 00000000 0005 03 16157 @jdwp-control
0000000000000000: 00000003 00000000 00000000 0001 03 10676
0000000000000000: 00000003 00000000 00000000 0005 03 44602
0000000000000000: 00000002 00000000 00000000 0002 01 16528
0000000000000000: 00000003 00000000 00000000 0005 03 30987
0000000000000000: 00000003 00000000 00000000 0005 03 16601
0000000000000000: 00000003 00000000 00000000 0001 03 12426
0000000000000000: 00000003 00000000 00000000 0005 03 34118 @jdwp-control
0000000000000000: 00000003 00000000 00000000 0005 03 29308
0000000000000000: 00000003 00000000 00000000 0005 03 28855
0000000000000000: 00000003 00000000 00000000 0001 03 15854
0000000000000000: 00000003 00000000 00000000 0005 03 14555 @jdwp-control
0000000000000000: 00000002 00000000 00000000 0002 01  8873
0000000000000000: 00000003 00000000 00000000 0005 03 52624
0000000000000000: 00000003 00000000 00000000 0005 03 54421
0000000000000000: 00000003 00000000 00000000 0005 03 24555
0000000000000000: 00000003 00000000 00000000 0005 03 15511
0000000000000000: 00000003 00000000 00000000 0001 03 54234
0000000000000000: 00000003 00000000 00000000 0001 03 49789
0000000000000000: 00000003 00000000 00000000 0005 03 24474
0000000000000000: 00000003 00000000 00000000 0001 03 55460
0000000000000000: 00000003 00000000 00000000 0001 03 16103
0000000000000000: 00000002 00000000 00000000 0002 01 10675
0000000000000000: 00000003 00000000 00000000 0001 03 54404
0000000000000000: 00000003 00000000 00000000 0005 03 54288
0000000000000000: 00000002 00000000 00000000 0002 01 34041
0000000000000000: 00000003 00000000 00000000 0005 03 29098
0000000000000000: 00000003 00000000 00000000 0005 03 24804
0000000000000000: 00000003 00000000 00000000 0005 03 15578 @jdwp-control
0000000000000000: 00000003 00000000 00000000 0005 03 48071
0000000000000000: 00000003 00000000 00000000 0005 03 30988
0000000000000000: 00000003 00000000 00000000 0005 03 24545 @jdwp-control
0000000000000000: 00000002 00000000 00000000 0002 01 12430
0000000000000000: 00000003 00000000 00000000 0005 03 46006
0000000000000000: 00000003 00000000 00000000 0005 03 35588
0000000000000000: 00000002 00000000 00000000 0002 01 14745
0000000000000000: 00000003 00000000 00000000 0001 03 50700
0000000000000000: 00000002 00000000 00000000 0002 01 54227
