  PID NAME                       
    1 init
    2 [kthreadd]
    3 [kworker/0:0]
    4 [kworker/0:0H]
    5 [kworker/u2:0]
    6 [mm_percpu_wq]
    7 [ksoftirqd/0]
    8 [rcu_preempt]
    9 [rcu_sched]
   10 [rcu_bh]
   11 [migration/0]
   12 [cpuhp/0]
   13 [netns]
   14 [kworker/0:1]
   15 [oom_reaper]
   16 [writeback]
   17 [kcompactd0]
   18 [ksmd]
   19 [crypto]
   20 [kblockd]
   21 [cfg80211]
   44 [kauditd]
   45 [kswapd0]
   46 [kworker/u3:0]
   79 [hwrng]
   80 [kworker/0:1H]
   81 [memory_wq]
   82 [dm_bufio_cache]
   83 [ion_system_heap]
   84 [kworker/0:2]
   85 [ipv6_addrconf]
   86 [kdmflush]
   87 [bioset]
   88 [kdmflush]
   89 [bioset]
   90 [ext4-rsv-conver]
   91 [ext4-rsv-conver]
   92 init
   93 init
   94 ueventd
   97 logd
   98 servicemanager
   99 hwservicemanager
  100 vndservicemanager
  101 [kworker/u2:1]
  111 vold
  119 [jbd2/vdc-8]
  120 [ext4-rsv-conver]
  123 android.hardware.keymaster@3.0-service
  129 apexd
  151 netd
  152 zygote64
  154 android.hidl.allocator@1.0-service
  155 android.system.suspend@1.0-service
  156 healthd
  157 android.hardware.audio@2.0-service
  158 android.hardware.broadcastradio@1.1-service
  159 android.hardware.camera.provider@2.4-service_64
  160 android.hardware.configstore@1.1-service
  161 android.hardware.drm@1.0-service
  162 android.hardware.drm@1.2-service.clearkey
  163 android.hardware.drm@1.2-service.widevine
  164 android.hardware.gatekeeper@1.0-service
  165 android.hardware.gnss@1.0-service
  166 android.hardware.graphics.allocator@2.0-service
  167 android.hardware.graphics.composer@2.1-service
  168 android.hardware.health@2.0-service.goldfish
  169 android.hardware.power@1.1-service.ranchu
  170 android.hardware.sensors@1.0-service
  171 android.hardware.thermal@2.0-service.mock
  172 android.hardware.wifi@1.0-service
  174 qemu-props
  175 ashmemd
  176 audioserver
  177 gpuservice
  178 lmkd
  179 surfaceflinger
  182 adbd
  183 traced
  184 traced_probes
  186 cameraserver
  189 createns
  192 drmserver
  193 idmap2d
  194 incidentd
  195 installd
  196 keystore
  197 [psimon]
  198 mdnsd
  199 mediadrmserver
  200 media.extractor
  201 media.metrics
  202 mediaserver
  203 statsd
  204 storaged
  205 wificond
  206 media.codec
  207 rild
  228 media.swcodec
  229 gatekeeperd
  230 tombstoned
  232 android.hardware.biometrics.fingerprint@2.1-service
  233 [kworker/0:3]
  242 llkd
  248 iptables-restore
  249 ip6tables-restore
  260 system_server
  329 netmgr
  331 wifi_forwarder
  334 hostapd_nohidl
  335 dhcpclient
  515 com.google.android.networkstack
  527 com.android.phone
  548 com.android.systemui
  636 com.google.android.inputmethod.latin
  656 webview_zygote
  682 wpa_supplicant
  687 com.google.android.apps.nexuslauncher
  720 com.google.android.ext.services
  812 com.google.android.gms.persistent
  821 com.android.dialer
  839 android.process.acore
  952 com.google.android.gms
  988 com.google.android.googlequicksearchbox:interactor
 1006 com.google.android.googlequicksearchbox:search
 1038 com.android.se
 1064 com.android.ims.rcsservice
 1113 com.android.emulator.multidisplay
 1129 com.google.process.gservices
 1136 com.android.smspush
 1184 abb
 1235 com.google.process.gapps
 1344 com.android.providers.calendar
 1382 android.process.media
 1417 com.google.android.permissioncontroller
 1695 com.google.android.apps.maps
 1926 sh
 1928 cmd
 1937 com.google.android.apps.messaging
 1991 com.google.android.ims
 2075 com.google.android.apps.messaging:rcs
 2104 com.google.android.apps.photos
 2143 com.google.android.apps.wallpaper
 2162 com.google.android.calendar
 2221 com.google.android.configupdater
 2266 com.google.android.deskclock
 2292 com.google.android.gm
 2360 com.android.chrome
 2375 com.google.android.onetimeinitializer
 2404 com.google.android.packageinstaller
 2410 [kworker/u2:2]
 2425 com.google.android.partnersetup
 2459 com.google.android.projection.gearhead:shared
 2487 com.google.android.projection.gearhead:projection
 2516 com.google.android.gms:car
 2539 com.google.process.gapps
 2564 com.google.android.youtube
 2725 ps
