Num       RefCount Protocol Flags    Type St Inode Path
0000000000000000: 00000002 00000000 00010000 0001 01 31820 @webview_devtools_remote_2811
0000000000000000: 00000002 00000000 00010000 0005 01  9747 /dev/socket/tombstoned_crash
0000000000000000: 00000002 00000000 00010000 0005 01  9752 /dev/socket/tombstoned_intercept
0000000000000000: 00000002 00000000 00010000 0005 01  9755 /dev/socket/tombstoned_java_trace
0000000000000000: 00000002 00000000 00010000 0001 01 13191 @com.android.internal.os.WebViewZygoteInit/0e47b999-ce8a-4dd1-b8b4-1f4d559fcb5a
0000000000000000: 00000002 00000000 00010000 0001 01  8029 /dev/socket/traced_consumer
0000000000000000: 00000002 00000000 00010000 0001 01  8036 /dev/socket/traced_producer
0000000000000000: 00000006 00000000 00000000 0002 01  9148 /dev/socket/statsdw
0000000000000000: 00000002 00000000 00010000 0001 01  6772 /dev/socket/logd
0000000000000000: 00000002 00000000 00010000 0005 01  6788 /dev/socket/logdr
0000000000000000: 0000006B 00000000 00000000 0002 01  6791 /dev/socket/logdw
0000000000000000: 00000002 00000000 00010000 0001 01  7590 /dev/socket/dnsproxyd
0000000000000000: 00000002 00000000 00010000 0001 01  7595 /dev/socket/mdns
0000000000000000: 00000002 00000000 00010000 0001 01  7598 /dev/socket/fwmarkd
0000000000000000: 00000002 00000000 00010000 0001 01  7606 /dev/socket/zygote
0000000000000000: 00000002 00000000 00000000 0002 01 13239 /dev/socket/wpa_wlan0
0000000000000000: 00000002 00000000 00010000 0001 01  7611 /dev/socket/usap_pool_primary
0000000000000000: 00000002 00000000 00010000 0005 01  7635 /dev/socket/lmkd
0000000000000000: 00000002 00000000 00010000 0005 01  7897 /dev/socket/adbd
0000000000000000: 00000002 00000000 00010000 0005 01 12440 @jdwp-control
0000000000000000: 00000002 00000000 00010000 0001 01  9188 /dev/socket/mdnsd
0000000000000000: 00000002 00000000 00010000 0001 01  6378 /dev/socket/property_service
0000000000000000: 00000002 00000000 00010000 0001 01 12685 /data/system/ndebugsocket
0000000000000000: 00000003 00000000 00000000 0005 03 28414 @jdwp-control
0000000000000000: 00000003 00000000 00000000 0005 03 28250
0000000000000000: 00000002 00000000 00000000 0002 01 22182
0000000000000000: 00000003 00000000 00000000 0005 03 27577
0000000000000000: 00000003 00000000 00000000 0002 01 10711
0000000000000000: 00000003 00000000 00000000 0005 03 13916
0000000000000000: 00000003 00000000 00000000 0005 03 20494
0000000000000000: 00000003 00000000 00000000 0005 03 13429
0000000000000000: 00000003 00000000 00000000 0005 03 30485
0000000000000000: 00000003 00000000 00000000 0005 03 28972 @jdwp-control
0000000000000000: 00000003 00000000 00000000 0002 01 10712
0000000000000000: 00000002 00000000 00000000 0002 01 28411
0000000000000000: 00000003 00000000 00000000 0005 03 28218
0000000000000000: 00000003 00000000 00000000 0005 03 13803
0000000000000000: 00000003 00000000 00000000 0005 03 25606
0000000000000000: 00000003 00000000 00000000 0005 03 13904
0000000000000000: 00000003 00000000 00000000 0001 03 32105
0000000000000000: 00000003 00000000 00000000 0005 03 30486 @jdwp-control
0000000000000000: 00000003 00000000 00000000 0005 03 29151
0000000000000000: 00000003 00000000 00000000 0005 03 13427
0000000000000000: 00000002 00000000 00000000 0002 01 28787
0000000000000000: 00000003 00000000 00000000 0005 03 25611
0000000000000000: 00000003 00000000 00000000 0005 03 11725
0000000000000000: 00000003 00000000 00000000 0005 03 28275 @jdwp-control
0000000000000000: 00000003 00000000 00000000 0005 03 26933
0000000000000000: 00000003 00000000 00000000 0005 03 22167 @jdwp-control
0000000000000000: 00000003 00000000 00000000 0005 03 28592 @jdwp-control
0000000000000000: 00000003 00000000 00000000 0005 03 31507
0000000000000000: 00000003 00000000 00000000 0005 03 13385 @jdwp-control
0000000000000000: 00000003 00000000 00000000 0005 03 13154
0000000000000000: 00000003 00000000 00000000 0001 03 32104
0000000000000000: 00000002 00000000 00000000 0002 01 14109
0000000000000000: 00000003 00000000 00000000 0005 03 12883
0000000000000000: 00000003 00000000 00000000 0005 03 26863
0000000000000000: 00000002 00000000 00000000 0002 01 25617
0000000000000000: 00000003 00000000 00000000 0005 03 27578 @jdwp-control
0000000000000000: 00000003 00000000 00000000 0002 01 10709
0000000000000000: 00000003 00000000 00000000 0001 03 31712
0000000000000000: 00000002 00000000 00000000 0002 01 28255
0000000000000000: 00000002 00000000 00000000 0002 01 22148
0000000000000000: 00000003 00000000 00000000 0005 03 28749
0000000000000000: 00000003 00000000 00000000 0005 03 14405
0000000000000000: 00000003 00000000 00000000 0005 03 13374
0000000000000000: 00000003 00000000 00000000 0005 03 13337
0000000000000000: 00000003 00000000 00000000 0001 03 30080
0000000000000000: 00000003 00000000 00000000 0005 03 13442
0000000000000000: 00000003 00000000 00000000 0005 03 28794 @jdwp-control
0000000000000000: 00000003 00000000 00000000 0005 03 28304
0000000000000000: 00000003 00000000 00000000 0005 03 13900
0000000000000000: 00000002 00000000 00000000 0002 01  9196
0000000000000000: 00000003 00000000 00000000 0001 03 25520
0000000000000000: 00000003 00000000 00000000 0005 03 20047
0000000000000000: 00000002 00000000 00000000 0002 01 11518
0000000000000000: 00000003 00000000 00000000 0005 03 14367
0000000000000000: 00000002 00000000 00000000 0002 01 13156
0000000000000000: 00000003 00000000 00000000 0005 03 13433
0000000000000000: 00000002 00000000 00000000 0002 01 12970
0000000000000000: 00000003 00000000 00000000 0005 03 26729 @jdwp-control
0000000000000000: 00000002 00000000 00000000 0002 01  9182
0000000000000000: 00000002 00000000 00000000 0002 01  7104
0000000000000000: 00000003 00000000 00000000 0005 03 28551
0000000000000000: 00000003 00000000 00000000 0005 03 22208 @jdwp-control
0000000000000000: 00000003 00000000 00000000 0001 03 25516
0000000000000000: 00000003 00000000 00000000 0005 03 13443
0000000000000000: 00000003 00000000 00000000 0001 03 31940
0000000000000000: 00000003 00000000 00000000 0005 03  6387
0000000000000000: 00000003 00000000 00000000 0005 03 31775
0000000000000000: 00000003 00000000 00000000 0005 03 14404
0000000000000000: 00000003 00000000 00000000 0005 03 13431
0000000000000000: 00000003 00000000 00000000 0001 03 25514
0000000000000000: 00000003 00000000 00000000 0005 03 13592
0000000000000000: 00000003 00000000 00000000 0001 03 12450 /dev/socket/mdnsd
0000000000000000: 00000003 00000000 00000000 0005 03 22200
0000000000000000: 00000002 00000000 00000000 0002 01 20636
0000000000000000: 00000003 00000000 00000000 0001 03 31771
0000000000000000: 00000003 00000000 00000000 0005 03 12908
0000000000000000: 00000002 00000000 00000000 0002 01  6884
0000000000000000: 00000003 00000000 00000000 0005 03 12909 @jdwp-control
0000000000000000: 00000003 00000000 00000000 0001 03 30081
0000000000000000: 00000003 00000000 00000000 0005 03 14313
0000000000000000: 00000002 00000000 00000000 0002 01 13596
0000000000000000: 00000003 00000000 00000000 0005 03  6389
0000000000000000: 00000003 00000000 00000000 0005 03 28175
0000000000000000: 00000002 00000000 00000000 0002 01 26745
0000000000000000: 00000002 00000000 00000000 0002 01 10674
0000000000000000: 00000002 00000000 00000000 0002 01  6841
0000000000000000: 00000003 00000000 00000000 0005 03 28370
0000000000000000: 00000003 00000000 00000000 0005 03 28339 @jdwp-control
0000000000000000: 00000003 00000000 00000000 0005 03 13863
0000000000000000: 00000003 00000000 00000000 0001 03 12442
0000000000000000: 00000002 00000000 00000000 0002 01 10721
0000000000000000: 00000002 00000000 00000000 0002 01 10062
0000000000000000: 00000002 00000000 00000000 0002 01 20825
0000000000000000: 00000003 00000000 00000000 0005 03 12828
0000000000000000: 00000003 00000000 00000000 0005 03 12537
0000000000000000: 00000003 00000000 00000000 0005 03 31692
0000000000000000: 00000003 00000000 00000000 0005 03 21203 @jdwp-control
0000000000000000: 00000003 00000000 00000000 0005 03 20531
0000000000000000: 00000002 00000000 00000000 0002 01  8551
0000000000000000: 00000003 00000000 00000000 0005 03 31127
0000000000000000: 00000003 00000000 00000000 0005 03 26970
0000000000000000: 00000003 00000000 00000000 0005 03 26512
0000000000000000: 00000003 00000000 00000000 0005 03 21913
0000000000000000: 00000003 00000000 00000000 0005 03 20339
0000000000000000: 00000003 00000000 00000000 0001 03 12736
0000000000000000: 00000003 00000000 00000000 0005 03 29064
0000000000000000: 00000003 00000000 00000000 0005 03 20438
0000000000000000: 00000002 00000000 00000000 0002 01 10929
0000000000000000: 00000003 00000000 00000000 0005 03 20818
0000000000000000: 00000002 00000000 00000000 0002 01 13365
0000000000000000: 00000003 00000000 00000000 0005 03 12531
0000000000000000: 00000003 00000000 00000000 0001 03 21656
0000000000000000: 00000002 00000000 00000000 0002 01  9858
0000000000000000: 00000003 00000000 00000000 0001 03 32131
0000000000000000: 00000003 00000000 00000000 0005 03 13979
0000000000000000: 00000002 00000000 00000000 0002 01  8681
0000000000000000: 00000003 00000000 00000000 0005 03 29017
0000000000000000: 00000003 00000000 00000000 0005 03 31099
0000000000000000: 00000003 00000000 00000000 0005 03 25877 @jdwp-control
0000000000000000: 00000003 00000000 00000000 0005 03 23762
0000000000000000: 00000003 00000000 00000000 0005 03 21917
0000000000000000: 00000003 00000000 00000000 0005 03 20337
0000000000000000: 00000003 00000000 00000000 0001 03 31839
0000000000000000: 00000002 00000000 00000000 0002 01 11145
0000000000000000: 00000003 00000000 00000000 0005 03 20739
0000000000000000: 00000002 00000000 00000000 0002 01 20627
0000000000000000: 00000003 00000000 00000000 0005 03 20370
0000000000000000: 00000002 00000000 00000000 0002 01  8793
0000000000000000: 00000003 00000000 00000000 0005 03 10770
0000000000000000: 00000002 00000000 00000000 0002 01  9934
0000000000000000: 00000003 00000000 00000000 0005 03 20812
0000000000000000: 00000003 00000000 00000000 0005 03 13308
0000000000000000: 00000003 00000000 00000000 0005 03 12533
0000000000000000: 00000003 00000000 00000000 0005 03 31447
0000000000000000: 00000003 00000000 00000000 0001 03 31809
0000000000000000: 00000003 00000000 00000000 0005 03 12472 /dev/socket/lmkd
0000000000000000: 00000003 00000000 00000000 0005 03 31807
0000000000000000: 00000003 00000000 00000000 0005 03 31681
0000000000000000: 00000002 00000000 00000000 0002 01 25868
0000000000000000: 00000003 00000000 00000000 0001 03 21657
0000000000000000: 00000003 00000000 00000000 0005 03 20344
0000000000000000: 00000003 00000000 00000000 0001 03 12669
0000000000000000: 00000003 00000000 00000000 0005 03 27773
0000000000000000: 00000003 00000000 00000000 0005 03 31693
0000000000000000: 00000002 00000000 00000000 0002 01  9624
0000000000000000: 00000003 00000000 00000000 0005 03 20798
0000000000000000: 00000003 00000000 00000000 0005 03 12829 @jdwp-control
0000000000000000: 00000003 00000000 00000000 0005 03 12534
0000000000000000: 00000003 00000000 00000000 0005 03 21187
0000000000000000: 00000003 00000000 00000000 0005 03 20765
0000000000000000: 00000003 00000000 00000000 0001 03  9921
0000000000000000: 00000003 00000000 00000000 0001 03 31817
0000000000000000: 00000002 00000000 00000000 0002 01 10931
0000000000000000: 00000003 00000000 00000000 0005 03 20447
0000000000000000: 00000003 00000000 00000000 0005 03 27728
0000000000000000: 00000003 00000000 00000000 0005 03 26934
0000000000000000: 00000003 00000000 00000000 0005 03 25854
0000000000000000: 00000003 00000000 00000000 0005 03 23731
0000000000000000: 00000003 00000000 00000000 0001 03 21906
0000000000000000: 00000002 00000000 00000000 0002 01 14041
0000000000000000: 00000003 00000000 00000000 0005 03 31850
0000000000000000: 00000003 00000000 00000000 0005 03 31265
0000000000000000: 00000003 00000000 00000000 0005 03 27343 @jdwp-control
0000000000000000: 00000003 00000000 00000000 0005 03 12618
0000000000000000: 00000003 00000000 00000000 0005 03 31448
0000000000000000: 00000002 00000000 00000000 0002 01 28968
0000000000000000: 00000003 00000000 00000000 0005 03 26728
0000000000000000: 00000002 00000000 00000000 0002 01 20642
0000000000000000: 00000003 00000000 00000000 0005 03 20881
0000000000000000: 00000002 00000000 00000000 0002 01 10547
0000000000000000: 00000003 00000000 00000000 0001 03 31710
0000000000000000: 00000003 00000000 00000000 0001 03 31943 /dev/socket/traced_producer
0000000000000000: 00000003 00000000 00000000 0005 03 20770
0000000000000000: 00000002 00000000 00000000 0002 01 27767
0000000000000000: 00000003 00000000 00000000 0005 03 24286
0000000000000000: 00000002 00000000 00000000 0002 01 12892
0000000000000000: 00000003 00000000 00000000 0005 03 26613
0000000000000000: 00000003 00000000 00000000 0005 03 20101
0000000000000000: 00000002 00000000 00000000 0002 01 11064
0000000000000000: 00000003 00000000 00000000 0001 03 31939
0000000000000000: 00000003 00000000 00000000 0005 03 27301
0000000000000000: 00000003 00000000 00000000 0005 03 12863
0000000000000000: 00000003 00000000 00000000 0005 03 12543
0000000000000000: 00000002 00000000 00000000 0002 01 10390
0000000000000000: 00000002 00000000 00000000 0002 01  9687
0000000000000000: 00000003 00000000 00000000 0001 03 31946
0000000000000000: 00000003 00000000 00000000 0005 03 20516
0000000000000000: 00000002 00000000 00000000 0002 01 14017
0000000000000000: 00000002 00000000 00000000 0002 01 10511
0000000000000000: 00000003 00000000 00000000 0001 03 20839
0000000000000000: 00000003 00000000 00000000 0005 03 24288
0000000000000000: 00000003 00000000 00000000 0005 03 20477
0000000000000000: 00000003 00000000 00000000 0001 03 11148
0000000000000000: 00000002 00000000 00000000 0002 01 31169
0000000000000000: 00000003 00000000 00000000 0005 03 22135
0000000000000000: 00000003 00000000 00000000 0001 03 12576
0000000000000000: 00000003 00000000 00000000 0005 03 26554
0000000000000000: 00000002 00000000 00000000 0002 01 20962
0000000000000000: 00000003 00000000 00000000 0001 03 31949
0000000000000000: 00000003 00000000 00000000 0005 03 20978
0000000000000000: 00000003 00000000 00000000 0005 03 20880
0000000000000000: 00000002 00000000 00000000 0002 01  9661
0000000000000000: 00000003 00000000 00000000 0005 03 20982
0000000000000000: 00000003 00000000 00000000 0005 03 14029
0000000000000000: 00000003 00000000 00000000 0005 03 12811
0000000000000000: 00000003 00000000 00000000 0005 03 12541
0000000000000000: 00000003 00000000 00000000 0001 03  9454
0000000000000000: 00000002 00000000 00000000 0002 01  8432
0000000000000000: 00000003 00000000 00000000 0005 03 10910
0000000000000000: 00000003 00000000 00000000 0001 03 31841
0000000000000000: 00000003 00000000 00000000 0005 03 31776
0000000000000000: 00000003 00000000 00000000 0001 03 31709
0000000000000000: 00000003 00000000 00000000 0005 03 20473
0000000000000000: 00000002 00000000 00000000 0002 01 27336
0000000000000000: 00000003 00000000 00000000 0005 03 12616
0000000000000000: 00000003 00000000 00000000 0005 03 31999
0000000000000000: 00000003 00000000 00000000 0005 03 20976
0000000000000000: 00000003 00000000 00000000 0005 03 20488
0000000000000000: 00000002 00000000 00000000 0002 01  9403
0000000000000000: 00000003 00000000 00000000 0005 03 20986
0000000000000000: 00000003 00000000 00000000 0001 03 13275 @com.android.internal.os.WebViewZygoteInit/0e47b999-ce8a-4dd1-b8b4-1f4d559fcb5a
0000000000000000: 00000003 00000000 00000000 0005 03 12539
0000000000000000: 00000002 00000000 00000000 0002 01 10759
0000000000000000: 00000002 00000000 00000000 0002 01 10439
0000000000000000: 00000003 00000000 00000000 0005 03 13428
0000000000000000: 00000003 00000000 00000000 0005 03 13141
0000000000000000: 00000003 00000000 00000000 0005 03 20345
0000000000000000: 00000003 00000000 00000000 0005 03 31508
0000000000000000: 00000003 00000000 00000000 0005 03 28371
0000000000000000: 00000003 00000000 00000000 0005 03 28251 @jdwp-control
0000000000000000: 00000002 00000000 00000000 0002 01  9338
0000000000000000: 00000003 00000000 00000000 0005 03 27531
0000000000000000: 00000003 00000000 00000000 0005 03 26973 @jdwp-control
0000000000000000: 00000003 00000000 00000000 0005 03 13902
0000000000000000: 00000003 00000000 00000000 0005 03 30481
0000000000000000: 00000003 00000000 00000000 0001 03 32106
0000000000000000: 00000003 00000000 00000000 0001 03 31942
0000000000000000: 00000003 00000000 00000000 0005 03 29150
0000000000000000: 00000003 00000000 00000000 0005 03 13426
0000000000000000: 00000003 00000000 00000000 0005 03  6386
0000000000000000: 00000003 00000000 00000000 0005 03 28174
0000000000000000: 00000003 00000000 00000000 0005 03 25607
0000000000000000: 00000003 00000000 00000000 0005 03 28413
0000000000000000: 00000003 00000000 00000000 0005 03 28219
0000000000000000: 00000003 00000000 00000000 0005 03 13804
0000000000000000: 00000003 00000000 00000000 0001 03 32103
0000000000000000: 00000003 00000000 00000000 0005 03 28750
0000000000000000: 00000003 00000000 00000000 0005 03 13384
0000000000000000: 00000003 00000000 00000000 0005 03 13155 @jdwp-control
0000000000000000: 00000002 00000000 00000000 0002 01 14111
0000000000000000: 00000003 00000000 00000000 0005 03 25612 @jdwp-control
0000000000000000: 00000003 00000000 00000000 0005 03 13903
0000000000000000: 00000003 00000000 00000000 0005 03 11726
0000000000000000: 00000003 00000000 00000000 0005 03 28552
0000000000000000: 00000002 00000000 00000000 0002 01 28282
0000000000000000: 00000003 00000000 00000000 0005 03 13800
0000000000000000: 00000002 00000000 00000000 0002 01 10691
0000000000000000: 00000002 00000000 00000000 0002 01  7430
0000000000000000: 00000003 00000000 00000000 0001 03 31713 /dev/socket/traced_producer
0000000000000000: 00000003 00000000 00000000 0005 03 30480
0000000000000000: 00000003 00000000 00000000 0001 03 30084
0000000000000000: 00000003 00000000 00000000 0005 03 13373
0000000000000000: 00000003 00000000 00000000 0005 03 13142
0000000000000000: 00000003 00000000 00000000 0005 03 11727
0000000000000000: 00000003 00000000 00000000 0002 01 10710
0000000000000000: 00000002 00000000 00000000 0002 01 28593
0000000000000000: 00000002 00000000 00000000 0002 01 26896
0000000000000000: 00000003 00000000 00000000 0005 03 28274
0000000000000000: 00000003 00000000 00000000 0005 03 22166
0000000000000000: 00000003 00000000 00000000 0005 03 13799
0000000000000000: 00000003 00000000 00000000 0005 03 27727
0000000000000000: 00000003 00000000 00000000 0005 03 29065 @jdwp-control
0000000000000000: 00000003 00000000 00000000 0005 03 28303
0000000000000000: 00000002 00000000 00000000 0002 01  9218
0000000000000000: 00000003 00000000 00000000 0001 03 25521
0000000000000000: 00000003 00000000 00000000 0005 03 20048
0000000000000000: 00000003 00000000 00000000 0005 03 13899
0000000000000000: 00000003 00000000 00000000 0001 03 12441
0000000000000000: 00000003 00000000 00000000 0005 03 31445
0000000000000000: 00000003 00000000 00000000 0005 03 31444
0000000000000000: 00000002 00000000 00000000 0002 01 30494
0000000000000000: 00000003 00000000 00000000 0005 03 28793
0000000000000000: 00000003 00000000 00000000 0005 03 13901
0000000000000000: 00000002 00000000 00000000 0002 01  7158
0000000000000000: 00000003 00000000 00000000 0005 03 22207
0000000000000000: 00000003 00000000 00000000 0005 03 11724
0000000000000000: 00000003 00000000 00000000 0005 03 27530
0000000000000000: 00000003 00000000 00000000 0001 03 25517
0000000000000000: 00000002 00000000 00000000 0002 01 13447
0000000000000000: 00000002 00000000 00000000 0002 01 13440
0000000000000000: 00000003 00000000 00000000 0005 03 31682
0000000000000000: 00000003 00000000 00000000 0005 03 14368
0000000000000000: 00000003 00000000 00000000 0005 03 26901
0000000000000000: 00000003 00000000 00000000 0001 03 25515
0000000000000000: 00000002 00000000 00000000 0002 01 27567
0000000000000000: 00000002 00000000 00000000 0002 01 28349
0000000000000000: 00000003 00000000 00000000 0005 03 22199
0000000000000000: 00000003 00000000 00000000 0005 03 10777
0000000000000000: 00000002 00000000 00000000 0002 01  6942
0000000000000000: 00000003 00000000 00000000 0005 03 14314
0000000000000000: 00000003 00000000 00000000 0005 03 13432
0000000000000000: 00000003 00000000 00000000 0001 03 30083
0000000000000000: 00000003 00000000 00000000 0005 03 13338 @jdwp-control
0000000000000000: 00000003 00000000 00000000 0005 03 28338
0000000000000000: 00000003 00000000 00000000 0001 03 12449
0000000000000000: 00000003 00000000 00000000 0005 03 27300
0000000000000000: 00000003 00000000 00000000 0005 03 13591
0000000000000000: 00000003 00000000 00000000 0005 03 13864
0000000000000000: 00000002 00000000 00000000 0002 01  9322
0000000000000000: 00000002 00000000 00000000 0002 01  6875
0000000000000000: 00000003 00000000 00000000 0005 03 13203 @jdwp-control
0000000000000000: 00000002 00000000 00000000 0002 01 12930
0000000000000000: 00000003 00000000 00000000 0001 03 31772
0000000000000000: 00000003 00000000 00000000 0005 03  6388
0000000000000000: 00000003 00000000 00000000 0005 03 13430
0000000000000000: 00000003 00000000 00000000 0005 03 31100
0000000000000000: 00000003 00000000 00000000 0005 03 28591
0000000000000000: 00000003 00000000 00000000 0005 03 26511
0000000000000000: 00000003 00000000 00000000 0005 03 21914
0000000000000000: 00000003 00000000 00000000 0005 03 20336
0000000000000000: 00000002 00000000 00000000 0002 01 29055
0000000000000000: 00000003 00000000 00000000 0005 03 20740
0000000000000000: 00000003 00000000 00000000 0001 03 31818
0000000000000000: 00000003 00000000 00000000 0001 03 12735
0000000000000000: 00000003 00000000 00000000 0005 03 12471
0000000000000000: 00000002 00000000 00000000 0002 01  9919
0000000000000000: 00000002 00000000 00000000 0002 01 21215
0000000000000000: 00000003 00000000 00000000 0005 03 20819 @jdwp-control
0000000000000000: 00000003 00000000 00000000 0001 03 13274
0000000000000000: 00000003 00000000 00000000 0005 03 12538
0000000000000000: 00000003 00000000 00000000 0005 03 13917 @jdwp-control
0000000000000000: 00000002 00000000 00000000 0002 01 10497
0000000000000000: 00000003 00000000 00000000 0005 03 20536 @jdwp-control
0000000000000000: 00000003 00000000 00000000 0005 03 29016
0000000000000000: 00000003 00000000 00000000 0005 03 13309
0000000000000000: 00000002 00000000 00000000 0002 01 30879
0000000000000000: 00000002 00000000 00000000 0002 01 26968
0000000000000000: 00000003 00000000 00000000 0005 03 25876
0000000000000000: 00000003 00000000 00000000 0005 03 21918 @jdwp-control
0000000000000000: 00000003 00000000 00000000 0005 03 14104
0000000000000000: 00000002 00000000 00000000 0002 01 31826
0000000000000000: 00000002 00000000 00000000 0002 01 10877
0000000000000000: 00000003 00000000 00000000 0005 03 20883
0000000000000000: 00000003 00000000 00000000 0005 03 20813 @jdwp-control
0000000000000000: 00000003 00000000 00000000 0005 03 12536
0000000000000000: 00000002 00000000 00000000 0002 01 10849
0000000000000000: 00000002 00000000 00000000 0002 01  9997
0000000000000000: 00000003 00000000 00000000 0005 03 20977
0000000000000000: 00000002 00000000 00000000 0002 01 32206
0000000000000000: 00000002 00000000 00000000 0002 01 31684
0000000000000000: 00000002 00000000 00000000 0002 01  8624
0000000000000000: 00000003 00000000 00000000 0005 03 20458 @jdwp-control
0000000000000000: 00000003 00000000 00000000 0005 03 31808 @jdwp-control
0000000000000000: 00000003 00000000 00000000 0001 03 11149
0000000000000000: 00000003 00000000 00000000 0005 03 31210
0000000000000000: 00000002 00000000 00000000 0002 01 29192
0000000000000000: 00000003 00000000 00000000 0005 03 26862
0000000000000000: 00000002 00000000 00000000 0002 01 23778
0000000000000000: 00000003 00000000 00000000 0005 03 14103
0000000000000000: 00000003 00000000 00000000 0005 03 28971
0000000000000000: 00000003 00000000 00000000 0005 03 13980
0000000000000000: 00000002 00000000 00000000 0002 01  8764
0000000000000000: 00000003 00000000 00000000 0005 03 10776
0000000000000000: 00000003 00000000 00000000 0005 03 26902 @jdwp-control
0000000000000000: 00000003 00000000 00000000 0005 03 21186
0000000000000000: 00000003 00000000 00000000 0005 03 20799
0000000000000000: 00000003 00000000 00000000 0005 03 12532
0000000000000000: 00000002 00000000 00000000 0002 01  7701
0000000000000000: 00000003 00000000 00000000 0001 03 31810
0000000000000000: 00000003 00000000 00000000 0005 03 20439
0000000000000000: 00000003 00000000 00000000 0005 03 27774 @jdwp-control
0000000000000000: 00000003 00000000 00000000 0001 03 12670 /dev/socket/zygote
0000000000000000: 00000003 00000000 00000000 0005 03 31128
0000000000000000: 00000003 00000000 00000000 0005 03 25855
0000000000000000: 00000003 00000000 00000000 0005 03 23730
0000000000000000: 00000003 00000000 00000000 0001 03 21907
0000000000000000: 00000003 00000000 00000000 0005 03 20338
0000000000000000: 00000003 00000000 00000000 0005 03 20764
0000000000000000: 00000003 00000000 00000000 0001 03 32130
0000000000000000: 00000003 00000000 00000000 0005 03 20371
0000000000000000: 00000002 00000000 00000000 0002 01  8844
0000000000000000: 00000003 00000000 00000000 0005 03 21202
0000000000000000: 00000003 00000000 00000000 0005 03 20771 @jdwp-control
0000000000000000: 00000003 00000000 00000000 0005 03 12830
0000000000000000: 00000003 00000000 00000000 0005 03 12535
0000000000000000: 00000002 00000000 00000000 0002 01 10829
0000000000000000: 00000003 00000000 00000000 0001 03  9922 /dev/socket/traced_producer
0000000000000000: 00000003 00000000 00000000 0005 03 12864 @jdwp-control
0000000000000000: 00000003 00000000 00000000 0005 03 12544
0000000000000000: 00000002 00000000 00000000 0002 01  9712
0000000000000000: 00000003 00000000 00000000 0005 03 20987
0000000000000000: 00000002 00000000 00000000 0002 01 10435
0000000000000000: 00000003 00000000 00000000 0005 03 31699
0000000000000000: 00000003 00000000 00000000 0001 03 31945
0000000000000000: 00000003 00000000 00000000 0005 03 20517
0000000000000000: 00000003 00000000 00000000 0005 03 28917
0000000000000000: 00000003 00000000 00000000 0005 03 23763 @jdwp-control
0000000000000000: 00000003 00000000 00000000 0005 03 12619
0000000000000000: 00000003 00000000 00000000 0005 03 20472
0000000000000000: 00000002 00000000 00000000 0002 01 10965
0000000000000000: 00000003 00000000 00000000 0005 03 31851
0000000000000000: 00000003 00000000 00000000 0005 03 31211 @jdwp-control
0000000000000000: 00000003 00000000 00000000 0005 03 29194
0000000000000000: 00000002 00000000 00000000 0002 01 22276
0000000000000000: 00000003 00000000 00000000 0001 03 20840
0000000000000000: 00000002 00000000 00000000 0002 01 11362
0000000000000000: 00000003 00000000 00000000 0001 03 31948
0000000000000000: 00000003 00000000 00000000 0005 03 20495 @jdwp-control
0000000000000000: 00000003 00000000 00000000 0005 03 31700 @jdwp-control
0000000000000000: 00000003 00000000 00000000 0005 03 12831
0000000000000000: 00000003 00000000 00000000 0005 03 12542
0000000000000000: 00000002 00000000 00000000 0002 01 10537
0000000000000000: 00000003 00000000 00000000 0005 03 31266 @jdwp-control
0000000000000000: 00000003 00000000 00000000 0005 03 27342
0000000000000000: 00000003 00000000 00000000 0005 03 26614
0000000000000000: 00000003 00000000 00000000 0005 03 24285
0000000000000000: 00000003 00000000 00000000 0005 03 20489 @jdwp-control
0000000000000000: 00000002 00000000 00000000 0002 01 12893
0000000000000000: 00000003 00000000 00000000 0005 03 10918
0000000000000000: 00000003 00000000 00000000 0005 03 20882
0000000000000000: 00000003 00000000 00000000 0005 03 14030 @jdwp-control
0000000000000000: 00000002 00000000 00000000 0002 01 11351
0000000000000000: 00000003 00000000 00000000 0001 03  9453
0000000000000000: 00000003 00000000 00000000 0005 03 31998
0000000000000000: 00000003 00000000 00000000 0005 03 29195 @jdwp-control
0000000000000000: 00000003 00000000 00000000 0005 03 12884
0000000000000000: 00000003 00000000 00000000 0005 03 12810
0000000000000000: 00000003 00000000 00000000 0005 03 12540
0000000000000000: 00000003 00000000 00000000 0005 03 20979
0000000000000000: 00000002 00000000 00000000 0002 01 20855
0000000000000000: 00000002 00000000 00000000 0002 01 10489
0000000000000000: 00000003 00000000 00000000 0005 03 10911
0000000000000000: 00000003 00000000 00000000 0001 03 31840
0000000000000000: 00000002 00000000 00000000 0002 01 31707
0000000000000000: 00000003 00000000 00000000 0005 03 26555 @jdwp-control
0000000000000000: 00000003 00000000 00000000 0005 03 24289
0000000000000000: 00000003 00000000 00000000 0005 03 20102 @jdwp-control
0000000000000000: 00000003 00000000 00000000 0001 03 12577 /dev/socket/mdns
0000000000000000: 00000002 00000000 00000000 0002 01 20613
0000000000000000: 00000002 00000000 00000000 0002 01 10205
0000000000000000: 00000003 00000000 00000000 0005 03 20983
0000000000000000: 00000002 00000000 00000000 0002 01 20830
0000000000000000: 00000003 00000000 00000000 0005 03 10771
0000000000000000: 00000002 00000000 00000000 0002 01  8443
0000000000000000: 00000003 00000000 00000000 0001 03 31842
0000000000000000: 00000003 00000000 00000000 0005 03 28918
0000000000000000: 00000003 00000000 00000000 0005 03 20476
0000000000000000: 00000003 00000000 00000000 0005 03 22134
0000000000000000: 00000002 00000000 00000000 0002 01 26549
0000000000000000: 00000002 00000000 00000000 0002 01 20092
0000000000000000: 00000003 00000000 00000000 0005 03 12617
