INFO         | Android emulator version 36.4.9.0 (build_id 14788078) (CL:N/A)
INFO         | Graphics backend: gfxstream
INFO         | Found systemPath /Users/xavier/Library/Android/sdk/system-images/android-36.1/google_apis_playstore/arm64-v8a/
WARNING      | Please update the emulator to one that supports the feature(s): VulkanVirtualQueue
INFO         | Guest GLES Driver: Auto (ext controls)
INFO         | emuglConfig_init: vulkan_mode_selected:swiftshader gles_mode_selected:swangle
INFO         | Checking system compatibility:
INFO         |   Checking: hasSufficientDiskSpace
INFO         |      Ok: Disk space requirements to run avd: `Codex_Webdriver_Raw_API36_1` are met
INFO         |   Checking: hasSufficientHwGpu
INFO         |      Ok: Hardware GPU compatibility checks are not required
INFO         |   Checking: hasSufficientSystem
INFO         |      Ok: System requirements to run avd: `Codex_Webdriver_Raw_API36_1` are met
INFO         | Storing crashdata in: /tmp/android-xavier/emu-crash-36.4.9.db, detection is enabled for process: 24193
INFO         | Initializing gfxstream backend
INFO         | android_startOpenglesRenderer: gpu info
INFO         | 
INFO         | initIcdPaths: ICD set to 'swiftshader', using Swiftshader ICD
INFO         | Setting ICD filenames for the loader = /Users/xavier/Library/Android/sdk/emulator/lib64/vulkan/vk_swiftshader_icd.json
INFO         | SharedLibrary::open for [/Users/xavier/Library/Android/sdk/emulator/qemu/darwin-aarch64/lib64/vulkan/libvulkan.dylib]
INFO         | Added library: /Users/xavier/Library/Android/sdk/emulator/qemu/darwin-aarch64/lib64/vulkan/libvulkan.dylib
INFO         | Enabling Vulkan portability.
INFO         | Selecting Vulkan device: SwiftShader Device (LLVM 10.0.0), Version: 1.3.0
INFO         | Initializing VkEmulation features:
INFO         |     glInteropSupported: false
INFO         |     useDeferredCommands: true
INFO         |     createResourceWithRequirements: true
INFO         |     useVulkanComposition: false
INFO         |     useVulkanNativeSwapchain: false
INFO         |     enable guestRenderDoc: false
INFO         |     ASTC LDR emulation mode: Gpu
INFO         |     enable ETC2 emulation: true
INFO         |     enable Ycbcr emulation: false
INFO         |     guestVulkanOnly: false
INFO         |     useDedicatedAllocations: false
INFO         | Graphics Adapter Vendor Google (Google Inc. (Google))
INFO         | Graphics Adapter Android Emulator OpenGL ES Translator (ANGLE (Google, Vulkan 1.3.0 (SwiftShader Device (LLVM 10.0.0) (0x0000C0DE)), SwiftShader driver-5.0.0))
INFO         | Graphics API Version OpenGL ES 3.0 (OpenGL ES 3.1.0 (ANGLE 2.1.1 git hash: fbf66f49c7cc))
INFO         | Graphics API Extensions GL_OES_EGL_sync GL_OES_EGL_image GL_OES_EGL_image_external GL_OES_depth24 GL_OES_depth32 GL_OES_element_index_uint GL_OES_texture_float GL_OES_texture_float_linear GL_OES_compressed_paletted_texture GL_OES_compressed_ETC1_RGB8_texture GL_OES_depth_texture GL_OES_texture_half_float GL_OES_texture_half_float_linear GL_OES_packed_depth_stencil GL_OES_vertex_half_float GL_OES_standard_derivatives GL_OES_texture_npot GL_OES_rgb8_rgba8 GL_OVR_multiview2 GL_EXT_color_buffer_float GL_EXT_color_buffer_half_float GL_EXT_texture_format_BGRA8888 GL_APPLE_texture_format_BGRA8888 GL_EXT_draw_buffers_indexed GL_EXT_clip_cull_distance 
INFO         | Graphics Device Extensions N/A
INFO         | Disabling sparse binding feature support
INFO         | Sending adb public key [QAAAADPI2RQFjZkKv+7wkOLGy6uGDQD9Xc7LFgzGfj0TRO/4P+3B33hGHIWIldLmpjN8xIkN2xfvU3BaFXkeJ5RIFj75vciPVup1f9VRPoa3AMUc7LKcWq05CSI3kigU1VCvsT3aST5YC4SG2Rhx2t7Rizao9BrXs3cu3YyHNOcolux6xQUuo8hJDLX8w1IQxsGz37P6RigYv2cre8KFk/LzQzwmehGBgSnAR94LaK19YLBZBbB8gE9WfcgZsGXeR9B9Cjcl3XJrLVFDoZhw5oOGcteZzl7Fy1SGy1NKOXyVQQyeY4Ys44qKcrP3e/aAJWuYIAwvv1whD2NTbG82amecqWLhjxreSlDPnA5LO5idxJRMPJc2myyv+3vgyMixwCByo1utsqnBxDIIr5aBNZ+1OFU85/9VwU9uVfJrbqBtlyweCr+WoJT5+CPhxbW67sCnG2K8CJlxXfkGVJ0XHxzujuo0c5VaDVeo3AVC1KsHbr3LzArZxEPB+wwtv91/UAtsQcrTToY6JVsWFZNNLiQ2uRKy7ncQ8eds0SjrhkknspJ2fREbxaIna8hW/s55BDh8vAdwnV8vcTOlZAzQOBN5e6MKmI+Hb3MZGdMqRJtE1+hh7mRH3yL2so51lRWi+F5Yqnmy/513OHC7KHFUWRaxZjVG4BSkpHBTYwfYeD8h8DA6kVd5CAEAAQA= xavier@unknown]
INFO         | Userspace boot properties:
INFO         |   androidboot.boot_devices=a003600.virtio_mmio
INFO         |   androidboot.dalvik.vm.heapsize=512m
INFO         |   androidboot.debug.hwui.renderer=skiagl
INFO         |   androidboot.debug.sf.nobootanimation=1
INFO         |   androidboot.hardware=ranchu
INFO         |   androidboot.hardware.gltransport=pipe
INFO         |   androidboot.hardware.vulkan=ranchu
INFO         |   androidboot.logcat=*:V
INFO         |   androidboot.opengles.version=196609
INFO         |   androidboot.qemu=1
INFO         |   androidboot.qemu.adb.pubkey=QAAAADPI2RQFjZkKv+7wkOLGy6uGDQD9Xc7LFgzGfj0TRO/4P+3B33hGHIWIldLmpjN8xIkN2xfvU3BaFXkeJ5RIFj75vciPVup1f9VRPoa3AMUc7LKcWq05CSI3kigU1VCvsT3aST5YC4SG2Rhx2t7Rizao9BrXs3cu3YyHNOcolux6xQUuo8hJDLX8w1IQxsGz37P6RigYv2cre8KFk/LzQzwmehGBgSnAR94LaK19YLBZBbB8gE9WfcgZsGXeR9B9Cjcl3XJrLVFDoZhw5oOGcteZzl7Fy1SGy1NKOXyVQQyeY4Ys44qKcrP3e/aAJWuYIAwvv1whD2NTbG82amecqWLhjxreSlDPnA5LO5idxJRMPJc2myyv+3vgyMixwCByo1utsqnBxDIIr5aBNZ+1OFU85/9VwU9uVfJrbqBtlyweCr+WoJT5+CPhxbW67sCnG2K8CJlxXfkGVJ0XHxzujuo0c5VaDVeo3AVC1KsHbr3LzArZxEPB+wwtv91/UAtsQcrTToY6JVsWFZNNLiQ2uRKy7ncQ8eds0SjrhkknspJ2fREbxaIna8hW/s55BDh8vAdwnV8vcTOlZAzQOBN5e6MKmI+Hb3MZGdMqRJtE1+hh7mRH3yL2so51lRWi+F5Yqnmy/513OHC7KHFUWRaxZjVG4BSkpHBTYwfYeD8h8DA6kVd5CAEAAQA= xavier@unknown
INFO         |   androidboot.qemu.avd_name=Codex_Webdriver_Raw_API36_1
INFO         |   androidboot.qemu.camera_hq_edge_processing=0
INFO         |   androidboot.qemu.camera_protocol_ver=1
INFO         |   androidboot.qemu.cpuvulkan.version=4202496
INFO         |   androidboot.qemu.gltransport.drawFlushInterval=800
INFO         |   androidboot.qemu.gltransport.name=pipe
INFO         |   androidboot.qemu.hwcodec.avcdec=2
INFO         |   androidboot.qemu.hwcodec.hevcdec=2
INFO         |   androidboot.qemu.hwcodec.vpxdec=2
INFO         |   androidboot.qemu.settings.system.screen_off_timeout=2147483647
INFO         |   androidboot.qemu.skin=1080x2400
INFO         |   androidboot.qemu.virtiowifi=1
INFO         |   androidboot.qemu.vsync=60
INFO         |   androidboot.serialno=EMULATOR36X4X9X0
INFO         |   androidboot.vbmeta.digest=ad488d287a40d2a1b51348f0b86e7545b016163b9793e4ba3491d16b4c8a5e18
INFO         |   androidboot.vbmeta.hash_alg=sha256
INFO         |   androidboot.vbmeta.size=6720
INFO         |   androidboot.veritymode=enforcing
INFO         | Monitoring duration of emulator setup.
WARNING      | Requested adb port (5671) is outside the recommended range [5555,5586]. ADB may not function properly for the emulator. See -help-port for details.
INFO         | Setting display: 0 configuration to: 1080x2400, dpi: 420x420 
INFO         | setDisplayActiveConfig 0
INFO         | Activated packet streamer for uwb emulation
INFO         | Activated packet streamer for bluetooth emulation
INFO         | Boot completed in 18580 ms
INFO         | Increasing screen off timeout, logcat buffer size to 2M.
INFO         | Created VkInstance:0x14af10400 for application:'' engine:''.
INFO         | Destroyed VkInstance:0x14af10400 for application:'' engine:''.
INFO         | Created VkInstance:0x3850ad800 for application:'' engine:''.
INFO         | Destroyed VkInstance:0x3850ad800 for application:'' engine:''.
INFO         | Created VkInstance:0x14ab2f600 for application:'' engine:''.
INFO         | Destroyed VkInstance:0x14ab2f600 for application:'' engine:''.
INFO         | Created VkInstance:0x38515f200 for application:'' engine:''.
INFO         | Destroyed VkInstance:0x38515f200 for application:'' engine:''.
INFO         | Created VkInstance:0x14af81600 for application:'' engine:''.
INFO         | Destroyed VkInstance:0x14af81600 for application:'' engine:''.
INFO         | Created VkInstance:0x3bb80c200 for application:'' engine:''.
INFO         | Destroyed VkInstance:0x3bb80c200 for application:'' engine:''.
INFO         | Created VkInstance:0x38510b800 for application:'' engine:''.
INFO         | Destroyed VkInstance:0x38510b800 for application:'' engine:''.
INFO         | Created VkInstance:0x3849e6800 for application:'' engine:''.
INFO         | Destroyed VkInstance:0x3849e6800 for application:'' engine:''.
INFO         | Created VkInstance:0x384ae2200 for application:'' engine:''.
INFO         | Destroyed VkInstance:0x384ae2200 for application:'' engine:''.
INFO         | Created VkInstance:0x14a0bac00 for application:'' engine:''.
INFO         | Destroyed VkInstance:0x14a0bac00 for application:'' engine:''.
INFO         | Created VkInstance:0x14a18e400 for application:'' engine:''.
INFO         | Destroyed VkInstance:0x14a18e400 for application:'' engine:''.
INFO         | Created VkInstance:0x1266bae00 for application:'' engine:''.
INFO         | Destroyed VkInstance:0x1266bae00 for application:'' engine:''.
INFO         | Created VkInstance:0x385203400 for application:'' engine:''.
INFO         | Destroyed VkInstance:0x385203400 for application:'' engine:''.
INFO         | Created VkInstance:0x14a579400 for application:'' engine:''.
INFO         | Destroyed VkInstance:0x14a579400 for application:'' engine:''.
INFO         | Created VkInstance:0x3bb88f800 for application:'' engine:''.
INFO         | Destroyed VkInstance:0x3bb88f800 for application:'' engine:''.
INFO         | Created VkInstance:0x3bb814400 for application:'' engine:''.
INFO         | Destroyed VkInstance:0x3bb814400 for application:'' engine:''.
INFO         | Created VkInstance:0x38519cc00 for application:'' engine:''.
INFO         | Destroyed VkInstance:0x38519cc00 for application:'' engine:''.
INFO         | Created VkInstance:0x38499d800 for application:'' engine:''.
INFO         | Destroyed VkInstance:0x38499d800 for application:'' engine:''.
INFO         | Created VkInstance:0x385216000 for application:'' engine:''.
INFO         | Destroyed VkInstance:0x385216000 for application:'' engine:''.
INFO         | Created VkInstance:0x14a0bac00 for application:'' engine:''.
INFO         | Destroyed VkInstance:0x14a0bac00 for application:'' engine:''.
INFO         | Created VkInstance:0x1266b0000 for application:'' engine:''.
INFO         | Destroyed VkInstance:0x1266b0000 for application:'' engine:''.
INFO         | Created VkInstance:0x385024000 for application:'' engine:''.
INFO         | Destroyed VkInstance:0x385024000 for application:'' engine:''.
INFO         | Created VkInstance:0x3851f7c00 for application:'' engine:''.
INFO         | Destroyed VkInstance:0x3851f7c00 for application:'' engine:''.
INFO         | Created VkInstance:0x385254c00 for application:'' engine:''.
INFO         | Destroyed VkInstance:0x385254c00 for application:'' engine:''.
INFO         | Created VkInstance:0x14aff7000 for application:'' engine:''.
INFO         | Destroyed VkInstance:0x14aff7000 for application:'' engine:''.
INFO         | Created VkInstance:0x1265f5000 for application:'' engine:''.
INFO         | Destroyed VkInstance:0x1265f5000 for application:'' engine:''.
INFO         | Created VkInstance:0x126149800 for application:'' engine:''.
INFO         | Destroyed VkInstance:0x126149800 for application:'' engine:''.
INFO         | Created VkInstance:0x1266aee00 for application:'' engine:''.
INFO         | Destroyed VkInstance:0x1266aee00 for application:'' engine:''.
INFO         | Created VkInstance:0x387926800 for application:'' engine:''.
INFO         | Destroyed VkInstance:0x387926800 for application:'' engine:''.
INFO         | Created VkInstance:0x384a04000 for application:'' engine:''.
INFO         | Destroyed VkInstance:0x384a04000 for application:'' engine:''.
INFO         | Created VkInstance:0x385088600 for application:'' engine:''.
INFO         | Destroyed VkInstance:0x385088600 for application:'' engine:''.
INFO         | Created VkInstance:0x12679b800 for application:'' engine:''.
INFO         | Destroyed VkInstance:0x12679b800 for application:'' engine:''.
INFO         | Created VkInstance:0x385088400 for application:'' engine:''.
INFO         | Destroyed VkInstance:0x385088400 for application:'' engine:''.
INFO         | Created VkInstance:0x12640d000 for application:'' engine:''.
INFO         | Destroyed VkInstance:0x12640d000 for application:'' engine:''.
INFO         | Created VkInstance:0x14a986400 for application:'' engine:''.
INFO         | Destroyed VkInstance:0x14a986400 for application:'' engine:''.
INFO         | Created VkInstance:0x3849a2200 for application:'' engine:''.
INFO         | Destroyed VkInstance:0x3849a2200 for application:'' engine:''.
INFO         | Created VkInstance:0x167036a00 for application:'' engine:''.
INFO         | Destroyed VkInstance:0x167036a00 for application:'' engine:''.
INFO         | Created VkInstance:0x385230200 for application:'' engine:''.
INFO         | Destroyed VkInstance:0x385230200 for application:'' engine:''.
INFO         | Created VkInstance:0x1265f0600 for application:'' engine:''.
INFO         | Destroyed VkInstance:0x1265f0600 for application:'' engine:''.
INFO         | Created VkInstance:0x1266bd000 for application:'' engine:''.
INFO         | Destroyed VkInstance:0x1266bd000 for application:'' engine:''.
INFO         | Created VkInstance:0x385163600 for application:'' engine:''.
INFO         | Destroyed VkInstance:0x385163600 for application:'' engine:''.
INFO         | Created VkInstance:0x3bb8c9c00 for application:'' engine:''.
INFO         | Destroyed VkInstance:0x3bb8c9c00 for application:'' engine:''.
INFO         | Created VkInstance:0x385021000 for application:'' engine:''.
INFO         | Destroyed VkInstance:0x385021000 for application:'' engine:''.
INFO         | Created VkInstance:0x385023000 for application:'' engine:''.
INFO         | Destroyed VkInstance:0x385023000 for application:'' engine:''.
INFO         | Created VkInstance:0x384b83200 for application:'' engine:''.
INFO         | Destroyed VkInstance:0x384b83200 for application:'' engine:''.
INFO         | Created VkInstance:0x38513b600 for application:'' engine:''.
INFO         | Destroyed VkInstance:0x38513b600 for application:'' engine:''.
INFO         | Created VkInstance:0x3bb8c9e00 for application:'' engine:''.
INFO         | Destroyed VkInstance:0x3bb8c9e00 for application:'' engine:''.
INFO         | Created VkInstance:0x126757a00 for application:'' engine:''.
INFO         | Destroyed VkInstance:0x126757a00 for application:'' engine:''.
INFO         | Created VkInstance:0x385127c00 for application:'' engine:''.
INFO         | Destroyed VkInstance:0x385127c00 for application:'' engine:''.
INFO         | Created VkInstance:0x385043e00 for application:'' engine:''.
INFO         | Destroyed VkInstance:0x385043e00 for application:'' engine:''.
INFO         | Created VkInstance:0x385229c00 for application:'' engine:''.
INFO         | Destroyed VkInstance:0x385229c00 for application:'' engine:''.
INFO         | Created VkInstance:0x385135e00 for application:'' engine:''.
INFO         | Destroyed VkInstance:0x385135e00 for application:'' engine:''.
INFO         | Created VkInstance:0x126427200 for application:'' engine:''.
INFO         | Destroyed VkInstance:0x126427200 for application:'' engine:''.
INFO         | Created VkInstance:0x14a6cb000 for application:'' engine:''.
INFO         | Destroyed VkInstance:0x14a6cb000 for application:'' engine:''.
INFO         | Created VkInstance:0x16680bc00 for application:'' engine:''.
INFO         | Destroyed VkInstance:0x16680bc00 for application:'' engine:''.
INFO         | Created VkInstance:0x14a6d3600 for application:'' engine:''.
INFO         | Destroyed VkInstance:0x14a6d3600 for application:'' engine:''.
INFO         | Created VkInstance:0x3bb871e00 for application:'' engine:''.
INFO         | Destroyed VkInstance:0x3bb871e00 for application:'' engine:''.
INFO         | Created VkInstance:0x384945e00 for application:'' engine:''.
INFO         | Destroyed VkInstance:0x384945e00 for application:'' engine:''.
INFO         | Created VkInstance:0x384c11c00 for application:'' engine:''.
INFO         | Destroyed VkInstance:0x384c11c00 for application:'' engine:''.
INFO         | Created VkInstance:0x38511e800 for application:'' engine:''.
INFO         | Destroyed VkInstance:0x38511e800 for application:'' engine:''.
INFO         | Created VkInstance:0x385218600 for application:'' engine:''.
INFO         | Destroyed VkInstance:0x385218600 for application:'' engine:''.
INFO         | Created VkInstance:0x385081600 for application:'' engine:''.
INFO         | Destroyed VkInstance:0x385081600 for application:'' engine:''.
INFO         | Created VkInstance:0x385226600 for application:'' engine:''.
INFO         | Destroyed VkInstance:0x385226600 for application:'' engine:''.
INFO         | Created VkInstance:0x14aec9a00 for application:'' engine:''.
INFO         | Destroyed VkInstance:0x14aec9a00 for application:'' engine:''.
INFO         | Created VkInstance:0x387962400 for application:'' engine:''.
INFO         | Destroyed VkInstance:0x387962400 for application:'' engine:''.
INFO         | Created VkInstance:0x384b6a800 for application:'' engine:''.
INFO         | Destroyed VkInstance:0x384b6a800 for application:'' engine:''.
INFO         | Created VkInstance:0x384b1d400 for application:'' engine:''.
INFO         | Destroyed VkInstance:0x384b1d400 for application:'' engine:''.
INFO         | Created VkInstance:0x1266b2c00 for application:'' engine:''.
INFO         | Destroyed VkInstance:0x1266b2c00 for application:'' engine:''.
INFO         | Created VkInstance:0x14a6d2600 for application:'' engine:''.
INFO         | Destroyed VkInstance:0x14a6d2600 for application:'' engine:''.
INFO         | Created VkInstance:0x1265f3600 for application:'' engine:''.
INFO         | Destroyed VkInstance:0x1265f3600 for application:'' engine:''.
INFO         | Created VkInstance:0x3851f9a00 for application:'' engine:''.
INFO         | Destroyed VkInstance:0x3851f9a00 for application:'' engine:''.
INFO         | Created VkInstance:0x14a65d400 for application:'' engine:''.
INFO         | Destroyed VkInstance:0x14a65d400 for application:'' engine:''.
INFO         | Created VkInstance:0x385213200 for application:'' engine:''.
INFO         | Destroyed VkInstance:0x385213200 for application:'' engine:''.
INFO         | Created VkInstance:0x38513d400 for application:'' engine:''.
INFO         | Destroyed VkInstance:0x38513d400 for application:'' engine:''.
INFO         | Created VkInstance:0x38795c200 for application:'' engine:''.
INFO         | Destroyed VkInstance:0x38795c200 for application:'' engine:''.
INFO         | Created VkInstance:0x14a4f4000 for application:'' engine:''.
INFO         | Destroyed VkInstance:0x14a4f4000 for application:'' engine:''.
INFO         | Created VkInstance:0x14a65b000 for application:'' engine:''.
INFO         | Destroyed VkInstance:0x14a65b000 for application:'' engine:''.
INFO         | Created VkInstance:0x3850d6c00 for application:'' engine:''.
INFO         | Destroyed VkInstance:0x3850d6c00 for application:'' engine:''.
INFO         | Created VkInstance:0x38513da00 for application:'' engine:''.
INFO         | Destroyed VkInstance:0x38513da00 for application:'' engine:''.
INFO         | Created VkInstance:0x129812800 for application:'' engine:''.
INFO         | Destroyed VkInstance:0x129812800 for application:'' engine:''.
INFO         | Created VkInstance:0x14a65a400 for application:'' engine:''.
INFO         | Destroyed VkInstance:0x14a65a400 for application:'' engine:''.
INFO         | Created VkInstance:0x38512be00 for application:'' engine:''.
INFO         | Destroyed VkInstance:0x38512be00 for application:'' engine:''.
INFO         | Created VkInstance:0x3849ef600 for application:'' engine:''.
INFO         | Destroyed VkInstance:0x3849ef600 for application:'' engine:''.
INFO         | Created VkInstance:0x1266bae00 for application:'' engine:''.
INFO         | Destroyed VkInstance:0x1266bae00 for application:'' engine:''.
INFO         | Created VkInstance:0x385025400 for application:'' engine:''.
INFO         | Destroyed VkInstance:0x385025400 for application:'' engine:''.
INFO         | Created VkInstance:0x14a4fa600 for application:'' engine:''.
INFO         | Destroyed VkInstance:0x14a4fa600 for application:'' engine:''.
INFO         | Created VkInstance:0x385217400 for application:'' engine:''.
INFO         | Destroyed VkInstance:0x385217400 for application:'' engine:''.
INFO         | Created VkInstance:0x3bb81c000 for application:'' engine:''.
INFO         | Destroyed VkInstance:0x3bb81c000 for application:'' engine:''.
INFO         | Created VkInstance:0x3849fa800 for application:'' engine:''.
INFO         | Destroyed VkInstance:0x3849fa800 for application:'' engine:''.
INFO         | Created VkInstance:0x1265f8600 for application:'' engine:''.
INFO         | Destroyed VkInstance:0x1265f8600 for application:'' engine:''.
INFO         | Created VkInstance:0x3bb89ae00 for application:'' engine:''.
INFO         | Destroyed VkInstance:0x3bb89ae00 for application:'' engine:''.
INFO         | Created VkInstance:0x385284a00 for application:'' engine:''.
INFO         | Destroyed VkInstance:0x385284a00 for application:'' engine:''.
INFO         | Created VkInstance:0x14affb000 for application:'' engine:''.
INFO         | Destroyed VkInstance:0x14affb000 for application:'' engine:''.
INFO         | Created VkInstance:0x1266b2c00 for application:'' engine:''.
INFO         | Destroyed VkInstance:0x1266b2c00 for application:'' engine:''.
INFO         | Created VkInstance:0x385118c00 for application:'' engine:''.
INFO         | Destroyed VkInstance:0x385118c00 for application:'' engine:''.
INFO         | Created VkInstance:0x385023000 for application:'' engine:''.
INFO         | Destroyed VkInstance:0x385023000 for application:'' engine:''.
INFO         | Created VkInstance:0x3849f0800 for application:'' engine:''.
INFO         | Destroyed VkInstance:0x3849f0800 for application:'' engine:''.
INFO         | Created VkInstance:0x3bb87d000 for application:'' engine:''.
INFO         | Destroyed VkInstance:0x3bb87d000 for application:'' engine:''.
INFO         | Created VkInstance:0x384b1d400 for application:'' engine:''.
INFO         | Destroyed VkInstance:0x384b1d400 for application:'' engine:''.
INFO         | Created VkInstance:0x14a6de200 for application:'' engine:''.
INFO         | Destroyed VkInstance:0x14a6de200 for application:'' engine:''.
INFO         | Created VkInstance:0x384c2a800 for application:'' engine:''.
INFO         | Destroyed VkInstance:0x384c2a800 for application:'' engine:''.
INFO         | Created VkInstance:0x38513fa00 for application:'' engine:''.
INFO         | Destroyed VkInstance:0x38513fa00 for application:'' engine:''.
INFO         | Created VkInstance:0x38784be00 for application:'' engine:''.
INFO         | Destroyed VkInstance:0x38784be00 for application:'' engine:''.
INFO         | Created VkInstance:0x384b6a800 for application:'' engine:''.
INFO         | Destroyed VkInstance:0x384b6a800 for application:'' engine:''.
INFO         | Created VkInstance:0x3851c4600 for application:'' engine:''.
INFO         | Destroyed VkInstance:0x3851c4600 for application:'' engine:''.
INFO         | Created VkInstance:0x14af7c400 for application:'' engine:''.
INFO         | Destroyed VkInstance:0x14af7c400 for application:'' engine:''.
INFO         | Created VkInstance:0x3bb87c800 for application:'' engine:''.
INFO         | Destroyed VkInstance:0x3bb87c800 for application:'' engine:''.
INFO         | Created VkInstance:0x14af7c400 for application:'' engine:''.
INFO         | Destroyed VkInstance:0x14af7c400 for application:'' engine:''.
INFO         | Created VkInstance:0x14a4f8400 for application:'' engine:''.
INFO         | Destroyed VkInstance:0x14a4f8400 for application:'' engine:''.
INFO         | Created VkInstance:0x385344200 for application:'' engine:''.
INFO         | Destroyed VkInstance:0x385344200 for application:'' engine:''.
INFO         | Created VkInstance:0x384bbf400 for application:'' engine:''.
INFO         | Destroyed VkInstance:0x384bbf400 for application:'' engine:''.
INFO         | Created VkInstance:0x384afea00 for application:'' engine:''.
INFO         | Destroyed VkInstance:0x384afea00 for application:'' engine:''.
INFO         | Created VkInstance:0x384bc3c00 for application:'' engine:''.
INFO         | Destroyed VkInstance:0x384bc3c00 for application:'' engine:''.
INFO         | Created VkInstance:0x38531be00 for application:'' engine:''.
INFO         | Destroyed VkInstance:0x38531be00 for application:'' engine:''.
INFO         | Created VkInstance:0x385119c00 for application:'' engine:''.
INFO         | Destroyed VkInstance:0x385119c00 for application:'' engine:''.
INFO         | Created VkInstance:0x3850b4200 for application:'' engine:''.
INFO         | Destroyed VkInstance:0x3850b4200 for application:'' engine:''.
INFO         | Created VkInstance:0x387a24800 for application:'' engine:''.
INFO         | Destroyed VkInstance:0x387a24800 for application:'' engine:''.
INFO         | Created VkInstance:0x384b79000 for application:'' engine:''.
INFO         | Destroyed VkInstance:0x384b79000 for application:'' engine:''.
INFO         | Created VkInstance:0x3852f4800 for application:'' engine:''.
INFO         | Destroyed VkInstance:0x3852f4800 for application:'' engine:''.
INFO         | Created VkInstance:0x384cc5400 for application:'' engine:''.
INFO         | Destroyed VkInstance:0x384cc5400 for application:'' engine:''.
INFO         | Created VkInstance:0x384c5c400 for application:'' engine:''.
INFO         | Destroyed VkInstance:0x384c5c400 for application:'' engine:''.
INFO         | Created VkInstance:0x385260200 for application:'' engine:''.
INFO         | Destroyed VkInstance:0x385260200 for application:'' engine:''.
INFO         | Created VkInstance:0x384c5d400 for application:'' engine:''.
INFO         | Destroyed VkInstance:0x384c5d400 for application:'' engine:''.
INFO         | Created VkInstance:0x384c60200 for application:'' engine:''.
INFO         | Destroyed VkInstance:0x384c60200 for application:'' engine:''.
INFO         | Created VkInstance:0x384d1dc00 for application:'' engine:''.
INFO         | Destroyed VkInstance:0x384d1dc00 for application:'' engine:''.
INFO         | Created VkInstance:0x3879ee400 for application:'' engine:''.
INFO         | Destroyed VkInstance:0x3879ee400 for application:'' engine:''.
INFO         | Created VkInstance:0x14aaba800 for application:'' engine:''.
INFO         | Destroyed VkInstance:0x14aaba800 for application:'' engine:''.
INFO         | Wait for emulator (pid 24193) 20 seconds to shutdown gracefully before kill;you can set environment variable ANDROID_EMULATOR_WAIT_TIME_BEFORE_KILL(in seconds) to change the default value (20 seconds)

USER_INFO    | Snapshots have been disabled by the user, save request is ignored.
INFO         | Saving snapshot 'default_boot' using 0 ms
WARNING      | Emulator client has not yet been configured.. Call configure me first!
