  PID NAME                       
    1 init
    2 [kthreadd]
    3 [pool_workqueue_release]
    4 [kworker/R-kvfree_rcu_reclaim]
    5 [kworker/R-rcu_gp]
    6 [kworker/R-sync_wq]
    7 [kworker/R-slub_flushwq]
    8 [kworker/R-netns]
    9 [kworker/0:0-events]
   10 [kworker/0:0H-kverityd]
   11 [kworker/0:1-events]
   12 [kworker/u4:0-loop23]
   13 [kworker/R-mm_percpu_wq]
   14 [kworker/u4:1-loop16]
   15 [rcu_tasks_kthread]
   16 [rcu_tasks_trace_kthread]
   17 [ksoftirqd/0]
   18 [rcu_preempt]
   19 [rcuog/0]
   20 [rcuop/0]
   21 [rcub/0]
   22 [rcu_exp_par_gp_kthread_worker/0]
   23 [rcu_exp_gp_kthread_worker]
   24 [migration/0]
   25 [idle_inject/0]
   26 [cpuhp/0]
   27 [kworker/R-inet_frag_wq]
   28 [kauditd]
   29 [khungtaskd]
   30 [oom_reaper]
   31 [kworker/R-writeback]
   32 [kcompactd0]
   33 [khugepaged]
   34 [kworker/R-kblockd]
   35 [kworker/R-edac-poller]
   36 [kworker/R-devfreq_wq]
   37 [watchdogd]
   38 [kworker/u4:2-ext4-rsv-conversion]
   39 [kworker/0:1H-kverityd]
   40 [kswapd0]
   41 [kworker/u5:0-fscrypt_read_queue]
   42 [kworker/R-nvme-wq]
   43 [kworker/R-nvme-reset-wq]
   44 [kworker/R-nvme-delete-wq]
   45 [kworker/R-vfio-irqfd-cleanup]
   46 [kworker/R-uas]
   47 [kworker/R-dm_bufio_cache]
   48 [kworker/R-mld]
   49 [kworker/R-ipv6_addrconf]
   50 [kworker/R-kstrp]
   52 [kworker/0:2-sock_diag_events]
   53 [hwrng]
   55 [khvcd]
   59 [jbd2/vdd1-8]
   60 [kworker/R-ext4-rsv-conversion]
   61 [kworker/R-kdmflush/254:0]
   62 [kworker/R-kdmflush/254:1]
   63 [kworker/R-kdmflush/254:2]
   64 [kworker/R-kdmflush/254:3]
   65 [kworker/R-kdmflush/254:4]
   66 [erofs_worker/0]
   69 init
   70 ueventd
  127 [kworker/R-kdmflush/254:9]
  133 [kworker/R-kdmflush/254:15]
  135 [kworker/R-kdmflush/254:17]
  136 [kworker/R-kdmflush/254:18]
  137 [kworker/R-kdmflush/254:19]
  138 [kworker/R-kdmflush/254:20]
  140 [kworker/R-kdmflush/254:22]
  141 [kworker/R-kdmflush/254:23]
  142 [kworker/R-kdmflush/254:24]
  143 [kworker/R-kdmflush/254:25]
  144 [kworker/R-kdmflush/254:26]
  145 [kworker/R-kdmflush/254:27]
  146 [kworker/R-kdmflush/254:28]
  147 [kworker/R-kdmflush/254:29]
  148 [kworker/R-kdmflush/254:30]
  150 [kworker/R-kdmflush/254:32]
  152 [kworker/R-kdmflush/254:34]
  153 [kworker/R-kdmflush/254:35]
  154 [kworker/R-kdmflush/254:36]
  155 [kworker/R-kdmflush/254:37]
  157 [kworker/R-kdmflush/254:39]
  158 [kworker/R-kdmflush/254:40]
  159 [kworker/R-kdmflush/254:41]
  160 [kworker/R-kdmflush/254:42]
  161 [kworker/R-kdmflush/254:43]
  163 [kworker/R-kdmflush/254:45]
  165 [kworker/R-kdmflush/254:47]
  167 [kworker/R-kdmflush/254:49]
  169 [kworker/R-kdmflush/254:51]
  171 [kworker/R-kdmflush/254:53]
  177 [kworker/R-ext4-rsv-conversion]
  178 [kworker/R-ext4-rsv-conversion]
  179 [kworker/R-ext4-rsv-conversion]
  180 [kworker/R-ext4-rsv-conversion]
  181 [kworker/R-ext4-rsv-conversion]
  186 [kworker/R-cfg80211]
  187 [sugov:0]
  188 [irq/35-goldfish_pipe_dprctd]
  189 prng_seeder
  191 logd
  192 lmkd
  193 servicemanager
  194 hwservicemanager
  195 [psimon]
  196 qemu-props
  202 vold
  203 [kworker/0:3-virtio_vsock]
  204 [kworker/R-usbip_event]
  206 [kworker/R-kdmflush/254:54]
  212 android.system.suspend-service
  213 keystore2
  214 android.hardware.security.keymint-service
  216 android.hardware.gatekeeper-service.nonsecure
  217 [kworker/R-update_hdmi_ctrls_wq]
  218 [kworker/R-update_svid_ctrls_wq]
  225 [kworker/u4:3-loop48]
  233 [kworker/R-blk_crypto_wq]
  234 [kworker/u5:1-fscrypt_read_queue]
  238 [jbd2/dm-54-8]
  239 [kworker/R-ext4-rsv-conversion]
  243 tombstoned
  299 [kworker/u5:2-fscrypt_read_queue]
  350 [kworker/R-kverityd]
  351 [kworker/R-ext4-rsv-conversion]
  352 [kworker/R-ext4-rsv-conversion]
  353 [kworker/R-kverityd]
  354 [kworker/R-kverityd]
  355 [kworker/R-kverityd]
  356 [kworker/R-ext4-rsv-conversion]
  357 [kworker/R-kverityd]
  358 [kworker/R-kverityd]
  359 [kworker/R-kverityd]
  360 [kworker/R-kverityd]
  361 [kworker/R-ext4-rsv-conversion]
  362 [kworker/R-ext4-rsv-conversion]
  363 [kworker/R-kverityd]
  364 [kworker/R-ext4-rsv-conversion]
  365 [kworker/R-ext4-rsv-conversion]
  366 [kworker/R-ext4-rsv-conversion]
  367 [kworker/R-kverityd]
  368 [kworker/R-ext4-rsv-conversion]
  369 [kworker/R-ext4-rsv-conversion]
  370 [kworker/R-kverityd]
  371 [kworker/R-kverityd]
  372 [kworker/R-kverityd]
  373 [kworker/R-kverityd]
  374 [kworker/R-kverityd]
  375 [kworker/R-kverityd]
  376 [kworker/R-kverityd]
  377 [kworker/R-kverityd]
  378 [kworker/R-kverityd]
  379 [kworker/R-kverityd]
  380 [kworker/R-kverityd]
  381 [kworker/R-kverityd]
  382 [kworker/R-kverityd]
  383 [kworker/R-kverityd]
  384 [kworker/R-kverityd]
  385 [kworker/R-kverityd]
  386 [kworker/R-ext4-rsv-conversion]
  387 [kworker/R-kverityd]
  388 [kworker/0:2H-kverityd]
  389 [kworker/0:3H-kverityd]
  390 [kworker/u4:4-loop52]
  391 [kworker/0:4H-kverityd]
  392 [kworker/R-ext4-rsv-conversion]
  393 [kworker/0:5H-kverityd]
  394 [kworker/0:6H-kverityd]
  395 [kworker/0:7H-kverityd]
  396 [kworker/R-ext4-rsv-conversion]
  397 [kworker/R-ext4-rsv-conversion]
  398 [kworker/R-ext4-rsv-conversion]
  399 [kworker/R-ext4-rsv-conversion]
  400 [kworker/0:8H-kverityd]
  401 [kworker/0:9H]
  402 [kworker/0:10H]
  403 [kworker/R-ext4-rsv-conversion]
  404 [kworker/R-ext4-rsv-conversion]
  405 [kworker/R-ext4-rsv-conversion]
  406 [kworker/R-ext4-rsv-conversion]
  407 [kworker/R-ext4-rsv-conversion]
  408 [kworker/R-ext4-rsv-conversion]
  409 [kworker/R-ext4-rsv-conversion]
  410 [kworker/R-kverityd]
  411 [kworker/R-ext4-rsv-conversion]
  412 [kworker/R-kverityd]
  413 [kworker/R-kverityd]
  414 [kworker/R-ext4-rsv-conversion]
  415 [kworker/R-ext4-rsv-conversion]
  416 [kworker/R-ext4-rsv-conversion]
  417 [kworker/R-ext4-rsv-conversion]
  418 [kworker/R-ext4-rsv-conversion]
  419 [kworker/R-ext4-rsv-conversion]
  420 [kworker/R-ext4-rsv-conversion]
  421 [kworker/R-ext4-rsv-conversion]
  422 [kworker/R-ext4-rsv-conversion]
  423 [kworker/R-ext4-rsv-conversion]
  424 [kworker/R-ext4-rsv-conversion]
  425 [kworker/R-ext4-rsv-conversion]
  426 [kworker/R-ext4-rsv-conversion]
  427 [kworker/R-ext4-rsv-conversion]
  428 [kworker/R-ext4-rsv-conversion]
  429 [kworker/R-ext4-rsv-conversion]
  430 [kworker/R-ext4-rsv-conversion]
  431 [kworker/R-ext4-rsv-conversion]
  432 [kworker/R-ext4-rsv-conversion]
  433 [kworker/R-ext4-rsv-conversion]
  434 [kworker/R-ext4-rsv-conversion]
  435 [kworker/u4:5]
  436 [kworker/u4:6-loop52]
  437 [kworker/R-ext4-rsv-conversion]
  438 [kworker/R-ext4-rsv-conversion]
  439 [kworker/R-ext4-rsv-conversion]
  440 [kworker/R-ext4-rsv-conversion]
  466 netd
  467 statsd
  468 zygote64
  475 android.hidl.allocator@1.0-service
  476 android.hardware.audio.service
  477 android.hardware.camera.provider@2.7-service-google
  478 android.hardware.health-service.example
  479 android.hardware.media.c2@1.0-service-goldfish
  480 android.hardware.radio-service.ranchu
  481 iptables-restore
  482 ip6tables-restore
  484 android.hardware.sensors-service.multihal
  485 android.hardware.usb-service.example
  486 android.hardware.wifi-service
  487 android.hardware.bluetooth-service.default
  488 android.hardware.graphics.composer3-service.ranchu
  489 android.hardware.identity-service.example
  492 android.hardware.lights-service.example
  498 android.hardware.authsecret-service.example
  501 android.hardware.cas-service.example
  505 android.hardware.contexthub-service.example
  509 android.hardware.neuralnetworks-service-sample-all
  512 android.hardware.neuralnetworks-service-sample-limited
  516 android.hardware.neuralnetworks-shim-service-sample
  519 android.hardware.power-service.example
  522 android.hardware.power.stats-service.example
  523 android.hardware.rebootescrow-service.default
  524 android.hardware.thermal-service.example
  525 android.hardware.threadnetwork-service
  526 android.hardware.vibrator-service.example
  527 android.hardware.drm-service.widevine
  528 audioserver
  529 credstore
  531 gpuservice
  533 surfaceflinger
  539 adbd
  540 android.hardware.graphics.allocator-service.ranchu
  541 android.hardware.camera.provider.ranchu
  542 android.hardware.uwb-service
  554 drmserver
  555 traced_probes
  556 traced
  563 mdnsd
  565 bt_vhci_forwarder
  571 cameraserver
  578 incidentd
  579 [kworker/0:4-kdmflush/254:54]
  581 installd
  583 media.extractor
  584 media.metrics
  585 mediaserver
  587 storaged
  589 wificond
  592 media.swcodec
  593 gatekeeperd
  671 system_server
  775 [vivid-000-tch-cap]
  865 android.hardware.biometrics.fingerprint-service.ranchu
  886 ot-daemon
  887 ot-rcp
  895 wpa_supplicant
  911 com.android.systemui
  974 android.hardware.gnss-service.ranchu
  985 webview_zygote
 1003 com.android.networkstack.process
 1015 com.google.android.bluetooth
 1026 com.android.se
 1038 com.android.phone
 1049 com.google.android.apps.nexuslauncher
 1061 com.google.android.ext.services
 1184 com.google.android.permissioncontroller
 1231 com.google.android.gms.persistent
 1398 com.google.android.inputmethod.latin
 1426 com.android.devicelockcontroller
 1452 com.google.android.googlequicksearchbox:interactor
 1462 com.google.android.providers.media.module
 1474 com.google.android.as
 1491 com.google.android.apps.messaging:rcs
 1515 com.android.emulator.multidisplay
 1547 abb
 1563 com.google.android.dialer
 1583 com.google.android.gms
 1645 android.process.acore
 1686 android.process.media
 1698 artd
 1766 com.android.keychain
 1931 com.google.android.apps.wallpaper
 1940 com.google.android.googlequicksearchbox:search
 1969 com.google.android.apps.wellbeing
 1992 com.android.vending
 2127 com.google.android.webview:webview_service
 2134 com.google.android.as.oss
 2269 com.google.android.googlequicksearchbox:googleapp
 2402 com.android.traceur
 2403 com.android.vending:background
 2455 com.google.android.apps.messaging
 2567 com.android.imsserviceentitlement
 2680 com.google.android.cellbroadcastreceiver
 2715 com.google.android.gms.unstable
 3012 com.google.android.onetimeinitializer
 3032 com.android.camera2
 3051 com.android.devicediagnostics
 3070 com.android.dynsystem
 3095 com.android.chrome
 3101 com.android.dynsystem:dynsystem
 3105 com.android.managedprovisioning
 3170 com.android.providers.calendar
 3206 com.android.shell
 3227 com.google.android.apps.safetyhub
 3309 com.android.chrome_zygote
 3402 com.android.chrome:sandboxed_process0:org.chromium.content.app.SandboxedProcessService0:0
 3409 com.google.android.adservices.api
 3410 com.google.android.deskclock
 3431 com.google.android.configupdater
 3457 com.google.android.federatedcompute
 3490 com.google.android.healthconnect.controller
 3545 com.google.android.ondevicepersonalization.services
 3583 com.google.android.packageinstaller
 3620 com.google.android.partnersetup
 3639 com.google.android.projection.gearhead:car
 3670 com.google.android.rkpdapp
 3715 com.google.android.tts
 3744 com.google.android.photopicker
 3820 ps
